  姝ｅ湪纭畾瑕佽繕鍘熺殑椤圭洰鈥?
  鎵€鏈夐」鐩潎鏄渶鏂扮殑锛屾棤娉曡繕鍘熴€?
D:\workspace\ScreenTimeController\Program.cs(9,21): error CS0017: 绋嬪簭瀹氫箟浜嗗涓叆鍙ｇ偣銆備娇鐢?/main (鎸囧畾鍖呭惈鍏ュ彛鐐圭殑绫诲瀷)杩涜缂栬瘧銆?[D:\workspace\ScreenTimeController\ScreenTimeController.csproj]
D:\workspace\ScreenTimeController\ChangePasswordForm.cs(17,16): warning CS8618: 鍦ㄩ€€鍑烘瀯閫犲嚱鏁版椂锛屼笉鍙负 null 鐨?瀛楁 "_label1" 蹇呴』鍖呭惈闈?null 鍊笺€傝鑰冭檻娣诲姞 "required" 淇グ绗︽垨灏嗚 瀛楁 澹版槑涓哄彲涓?null銆?[D:\workspace\ScreenTimeController\ScreenTimeController.csproj]
D:\workspace\ScreenTimeController\ChangePasswordForm.cs(17,16): warning CS8618: 鍦ㄩ€€鍑烘瀯閫犲嚱鏁版椂锛屼笉鍙负 null 鐨?瀛楁 "_label2" 蹇呴』鍖呭惈闈?null 鍊笺€傝鑰冭檻娣诲姞 "required" 淇グ绗︽垨灏嗚 瀛楁 澹版槑涓哄彲涓?null銆?[D:\workspace\ScreenTimeController\ScreenTimeController.csproj]
D:\workspace\ScreenTimeController\ChangePasswordForm.cs(17,16): warning CS8618: 鍦ㄩ€€鍑烘瀯閫犲嚱鏁版椂锛屼笉鍙负 null 鐨?瀛楁 "_textBoxNewPassword" 蹇呴』鍖呭惈闈?null 鍊笺€傝鑰冭檻娣诲姞 "required" 淇グ绗︽垨灏嗚 瀛楁 澹版槑涓哄彲涓?null銆?[D:\workspace\ScreenTimeController\ScreenTimeController.csproj]
D:\workspace\ScreenTimeController\ChangePasswordForm.cs(17,16): warning CS8618: 鍦ㄩ€€鍑烘瀯閫犲嚱鏁版椂锛屼笉鍙负 null 鐨?瀛楁 "_textBoxConfirmPassword" 蹇呴』鍖呭惈闈?null 鍊笺€傝鑰冭檻娣诲姞 "required" 淇グ绗︽垨灏嗚 瀛楁 澹版槑涓哄彲涓?null銆?[D:\workspace\ScreenTimeController\ScreenTimeController.csproj]
D:\workspace\ScreenTimeController\ChangePasswordForm.cs(17,16): warning CS8618: 鍦ㄩ€€鍑烘瀯閫犲嚱鏁版椂锛屼笉鍙负 null 鐨?瀛楁 "_buttonOK" 蹇呴』鍖呭惈闈?null 鍊笺€傝鑰冭檻娣诲姞 "required" 淇グ绗︽垨灏嗚 瀛楁 澹版槑涓哄彲涓?null銆?[D:\workspace\ScreenTimeController\ScreenTimeController.csproj]
D:\workspace\ScreenTimeController\ChangePasswordForm.cs(17,16): warning CS8618: 鍦ㄩ€€鍑烘瀯閫犲嚱鏁版椂锛屼笉鍙负 null 鐨?瀛楁 "_buttonCancel" 蹇呴』鍖呭惈闈?null 鍊笺€傝鑰冭檻娣诲姞 "required" 淇グ绗︽垨灏嗚 瀛楁 澹版槑涓哄彲涓?null銆?[D:\workspace\ScreenTimeController\ScreenTimeController.csproj]
D:\workspace\ScreenTimeController\ChangePasswordForm.cs(17,16): warning CS8618: 鍦ㄩ€€鍑烘瀯閫犲嚱鏁版椂锛屼笉鍙负 null 鐨?瀛楁 "components" 蹇呴』鍖呭惈闈?null 鍊笺€傝鑰冭檻娣诲姞 "required" 淇グ绗︽垨灏嗚 瀛楁 澹版槑涓哄彲涓?null銆?[D:\workspace\ScreenTimeController\ScreenTimeController.csproj]
D:\workspace\ScreenTimeController\PasswordForm.cs(15,16): warning CS8618: 鍦ㄩ€€鍑烘瀯閫犲嚱鏁版椂锛屼笉鍙负 null 鐨?灞炴€?"Password" 蹇呴』鍖呭惈闈?null 鍊笺€傝鑰冭檻娣诲姞 "required" 淇グ绗︽垨灏嗚 灞炴€?澹版槑涓哄彲涓?null銆?[D:\workspace\ScreenTimeController\ScreenTimeController.csproj]
D:\workspace\ScreenTimeController\PasswordForm.cs(15,16): warning CS8618: 鍦ㄩ€€鍑烘瀯閫犲嚱鏁版椂锛屼笉鍙负 null 鐨?瀛楁 "_label1" 蹇呴』鍖呭惈闈?null 鍊笺€傝鑰冭檻娣诲姞 "required" 淇グ绗︽垨灏嗚 瀛楁 澹版槑涓哄彲涓?null銆?[D:\workspace\ScreenTimeController\ScreenTimeController.csproj]
D:\workspace\ScreenTimeController\PasswordForm.cs(15,16): warning CS8618: 鍦ㄩ€€鍑烘瀯閫犲嚱鏁版椂锛屼笉鍙负 null 鐨?瀛楁 "_textBoxPassword" 蹇呴』鍖呭惈闈?null 鍊笺€傝鑰冭檻娣诲姞 "required" 淇グ绗︽垨灏嗚 瀛楁 澹版槑涓哄彲涓?null銆?[D:\workspace\ScreenTimeController\ScreenTimeController.csproj]
D:\workspace\ScreenTimeController\PasswordForm.cs(15,16): warning CS8618: 鍦ㄩ€€鍑烘瀯閫犲嚱鏁版椂锛屼笉鍙负 null 鐨?瀛楁 "_buttonOK" 蹇呴』鍖呭惈闈?null 鍊笺€傝鑰冭檻娣诲姞 "required" 淇グ绗︽垨灏嗚 瀛楁 澹版槑涓哄彲涓?null銆?[D:\workspace\ScreenTimeController\ScreenTimeController.csproj]
D:\workspace\ScreenTimeController\PasswordForm.cs(15,16): warning CS8618: 鍦ㄩ€€鍑烘瀯閫犲嚱鏁版椂锛屼笉鍙负 null 鐨?瀛楁 "_buttonCancel" 蹇呴』鍖呭惈闈?null 鍊笺€傝鑰冭檻娣诲姞 "required" 淇グ绗︽垨灏嗚 瀛楁 澹版槑涓哄彲涓?null銆?[D:\workspace\ScreenTimeController\ScreenTimeController.csproj]
D:\workspace\ScreenTimeController\PasswordForm.cs(15,16): warning CS8618: 鍦ㄩ€€鍑烘瀯閫犲嚱鏁版椂锛屼笉鍙负 null 鐨?瀛楁 "components" 蹇呴』鍖呭惈闈?null 鍊笺€傝鑰冭檻娣诲姞 "required" 淇グ绗︽垨灏嗚 瀛楁 澹版槑涓哄彲涓?null銆?[D:\workspace\ScreenTimeController\ScreenTimeController.csproj]
D:\workspace\ScreenTimeController\SettingsForm.cs(60,16): warning CS8618: 鍦ㄩ€€鍑烘瀯閫犲嚱鏁版椂锛屼笉鍙负 null 鐨?瀛楁 "_labelSunday" 蹇呴』鍖呭惈闈?null 鍊笺€傝鑰冭檻娣诲姞 "required" 淇グ绗︽垨灏嗚 瀛楁 澹版槑涓哄彲涓?null銆?[D:\workspace\ScreenTimeController\ScreenTimeController.csproj]
D:\workspace\ScreenTimeController\SettingsForm.cs(60,16): warning CS8618: 鍦ㄩ€€鍑烘瀯閫犲嚱鏁版椂锛屼笉鍙负 null 鐨?瀛楁 "_numericUpDownSundayHours" 蹇呴』鍖呭惈闈?null 鍊笺€傝鑰冭檻娣诲姞 "required" 淇グ绗︽垨灏嗚 瀛楁 澹版槑涓哄彲涓?null銆?[D:\workspace\ScreenTimeController\ScreenTimeController.csproj]
D:\workspace\ScreenTimeController\SettingsForm.cs(60,16): warning CS8618: 鍦ㄩ€€鍑烘瀯閫犲嚱鏁版椂锛屼笉鍙负 null 鐨?瀛楁 "_numericUpDownSundayMinutes" 蹇呴』鍖呭惈闈?null 鍊笺€傝鑰冭檻娣诲姞 "required" 淇グ绗︽垨灏嗚 瀛楁 澹版槑涓哄彲涓?null銆?[D:\workspace\ScreenTimeController\ScreenTimeController.csproj]
D:\workspace\ScreenTimeController\SettingsForm.cs(60,16): warning CS8618: 鍦ㄩ€€鍑烘瀯閫犲嚱鏁版椂锛屼笉鍙负 null 鐨?瀛楁 "_labelSundayHours" 蹇呴』鍖呭惈闈?null 鍊笺€傝鑰冭檻娣诲姞 "required" 淇グ绗︽垨灏嗚 瀛楁 澹版槑涓哄彲涓?null銆?[D:\workspace\ScreenTimeController\ScreenTimeController.csproj]
D:\workspace\ScreenTimeController\SettingsForm.cs(60,16): warning CS8618: 鍦ㄩ€€鍑烘瀯閫犲嚱鏁版椂锛屼笉鍙负 null 鐨?瀛楁 "_labelSundayMinutes" 蹇呴』鍖呭惈闈?null 鍊笺€傝鑰冭檻娣诲姞 "required" 淇グ绗︽垨灏嗚 瀛楁 澹版槑涓哄彲涓?null銆?[D:\workspace\ScreenTimeController\ScreenTimeController.csproj]
D:\workspace\ScreenTimeController\SettingsForm.cs(60,16): warning CS8618: 鍦ㄩ€€鍑烘瀯閫犲嚱鏁版椂锛屼笉鍙负 null 鐨?瀛楁 "_labelMonday" 蹇呴』鍖呭惈闈?null 鍊笺€傝鑰冭檻娣诲姞 "required" 淇グ绗︽垨灏嗚 瀛楁 澹版槑涓哄彲涓?null銆?[D:\workspace\ScreenTimeController\ScreenTimeController.csproj]
D:\workspace\ScreenTimeController\SettingsForm.cs(60,16): warning CS8618: 鍦ㄩ€€鍑烘瀯閫犲嚱鏁版椂锛屼笉鍙负 null 鐨?瀛楁 "_numericUpDownMondayHours" 蹇呴』鍖呭惈闈?null 鍊笺€傝鑰冭檻娣诲姞 "required" 淇グ绗︽垨灏嗚 瀛楁 澹版槑涓哄彲涓?null銆?[D:\workspace\ScreenTimeController\ScreenTimeController.csproj]
D:\workspace\ScreenTimeController\SettingsForm.cs(60,16): warning CS8618: 鍦ㄩ€€鍑烘瀯閫犲嚱鏁版椂锛屼笉鍙负 null 鐨?瀛楁 "_numericUpDownMondayMinutes" 蹇呴』鍖呭惈闈?null 鍊笺€傝鑰冭檻娣诲姞 "required" 淇グ绗︽垨灏嗚 瀛楁 澹版槑涓哄彲涓?null銆?[D:\workspace\ScreenTimeController\ScreenTimeController.csproj]
D:\workspace\ScreenTimeController\SettingsForm.cs(60,16): warning CS8618: 鍦ㄩ€€鍑烘瀯閫犲嚱鏁版椂锛屼笉鍙负 null 鐨?瀛楁 "_labelMondayHours" 蹇呴』鍖呭惈闈?null 鍊笺€傝鑰冭檻娣诲姞 "required" 淇グ绗︽垨灏嗚 瀛楁 澹版槑涓哄彲涓?null銆?[D:\workspace\ScreenTimeController\ScreenTimeController.csproj]
D:\workspace\ScreenTimeController\SettingsForm.cs(60,16): warning CS8618: 鍦ㄩ€€鍑烘瀯閫犲嚱鏁版椂锛屼笉鍙负 null 鐨?瀛楁 "_labelMondayMinutes" 蹇呴』鍖呭惈闈?null 鍊笺€傝鑰冭檻娣诲姞 "required" 淇グ绗︽垨灏嗚 瀛楁 澹版槑涓哄彲涓?null銆?[D:\workspace\ScreenTimeController\ScreenTimeController.csproj]
D:\workspace\ScreenTimeController\SettingsForm.cs(60,16): warning CS8618: 鍦ㄩ€€鍑烘瀯閫犲嚱鏁版椂锛屼笉鍙负 null 鐨?瀛楁 "_labelTuesday" 蹇呴』鍖呭惈闈?null 鍊笺€傝鑰冭檻娣诲姞 "required" 淇グ绗︽垨灏嗚 瀛楁 澹版槑涓哄彲涓?null銆?[D:\workspace\ScreenTimeController\ScreenTimeController.csproj]
D:\workspace\ScreenTimeController\SettingsForm.cs(60,16): warning CS8618: 鍦ㄩ€€鍑烘瀯閫犲嚱鏁版椂锛屼笉鍙负 null 鐨?瀛楁 "_numericUpDownTuesdayHours" 蹇呴』鍖呭惈闈?null 鍊笺€傝鑰冭檻娣诲姞 "required" 淇グ绗︽垨灏嗚 瀛楁 澹版槑涓哄彲涓?null銆?[D:\workspace\ScreenTimeController\ScreenTimeController.csproj]
D:\workspace\ScreenTimeController\SettingsForm.cs(60,16): warning CS8618: 鍦ㄩ€€鍑烘瀯閫犲嚱鏁版椂锛屼笉鍙负 null 鐨?瀛楁 "_numericUpDownTuesdayMinutes" 蹇呴』鍖呭惈闈?null 鍊笺€傝鑰冭檻娣诲姞 "required" 淇グ绗︽垨灏嗚 瀛楁 澹版槑涓哄彲涓?null銆?[D:\workspace\ScreenTimeController\ScreenTimeController.csproj]
D:\workspace\ScreenTimeController\SettingsForm.cs(60,16): warning CS8618: 鍦ㄩ€€鍑烘瀯閫犲嚱鏁版椂锛屼笉鍙负 null 鐨?瀛楁 "_labelTuesdayHours" 蹇呴』鍖呭惈闈?null 鍊笺€傝鑰冭檻娣诲姞 "required" 淇グ绗︽垨灏嗚 瀛楁 澹版槑涓哄彲涓?null銆?[D:\workspace\ScreenTimeController\ScreenTimeController.csproj]
D:\workspace\ScreenTimeController\SettingsForm.cs(60,16): warning CS8618: 鍦ㄩ€€鍑烘瀯閫犲嚱鏁版椂锛屼笉鍙负 null 鐨?瀛楁 "_labelTuesdayMinutes" 蹇呴』鍖呭惈闈?null 鍊笺€傝鑰冭檻娣诲姞 "required" 淇グ绗︽垨灏嗚 瀛楁 澹版槑涓哄彲涓?null銆?[D:\workspace\ScreenTimeController\ScreenTimeController.csproj]
D:\workspace\ScreenTimeController\SettingsForm.cs(60,16): warning CS8618: 鍦ㄩ€€鍑烘瀯閫犲嚱鏁版椂锛屼笉鍙负 null 鐨?瀛楁 "_labelWednesday" 蹇呴』鍖呭惈闈?null 鍊笺€傝鑰冭檻娣诲姞 "required" 淇グ绗︽垨灏嗚 瀛楁 澹版槑涓哄彲涓?null銆?[D:\workspace\ScreenTimeController\ScreenTimeController.csproj]
D:\workspace\ScreenTimeController\SettingsForm.cs(60,16): warning CS8618: 鍦ㄩ€€鍑烘瀯閫犲嚱鏁版椂锛屼笉鍙负 null 鐨?瀛楁 "_numericUpDownWednesdayHours" 蹇呴』鍖呭惈闈?null 鍊笺€傝鑰冭檻娣诲姞 "required" 淇グ绗︽垨灏嗚 瀛楁 澹版槑涓哄彲涓?null銆?[D:\workspace\ScreenTimeController\ScreenTimeController.csproj]
D:\workspace\ScreenTimeController\SettingsForm.cs(60,16): warning CS8618: 鍦ㄩ€€鍑烘瀯閫犲嚱鏁版椂锛屼笉鍙负 null 鐨?瀛楁 "_numericUpDownWednesdayMinutes" 蹇呴』鍖呭惈闈?null 鍊笺€傝鑰冭檻娣诲姞 "required" 淇グ绗︽垨灏嗚 瀛楁 澹版槑涓哄彲涓?null銆?[D:\workspace\ScreenTimeController\ScreenTimeController.csproj]
D:\workspace\ScreenTimeController\SettingsForm.cs(60,16): warning CS8618: 鍦ㄩ€€鍑烘瀯閫犲嚱鏁版椂锛屼笉鍙负 null 鐨?瀛楁 "_labelWednesdayHours" 蹇呴』鍖呭惈闈?null 鍊笺€傝鑰冭檻娣诲姞 "required" 淇グ绗︽垨灏嗚 瀛楁 澹版槑涓哄彲涓?null銆?[D:\workspace\ScreenTimeController\ScreenTimeController.csproj]
D:\workspace\ScreenTimeController\SettingsForm.cs(60,16): warning CS8618: 鍦ㄩ€€鍑烘瀯閫犲嚱鏁版椂锛屼笉鍙负 null 鐨?瀛楁 "_labelWednesdayMinutes" 蹇呴』鍖呭惈闈?null 鍊笺€傝鑰冭檻娣诲姞 "required" 淇グ绗︽垨灏嗚 瀛楁 澹版槑涓哄彲涓?null銆?[D:\workspace\ScreenTimeController\ScreenTimeController.csproj]
D:\workspace\ScreenTimeController\SettingsForm.cs(60,16): warning CS8618: 鍦ㄩ€€鍑烘瀯閫犲嚱鏁版椂锛屼笉鍙负 null 鐨?瀛楁 "_labelThursday" 蹇呴』鍖呭惈闈?null 鍊笺€傝鑰冭檻娣诲姞 "required" 淇グ绗︽垨灏嗚 瀛楁 澹版槑涓哄彲涓?null銆?[D:\workspace\ScreenTimeController\ScreenTimeController.csproj]
D:\workspace\ScreenTimeController\SettingsForm.cs(60,16): warning CS8618: 鍦ㄩ€€鍑烘瀯閫犲嚱鏁版椂锛屼笉鍙负 null 鐨?瀛楁 "_numericUpDownThursdayHours" 蹇呴』鍖呭惈闈?null 鍊笺€傝鑰冭檻娣诲姞 "required" 淇グ绗︽垨灏嗚 瀛楁 澹版槑涓哄彲涓?null銆?[D:\workspace\ScreenTimeController\ScreenTimeController.csproj]
D:\workspace\ScreenTimeController\SettingsForm.cs(60,16): warning CS8618: 鍦ㄩ€€鍑烘瀯閫犲嚱鏁版椂锛屼笉鍙负 null 鐨?瀛楁 "_numericUpDownThursdayMinutes" 蹇呴』鍖呭惈闈?null 鍊笺€傝鑰冭檻娣诲姞 "required" 淇グ绗︽垨灏嗚 瀛楁 澹版槑涓哄彲涓?null銆?[D:\workspace\ScreenTimeController\ScreenTimeController.csproj]
D:\workspace\ScreenTimeController\SettingsForm.cs(60,16): warning CS8618: 鍦ㄩ€€鍑烘瀯閫犲嚱鏁版椂锛屼笉鍙负 null 鐨?瀛楁 "_labelThursdayHours" 蹇呴』鍖呭惈闈?null 鍊笺€傝鑰冭檻娣诲姞 "required" 淇グ绗︽垨灏嗚 瀛楁 澹版槑涓哄彲涓?null銆?[D:\workspace\ScreenTimeController\ScreenTimeController.csproj]
D:\workspace\ScreenTimeController\SettingsForm.cs(60,16): warning CS8618: 鍦ㄩ€€鍑烘瀯閫犲嚱鏁版椂锛屼笉鍙负 null 鐨?瀛楁 "_labelThursdayMinutes" 蹇呴』鍖呭惈闈?null 鍊笺€傝鑰冭檻娣诲姞 "required" 淇グ绗︽垨灏嗚 瀛楁 澹版槑涓哄彲涓?null銆?[D:\workspace\ScreenTimeController\ScreenTimeController.csproj]
D:\workspace\ScreenTimeController\SettingsForm.cs(60,16): warning CS8618: 鍦ㄩ€€鍑烘瀯閫犲嚱鏁版椂锛屼笉鍙负 null 鐨?瀛楁 "_labelFriday" 蹇呴』鍖呭惈闈?null 鍊笺€傝鑰冭檻娣诲姞 "required" 淇グ绗︽垨灏嗚 瀛楁 澹版槑涓哄彲涓?null銆?[D:\workspace\ScreenTimeController\ScreenTimeController.csproj]
D:\workspace\ScreenTimeController\SettingsForm.cs(60,16): warning CS8618: 鍦ㄩ€€鍑烘瀯閫犲嚱鏁版椂锛屼笉鍙负 null 鐨?瀛楁 "_numericUpDownFridayHours" 蹇呴』鍖呭惈闈?null 鍊笺€傝鑰冭檻娣诲姞 "required" 淇グ绗︽垨灏嗚 瀛楁 澹版槑涓哄彲涓?null銆?[D:\workspace\ScreenTimeController\ScreenTimeController.csproj]
D:\workspace\ScreenTimeController\SettingsForm.cs(60,16): warning CS8618: 鍦ㄩ€€鍑烘瀯閫犲嚱鏁版椂锛屼笉鍙负 null 鐨?瀛楁 "_numericUpDownFridayMinutes" 蹇呴』鍖呭惈闈?null 鍊笺€傝鑰冭檻娣诲姞 "required" 淇グ绗︽垨灏嗚 瀛楁 澹版槑涓哄彲涓?null銆?[D:\workspace\ScreenTimeController\ScreenTimeController.csproj]
D:\workspace\ScreenTimeController\SettingsForm.cs(60,16): warning CS8618: 鍦ㄩ€€鍑烘瀯閫犲嚱鏁版椂锛屼笉鍙负 null 鐨?瀛楁 "_labelFridayHours" 蹇呴』鍖呭惈闈?null 鍊笺€傝鑰冭檻娣诲姞 "required" 淇グ绗︽垨灏嗚 瀛楁 澹版槑涓哄彲涓?null銆?[D:\workspace\ScreenTimeController\ScreenTimeController.csproj]
D:\workspace\ScreenTimeController\SettingsForm.cs(60,16): warning CS8618: 鍦ㄩ€€鍑烘瀯閫犲嚱鏁版椂锛屼笉鍙负 null 鐨?瀛楁 "_labelFridayMinutes" 蹇呴』鍖呭惈闈?null 鍊笺€傝鑰冭檻娣诲姞 "required" 淇グ绗︽垨灏嗚 瀛楁 澹版槑涓哄彲涓?null銆?[D:\workspace\ScreenTimeController\ScreenTimeController.csproj]
D:\workspace\ScreenTimeController\SettingsForm.cs(60,16): warning CS8618: 鍦ㄩ€€鍑烘瀯閫犲嚱鏁版椂锛屼笉鍙负 null 鐨?瀛楁 "_labelSaturday" 蹇呴』鍖呭惈闈?null 鍊笺€傝鑰冭檻娣诲姞 "required" 淇グ绗︽垨灏嗚 瀛楁 澹版槑涓哄彲涓?null銆?[D:\workspace\ScreenTimeController\ScreenTimeController.csproj]
D:\workspace\ScreenTimeController\SettingsForm.cs(60,16): warning CS8618: 鍦ㄩ€€鍑烘瀯閫犲嚱鏁版椂锛屼笉鍙负 null 鐨?瀛楁 "_numericUpDownSaturdayHours" 蹇呴』鍖呭惈闈?null 鍊笺€傝鑰冭檻娣诲姞 "required" 淇グ绗︽垨灏嗚 瀛楁 澹版槑涓哄彲涓?null銆?[D:\workspace\ScreenTimeController\ScreenTimeController.csproj]
D:\workspace\ScreenTimeController\SettingsForm.cs(60,16): warning CS8618: 鍦ㄩ€€鍑烘瀯閫犲嚱鏁版椂锛屼笉鍙负 null 鐨?瀛楁 "_numericUpDownSaturdayMinutes" 蹇呴』鍖呭惈闈?null 鍊笺€傝鑰冭檻娣诲姞 "required" 淇グ绗︽垨灏嗚 瀛楁 澹版槑涓哄彲涓?null銆?[D:\workspace\ScreenTimeController\ScreenTimeController.csproj]
D:\workspace\ScreenTimeController\SettingsForm.cs(60,16): warning CS8618: 鍦ㄩ€€鍑烘瀯閫犲嚱鏁版椂锛屼笉鍙负 null 鐨?瀛楁 "_labelSaturdayHours" 蹇呴』鍖呭惈闈?null 鍊笺€傝鑰冭檻娣诲姞 "required" 淇グ绗︽垨灏嗚 瀛楁 澹版槑涓哄彲涓?null銆?[D:\workspace\ScreenTimeController\ScreenTimeController.csproj]
D:\workspace\ScreenTimeController\SettingsForm.cs(60,16): warning CS8618: 鍦ㄩ€€鍑烘瀯閫犲嚱鏁版椂锛屼笉鍙负 null 鐨?瀛楁 "_labelSaturdayMinutes" 蹇呴』鍖呭惈闈?null 鍊笺€傝鑰冭檻娣诲姞 "required" 淇グ绗︽垨灏嗚 瀛楁 澹版槑涓哄彲涓?null銆?[D:\workspace\ScreenTimeController\ScreenTimeController.csproj]
D:\workspace\ScreenTimeController\SettingsForm.cs(60,16): warning CS8618: 鍦ㄩ€€鍑烘瀯閫犲嚱鏁版椂锛屼笉鍙负 null 鐨?瀛楁 "_buttonOK" 蹇呴』鍖呭惈闈?null 鍊笺€傝鑰冭檻娣诲姞 "required" 淇グ绗︽垨灏嗚 瀛楁 澹版槑涓哄彲涓?null銆?[D:\workspace\ScreenTimeController\ScreenTimeController.csproj]
D:\workspace\ScreenTimeController\SettingsForm.cs(60,16): warning CS8618: 鍦ㄩ€€鍑烘瀯閫犲嚱鏁版椂锛屼笉鍙负 null 鐨?瀛楁 "_buttonCancel" 蹇呴』鍖呭惈闈?null 鍊笺€傝鑰冭檻娣诲姞 "required" 淇グ绗︽垨灏嗚 瀛楁 澹版槑涓哄彲涓?null銆?[D:\workspace\ScreenTimeController\ScreenTimeController.csproj]
D:\workspace\ScreenTimeController\SettingsForm.cs(60,16): warning CS8618: 鍦ㄩ€€鍑烘瀯閫犲嚱鏁版椂锛屼笉鍙负 null 鐨?瀛楁 "_buttonChangePassword" 蹇呴』鍖呭惈闈?null 鍊笺€傝鑰冭檻娣诲姞 "required" 淇グ绗︽垨灏嗚 瀛楁 澹版槑涓哄彲涓?null銆?[D:\workspace\ScreenTimeController\ScreenTimeController.csproj]
D:\workspace\ScreenTimeController\SettingsForm.cs(60,16): warning CS8618: 鍦ㄩ€€鍑烘瀯閫犲嚱鏁版椂锛屼笉鍙负 null 鐨?瀛楁 "_buttonApplyToAll" 蹇呴』鍖呭惈闈?null 鍊笺€傝鑰冭檻娣诲姞 "required" 淇グ绗︽垨灏嗚 瀛楁 澹版槑涓哄彲涓?null銆?[D:\workspace\ScreenTimeController\ScreenTimeController.csproj]
D:\workspace\ScreenTimeController\SettingsForm.cs(60,16): warning CS8618: 鍦ㄩ€€鍑烘瀯閫犲嚱鏁版椂锛屼笉鍙负 null 鐨?瀛楁 "components" 蹇呴』鍖呭惈闈?null 鍊笺€傝鑰冭檻娣诲姞 "required" 淇グ绗︽垨灏嗚 瀛楁 澹版槑涓哄彲涓?null銆?[D:\workspace\ScreenTimeController\ScreenTimeController.csproj]
D:\workspace\ScreenTimeController\TestTrayApp.cs(21,49): warning CS8622: 鈥渧oid TestTrayApp.OnShowClick(object sender, EventArgs e)鈥濈殑鍙傛暟鈥渟ender鈥濈被鍨嬩腑寮曠敤绫诲瀷鐨勪负 Null 鎬т笌鐩爣濮旀墭鈥淓ventHandler鈥濅笉鍖归厤(鍙兘鏄敱浜庝负 Null 鎬х壒鎬?銆?[D:\workspace\ScreenTimeController\ScreenTimeController.csproj]
D:\workspace\ScreenTimeController\TestTrayApp.cs(22,49): warning CS8622: 鈥渧oid TestTrayApp.OnExitClick(object sender, EventArgs e)鈥濈殑鍙傛暟鈥渟ender鈥濈被鍨嬩腑寮曠敤绫诲瀷鐨勪负 Null 鎬т笌鐩爣濮旀墭鈥淓ventHandler鈥濅笉鍖归厤(鍙兘鏄敱浜庝负 Null 鎬х壒鎬?銆?[D:\workspace\ScreenTimeController\ScreenTimeController.csproj]
D:\workspace\ScreenTimeController\TimeTracker.cs(27,43): warning CS8604: 鈥淒irectoryInfo Directory.CreateDirectory(string path)鈥濅腑鐨勫舰鍙傗€減ath鈥濆彲鑳戒紶鍏?null 寮曠敤瀹炲弬銆?[D:\workspace\ScreenTimeController\ScreenTimeController.csproj]
D:\workspace\ScreenTimeController\WindowHelper.cs(24,28): warning CS8603: 鍙兘杩斿洖 null 寮曠敤銆?[D:\workspace\ScreenTimeController\ScreenTimeController.csproj]
D:\workspace\ScreenTimeController\WindowHelper.cs(32,24): warning CS8603: 鍙兘杩斿洖 null 寮曠敤銆?[D:\workspace\ScreenTimeController\ScreenTimeController.csproj]
D:\workspace\ScreenTimeController\SettingsManager.cs(86,16): warning CS8618: 鍦ㄩ€€鍑烘瀯閫犲嚱鏁版椂锛屼笉鍙负 null 鐨?瀛楁 "_passwordHash" 蹇呴』鍖呭惈闈?null 鍊笺€傝鑰冭檻娣诲姞 "required" 淇グ绗︽垨灏嗚 瀛楁 澹版槑涓哄彲涓?null銆?[D:\workspace\ScreenTimeController\ScreenTimeController.csproj]
D:\workspace\ScreenTimeController\PasswordForm.cs(75,32): warning CS8622: 鈥渧oid PasswordForm.OnOKClick(object sender, EventArgs e)鈥濈殑鍙傛暟鈥渟ender鈥濈被鍨嬩腑寮曠敤绫诲瀷鐨勪负 Null 鎬т笌鐩爣濮旀墭鈥淓ventHandler鈥濅笉鍖归厤(鍙兘鏄敱浜庝负 Null 鎬х壒鎬?銆?[D:\workspace\ScreenTimeController\ScreenTimeController.csproj]
D:\workspace\ScreenTimeController\PasswordForm.cs(89,36): warning CS8622: 鈥渧oid PasswordForm.OnCancelClick(object sender, EventArgs e)鈥濈殑鍙傛暟鈥渟ender鈥濈被鍨嬩腑寮曠敤绫诲瀷鐨勪负 Null 鎬т笌鐩爣濮旀墭鈥淓ventHandler鈥濅笉鍖归厤(鍙兘鏄敱浜庝负 Null 鎬х壒鎬?銆?[D:\workspace\ScreenTimeController\ScreenTimeController.csproj]
D:\workspace\ScreenTimeController\SettingsManager.cs(98,43): warning CS8604: 鈥淒irectoryInfo Directory.CreateDirectory(string path)鈥濅腑鐨勫舰鍙傗€減ath鈥濆彲鑳戒紶鍏?null 寮曠敤瀹炲弬銆?[D:\workspace\ScreenTimeController\ScreenTimeController.csproj]
D:\workspace\ScreenTimeController\MainForm.cs(39,53): warning CS8622: 鈥渧oid MainForm.OnShowClick(object sender, EventArgs e)鈥濈殑鍙傛暟鈥渟ender鈥濈被鍨嬩腑寮曠敤绫诲瀷鐨勪负 Null 鎬т笌鐩爣濮旀墭鈥淓ventHandler鈥濅笉鍖归厤(鍙兘鏄敱浜庝负 Null 鎬х壒鎬?銆?[D:\workspace\ScreenTimeController\ScreenTimeController.csproj]
D:\workspace\ScreenTimeController\MainForm.cs(40,57): warning CS8622: 鈥渧oid MainForm.OnSettingsClick(object sender, EventArgs e)鈥濈殑鍙傛暟鈥渟ender鈥濈被鍨嬩腑寮曠敤绫诲瀷鐨勪负 Null 鎬т笌鐩爣濮旀墭鈥淓ventHandler鈥濅笉鍖归厤(鍙兘鏄敱浜庝负 Null 鎬х壒鎬?銆?[D:\workspace\ScreenTimeController\ScreenTimeController.csproj]
D:\workspace\ScreenTimeController\MainForm.cs(41,53): warning CS8622: 鈥渧oid MainForm.OnExitClick(object sender, EventArgs e)鈥濈殑鍙傛暟鈥渟ender鈥濈被鍨嬩腑寮曠敤绫诲瀷鐨勪负 Null 鎬т笌鐩爣濮旀墭鈥淓ventHandler鈥濅笉鍖归厤(鍙兘鏄敱浜庝负 Null 鎬х壒鎬?銆?[D:\workspace\ScreenTimeController\ScreenTimeController.csproj]
D:\workspace\ScreenTimeController\MainForm.cs(57,40): warning CS8622: 鈥渧oid MainForm.OnCheckTimerElapsed(object sender, ElapsedEventArgs e)鈥濈殑鍙傛暟鈥渟ender鈥濈被鍨嬩腑寮曠敤绫诲瀷鐨勪负 Null 鎬т笌鐩爣濮旀墭鈥淓lapsedEventHandler鈥濅笉鍖归厤(鍙兘鏄敱浜庝负 Null 鎬х壒鎬?銆?[D:\workspace\ScreenTimeController\ScreenTimeController.csproj]
D:\workspace\ScreenTimeController\MainForm.cs(61,47): warning CS8622: 鈥渧oid MainForm.OnNotificationTimerElapsed(object sender, ElapsedEventArgs e)鈥濈殑鍙傛暟鈥渟ender鈥濈被鍨嬩腑寮曠敤绫诲瀷鐨勪负 Null 鎬т笌鐩爣濮旀墭鈥淓lapsedEventHandler鈥濅笉鍖归厤(鍙兘鏄敱浜庝负 Null 鎬х壒鎬?銆?[D:\workspace\ScreenTimeController\ScreenTimeController.csproj]
D:\workspace\ScreenTimeController\MainForm.cs(66,36): warning CS8622: 鈥渧oid MainForm.OnUiTimerElapsed(object sender, ElapsedEventArgs e)鈥濈殑鍙傛暟鈥渟ender鈥濈被鍨嬩腑寮曠敤绫诲瀷鐨勪负 Null 鎬т笌鐩爣濮旀墭鈥淓lapsedEventHandler鈥濅笉鍖归厤(鍙兘鏄敱浜庝负 Null 鎬х壒鎬?銆?[D:\workspace\ScreenTimeController\ScreenTimeController.csproj]
D:\workspace\ScreenTimeController\MainForm.cs(24,16): warning CS8618: 鍦ㄩ€€鍑烘瀯閫犲嚱鏁版椂锛屼笉鍙负 null 鐨?瀛楁 "_checkTimer" 蹇呴』鍖呭惈闈?null 鍊笺€傝鑰冭檻娣诲姞 "required" 淇グ绗︽垨灏嗚 瀛楁 澹版槑涓哄彲涓?null銆?[D:\workspace\ScreenTimeController\ScreenTimeController.csproj]
D:\workspace\ScreenTimeController\MainForm.cs(24,16): warning CS8618: 鍦ㄩ€€鍑烘瀯閫犲嚱鏁版椂锛屼笉鍙负 null 鐨?瀛楁 "_notificationTimer" 蹇呴』鍖呭惈闈?null 鍊笺€傝鑰冭檻娣诲姞 "required" 淇グ绗︽垨灏嗚 瀛楁 澹版槑涓哄彲涓?null銆?[D:\workspace\ScreenTimeController\ScreenTimeController.csproj]
D:\workspace\ScreenTimeController\MainForm.cs(24,16): warning CS8618: 鍦ㄩ€€鍑烘瀯閫犲嚱鏁版椂锛屼笉鍙负 null 鐨?瀛楁 "_timeTracker" 蹇呴』鍖呭惈闈?null 鍊笺€傝鑰冭檻娣诲姞 "required" 淇グ绗︽垨灏嗚 瀛楁 澹版槑涓哄彲涓?null銆?[D:\workspace\ScreenTimeController\ScreenTimeController.csproj]
D:\workspace\ScreenTimeController\MainForm.cs(24,16): warning CS8618: 鍦ㄩ€€鍑烘瀯閫犲嚱鏁版椂锛屼笉鍙负 null 鐨?瀛楁 "_settingsManager" 蹇呴』鍖呭惈闈?null 鍊笺€傝鑰冭檻娣诲姞 "required" 淇グ绗︽垨灏嗚 瀛楁 澹版槑涓哄彲涓?null銆?[D:\workspace\ScreenTimeController\ScreenTimeController.csproj]
D:\workspace\ScreenTimeController\MainForm.cs(24,16): warning CS8618: 鍦ㄩ€€鍑烘瀯閫犲嚱鏁版椂锛屼笉鍙负 null 鐨?瀛楁 "_notifyIcon" 蹇呴』鍖呭惈闈?null 鍊笺€傝鑰冭檻娣诲姞 "required" 淇グ绗︽垨灏嗚 瀛楁 澹版槑涓哄彲涓?null銆?[D:\workspace\ScreenTimeController\ScreenTimeController.csproj]
D:\workspace\ScreenTimeController\MainForm.cs(24,16): warning CS8618: 鍦ㄩ€€鍑烘瀯閫犲嚱鏁版椂锛屼笉鍙负 null 鐨?瀛楁 "_statusLabel" 蹇呴』鍖呭惈闈?null 鍊笺€傝鑰冭檻娣诲姞 "required" 淇グ绗︽垨灏嗚 瀛楁 澹版槑涓哄彲涓?null銆?[D:\workspace\ScreenTimeController\ScreenTimeController.csproj]
D:\workspace\ScreenTimeController\MainForm.cs(24,16): warning CS8618: 鍦ㄩ€€鍑烘瀯閫犲嚱鏁版椂锛屼笉鍙负 null 鐨?瀛楁 "_usageLabel" 蹇呴』鍖呭惈闈?null 鍊笺€傝鑰冭檻娣诲姞 "required" 淇グ绗︽垨灏嗚 瀛楁 澹版槑涓哄彲涓?null銆?[D:\workspace\ScreenTimeController\ScreenTimeController.csproj]
D:\workspace\ScreenTimeController\MainForm.cs(24,16): warning CS8618: 鍦ㄩ€€鍑烘瀯閫犲嚱鏁版椂锛屼笉鍙负 null 鐨?瀛楁 "_limitLabel" 蹇呴』鍖呭惈闈?null 鍊笺€傝鑰冭檻娣诲姞 "required" 淇グ绗︽垨灏嗚 瀛楁 澹版槑涓哄彲涓?null銆?[D:\workspace\ScreenTimeController\ScreenTimeController.csproj]
D:\workspace\ScreenTimeController\MainForm.cs(24,16): warning CS8618: 鍦ㄩ€€鍑烘瀯閫犲嚱鏁版椂锛屼笉鍙负 null 鐨?瀛楁 "_remainingLabel" 蹇呴』鍖呭惈闈?null 鍊笺€傝鑰冭檻娣诲姞 "required" 淇グ绗︽垨灏嗚 瀛楁 澹版槑涓哄彲涓?null銆?[D:\workspace\ScreenTimeController\ScreenTimeController.csproj]
D:\workspace\ScreenTimeController\MainForm.cs(24,16): warning CS8618: 鍦ㄩ€€鍑烘瀯閫犲嚱鏁版椂锛屼笉鍙负 null 鐨?瀛楁 "_settingsButton" 蹇呴』鍖呭惈闈?null 鍊笺€傝鑰冭檻娣诲姞 "required" 淇グ绗︽垨灏嗚 瀛楁 澹版槑涓哄彲涓?null銆?[D:\workspace\ScreenTimeController\ScreenTimeController.csproj]
D:\workspace\ScreenTimeController\MainForm.cs(24,16): warning CS8618: 鍦ㄩ€€鍑烘瀯閫犲嚱鏁版椂锛屼笉鍙负 null 鐨?瀛楁 "_exitButton" 蹇呴』鍖呭惈闈?null 鍊笺€傝鑰冭檻娣诲姞 "required" 淇グ绗︽垨灏嗚 瀛楁 澹版槑涓哄彲涓?null銆?[D:\workspace\ScreenTimeController\ScreenTimeController.csproj]
D:\workspace\ScreenTimeController\MainForm.cs(24,16): warning CS8618: 鍦ㄩ€€鍑烘瀯閫犲嚱鏁版椂锛屼笉鍙负 null 鐨?瀛楁 "components" 蹇呴』鍖呭惈闈?null 鍊笺€傝鑰冭檻娣诲姞 "required" 淇グ绗︽垨灏嗚 瀛楁 澹版槑涓哄彲涓?null銆?[D:\workspace\ScreenTimeController\ScreenTimeController.csproj]
D:\workspace\ScreenTimeController\ChangePasswordForm.cs(104,32): warning CS8622: 鈥渧oid ChangePasswordForm.OnOKClick(object sender, EventArgs e)鈥濈殑鍙傛暟鈥渟ender鈥濈被鍨嬩腑寮曠敤绫诲瀷鐨勪负 Null 鎬т笌鐩爣濮旀墭鈥淓ventHandler鈥濅笉鍖归厤(鍙兘鏄敱浜庝负 Null 鎬х壒鎬?銆?[D:\workspace\ScreenTimeController\ScreenTimeController.csproj]
D:\workspace\ScreenTimeController\ChangePasswordForm.cs(118,36): warning CS8622: 鈥渧oid ChangePasswordForm.OnCancelClick(object sender, EventArgs e)鈥濈殑鍙傛暟鈥渟ender鈥濈被鍨嬩腑寮曠敤绫诲瀷鐨勪负 Null 鎬т笌鐩爣濮旀墭鈥淓ventHandler鈥濅笉鍖归厤(鍙兘鏄敱浜庝负 Null 鎬х壒鎬?銆?[D:\workspace\ScreenTimeController\ScreenTimeController.csproj]
D:\workspace\ScreenTimeController\MainForm.cs(154,38): warning CS8622: 鈥渧oid MainForm.OnSettingsClick(object sender, EventArgs e)鈥濈殑鍙傛暟鈥渟ender鈥濈被鍨嬩腑寮曠敤绫诲瀷鐨勪负 Null 鎬т笌鐩爣濮旀墭鈥淓ventHandler鈥濅笉鍖归厤(鍙兘鏄敱浜庝负 Null 鎬х壒鎬?銆?[D:\workspace\ScreenTimeController\ScreenTimeController.csproj]
D:\workspace\ScreenTimeController\MainForm.cs(169,34): warning CS8622: 鈥渧oid MainForm.OnExitClick(object sender, EventArgs e)鈥濈殑鍙傛暟鈥渟ender鈥濈被鍨嬩腑寮曠敤绫诲瀷鐨勪负 Null 鎬т笌鐩爣濮旀墭鈥淓ventHandler鈥濅笉鍖归厤(鍙兘鏄敱浜庝负 Null 鎬х壒鎬?銆?[D:\workspace\ScreenTimeController\ScreenTimeController.csproj]
D:\workspace\ScreenTimeController\MainForm.cs(198,30): warning CS0168: 澹版槑浜嗗彉閲忊€渆x鈥濓紝浣嗕粠鏈娇鐢ㄨ繃 [D:\workspace\ScreenTimeController\ScreenTimeController.csproj]
D:\workspace\ScreenTimeController\MainForm.cs(239,30): warning CS0168: 澹版槑浜嗗彉閲忊€渆x鈥濓紝浣嗕粠鏈娇鐢ㄨ繃 [D:\workspace\ScreenTimeController\ScreenTimeController.csproj]
D:\workspace\ScreenTimeController\MainForm.cs(255,30): warning CS0168: 澹版槑浜嗗彉閲忊€渆x鈥濓紝浣嗕粠鏈娇鐢ㄨ繃 [D:\workspace\ScreenTimeController\ScreenTimeController.csproj]
D:\workspace\ScreenTimeController\SettingsForm.cs(572,40): warning CS8622: 鈥渧oid SettingsForm.OnApplyToAllClick(object sender, EventArgs e)鈥濈殑鍙傛暟鈥渟ender鈥濈被鍨嬩腑寮曠敤绫诲瀷鐨勪负 Null 鎬т笌鐩爣濮旀墭鈥淓ventHandler鈥濅笉鍖归厤(鍙兘鏄敱浜庝负 Null 鎬х壒鎬?銆?[D:\workspace\ScreenTimeController\ScreenTimeController.csproj]
D:\workspace\ScreenTimeController\SettingsForm.cs(588,44): warning CS8622: 鈥渧oid SettingsForm.OnChangePasswordClick(object sender, EventArgs e)鈥濈殑鍙傛暟鈥渟ender鈥濈被鍨嬩腑寮曠敤绫诲瀷鐨勪负 Null 鎬т笌鐩爣濮旀墭鈥淓ventHandler鈥濅笉鍖归厤(鍙兘鏄敱浜庝负 Null 鎬х壒鎬?銆?[D:\workspace\ScreenTimeController\ScreenTimeController.csproj]
D:\workspace\ScreenTimeController\SettingsForm.cs(604,32): warning CS8622: 鈥渧oid SettingsForm.OnOKClick(object sender, EventArgs e)鈥濈殑鍙傛暟鈥渟ender鈥濈被鍨嬩腑寮曠敤绫诲瀷鐨勪负 Null 鎬т笌鐩爣濮旀墭鈥淓ventHandler鈥濅笉鍖归厤(鍙兘鏄敱浜庝负 Null 鎬х壒鎬?銆?[D:\workspace\ScreenTimeController\ScreenTimeController.csproj]
D:\workspace\ScreenTimeController\SettingsForm.cs(619,36): warning CS8622: 鈥渧oid SettingsForm.OnCancelClick(object sender, EventArgs e)鈥濈殑鍙傛暟鈥渟ender鈥濈被鍨嬩腑寮曠敤绫诲瀷鐨勪负 Null 鎬т笌鐩爣濮旀墭鈥淓ventHandler鈥濅笉鍖归厤(鍙兘鏄敱浜庝负 Null 鎬х壒鎬?銆?[D:\workspace\ScreenTimeController\ScreenTimeController.csproj]
D:\workspace\ScreenTimeController\PasswordForm.cs(29,13): warning CA1416: 鍙湪鎵€鏈夊钩鍙颁笂璁块棶姝よ皟鐢ㄧ珯鐐广€?Form.DialogResult" 浠呭湪 "windows" 6.1 鍙婃洿楂樼増鏈?涓婂彈鏀寔銆?(https://learn.microsoft.com/dotnet/fundamentals/code-analysis/quality-rules/ca1416) [D:\workspace\ScreenTimeController\ScreenTimeController.csproj]
D:\workspace\ScreenTimeController\PasswordForm.cs(23,13): warning CA1416: 鍙湪鎵€鏈夊钩鍙颁笂璁块棶姝よ皟鐢ㄧ珯鐐广€?Form.DialogResult" 浠呭湪 "windows" 6.1 鍙婃洿楂樼増鏈?涓婂彈鏀寔銆?(https://learn.microsoft.com/dotnet/fundamentals/code-analysis/quality-rules/ca1416) [D:\workspace\ScreenTimeController\ScreenTimeController.csproj]
D:\workspace\ScreenTimeController\PasswordForm.cs(23,28): warning CA1416: 鍙湪鎵€鏈夊钩鍙颁笂璁块棶姝よ皟鐢ㄧ珯鐐广€?DialogResult.OK" 浠呭湪 "windows" 6.1 鍙婃洿楂樼増鏈?涓婂彈鏀寔銆?(https://learn.microsoft.com/dotnet/fundamentals/code-analysis/quality-rules/ca1416) [D:\workspace\ScreenTimeController\ScreenTimeController.csproj]
D:\workspace\ScreenTimeController\PasswordForm.cs(29,28): warning CA1416: 鍙湪鎵€鏈夊钩鍙颁笂璁块棶姝よ皟鐢ㄧ珯鐐广€?DialogResult.Cancel" 浠呭湪 "windows" 6.1 鍙婃洿楂樼増鏈?涓婂彈鏀寔銆?(https://learn.microsoft.com/dotnet/fundamentals/code-analysis/quality-rules/ca1416) [D:\workspace\ScreenTimeController\ScreenTimeController.csproj]
D:\workspace\ScreenTimeController\PasswordForm.cs(24,13): warning CA1416: 鍙湪鎵€鏈夊钩鍙颁笂璁块棶姝よ皟鐢ㄧ珯鐐广€?Form.Close()" 浠呭湪 "windows" 6.1 鍙婃洿楂樼増鏈?涓婂彈鏀寔銆?(https://learn.microsoft.com/dotnet/fundamentals/code-analysis/quality-rules/ca1416) [D:\workspace\ScreenTimeController\ScreenTimeController.csproj]
D:\workspace\ScreenTimeController\PasswordForm.cs(30,13): warning CA1416: 鍙湪鎵€鏈夊钩鍙颁笂璁块棶姝よ皟鐢ㄧ珯鐐广€?Form.Close()" 浠呭湪 "windows" 6.1 鍙婃洿楂樼増鏈?涓婂彈鏀寔銆?(https://learn.microsoft.com/dotnet/fundamentals/code-analysis/quality-rules/ca1416) [D:\workspace\ScreenTimeController\ScreenTimeController.csproj]
D:\workspace\ScreenTimeController\PasswordForm.cs(22,24): warning CA1416: 鍙湪鎵€鏈夊钩鍙颁笂璁块棶姝よ皟鐢ㄧ珯鐐广€?TextBox.Text" 浠呭湪 "windows" 6.1 鍙婃洿楂樼増鏈?涓婂彈鏀寔銆?(https://learn.microsoft.com/dotnet/fundamentals/code-analysis/quality-rules/ca1416) [D:\workspace\ScreenTimeController\ScreenTimeController.csproj]
D:\workspace\ScreenTimeController\TestTrayApp.cs(37,13): warning CA1416: 鍙湪鎵€鏈夊钩鍙颁笂璁块棶姝よ皟鐢ㄧ珯鐐广€?Form.Activate()" 浠呭湪 "windows" 6.1 鍙婃洿楂樼増鏈?涓婂彈鏀寔銆?(https://learn.microsoft.com/dotnet/fundamentals/code-analysis/quality-rules/ca1416) [D:\workspace\ScreenTimeController\ScreenTimeController.csproj]
D:\workspace\ScreenTimeController\TestTrayApp.cs(35,27): warning CA1416: 鍙湪鎵€鏈夊钩鍙颁笂璁块棶姝よ皟鐢ㄧ珯鐐广€?FormWindowState.Normal" 浠呭湪 "windows" 6.1 鍙婃洿楂樼増鏈?涓婂彈鏀寔銆?(https://learn.microsoft.com/dotnet/fundamentals/code-analysis/quality-rules/ca1416) [D:\workspace\ScreenTimeController\ScreenTimeController.csproj]
D:\workspace\ScreenTimeController\TestTrayApp.cs(36,13): warning CA1416: 鍙湪鎵€鏈夊钩鍙颁笂璁块棶姝よ皟鐢ㄧ珯鐐广€?Form.ShowInTaskbar" 浠呭湪 "windows" 6.1 鍙婃洿楂樼増鏈?涓婂彈鏀寔銆?(https://learn.microsoft.com/dotnet/fundamentals/code-analysis/quality-rules/ca1416) [D:\workspace\ScreenTimeController\ScreenTimeController.csproj]
D:\workspace\ScreenTimeController\TestTrayApp.cs(35,13): warning CA1416: 鍙湪鎵€鏈夊钩鍙颁笂璁块棶姝よ皟鐢ㄧ珯鐐广€?Form.WindowState" 浠呭湪 "windows" 6.1 鍙婃洿楂樼増鏈?涓婂彈鏀寔銆?(https://learn.microsoft.com/dotnet/fundamentals/code-analysis/quality-rules/ca1416) [D:\workspace\ScreenTimeController\ScreenTimeController.csproj]
D:\workspace\ScreenTimeController\TestTrayApp.cs(42,13): warning CA1416: 鍙湪鎵€鏈夊钩鍙颁笂璁块棶姝よ皟鐢ㄧ珯鐐广€?NotifyIcon.Visible" 浠呭湪 "windows" 6.1 鍙婃洿楂樼増鏈?涓婂彈鏀寔銆?(https://learn.microsoft.com/dotnet/fundamentals/code-analysis/quality-rules/ca1416) [D:\workspace\ScreenTimeController\ScreenTimeController.csproj]
D:\workspace\ScreenTimeController\TestTrayApp.cs(43,13): warning CA1416: 鍙湪鎵€鏈夊钩鍙颁笂璁块棶姝よ皟鐢ㄧ珯鐐广€?Application.Exit()" 浠呭湪 "windows" 6.1 鍙婃洿楂樼増鏈?涓婂彈鏀寔銆?(https://learn.microsoft.com/dotnet/fundamentals/code-analysis/quality-rules/ca1416) [D:\workspace\ScreenTimeController\ScreenTimeController.csproj]
D:\workspace\ScreenTimeController\TestTrayApp.cs(51,17): warning CA1416: 鍙湪鎵€鏈夊钩鍙颁笂璁块棶姝よ皟鐢ㄧ珯鐐广€?Form.WindowState" 浠呭湪 "windows" 6.1 鍙婃洿楂樼増鏈?涓婂彈鏀寔銆?(https://learn.microsoft.com/dotnet/fundamentals/code-analysis/quality-rules/ca1416) [D:\workspace\ScreenTimeController\ScreenTimeController.csproj]
D:\workspace\ScreenTimeController\TestTrayApp.cs(48,17): warning CA1416: 鍙湪鎵€鏈夊钩鍙颁笂璁块棶姝よ皟鐢ㄧ珯鐐广€?FormClosingEventArgs.CloseReason" 浠呭湪 "windows" 6.1 鍙婃洿楂樼増鏈?涓婂彈鏀寔銆?(https://learn.microsoft.com/dotnet/fundamentals/code-analysis/quality-rules/ca1416) [D:\workspace\ScreenTimeController\ScreenTimeController.csproj]
D:\workspace\ScreenTimeController\TestTrayApp.cs(52,17): warning CA1416: 鍙湪鎵€鏈夊钩鍙颁笂璁块棶姝よ皟鐢ㄧ珯鐐广€?Form.ShowInTaskbar" 浠呭湪 "windows" 6.1 鍙婃洿楂樼増鏈?涓婂彈鏀寔銆?(https://learn.microsoft.com/dotnet/fundamentals/code-analysis/quality-rules/ca1416) [D:\workspace\ScreenTimeController\ScreenTimeController.csproj]
D:\workspace\ScreenTimeController\TestTrayApp.cs(51,31): warning CA1416: 鍙湪鎵€鏈夊钩鍙颁笂璁块棶姝よ皟鐢ㄧ珯鐐广€?FormWindowState.Minimized" 浠呭湪 "windows" 6.1 鍙婃洿楂樼増鏈?涓婂彈鏀寔銆?(https://learn.microsoft.com/dotnet/fundamentals/code-analysis/quality-rules/ca1416) [D:\workspace\ScreenTimeController\ScreenTimeController.csproj]
D:\workspace\ScreenTimeController\TestTrayApp.cs(54,13): warning CA1416: 鍙湪鎵€鏈夊钩鍙颁笂璁块棶姝よ皟鐢ㄧ珯鐐广€?Form.OnFormClosing(FormClosingEventArgs)" 浠呭湪 "windows" 6.1 鍙婃洿楂樼増鏈?涓婂彈鏀寔銆?(https://learn.microsoft.com/dotnet/fundamentals/code-analysis/quality-rules/ca1416) [D:\workspace\ScreenTimeController\ScreenTimeController.csproj]
D:\workspace\ScreenTimeController\SettingsForm.cs(89,13): warning CA1416: 鍙湪鎵€鏈夊钩鍙颁笂璁块棶姝よ皟鐢ㄧ珯鐐广€?NumericUpDown.Value" 浠呭湪 "windows" 6.1 鍙婃洿楂樼増鏈?涓婂彈鏀寔銆?(https://learn.microsoft.com/dotnet/fundamentals/code-analysis/quality-rules/ca1416) [D:\workspace\ScreenTimeController\ScreenTimeController.csproj]
D:\workspace\ScreenTimeController\SettingsForm.cs(85,13): warning CA1416: 鍙湪鎵€鏈夊钩鍙颁笂璁块棶姝よ皟鐢ㄧ珯鐐广€?NumericUpDown.Value" 浠呭湪 "windows" 6.1 鍙婃洿楂樼増鏈?涓婂彈鏀寔銆?(https://learn.microsoft.com/dotnet/fundamentals/code-analysis/quality-rules/ca1416) [D:\workspace\ScreenTimeController\ScreenTimeController.csproj]
D:\workspace\ScreenTimeController\SettingsForm.cs(97,13): warning CA1416: 鍙湪鎵€鏈夊钩鍙颁笂璁块棶姝よ皟鐢ㄧ珯鐐广€?NumericUpDown.Value" 浠呭湪 "windows" 6.1 鍙婃洿楂樼増鏈?涓婂彈鏀寔銆?(https://learn.microsoft.com/dotnet/fundamentals/code-analysis/quality-rules/ca1416) [D:\workspace\ScreenTimeController\ScreenTimeController.csproj]
D:\workspace\ScreenTimeController\SettingsForm.cs(84,13): warning CA1416: 鍙湪鎵€鏈夊钩鍙颁笂璁块棶姝よ皟鐢ㄧ珯鐐广€?NumericUpDown.Value" 浠呭湪 "windows" 6.1 鍙婃洿楂樼増鏈?涓婂彈鏀寔銆?(https://learn.microsoft.com/dotnet/fundamentals/code-analysis/quality-rules/ca1416) [D:\workspace\ScreenTimeController\ScreenTimeController.csproj]
D:\workspace\ScreenTimeController\SettingsForm.cs(73,13): warning CA1416: 鍙湪鎵€鏈夊钩鍙颁笂璁块棶姝よ皟鐢ㄧ珯鐐广€?NumericUpDown.Value" 浠呭湪 "windows" 6.1 鍙婃洿楂樼増鏈?涓婂彈鏀寔銆?(https://learn.microsoft.com/dotnet/fundamentals/code-analysis/quality-rules/ca1416) [D:\workspace\ScreenTimeController\ScreenTimeController.csproj]
D:\workspace\ScreenTimeController\SettingsForm.cs(80,13): warning CA1416: 鍙湪鎵€鏈夊钩鍙颁笂璁块棶姝よ皟鐢ㄧ珯鐐广€?NumericUpDown.Value" 浠呭湪 "windows" 6.1 鍙婃洿楂樼増鏈?涓婂彈鏀寔銆?(https://learn.microsoft.com/dotnet/fundamentals/code-analysis/quality-rules/ca1416) [D:\workspace\ScreenTimeController\ScreenTimeController.csproj]
D:\workspace\ScreenTimeController\SettingsForm.cs(93,13): warning CA1416: 鍙湪鎵€鏈夊钩鍙颁笂璁块棶姝よ皟鐢ㄧ珯鐐广€?NumericUpDown.Value" 浠呭湪 "windows" 6.1 鍙婃洿楂樼増鏈?涓婂彈鏀寔銆?(https://learn.microsoft.com/dotnet/fundamentals/code-analysis/quality-rules/ca1416) [D:\workspace\ScreenTimeController\ScreenTimeController.csproj]
D:\workspace\ScreenTimeController\SettingsForm.cs(88,13): warning CA1416: 鍙湪鎵€鏈夊钩鍙颁笂璁块棶姝よ皟鐢ㄧ珯鐐广€?NumericUpDown.Value" 浠呭湪 "windows" 6.1 鍙婃洿楂樼増鏈?涓婂彈鏀寔銆?(https://learn.microsoft.com/dotnet/fundamentals/code-analysis/quality-rules/ca1416) [D:\workspace\ScreenTimeController\ScreenTimeController.csproj]
D:\workspace\ScreenTimeController\SettingsForm.cs(72,13): warning CA1416: 鍙湪鎵€鏈夊钩鍙颁笂璁块棶姝よ皟鐢ㄧ珯鐐广€?NumericUpDown.Value" 浠呭湪 "windows" 6.1 鍙婃洿楂樼増鏈?涓婂彈鏀寔銆?(https://learn.microsoft.com/dotnet/fundamentals/code-analysis/quality-rules/ca1416) [D:\workspace\ScreenTimeController\ScreenTimeController.csproj]
D:\workspace\ScreenTimeController\SettingsForm.cs(76,13): warning CA1416: 鍙湪鎵€鏈夊钩鍙颁笂璁块棶姝よ皟鐢ㄧ珯鐐广€?NumericUpDown.Value" 浠呭湪 "windows" 6.1 鍙婃洿楂樼増鏈?涓婂彈鏀寔銆?(https://learn.microsoft.com/dotnet/fundamentals/code-analysis/quality-rules/ca1416) [D:\workspace\ScreenTimeController\ScreenTimeController.csproj]
D:\workspace\ScreenTimeController\SettingsForm.cs(92,13): warning CA1416: 鍙湪鎵€鏈夊钩鍙颁笂璁块棶姝よ皟鐢ㄧ珯鐐广€?NumericUpDown.Value" 浠呭湪 "windows" 6.1 鍙婃洿楂樼増鏈?涓婂彈鏀寔銆?(https://learn.microsoft.com/dotnet/fundamentals/code-analysis/quality-rules/ca1416) [D:\workspace\ScreenTimeController\ScreenTimeController.csproj]
D:\workspace\ScreenTimeController\SettingsForm.cs(81,13): warning CA1416: 鍙湪鎵€鏈夊钩鍙颁笂璁块棶姝よ皟鐢ㄧ珯鐐广€?NumericUpDown.Value" 浠呭湪 "windows" 6.1 鍙婃洿楂樼増鏈?涓婂彈鏀寔銆?(https://learn.microsoft.com/dotnet/fundamentals/code-analysis/quality-rules/ca1416) [D:\workspace\ScreenTimeController\ScreenTimeController.csproj]
D:\workspace\ScreenTimeController\SettingsForm.cs(77,13): warning CA1416: 鍙湪鎵€鏈夊钩鍙颁笂璁块棶姝よ皟鐢ㄧ珯鐐广€?NumericUpDown.Value" 浠呭湪 "windows" 6.1 鍙婃洿楂樼増鏈?涓婂彈鏀寔銆?(https://learn.microsoft.com/dotnet/fundamentals/code-analysis/quality-rules/ca1416) [D:\workspace\ScreenTimeController\ScreenTimeController.csproj]
D:\workspace\ScreenTimeController\SettingsForm.cs(96,13): warning CA1416: 鍙湪鎵€鏈夊钩鍙颁笂璁块棶姝よ皟鐢ㄧ珯鐐广€?NumericUpDown.Value" 浠呭湪 "windows" 6.1 鍙婃洿楂樼増鏈?涓婂彈鏀寔銆?(https://learn.microsoft.com/dotnet/fundamentals/code-analysis/quality-rules/ca1416) [D:\workspace\ScreenTimeController\ScreenTimeController.csproj]
D:\workspace\ScreenTimeController\ChangePasswordForm.cs(25,17): warning CA1416: 鍙湪鎵€鏈夊钩鍙颁笂璁块棶姝よ皟鐢ㄧ珯鐐广€?TextBox.Text" 浠呭湪 "windows" 6.1 鍙婃洿楂樼増鏈?涓婂彈鏀寔銆?(https://learn.microsoft.com/dotnet/fundamentals/code-analysis/quality-rules/ca1416) [D:\workspace\ScreenTimeController\ScreenTimeController.csproj]
D:\workspace\ScreenTimeController\ChangePasswordForm.cs(27,89): warning CA1416: 鍙湪鎵€鏈夊钩鍙颁笂璁块棶姝よ皟鐢ㄧ珯鐐广€?MessageBoxButtons.OK" 浠呭湪 "windows" 6.1 鍙婃洿楂樼増鏈?涓婂彈鏀寔銆?(https://learn.microsoft.com/dotnet/fundamentals/code-analysis/quality-rules/ca1416) [D:\workspace\ScreenTimeController\ScreenTimeController.csproj]
D:\workspace\ScreenTimeController\ChangePasswordForm.cs(31,42): warning CA1416: 鍙湪鎵€鏈夊钩鍙颁笂璁块棶姝よ皟鐢ㄧ珯鐐广€?TextBox.Text" 浠呭湪 "windows" 6.1 鍙婃洿楂樼増鏈?涓婂彈鏀寔銆?(https://learn.microsoft.com/dotnet/fundamentals/code-analysis/quality-rules/ca1416) [D:\workspace\ScreenTimeController\ScreenTimeController.csproj]
D:\workspace\ScreenTimeController\ChangePasswordForm.cs(27,17): warning CA1416: 鍙湪鎵€鏈夊钩鍙颁笂璁块棶姝よ皟鐢ㄧ珯鐐广€?MessageBox.Show(string?, string?, MessageBoxButtons, MessageBoxIcon)" 浠呭湪 "windows" 6.1 鍙婃洿楂樼増鏈?涓婂彈鏀寔銆?(https://learn.microsoft.com/dotnet/fundamentals/code-analysis/quality-rules/ca1416) [D:\workspace\ScreenTimeController\ScreenTimeController.csproj]
D:\workspace\ScreenTimeController\ChangePasswordForm.cs(33,74): warning CA1416: 鍙湪鎵€鏈夊钩鍙颁笂璁块棶姝よ皟鐢ㄧ珯鐐广€?MessageBoxButtons.OK" 浠呭湪 "windows" 6.1 鍙婃洿楂樼増鏈?涓婂彈鏀寔銆?(https://learn.microsoft.com/dotnet/fundamentals/code-analysis/quality-rules/ca1416) [D:\workspace\ScreenTimeController\ScreenTimeController.csproj]
D:\workspace\ScreenTimeController\ChangePasswordForm.cs(35,13): warning CA1416: 鍙湪鎵€鏈夊钩鍙颁笂璁块棶姝よ皟鐢ㄧ珯鐐广€?Form.Close()" 浠呭湪 "windows" 6.1 鍙婃洿楂樼増鏈?涓婂彈鏀寔銆?(https://learn.microsoft.com/dotnet/fundamentals/code-analysis/quality-rules/ca1416) [D:\workspace\ScreenTimeController\ScreenTimeController.csproj]
D:\workspace\ScreenTimeController\ChangePasswordForm.cs(34,28): warning CA1416: 鍙湪鎵€鏈夊钩鍙颁笂璁块棶姝よ皟鐢ㄧ珯鐐广€?DialogResult.OK" 浠呭湪 "windows" 6.1 鍙婃洿楂樼増鏈?涓婂彈鏀寔銆?(https://learn.microsoft.com/dotnet/fundamentals/code-analysis/quality-rules/ca1416) [D:\workspace\ScreenTimeController\ScreenTimeController.csproj]
D:\workspace\ScreenTimeController\ChangePasswordForm.cs(27,111): warning CA1416: 鍙湪鎵€鏈夊钩鍙颁笂璁块棶姝よ皟鐢ㄧ珯鐐广€?MessageBoxIcon.Error" 浠呭湪 "windows" 6.1 鍙婃洿楂樼増鏈?涓婂彈鏀寔銆?(https://learn.microsoft.com/dotnet/fundamentals/code-analysis/quality-rules/ca1416) [D:\workspace\ScreenTimeController\ScreenTimeController.csproj]
D:\workspace\ScreenTimeController\ChangePasswordForm.cs(33,13): warning CA1416: 鍙湪鎵€鏈夊钩鍙颁笂璁块棶姝よ皟鐢ㄧ珯鐐广€?MessageBox.Show(string?, string?, MessageBoxButtons, MessageBoxIcon)" 浠呭湪 "windows" 6.1 鍙婃洿楂樼増鏈?涓婂彈鏀寔銆?(https://learn.microsoft.com/dotnet/fundamentals/code-analysis/quality-rules/ca1416) [D:\workspace\ScreenTimeController\ScreenTimeController.csproj]
D:\workspace\ScreenTimeController\ChangePasswordForm.cs(25,45): warning CA1416: 鍙湪鎵€鏈夊钩鍙颁笂璁块棶姝よ皟鐢ㄧ珯鐐广€?TextBox.Text" 浠呭湪 "windows" 6.1 鍙婃洿楂樼増鏈?涓婂彈鏀寔銆?(https://learn.microsoft.com/dotnet/fundamentals/code-analysis/quality-rules/ca1416) [D:\workspace\ScreenTimeController\ScreenTimeController.csproj]
D:\workspace\ScreenTimeController\ChangePasswordForm.cs(33,96): warning CA1416: 鍙湪鎵€鏈夊钩鍙颁笂璁块棶姝よ皟鐢ㄧ珯鐐广€?MessageBoxIcon.Information" 浠呭湪 "windows" 6.1 鍙婃洿楂樼増鏈?涓婂彈鏀寔銆?(https://learn.microsoft.com/dotnet/fundamentals/code-analysis/quality-rules/ca1416) [D:\workspace\ScreenTimeController\ScreenTimeController.csproj]
D:\workspace\ScreenTimeController\ChangePasswordForm.cs(34,13): warning CA1416: 鍙湪鎵€鏈夊钩鍙颁笂璁块棶姝よ皟鐢ㄧ珯鐐广€?Form.DialogResult" 浠呭湪 "windows" 6.1 鍙婃洿楂樼増鏈?涓婂彈鏀寔銆?(https://learn.microsoft.com/dotnet/fundamentals/code-analysis/quality-rules/ca1416) [D:\workspace\ScreenTimeController\ScreenTimeController.csproj]
D:\workspace\ScreenTimeController\ChangePasswordForm.cs(40,28): warning CA1416: 鍙湪鎵€鏈夊钩鍙颁笂璁块棶姝よ皟鐢ㄧ珯鐐广€?DialogResult.Cancel" 浠呭湪 "windows" 6.1 鍙婃洿楂樼増鏈?涓婂彈鏀寔銆?(https://learn.microsoft.com/dotnet/fundamentals/code-analysis/quality-rules/ca1416) [D:\workspace\ScreenTimeController\ScreenTimeController.csproj]
D:\workspace\ScreenTimeController\ChangePasswordForm.cs(41,13): warning CA1416: 鍙湪鎵€鏈夊钩鍙颁笂璁块棶姝よ皟鐢ㄧ珯鐐广€?Form.Close()" 浠呭湪 "windows" 6.1 鍙婃洿楂樼増鏈?涓婂彈鏀寔銆?(https://learn.microsoft.com/dotnet/fundamentals/code-analysis/quality-rules/ca1416) [D:\workspace\ScreenTimeController\ScreenTimeController.csproj]
D:\workspace\ScreenTimeController\ChangePasswordForm.cs(40,13): warning CA1416: 鍙湪鎵€鏈夊钩鍙颁笂璁块棶姝よ皟鐢ㄧ珯鐐广€?Form.DialogResult" 浠呭湪 "windows" 6.1 鍙婃洿楂樼増鏈?涓婂彈鏀寔銆?(https://learn.microsoft.com/dotnet/fundamentals/code-analysis/quality-rules/ca1416) [D:\workspace\ScreenTimeController\ScreenTimeController.csproj]
D:\workspace\ScreenTimeController\SimpleTrayApp.cs(30,115): warning CA1416: 鍙湪鎵€鏈夊钩鍙颁笂璁块棶姝よ皟鐢ㄧ珯鐐广€?ToolTipIcon.Info" 浠呭湪 "windows" 6.1 鍙婃洿楂樼増鏈?涓婂彈鏀寔銆?(https://learn.microsoft.com/dotnet/fundamentals/code-analysis/quality-rules/ca1416) [D:\workspace\ScreenTimeController\ScreenTimeController.csproj]
D:\workspace\ScreenTimeController\SimpleTrayApp.cs(27,13): warning CA1416: 鍙湪鎵€鏈夊钩鍙颁笂璁块棶姝よ皟鐢ㄧ珯鐐广€?NotifyIcon.ContextMenuStrip" 浠呭湪 "windows" 6.1 鍙婃洿楂樼増鏈?涓婂彈鏀寔銆?(https://learn.microsoft.com/dotnet/fundamentals/code-analysis/quality-rules/ca1416) [D:\workspace\ScreenTimeController\ScreenTimeController.csproj]
D:\workspace\ScreenTimeController\TestTrayApp.cs(26,114): warning CA1416: 鍙湪鎵€鏈夊钩鍙颁笂璁块棶姝よ皟鐢ㄧ珯鐐广€?ToolTipIcon.Info" 浠呭湪 "windows" 6.1 鍙婃洿楂樼増鏈?涓婂彈鏀寔銆?(https://learn.microsoft.com/dotnet/fundamentals/code-analysis/quality-rules/ca1416) [D:\workspace\ScreenTimeController\ScreenTimeController.csproj]
D:\workspace\ScreenTimeController\SimpleTrayApp.cs(33,13): warning CA1416: 鍙湪鎵€鏈夊钩鍙颁笂璁块棶姝よ皟鐢ㄧ珯鐐广€?Application.Run()" 浠呭湪 "windows" 6.1 鍙婃洿楂樼増鏈?涓婂彈鏀寔銆?(https://learn.microsoft.com/dotnet/fundamentals/code-analysis/quality-rules/ca1416) [D:\workspace\ScreenTimeController\ScreenTimeController.csproj]
D:\workspace\ScreenTimeController\TestTrayApp.cs(59,13): warning CA1416: 鍙湪鎵€鏈夊钩鍙颁笂璁块棶姝よ皟鐢ㄧ珯鐐广€?Application.EnableVisualStyles()" 浠呭湪 "windows" 6.1 鍙婃洿楂樼増鏈?涓婂彈鏀寔銆?(https://learn.microsoft.com/dotnet/fundamentals/code-analysis/quality-rules/ca1416) [D:\workspace\ScreenTimeController\ScreenTimeController.csproj]
D:\workspace\ScreenTimeController\TestTrayApp.cs(60,13): warning CA1416: 鍙湪鎵€鏈夊钩鍙颁笂璁块棶姝よ皟鐢ㄧ珯鐐广€?Application.SetCompatibleTextRenderingDefault(bool)" 浠呭湪 "windows" 6.1 鍙婃洿楂樼増鏈?涓婂彈鏀寔銆?(https://learn.microsoft.com/dotnet/fundamentals/code-analysis/quality-rules/ca1416) [D:\workspace\ScreenTimeController\ScreenTimeController.csproj]
D:\workspace\ScreenTimeController\TestTrayApp.cs(61,13): warning CA1416: 鍙湪鎵€鏈夊钩鍙颁笂璁块棶姝よ皟鐢ㄧ珯鐐广€?Application.Run(Form)" 浠呭湪 "windows" 6.1 鍙婃洿楂樼増鏈?涓婂彈鏀寔銆?(https://learn.microsoft.com/dotnet/fundamentals/code-analysis/quality-rules/ca1416) [D:\workspace\ScreenTimeController\ScreenTimeController.csproj]
D:\workspace\ScreenTimeController\TestTrayApp.cs(20,31): warning CA1416: 鍙湪鎵€鏈夊钩鍙颁笂璁块棶姝よ皟鐢ㄧ珯鐐广€?ContextMenuStrip" 浠呭湪 "windows" 6.1 鍙婃洿楂樼増鏈?涓婂彈鏀寔銆?(https://learn.microsoft.com/dotnet/fundamentals/code-analysis/quality-rules/ca1416) [D:\workspace\ScreenTimeController\ScreenTimeController.csproj]
D:\workspace\ScreenTimeController\TestTrayApp.cs(30,13): warning CA1416: 鍙湪鎵€鏈夊钩鍙颁笂璁块棶姝よ皟鐢ㄧ珯鐐广€?Form.ShowInTaskbar" 浠呭湪 "windows" 6.1 鍙婃洿楂樼増鏈?涓婂彈鏀寔銆?(https://learn.microsoft.com/dotnet/fundamentals/code-analysis/quality-rules/ca1416) [D:\workspace\ScreenTimeController\ScreenTimeController.csproj]
D:\workspace\ScreenTimeController\TestTrayApp.cs(15,17): warning CA1416: 鍙湪鎵€鏈夊钩鍙颁笂璁块棶姝よ皟鐢ㄧ珯鐐广€?NotifyIcon.Text" 浠呭湪 "windows" 6.1 鍙婃洿楂樼増鏈?涓婂彈鏀寔銆?(https://learn.microsoft.com/dotnet/fundamentals/code-analysis/quality-rules/ca1416) [D:\workspace\ScreenTimeController\ScreenTimeController.csproj]
D:\workspace\ScreenTimeController\TestTrayApp.cs(29,13): warning CA1416: 鍙湪鎵€鏈夊钩鍙颁笂璁块棶姝よ皟鐢ㄧ珯鐐广€?Form.WindowState" 浠呭湪 "windows" 6.1 鍙婃洿楂樼増鏈?涓婂彈鏀寔銆?(https://learn.microsoft.com/dotnet/fundamentals/code-analysis/quality-rules/ca1416) [D:\workspace\ScreenTimeController\ScreenTimeController.csproj]
D:\workspace\ScreenTimeController\TestTrayApp.cs(21,13): warning CA1416: 鍙湪鎵€鏈夊钩鍙颁笂璁块棶姝よ皟鐢ㄧ珯鐐广€?ToolStripItemCollection.Add(string?, Image?, EventHandler?)" 浠呭湪 "windows" 6.1 鍙婃洿楂樼増鏈?涓婂彈鏀寔銆?(https://learn.microsoft.com/dotnet/fundamentals/code-analysis/quality-rules/ca1416) [D:\workspace\ScreenTimeController\ScreenTimeController.csproj]
D:\workspace\ScreenTimeController\TestTrayApp.cs(22,13): warning CA1416: 鍙湪鎵€鏈夊钩鍙颁笂璁块棶姝よ皟鐢ㄧ珯鐐广€?ToolStrip.Items" 浠呭湪 "windows" 6.1 鍙婃洿楂樼増鏈?涓婂彈鏀寔銆?(https://learn.microsoft.com/dotnet/fundamentals/code-analysis/quality-rules/ca1416) [D:\workspace\ScreenTimeController\ScreenTimeController.csproj]
D:\workspace\ScreenTimeController\TestTrayApp.cs(23,13): warning CA1416: 鍙湪鎵€鏈夊钩鍙颁笂璁块棶姝よ皟鐢ㄧ珯鐐广€?NotifyIcon.ContextMenuStrip" 浠呭湪 "windows" 6.1 鍙婃洿楂樼増鏈?涓婂彈鏀寔銆?(https://learn.microsoft.com/dotnet/fundamentals/code-analysis/quality-rules/ca1416) [D:\workspace\ScreenTimeController\ScreenTimeController.csproj]
D:\workspace\ScreenTimeController\TestTrayApp.cs(26,13): warning CA1416: 鍙湪鎵€鏈夊钩鍙颁笂璁块棶姝よ皟鐢ㄧ珯鐐广€?NotifyIcon.ShowBalloonTip(int, string, string, ToolTipIcon)" 浠呭湪 "windows" 6.1 鍙婃洿楂樼増鏈?涓婂彈鏀寔銆?(https://learn.microsoft.com/dotnet/fundamentals/code-analysis/quality-rules/ca1416) [D:\workspace\ScreenTimeController\ScreenTimeController.csproj]
D:\workspace\ScreenTimeController\TestTrayApp.cs(13,27): warning CA1416: 鍙湪鎵€鏈夊钩鍙颁笂璁块棶姝よ皟鐢ㄧ珯鐐广€?NotifyIcon" 浠呭湪 "windows" 6.1 鍙婃洿楂樼増鏈?涓婂彈鏀寔銆?(https://learn.microsoft.com/dotnet/fundamentals/code-analysis/quality-rules/ca1416) [D:\workspace\ScreenTimeController\ScreenTimeController.csproj]
D:\workspace\ScreenTimeController\TestTrayApp.cs(21,13): warning CA1416: 鍙湪鎵€鏈夊钩鍙颁笂璁块棶姝よ皟鐢ㄧ珯鐐广€?ToolStrip.Items" 浠呭湪 "windows" 6.1 鍙婃洿楂樼増鏈?涓婂彈鏀寔銆?(https://learn.microsoft.com/dotnet/fundamentals/code-analysis/quality-rules/ca1416) [D:\workspace\ScreenTimeController\ScreenTimeController.csproj]
D:\workspace\ScreenTimeController\TestTrayApp.cs(29,27): warning CA1416: 鍙湪鎵€鏈夊钩鍙颁笂璁块棶姝よ皟鐢ㄧ珯鐐广€?FormWindowState.Minimized" 浠呭湪 "windows" 6.1 鍙婃洿楂樼増鏈?涓婂彈鏀寔銆?(https://learn.microsoft.com/dotnet/fundamentals/code-analysis/quality-rules/ca1416) [D:\workspace\ScreenTimeController\ScreenTimeController.csproj]
D:\workspace\ScreenTimeController\TestTrayApp.cs(16,17): warning CA1416: 鍙湪鎵€鏈夊钩鍙颁笂璁块棶姝よ皟鐢ㄧ珯鐐广€?NotifyIcon.Visible" 浠呭湪 "windows" 6.1 鍙婃洿楂樼増鏈?涓婂彈鏀寔銆?(https://learn.microsoft.com/dotnet/fundamentals/code-analysis/quality-rules/ca1416) [D:\workspace\ScreenTimeController\ScreenTimeController.csproj]
D:\workspace\ScreenTimeController\TestTrayApp.cs(22,13): warning CA1416: 鍙湪鎵€鏈夊钩鍙颁笂璁块棶姝よ皟鐢ㄧ珯鐐广€?ToolStripItemCollection.Add(string?, Image?, EventHandler?)" 浠呭湪 "windows" 6.1 鍙婃洿楂樼増鏈?涓婂彈鏀寔銆?(https://learn.microsoft.com/dotnet/fundamentals/code-analysis/quality-rules/ca1416) [D:\workspace\ScreenTimeController\ScreenTimeController.csproj]
D:\workspace\ScreenTimeController\SimpleTrayApp.cs(24,17): warning CA1416: 鍙湪鎵€鏈夊钩鍙颁笂璁块棶姝よ皟鐢ㄧ珯鐐广€?NotifyIcon.Visible" 浠呭湪 "windows" 6.1 鍙婃洿楂樼増鏈?涓婂彈鏀寔銆?(https://learn.microsoft.com/dotnet/fundamentals/code-analysis/quality-rules/ca1416) [D:\workspace\ScreenTimeController\ScreenTimeController.csproj]
D:\workspace\ScreenTimeController\SimpleTrayApp.cs(12,13): warning CA1416: 鍙湪鎵€鏈夊钩鍙颁笂璁块棶姝よ皟鐢ㄧ珯鐐广€?Application.SetCompatibleTextRenderingDefault(bool)" 浠呭湪 "windows" 6.1 鍙婃洿楂樼増鏈?涓婂彈鏀寔銆?(https://learn.microsoft.com/dotnet/fundamentals/code-analysis/quality-rules/ca1416) [D:\workspace\ScreenTimeController\ScreenTimeController.csproj]
D:\workspace\ScreenTimeController\SimpleTrayApp.cs(23,13): warning CA1416: 鍙湪鎵€鏈夊钩鍙颁笂璁块棶姝よ皟鐢ㄧ珯鐐广€?ToolStrip.Items" 浠呭湪 "windows" 6.1 鍙婃洿楂樼増鏈?涓婂彈鏀寔銆?(https://learn.microsoft.com/dotnet/fundamentals/code-analysis/quality-rules/ca1416) [D:\workspace\ScreenTimeController\ScreenTimeController.csproj]
D:\workspace\ScreenTimeController\SimpleTrayApp.cs(17,17): warning CA1416: 鍙湪鎵€鏈夊钩鍙颁笂璁块棶姝よ皟鐢ㄧ珯鐐广€?NotifyIcon.Text" 浠呭湪 "windows" 6.1 鍙婃洿楂樼増鏈?涓婂彈鏀寔銆?(https://learn.microsoft.com/dotnet/fundamentals/code-analysis/quality-rules/ca1416) [D:\workspace\ScreenTimeController\ScreenTimeController.csproj]
D:\workspace\ScreenTimeController\SimpleTrayApp.cs(22,44): warning CA1416: 鍙湪鎵€鏈夊钩鍙颁笂璁块棶姝よ皟鐢ㄧ珯鐐广€?ContextMenuStrip" 浠呭湪 "windows" 6.1 鍙婃洿楂樼増鏈?涓婂彈鏀寔銆?(https://learn.microsoft.com/dotnet/fundamentals/code-analysis/quality-rules/ca1416) [D:\workspace\ScreenTimeController\ScreenTimeController.csproj]
D:\workspace\ScreenTimeController\SimpleTrayApp.cs(18,17): warning CA1416: 鍙湪鎵€鏈夊钩鍙颁笂璁块棶姝よ皟鐢ㄧ珯鐐广€?NotifyIcon.Visible" 浠呭湪 "windows" 6.1 鍙婃洿楂樼増鏈?涓婂彈鏀寔銆?(https://learn.microsoft.com/dotnet/fundamentals/code-analysis/quality-rules/ca1416) [D:\workspace\ScreenTimeController\ScreenTimeController.csproj]
D:\workspace\ScreenTimeController\SimpleTrayApp.cs(15,37): warning CA1416: 鍙湪鎵€鏈夊钩鍙颁笂璁块棶姝よ皟鐢ㄧ珯鐐广€?NotifyIcon" 浠呭湪 "windows" 6.1 鍙婃洿楂樼増鏈?涓婂彈鏀寔銆?(https://learn.microsoft.com/dotnet/fundamentals/code-analysis/quality-rules/ca1416) [D:\workspace\ScreenTimeController\ScreenTimeController.csproj]
D:\workspace\ScreenTimeController\SimpleTrayApp.cs(11,13): warning CA1416: 鍙湪鎵€鏈夊钩鍙颁笂璁块棶姝よ皟鐢ㄧ珯鐐广€?Application.EnableVisualStyles()" 浠呭湪 "windows" 6.1 鍙婃洿楂樼増鏈?涓婂彈鏀寔銆?(https://learn.microsoft.com/dotnet/fundamentals/code-analysis/quality-rules/ca1416) [D:\workspace\ScreenTimeController\ScreenTimeController.csproj]
D:\workspace\ScreenTimeController\SimpleTrayApp.cs(25,17): warning CA1416: 鍙湪鎵€鏈夊钩鍙颁笂璁块棶姝よ皟鐢ㄧ珯鐐广€?Application.Exit()" 浠呭湪 "windows" 6.1 鍙婃洿楂樼増鏈?涓婂彈鏀寔銆?(https://learn.microsoft.com/dotnet/fundamentals/code-analysis/quality-rules/ca1416) [D:\workspace\ScreenTimeController\ScreenTimeController.csproj]
D:\workspace\ScreenTimeController\SimpleTrayApp.cs(23,13): warning CA1416: 鍙湪鎵€鏈夊钩鍙颁笂璁块棶姝よ皟鐢ㄧ珯鐐广€?ToolStripItemCollection.Add(string?, Image?, EventHandler?)" 浠呭湪 "windows" 6.1 鍙婃洿楂樼増鏈?涓婂彈鏀寔銆?(https://learn.microsoft.com/dotnet/fundamentals/code-analysis/quality-rules/ca1416) [D:\workspace\ScreenTimeController\ScreenTimeController.csproj]
D:\workspace\ScreenTimeController\SimpleTrayApp.cs(30,13): warning CA1416: 鍙湪鎵€鏈夊钩鍙颁笂璁块棶姝よ皟鐢ㄧ珯鐐广€?NotifyIcon.ShowBalloonTip(int, string, string, ToolTipIcon)" 浠呭湪 "windows" 6.1 鍙婃洿楂樼増鏈?涓婂彈鏀寔銆?(https://learn.microsoft.com/dotnet/fundamentals/code-analysis/quality-rules/ca1416) [D:\workspace\ScreenTimeController\ScreenTimeController.csproj]
D:\workspace\ScreenTimeController\Program.cs(22,17): warning CA1416: 鍙湪鎵€鏈夊钩鍙颁笂璁块棶姝よ皟鐢ㄧ珯鐐广€?Application.Run(Form)" 浠呭湪 "windows" 6.1 鍙婃洿楂樼増鏈?涓婂彈鏀寔銆?(https://learn.microsoft.com/dotnet/fundamentals/code-analysis/quality-rules/ca1416) [D:\workspace\ScreenTimeController\ScreenTimeController.csproj]
D:\workspace\ScreenTimeController\Program.cs(16,17): warning CA1416: 鍙湪鎵€鏈夊钩鍙颁笂璁块棶姝よ皟鐢ㄧ珯鐐广€?Application.SetCompatibleTextRenderingDefault(bool)" 浠呭湪 "windows" 6.1 鍙婃洿楂樼増鏈?涓婂彈鏀寔銆?(https://learn.microsoft.com/dotnet/fundamentals/code-analysis/quality-rules/ca1416) [D:\workspace\ScreenTimeController\ScreenTimeController.csproj]
D:\workspace\ScreenTimeController\Program.cs(15,17): warning CA1416: 鍙湪鎵€鏈夊钩鍙颁笂璁块棶姝よ皟鐢ㄧ珯鐐广€?Application.EnableVisualStyles()" 浠呭湪 "windows" 6.1 鍙婃洿楂樼増鏈?涓婂彈鏀寔銆?(https://learn.microsoft.com/dotnet/fundamentals/code-analysis/quality-rules/ca1416) [D:\workspace\ScreenTimeController\ScreenTimeController.csproj]
D:\workspace\ScreenTimeController\SettingsForm.cs(119,32): warning CA1416: 鍙湪鎵€鏈夊钩鍙颁笂璁块棶姝よ皟鐢ㄧ珯鐐广€?DialogResult.Cancel" 浠呭湪 "windows" 6.1 鍙婃洿楂樼増鏈?涓婂彈鏀寔銆?(https://learn.microsoft.com/dotnet/fundamentals/code-analysis/quality-rules/ca1416) [D:\workspace\ScreenTimeController\ScreenTimeController.csproj]
D:\workspace\ScreenTimeController\SettingsForm.cs(103,17): warning CA1416: 鍙湪鎵€鏈夊钩鍙颁笂璁块棶姝よ皟鐢ㄧ珯鐐广€?Form.ShowDialog()" 浠呭湪 "windows" 6.1 鍙婃洿楂樼増鏈?涓婂彈鏀寔銆?(https://learn.microsoft.com/dotnet/fundamentals/code-analysis/quality-rules/ca1416) [D:\workspace\ScreenTimeController\ScreenTimeController.csproj]
D:\workspace\ScreenTimeController\SettingsForm.cs(113,21): warning CA1416: 鍙湪鎵€鏈夊钩鍙颁笂璁块棶姝よ皟鐢ㄧ珯鐐广€?Form.DialogResult" 浠呭湪 "windows" 6.1 鍙婃洿楂樼増鏈?涓婂彈鏀寔銆?(https://learn.microsoft.com/dotnet/fundamentals/code-analysis/quality-rules/ca1416) [D:\workspace\ScreenTimeController\ScreenTimeController.csproj]
D:\workspace\ScreenTimeController\SettingsForm.cs(114,21): warning CA1416: 鍙湪鎵€鏈夊钩鍙颁笂璁块棶姝よ皟鐢ㄧ珯鐐广€?Form.Close()" 浠呭湪 "windows" 6.1 鍙婃洿楂樼増鏈?涓婂彈鏀寔銆?(https://learn.microsoft.com/dotnet/fundamentals/code-analysis/quality-rules/ca1416) [D:\workspace\ScreenTimeController\ScreenTimeController.csproj]
D:\workspace\ScreenTimeController\SettingsForm.cs(120,17): warning CA1416: 鍙湪鎵€鏈夊钩鍙颁笂璁块棶姝よ皟鐢ㄧ珯鐐广€?Form.Close()" 浠呭湪 "windows" 6.1 鍙婃洿楂樼増鏈?涓婂彈鏀寔銆?(https://learn.microsoft.com/dotnet/fundamentals/code-analysis/quality-rules/ca1416) [D:\workspace\ScreenTimeController\ScreenTimeController.csproj]
D:\workspace\ScreenTimeController\SettingsForm.cs(112,97): warning CA1416: 鍙湪鎵€鏈夊钩鍙颁笂璁块棶姝よ皟鐢ㄧ珯鐐广€?MessageBoxButtons.OK" 浠呭湪 "windows" 6.1 鍙婃洿楂樼増鏈?涓婂彈鏀寔銆?(https://learn.microsoft.com/dotnet/fundamentals/code-analysis/quality-rules/ca1416) [D:\workspace\ScreenTimeController\ScreenTimeController.csproj]
D:\workspace\ScreenTimeController\SettingsForm.cs(112,21): warning CA1416: 鍙湪鎵€鏈夊钩鍙颁笂璁块棶姝よ皟鐢ㄧ珯鐐广€?MessageBox.Show(string?, string?, MessageBoxButtons, MessageBoxIcon)" 浠呭湪 "windows" 6.1 鍙婃洿楂樼増鏈?涓婂彈鏀寔銆?(https://learn.microsoft.com/dotnet/fundamentals/code-analysis/quality-rules/ca1416) [D:\workspace\ScreenTimeController\ScreenTimeController.csproj]
D:\workspace\ScreenTimeController\SettingsForm.cs(112,119): warning CA1416: 鍙湪鎵€鏈夊钩鍙颁笂璁块棶姝よ皟鐢ㄧ珯鐐广€?MessageBoxIcon.Error" 浠呭湪 "windows" 6.1 鍙婃洿楂樼増鏈?涓婂彈鏀寔銆?(https://learn.microsoft.com/dotnet/fundamentals/code-analysis/quality-rules/ca1416) [D:\workspace\ScreenTimeController\ScreenTimeController.csproj]
D:\workspace\ScreenTimeController\SettingsForm.cs(119,17): warning CA1416: 鍙湪鎵€鏈夊钩鍙颁笂璁块棶姝よ皟鐢ㄧ珯鐐广€?Form.DialogResult" 浠呭湪 "windows" 6.1 鍙婃洿楂樼増鏈?涓婂彈鏀寔銆?(https://learn.microsoft.com/dotnet/fundamentals/code-analysis/quality-rules/ca1416) [D:\workspace\ScreenTimeController\ScreenTimeController.csproj]
D:\workspace\ScreenTimeController\SettingsForm.cs(113,36): warning CA1416: 鍙湪鎵€鏈夊钩鍙颁笂璁块棶姝よ皟鐢ㄧ珯鐐广€?DialogResult.Cancel" 浠呭湪 "windows" 6.1 鍙婃洿楂樼増鏈?涓婂彈鏀寔銆?(https://learn.microsoft.com/dotnet/fundamentals/code-analysis/quality-rules/ca1416) [D:\workspace\ScreenTimeController\ScreenTimeController.csproj]
D:\workspace\ScreenTimeController\SettingsForm.cs(156,13): warning CA1416: 鍙湪鎵€鏈夊钩鍙颁笂璁块棶姝よ皟鐢ㄧ珯鐐广€?Control.Enabled" 浠呭湪 "windows" 6.1 鍙婃洿楂樼増鏈?涓婂彈鏀寔銆?(https://learn.microsoft.com/dotnet/fundamentals/code-analysis/quality-rules/ca1416) [D:\workspace\ScreenTimeController\ScreenTimeController.csproj]
D:\workspace\ScreenTimeController\SettingsForm.cs(151,13): warning CA1416: 鍙湪鎵€鏈夊钩鍙颁笂璁块棶姝よ皟鐢ㄧ珯鐐广€?Control.Enabled" 浠呭湪 "windows" 6.1 鍙婃洿楂樼増鏈?涓婂彈鏀寔銆?(https://learn.microsoft.com/dotnet/fundamentals/code-analysis/quality-rules/ca1416) [D:\workspace\ScreenTimeController\ScreenTimeController.csproj]
D:\workspace\ScreenTimeController\PasswordForm.cs(51,17): warning CA1416: 鍙湪鎵€鏈夊钩鍙颁笂璁块棶姝よ皟鐢ㄧ珯鐐广€?Label.AutoSize" 浠呭湪 "windows" 6.1 鍙婃洿楂樼増鏈?涓婂彈鏀寔銆?(https://learn.microsoft.com/dotnet/fundamentals/code-analysis/quality-rules/ca1416) [D:\workspace\ScreenTimeController\ScreenTimeController.csproj]
D:\workspace\ScreenTimeController\SettingsForm.cs(136,13): warning CA1416: 鍙湪鎵€鏈夊钩鍙颁笂璁块棶姝よ皟鐢ㄧ珯鐐广€?Control.Enabled" 浠呭湪 "windows" 6.1 鍙婃洿楂樼増鏈?涓婂彈鏀寔銆?(https://learn.microsoft.com/dotnet/fundamentals/code-analysis/quality-rules/ca1416) [D:\workspace\ScreenTimeController\ScreenTimeController.csproj]
D:\workspace\ScreenTimeController\PasswordForm.cs(83,17): warning CA1416: 鍙湪鎵€鏈夊钩鍙颁笂璁块棶姝よ皟鐢ㄧ珯鐐广€?Control.Size" 浠呭湪 "windows" 6.1 鍙婃洿楂樼増鏈?涓婂彈鏀寔銆?(https://learn.microsoft.com/dotnet/fundamentals/code-analysis/quality-rules/ca1416) [D:\workspace\ScreenTimeController\ScreenTimeController.csproj]
D:\workspace\ScreenTimeController\SettingsForm.cs(147,13): warning CA1416: 鍙湪鎵€鏈夊钩鍙颁笂璁块棶姝よ皟鐢ㄧ珯鐐广€?Control.Enabled" 浠呭湪 "windows" 6.1 鍙婃洿楂樼増鏈?涓婂彈鏀寔銆?(https://learn.microsoft.com/dotnet/fundamentals/code-analysis/quality-rules/ca1416) [D:\workspace\ScreenTimeController\ScreenTimeController.csproj]
D:\workspace\ScreenTimeController\SettingsForm.cs(127,13): warning CA1416: 鍙湪鎵€鏈夊钩鍙颁笂璁块棶姝よ皟鐢ㄧ珯鐐广€?Control.Enabled" 浠呭湪 "windows" 6.1 鍙婃洿楂樼増鏈?涓婂彈鏀寔銆?(https://learn.microsoft.com/dotnet/fundamentals/code-analysis/quality-rules/ca1416) [D:\workspace\ScreenTimeController\ScreenTimeController.csproj]
D:\workspace\ScreenTimeController\PasswordForm.cs(38,13): warning CA1416: 鍙湪鎵€鏈夊钩鍙颁笂璁块棶姝よ皟鐢ㄧ珯鐐广€?Form.Text" 浠呭湪 "windows" 6.1 鍙婃洿楂樼増鏈?涓婂彈鏀寔銆?(https://learn.microsoft.com/dotnet/fundamentals/code-analysis/quality-rules/ca1416) [D:\workspace\ScreenTimeController\ScreenTimeController.csproj]
D:\workspace\ScreenTimeController\SettingsForm.cs(144,13): warning CA1416: 鍙湪鎵€鏈夊钩鍙颁笂璁块棶姝よ皟鐢ㄧ珯鐐广€?Control.Enabled" 浠呭湪 "windows" 6.1 鍙婃洿楂樼増鏈?涓婂彈鏀寔銆?(https://learn.microsoft.com/dotnet/fundamentals/code-analysis/quality-rules/ca1416) [D:\workspace\ScreenTimeController\ScreenTimeController.csproj]
D:\workspace\ScreenTimeController\PasswordForm.cs(76,13): warning CA1416: 鍙湪鎵€鏈夊钩鍙颁笂璁块棶姝よ皟鐢ㄧ珯鐐广€?Control.ControlCollection.Add(Control?)" 浠呭湪 "windows" 6.1 鍙婃洿楂樼増鏈?涓婂彈鏀寔銆?(https://learn.microsoft.com/dotnet/fundamentals/code-analysis/quality-rules/ca1416) [D:\workspace\ScreenTimeController\ScreenTimeController.csproj]
D:\workspace\ScreenTimeController\SettingsForm.cs(148,13): warning CA1416: 鍙湪鎵€鏈夊钩鍙颁笂璁块棶姝よ皟鐢ㄧ珯鐐广€?Control.Enabled" 浠呭湪 "windows" 6.1 鍙婃洿楂樼増鏈?涓婂彈鏀寔銆?(https://learn.microsoft.com/dotnet/fundamentals/code-analysis/quality-rules/ca1416) [D:\workspace\ScreenTimeController\ScreenTimeController.csproj]
D:\workspace\ScreenTimeController\SettingsForm.cs(143,13): warning CA1416: 鍙湪鎵€鏈夊钩鍙颁笂璁块棶姝よ皟鐢ㄧ珯鐐广€?Control.Enabled" 浠呭湪 "windows" 6.1 鍙婃洿楂樼増鏈?涓婂彈鏀寔銆?(https://learn.microsoft.com/dotnet/fundamentals/code-analysis/quality-rules/ca1416) [D:\workspace\ScreenTimeController\ScreenTimeController.csproj]
D:\workspace\ScreenTimeController\SettingsForm.cs(128,13): warning CA1416: 鍙湪鎵€鏈夊钩鍙颁笂璁块棶姝よ皟鐢ㄧ珯鐐广€?Control.Enabled" 浠呭湪 "windows" 6.1 鍙婃洿楂樼増鏈?涓婂彈鏀寔銆?(https://learn.microsoft.com/dotnet/fundamentals/code-analysis/quality-rules/ca1416) [D:\workspace\ScreenTimeController\ScreenTimeController.csproj]
D:\workspace\ScreenTimeController\PasswordForm.cs(68,17): warning CA1416: 鍙湪鎵€鏈夊钩鍙颁笂璁块棶姝よ皟鐢ㄧ珯鐐广€?Control.Location" 浠呭湪 "windows" 6.1 鍙婃洿楂樼増鏈?涓婂彈鏀寔銆?(https://learn.microsoft.com/dotnet/fundamentals/code-analysis/quality-rules/ca1416) [D:\workspace\ScreenTimeController\ScreenTimeController.csproj]
D:\workspace\ScreenTimeController\SettingsForm.cs(152,13): warning CA1416: 鍙湪鎵€鏈夊钩鍙颁笂璁块棶姝よ皟鐢ㄧ珯鐐广€?Control.Enabled" 浠呭湪 "windows" 6.1 鍙婃洿楂樼増鏈?涓婂彈鏀寔銆?(https://learn.microsoft.com/dotnet/fundamentals/code-analysis/quality-rules/ca1416) [D:\workspace\ScreenTimeController\ScreenTimeController.csproj]
D:\workspace\ScreenTimeController\SettingsForm.cs(131,13): warning CA1416: 鍙湪鎵€鏈夊钩鍙颁笂璁块棶姝よ皟鐢ㄧ珯鐐广€?Control.Enabled" 浠呭湪 "windows" 6.1 鍙婃洿楂樼増鏈?涓婂彈鏀寔銆?(https://learn.microsoft.com/dotnet/fundamentals/code-analysis/quality-rules/ca1416) [D:\workspace\ScreenTimeController\ScreenTimeController.csproj]
D:\workspace\ScreenTimeController\PasswordForm.cs(57,17): warning CA1416: 鍙湪鎵€鏈夊钩鍙颁笂璁块棶姝よ皟鐢ㄧ珯鐐广€?TextBox.PasswordChar" 浠呭湪 "windows" 6.1 鍙婃洿楂樼増鏈?涓婂彈鏀寔銆?(https://learn.microsoft.com/dotnet/fundamentals/code-analysis/quality-rules/ca1416) [D:\workspace\ScreenTimeController\ScreenTimeController.csproj]
D:\workspace\ScreenTimeController\SettingsForm.cs(139,13): warning CA1416: 鍙湪鎵€鏈夊钩鍙颁笂璁块棶姝よ皟鐢ㄧ珯鐐广€?Control.Enabled" 浠呭湪 "windows" 6.1 鍙婃洿楂樼増鏈?涓婂彈鏀寔銆?(https://learn.microsoft.com/dotnet/fundamentals/code-analysis/quality-rules/ca1416) [D:\workspace\ScreenTimeController\ScreenTimeController.csproj]
D:\workspace\ScreenTimeController\SettingsForm.cs(157,13): warning CA1416: 鍙湪鎵€鏈夊钩鍙颁笂璁块棶姝よ皟鐢ㄧ珯鐐广€?Control.Enabled" 浠呭湪 "windows" 6.1 鍙婃洿楂樼増鏈?涓婂彈鏀寔銆?(https://learn.microsoft.com/dotnet/fundamentals/code-analysis/quality-rules/ca1416) [D:\workspace\ScreenTimeController\ScreenTimeController.csproj]
D:\workspace\ScreenTimeController\PasswordForm.cs(55,32): warning CA1416: 鍙湪鎵€鏈夊钩鍙颁笂璁块棶姝よ皟鐢ㄧ珯鐐广€?TextBox" 浠呭湪 "windows" 6.1 鍙婃洿楂樼増鏈?涓婂彈鏀寔銆?(https://learn.microsoft.com/dotnet/fundamentals/code-analysis/quality-rules/ca1416) [D:\workspace\ScreenTimeController\ScreenTimeController.csproj]
D:\workspace\ScreenTimeController\SettingsForm.cs(140,13): warning CA1416: 鍙湪鎵€鏈夊钩鍙颁笂璁块棶姝よ皟鐢ㄧ珯鐐广€?Control.Enabled" 浠呭湪 "windows" 6.1 鍙婃洿楂樼増鏈?涓婂彈鏀寔銆?(https://learn.microsoft.com/dotnet/fundamentals/code-analysis/quality-rules/ca1416) [D:\workspace\ScreenTimeController\ScreenTimeController.csproj]
D:\workspace\ScreenTimeController\PasswordForm.cs(88,13): warning CA1416: 鍙湪鎵€鏈夊钩鍙颁笂璁块棶姝よ皟鐢ㄧ珯鐐广€?FlatButtonAppearance.BorderSize" 浠呭湪 "windows" 6.1 鍙婃洿楂樼増鏈?涓婂彈鏀寔銆?(https://learn.microsoft.com/dotnet/fundamentals/code-analysis/quality-rules/ca1416) [D:\workspace\ScreenTimeController\ScreenTimeController.csproj]
D:\workspace\ScreenTimeController\SettingsForm.cs(132,13): warning CA1416: 鍙湪鎵€鏈夊钩鍙颁笂璁块棶姝よ皟鐢ㄧ珯鐐广€?Control.Enabled" 浠呭湪 "windows" 6.1 鍙婃洿楂樼増鏈?涓婂彈鏀寔銆?(https://learn.microsoft.com/dotnet/fundamentals/code-analysis/quality-rules/ca1416) [D:\workspace\ScreenTimeController\ScreenTimeController.csproj]
D:\workspace\ScreenTimeController\SettingsForm.cs(155,13): warning CA1416: 鍙湪鎵€鏈夊钩鍙颁笂璁块棶姝よ皟鐢ㄧ珯鐐广€?Control.Enabled" 浠呭湪 "windows" 6.1 鍙婃洿楂樼増鏈?涓婂彈鏀寔銆?(https://learn.microsoft.com/dotnet/fundamentals/code-analysis/quality-rules/ca1416) [D:\workspace\ScreenTimeController\ScreenTimeController.csproj]
D:\workspace\ScreenTimeController\PasswordForm.cs(67,24): warning CA1416: 鍙湪鎵€鏈夊钩鍙颁笂璁块棶姝よ皟鐢ㄧ珯鐐广€?Font" 浠呭湪 "windows" 6.1 鍙婃洿楂樼増鏈?涓婂彈鏀寔銆?(https://learn.microsoft.com/dotnet/fundamentals/code-analysis/quality-rules/ca1416) [D:\workspace\ScreenTimeController\ScreenTimeController.csproj]
D:\workspace\ScreenTimeController\SettingsForm.cs(135,13): warning CA1416: 鍙湪鎵€鏈夊钩鍙颁笂璁块棶姝よ皟鐢ㄧ珯鐐广€?Control.Enabled" 浠呭湪 "windows" 6.1 鍙婃洿楂樼増鏈?涓婂彈鏀寔銆?(https://learn.microsoft.com/dotnet/fundamentals/code-analysis/quality-rules/ca1416) [D:\workspace\ScreenTimeController\ScreenTimeController.csproj]
D:\workspace\ScreenTimeController\PasswordForm.cs(78,29): warning CA1416: 鍙湪鎵€鏈夊钩鍙颁笂璁块棶姝よ皟鐢ㄧ珯鐐广€?Button" 浠呭湪 "windows" 6.1 鍙婃洿楂樼増鏈?涓婂彈鏀寔銆?(https://learn.microsoft.com/dotnet/fundamentals/code-analysis/quality-rules/ca1416) [D:\workspace\ScreenTimeController\ScreenTimeController.csproj]
D:\workspace\ScreenTimeController\PasswordForm.cs(41,13): warning CA1416: 鍙湪鎵€鏈夊钩鍙颁笂璁块棶姝よ皟鐢ㄧ珯鐐广€?Form.MinimizeBox" 浠呭湪 "windows" 6.1 鍙婃洿楂樼増鏈?涓婂彈鏀寔銆?(https://learn.microsoft.com/dotnet/fundamentals/code-analysis/quality-rules/ca1416) [D:\workspace\ScreenTimeController\ScreenTimeController.csproj]
D:\workspace\ScreenTimeController\PasswordForm.cs(53,13): warning CA1416: 鍙湪鎵€鏈夊钩鍙颁笂璁块棶姝よ皟鐢ㄧ珯鐐广€?Control.Controls" 浠呭湪 "windows" 6.1 鍙婃洿楂樼増鏈?涓婂彈鏀寔銆?(https://learn.microsoft.com/dotnet/fundamentals/code-analysis/quality-rules/ca1416) [D:\workspace\ScreenTimeController\ScreenTimeController.csproj]
D:\workspace\ScreenTimeController\PasswordForm.cs(53,13): warning CA1416: 鍙湪鎵€鏈夊钩鍙颁笂璁块棶姝よ皟鐢ㄧ珯鐐广€?Control.ControlCollection.Add(Control?)" 浠呭湪 "windows" 6.1 鍙婃洿楂樼増鏈?涓婂彈鏀寔銆?(https://learn.microsoft.com/dotnet/fundamentals/code-analysis/quality-rules/ca1416) [D:\workspace\ScreenTimeController\ScreenTimeController.csproj]
D:\workspace\ScreenTimeController\PasswordForm.cs(60,24): warning CA1416: 鍙湪鎵€鏈夊钩鍙颁笂璁块棶姝よ皟鐢ㄧ珯鐐广€?Font" 浠呭湪 "windows" 6.1 鍙婃洿楂樼増鏈?涓婂彈鏀寔銆?(https://learn.microsoft.com/dotnet/fundamentals/code-analysis/quality-rules/ca1416) [D:\workspace\ScreenTimeController\ScreenTimeController.csproj]
D:\workspace\ScreenTimeController\PasswordForm.cs(49,49): warning CA1416: 鍙湪鎵€鏈夊钩鍙颁笂璁块棶姝よ皟鐢ㄧ珯鐐广€?FontStyle.Bold" 浠呭湪 "windows" 6.1 鍙婃洿楂樼増鏈?涓婂彈鏀寔銆?(https://learn.microsoft.com/dotnet/fundamentals/code-analysis/quality-rules/ca1416) [D:\workspace\ScreenTimeController\ScreenTimeController.csproj]
D:\workspace\ScreenTimeController\PasswordForm.cs(50,17): warning CA1416: 鍙湪鎵€鏈夊钩鍙颁笂璁块棶姝よ皟鐢ㄧ珯鐐广€?Control.Location" 浠呭湪 "windows" 6.1 鍙婃洿楂樼増鏈?涓婂彈鏀寔銆?(https://learn.microsoft.com/dotnet/fundamentals/code-analysis/quality-rules/ca1416) [D:\workspace\ScreenTimeController\ScreenTimeController.csproj]
D:\workspace\ScreenTimeController\PasswordForm.cs(66,17): warning CA1416: 鍙湪鎵€鏈夊钩鍙颁笂璁块棶姝よ皟鐢ㄧ珯鐐广€?ButtonBase.Text" 浠呭湪 "windows" 6.1 鍙婃洿楂樼増鏈?涓婂彈鏀寔銆?(https://learn.microsoft.com/dotnet/fundamentals/code-analysis/quality-rules/ca1416) [D:\workspace\ScreenTimeController\ScreenTimeController.csproj]
D:\workspace\ScreenTimeController\PasswordForm.cs(69,17): warning CA1416: 鍙湪鎵€鏈夊钩鍙颁笂璁块棶姝よ皟鐢ㄧ珯鐐广€?Control.Size" 浠呭湪 "windows" 6.1 鍙婃洿楂樼増鏈?涓婂彈鏀寔銆?(https://learn.microsoft.com/dotnet/fundamentals/code-analysis/quality-rules/ca1416) [D:\workspace\ScreenTimeController\ScreenTimeController.csproj]
D:\workspace\ScreenTimeController\PasswordForm.cs(59,17): warning CA1416: 鍙湪鎵€鏈夊钩鍙颁笂璁块棶姝よ皟鐢ㄧ珯鐐广€?Control.Size" 浠呭湪 "windows" 6.1 鍙婃洿楂樼増鏈?涓婂彈鏀寔銆?(https://learn.microsoft.com/dotnet/fundamentals/code-analysis/quality-rules/ca1416) [D:\workspace\ScreenTimeController\ScreenTimeController.csproj]
D:\workspace\ScreenTimeController\PasswordForm.cs(89,13): warning CA1416: 鍙湪鎵€鏈夊钩鍙颁笂璁块棶姝よ皟鐢ㄧ珯鐐广€?Control.Click" 浠呭湪 "windows" 6.1 鍙婃洿楂樼増鏈?涓婂彈鏀寔銆?(https://learn.microsoft.com/dotnet/fundamentals/code-analysis/quality-rules/ca1416) [D:\workspace\ScreenTimeController\ScreenTimeController.csproj]
D:\workspace\ScreenTimeController\PasswordForm.cs(82,17): warning CA1416: 鍙湪鎵€鏈夊钩鍙颁笂璁块棶姝よ皟鐢ㄧ珯鐐广€?Control.Location" 浠呭湪 "windows" 6.1 鍙婃洿楂樼増鏈?涓婂彈鏀寔銆?(https://learn.microsoft.com/dotnet/fundamentals/code-analysis/quality-rules/ca1416) [D:\workspace\ScreenTimeController\ScreenTimeController.csproj]
D:\workspace\ScreenTimeController\PasswordForm.cs(67,17): warning CA1416: 鍙湪鎵€鏈夊钩鍙颁笂璁块棶姝よ皟鐢ㄧ珯鐐广€?Control.Font" 浠呭湪 "windows" 6.1 鍙婃洿楂樼増鏈?涓婂彈鏀寔銆?(https://learn.microsoft.com/dotnet/fundamentals/code-analysis/quality-rules/ca1416) [D:\workspace\ScreenTimeController\ScreenTimeController.csproj]
D:\workspace\ScreenTimeController\PasswordForm.cs(74,13): warning CA1416: 鍙湪鎵€鏈夊钩鍙颁笂璁块棶姝よ皟鐢ㄧ珯鐐广€?ButtonBase.FlatAppearance" 浠呭湪 "windows" 6.1 鍙婃洿楂樼増鏈?涓婂彈鏀寔銆?(https://learn.microsoft.com/dotnet/fundamentals/code-analysis/quality-rules/ca1416) [D:\workspace\ScreenTimeController\ScreenTimeController.csproj]
D:\workspace\ScreenTimeController\PasswordForm.cs(74,13): warning CA1416: 鍙湪鎵€鏈夊钩鍙颁笂璁块棶姝よ皟鐢ㄧ珯鐐广€?FlatButtonAppearance.BorderSize" 浠呭湪 "windows" 6.1 鍙婃洿楂樼増鏈?涓婂彈鏀寔銆?(https://learn.microsoft.com/dotnet/fundamentals/code-analysis/quality-rules/ca1416) [D:\workspace\ScreenTimeController\ScreenTimeController.csproj]
D:\workspace\ScreenTimeController\PasswordForm.cs(71,17): warning CA1416: 鍙湪鎵€鏈夊钩鍙颁笂璁块棶姝よ皟鐢ㄧ珯鐐广€?Control.ForeColor" 浠呭湪 "windows" 6.1 鍙婃洿楂樼増鏈?涓婂彈鏀寔銆?(https://learn.microsoft.com/dotnet/fundamentals/code-analysis/quality-rules/ca1416) [D:\workspace\ScreenTimeController\ScreenTimeController.csproj]
D:\workspace\ScreenTimeController\PasswordForm.cs(90,13): warning CA1416: 鍙湪鎵€鏈夊钩鍙颁笂璁块棶姝よ皟鐢ㄧ珯鐐广€?Control.ControlCollection.Add(Control?)" 浠呭湪 "windows" 6.1 鍙婃洿楂樼増鏈?涓婂彈鏀寔銆?(https://learn.microsoft.com/dotnet/fundamentals/code-analysis/quality-rules/ca1416) [D:\workspace\ScreenTimeController\ScreenTimeController.csproj]
D:\workspace\ScreenTimeController\PasswordForm.cs(60,17): warning CA1416: 鍙湪鎵€鏈夊钩鍙颁笂璁块棶姝よ皟鐢ㄧ珯鐐广€?Control.Font" 浠呭湪 "windows" 6.1 鍙婃洿楂樼増鏈?涓婂彈鏀寔銆?(https://learn.microsoft.com/dotnet/fundamentals/code-analysis/quality-rules/ca1416) [D:\workspace\ScreenTimeController\ScreenTimeController.csproj]
D:\workspace\ScreenTimeController\PasswordForm.cs(81,17): warning CA1416: 鍙湪鎵€鏈夊钩鍙颁笂璁块棶姝よ皟鐢ㄧ珯鐐广€?Control.Font" 浠呭湪 "windows" 6.1 鍙婃洿楂樼増鏈?涓婂彈鏀寔銆?(https://learn.microsoft.com/dotnet/fundamentals/code-analysis/quality-rules/ca1416) [D:\workspace\ScreenTimeController\ScreenTimeController.csproj]
D:\workspace\ScreenTimeController\PasswordForm.cs(46,23): warning CA1416: 鍙湪鎵€鏈夊钩鍙颁笂璁块棶姝よ皟鐢ㄧ珯鐐广€?Label" 浠呭湪 "windows" 6.1 鍙婃洿楂樼増鏈?涓婂彈鏀寔銆?(https://learn.microsoft.com/dotnet/fundamentals/code-analysis/quality-rules/ca1416) [D:\workspace\ScreenTimeController\ScreenTimeController.csproj]
D:\workspace\ScreenTimeController\PasswordForm.cs(81,24): warning CA1416: 鍙湪鎵€鏈夊钩鍙颁笂璁块棶姝よ皟鐢ㄧ珯鐐广€?Font" 浠呭湪 "windows" 6.1 鍙婃洿楂樼増鏈?涓婂彈鏀寔銆?(https://learn.microsoft.com/dotnet/fundamentals/code-analysis/quality-rules/ca1416) [D:\workspace\ScreenTimeController\ScreenTimeController.csproj]
D:\workspace\ScreenTimeController\PasswordForm.cs(70,17): warning CA1416: 鍙湪鎵€鏈夊钩鍙颁笂璁块棶姝よ皟鐢ㄧ珯鐐广€?ButtonBase.BackColor" 浠呭湪 "windows" 6.1 鍙婃洿楂樼増鏈?涓婂彈鏀寔銆?(https://learn.microsoft.com/dotnet/fundamentals/code-analysis/quality-rules/ca1416) [D:\workspace\ScreenTimeController\ScreenTimeController.csproj]
D:\workspace\ScreenTimeController\PasswordForm.cs(49,24): warning CA1416: 鍙湪鎵€鏈夊钩鍙颁笂璁块棶姝よ皟鐢ㄧ珯鐐广€?Font" 浠呭湪 "windows" 6.1 鍙婃洿楂樼増鏈?涓婂彈鏀寔銆?(https://learn.microsoft.com/dotnet/fundamentals/code-analysis/quality-rules/ca1416) [D:\workspace\ScreenTimeController\ScreenTimeController.csproj]
D:\workspace\ScreenTimeController\PasswordForm.cs(48,17): warning CA1416: 鍙湪鎵€鏈夊钩鍙颁笂璁块棶姝よ皟鐢ㄧ珯鐐广€?Label.Text" 浠呭湪 "windows" 6.1 鍙婃洿楂樼増鏈?涓婂彈鏀寔銆?(https://learn.microsoft.com/dotnet/fundamentals/code-analysis/quality-rules/ca1416) [D:\workspace\ScreenTimeController\ScreenTimeController.csproj]
D:\workspace\ScreenTimeController\PasswordForm.cs(76,13): warning CA1416: 鍙湪鎵€鏈夊钩鍙颁笂璁块棶姝よ皟鐢ㄧ珯鐐广€?Control.Controls" 浠呭湪 "windows" 6.1 鍙婃洿楂樼増鏈?涓婂彈鏀寔銆?(https://learn.microsoft.com/dotnet/fundamentals/code-analysis/quality-rules/ca1416) [D:\workspace\ScreenTimeController\ScreenTimeController.csproj]
D:\workspace\ScreenTimeController\PasswordForm.cs(43,13): warning CA1416: 鍙湪鎵€鏈夊钩鍙颁笂璁块棶姝よ皟鐢ㄧ珯鐐广€?Form.BackColor" 浠呭湪 "windows" 6.1 鍙婃洿楂樼増鏈?涓婂彈鏀寔銆?(https://learn.microsoft.com/dotnet/fundamentals/code-analysis/quality-rules/ca1416) [D:\workspace\ScreenTimeController\ScreenTimeController.csproj]
D:\workspace\ScreenTimeController\PasswordForm.cs(39,36): warning CA1416: 鍙湪鎵€鏈夊钩鍙颁笂璁块棶姝よ皟鐢ㄧ珯鐐广€?FormBorderStyle.FixedSingle" 浠呭湪 "windows" 6.1 鍙婃洿楂樼増鏈?涓婂彈鏀寔銆?(https://learn.microsoft.com/dotnet/fundamentals/code-analysis/quality-rules/ca1416) [D:\workspace\ScreenTimeController\ScreenTimeController.csproj]
D:\workspace\ScreenTimeController\PasswordForm.cs(40,13): warning CA1416: 鍙湪鎵€鏈夊钩鍙颁笂璁块棶姝よ皟鐢ㄧ珯鐐广€?Form.MaximizeBox" 浠呭湪 "windows" 6.1 鍙婃洿楂樼増鏈?涓婂彈鏀寔銆?(https://learn.microsoft.com/dotnet/fundamentals/code-analysis/quality-rules/ca1416) [D:\workspace\ScreenTimeController\ScreenTimeController.csproj]
D:\workspace\ScreenTimeController\PasswordForm.cs(72,29): warning CA1416: 鍙湪鎵€鏈夊钩鍙颁笂璁块棶姝よ皟鐢ㄧ珯鐐广€?FlatStyle.Flat" 浠呭湪 "windows" 6.1 鍙婃洿楂樼増鏈?涓婂彈鏀寔銆?(https://learn.microsoft.com/dotnet/fundamentals/code-analysis/quality-rules/ca1416) [D:\workspace\ScreenTimeController\ScreenTimeController.csproj]
D:\workspace\ScreenTimeController\PasswordForm.cs(80,17): warning CA1416: 鍙湪鎵€鏈夊钩鍙颁笂璁块棶姝よ皟鐢ㄧ珯鐐广€?ButtonBase.Text" 浠呭湪 "windows" 6.1 鍙婃洿楂樼増鏈?涓婂彈鏀寔銆?(https://learn.microsoft.com/dotnet/fundamentals/code-analysis/quality-rules/ca1416) [D:\workspace\ScreenTimeController\ScreenTimeController.csproj]
D:\workspace\ScreenTimeController\PasswordForm.cs(86,17): warning CA1416: 鍙湪鎵€鏈夊钩鍙颁笂璁块棶姝よ皟鐢ㄧ珯鐐广€?ButtonBase.FlatStyle" 浠呭湪 "windows" 6.1 鍙婃洿楂樼増鏈?涓婂彈鏀寔銆?(https://learn.microsoft.com/dotnet/fundamentals/code-analysis/quality-rules/ca1416) [D:\workspace\ScreenTimeController\ScreenTimeController.csproj]
D:\workspace\ScreenTimeController\PasswordForm.cs(36,34): warning CA1416: 鍙湪鎵€鏈夊钩鍙颁笂璁块棶姝よ皟鐢ㄧ珯鐐广€?AutoScaleMode.Font" 浠呭湪 "windows" 6.1 鍙婃洿楂樼増鏈?涓婂彈鏀寔銆?(https://learn.microsoft.com/dotnet/fundamentals/code-analysis/quality-rules/ca1416) [D:\workspace\ScreenTimeController\ScreenTimeController.csproj]
D:\workspace\ScreenTimeController\PasswordForm.cs(75,13): warning CA1416: 鍙湪鎵€鏈夊钩鍙颁笂璁块棶姝よ皟鐢ㄧ珯鐐广€?Control.Click" 浠呭湪 "windows" 6.1 鍙婃洿楂樼増鏈?涓婂彈鏀寔銆?(https://learn.microsoft.com/dotnet/fundamentals/code-analysis/quality-rules/ca1416) [D:\workspace\ScreenTimeController\ScreenTimeController.csproj]
D:\workspace\ScreenTimeController\PasswordForm.cs(86,29): warning CA1416: 鍙湪鎵€鏈夊钩鍙颁笂璁块棶姝よ皟鐢ㄧ珯鐐广€?FlatStyle.Flat" 浠呭湪 "windows" 6.1 鍙婃洿楂樼増鏈?涓婂彈鏀寔銆?(https://learn.microsoft.com/dotnet/fundamentals/code-analysis/quality-rules/ca1416) [D:\workspace\ScreenTimeController\ScreenTimeController.csproj]
D:\workspace\ScreenTimeController\PasswordForm.cs(49,17): warning CA1416: 鍙湪鎵€鏈夊钩鍙颁笂璁块棶姝よ皟鐢ㄧ珯鐐广€?Control.Font" 浠呭湪 "windows" 6.1 鍙婃洿楂樼増鏈?涓婂彈鏀寔銆?(https://learn.microsoft.com/dotnet/fundamentals/code-analysis/quality-rules/ca1416) [D:\workspace\ScreenTimeController\ScreenTimeController.csproj]
D:\workspace\ScreenTimeController\PasswordForm.cs(36,13): warning CA1416: 鍙湪鎵€鏈夊钩鍙颁笂璁块棶姝よ皟鐢ㄧ珯鐐广€?ContainerControl.AutoScaleMode" 浠呭湪 "windows" 6.1 鍙婃洿楂樼増鏈?涓婂彈鏀寔銆?(https://learn.microsoft.com/dotnet/fundamentals/code-analysis/quality-rules/ca1416) [D:\workspace\ScreenTimeController\ScreenTimeController.csproj]
D:\workspace\ScreenTimeController\PasswordForm.cs(39,13): warning CA1416: 鍙湪鎵€鏈夊钩鍙颁笂璁块棶姝よ皟鐢ㄧ珯鐐广€?Form.FormBorderStyle" 浠呭湪 "windows" 6.1 鍙婃洿楂樼増鏈?涓婂彈鏀寔銆?(https://learn.microsoft.com/dotnet/fundamentals/code-analysis/quality-rules/ca1416) [D:\workspace\ScreenTimeController\ScreenTimeController.csproj]
D:\workspace\ScreenTimeController\PasswordForm.cs(72,17): warning CA1416: 鍙湪鎵€鏈夊钩鍙颁笂璁块棶姝よ皟鐢ㄧ珯鐐广€?ButtonBase.FlatStyle" 浠呭湪 "windows" 6.1 鍙婃洿楂樼増鏈?涓婂彈鏀寔銆?(https://learn.microsoft.com/dotnet/fundamentals/code-analysis/quality-rules/ca1416) [D:\workspace\ScreenTimeController\ScreenTimeController.csproj]
D:\workspace\ScreenTimeController\PasswordForm.cs(88,13): warning CA1416: 鍙湪鎵€鏈夊钩鍙颁笂璁块棶姝よ皟鐢ㄧ珯鐐广€?ButtonBase.FlatAppearance" 浠呭湪 "windows" 6.1 鍙婃洿楂樼増鏈?涓婂彈鏀寔銆?(https://learn.microsoft.com/dotnet/fundamentals/code-analysis/quality-rules/ca1416) [D:\workspace\ScreenTimeController\ScreenTimeController.csproj]
D:\workspace\ScreenTimeController\PasswordForm.cs(64,25): warning CA1416: 鍙湪鎵€鏈夊钩鍙颁笂璁块棶姝よ皟鐢ㄧ珯鐐广€?Button" 浠呭湪 "windows" 6.1 鍙婃洿楂樼増鏈?涓婂彈鏀寔銆?(https://learn.microsoft.com/dotnet/fundamentals/code-analysis/quality-rules/ca1416) [D:\workspace\ScreenTimeController\ScreenTimeController.csproj]
D:\workspace\ScreenTimeController\PasswordForm.cs(42,34): warning CA1416: 鍙湪鎵€鏈夊钩鍙颁笂璁块棶姝よ皟鐢ㄧ珯鐐广€?FormStartPosition.CenterScreen" 浠呭湪 "windows" 6.1 鍙婃洿楂樼増鏈?涓婂彈鏀寔銆?(https://learn.microsoft.com/dotnet/fundamentals/code-analysis/quality-rules/ca1416) [D:\workspace\ScreenTimeController\ScreenTimeController.csproj]
D:\workspace\ScreenTimeController\PasswordForm.cs(62,13): warning CA1416: 鍙湪鎵€鏈夊钩鍙颁笂璁块棶姝よ皟鐢ㄧ珯鐐广€?Control.ControlCollection.Add(Control?)" 浠呭湪 "windows" 6.1 鍙婃洿楂樼増鏈?涓婂彈鏀寔銆?(https://learn.microsoft.com/dotnet/fundamentals/code-analysis/quality-rules/ca1416) [D:\workspace\ScreenTimeController\ScreenTimeController.csproj]
D:\workspace\ScreenTimeController\PasswordForm.cs(90,13): warning CA1416: 鍙湪鎵€鏈夊钩鍙颁笂璁块棶姝よ皟鐢ㄧ珯鐐广€?Control.Controls" 浠呭湪 "windows" 6.1 鍙婃洿楂樼増鏈?涓婂彈鏀寔銆?(https://learn.microsoft.com/dotnet/fundamentals/code-analysis/quality-rules/ca1416) [D:\workspace\ScreenTimeController\ScreenTimeController.csproj]
D:\workspace\ScreenTimeController\PasswordForm.cs(37,13): warning CA1416: 鍙湪鎵€鏈夊钩鍙颁笂璁块棶姝よ皟鐢ㄧ珯鐐广€?Form.ClientSize" 浠呭湪 "windows" 6.1 鍙婃洿楂樼増鏈?涓婂彈鏀寔銆?(https://learn.microsoft.com/dotnet/fundamentals/code-analysis/quality-rules/ca1416) [D:\workspace\ScreenTimeController\ScreenTimeController.csproj]
D:\workspace\ScreenTimeController\PasswordForm.cs(58,17): warning CA1416: 鍙湪鎵€鏈夊钩鍙颁笂璁块棶姝よ皟鐢ㄧ珯鐐广€?Control.Location" 浠呭湪 "windows" 6.1 鍙婃洿楂樼増鏈?涓婂彈鏀寔銆?(https://learn.microsoft.com/dotnet/fundamentals/code-analysis/quality-rules/ca1416) [D:\workspace\ScreenTimeController\ScreenTimeController.csproj]
D:\workspace\ScreenTimeController\PasswordForm.cs(84,17): warning CA1416: 鍙湪鎵€鏈夊钩鍙颁笂璁块棶姝よ皟鐢ㄧ珯鐐广€?ButtonBase.BackColor" 浠呭湪 "windows" 6.1 鍙婃洿楂樼増鏈?涓婂彈鏀寔銆?(https://learn.microsoft.com/dotnet/fundamentals/code-analysis/quality-rules/ca1416) [D:\workspace\ScreenTimeController\ScreenTimeController.csproj]
D:\workspace\ScreenTimeController\PasswordForm.cs(85,17): warning CA1416: 鍙湪鎵€鏈夊钩鍙颁笂璁块棶姝よ皟鐢ㄧ珯鐐广€?Control.ForeColor" 浠呭湪 "windows" 6.1 鍙婃洿楂樼増鏈?涓婂彈鏀寔銆?(https://learn.microsoft.com/dotnet/fundamentals/code-analysis/quality-rules/ca1416) [D:\workspace\ScreenTimeController\ScreenTimeController.csproj]
D:\workspace\ScreenTimeController\PasswordForm.cs(62,13): warning CA1416: 鍙湪鎵€鏈夊钩鍙颁笂璁块棶姝よ皟鐢ㄧ珯鐐广€?Control.Controls" 浠呭湪 "windows" 6.1 鍙婃洿楂樼増鏈?涓婂彈鏀寔銆?(https://learn.microsoft.com/dotnet/fundamentals/code-analysis/quality-rules/ca1416) [D:\workspace\ScreenTimeController\ScreenTimeController.csproj]
D:\workspace\ScreenTimeController\PasswordForm.cs(42,13): warning CA1416: 鍙湪鎵€鏈夊钩鍙颁笂璁块棶姝よ皟鐢ㄧ珯鐐广€?Form.StartPosition" 浠呭湪 "windows" 6.1 鍙婃洿楂樼増鏈?涓婂彈鏀寔銆?(https://learn.microsoft.com/dotnet/fundamentals/code-analysis/quality-rules/ca1416) [D:\workspace\ScreenTimeController\ScreenTimeController.csproj]
D:\workspace\ScreenTimeController\MainForm.cs(33,21): warning CA1416: 鍙湪鎵€鏈夊钩鍙颁笂璁块棶姝よ皟鐢ㄧ珯鐐广€?NotifyIcon.Text" 浠呭湪 "windows" 6.1 鍙婃洿楂樼増鏈?涓婂彈鏀寔銆?(https://learn.microsoft.com/dotnet/fundamentals/code-analysis/quality-rules/ca1416) [D:\workspace\ScreenTimeController\ScreenTimeController.csproj]
D:\workspace\ScreenTimeController\MainForm.cs(34,21): warning CA1416: 鍙湪鎵€鏈夊钩鍙颁笂璁块棶姝よ皟鐢ㄧ珯鐐广€?NotifyIcon.Visible" 浠呭湪 "windows" 6.1 鍙婃洿楂樼増鏈?涓婂彈鏀寔銆?(https://learn.microsoft.com/dotnet/fundamentals/code-analysis/quality-rules/ca1416) [D:\workspace\ScreenTimeController\ScreenTimeController.csproj]
D:\workspace\ScreenTimeController\MainForm.cs(41,17): warning CA1416: 鍙湪鎵€鏈夊钩鍙颁笂璁块棶姝よ皟鐢ㄧ珯鐐广€?ToolStripItemCollection.Add(string?, Image?, EventHandler?)" 浠呭湪 "windows" 6.1 鍙婃洿楂樼増鏈?涓婂彈鏀寔銆?(https://learn.microsoft.com/dotnet/fundamentals/code-analysis/quality-rules/ca1416) [D:\workspace\ScreenTimeController\ScreenTimeController.csproj]
D:\workspace\ScreenTimeController\MainForm.cs(45,17): warning CA1416: 鍙湪鎵€鏈夊钩鍙颁笂璁块棶姝よ皟鐢ㄧ珯鐐广€?NotifyIcon.ShowBalloonTip(int, string, string, ToolTipIcon)" 浠呭湪 "windows" 6.1 鍙婃洿楂樼増鏈?涓婂彈鏀寔銆?(https://learn.microsoft.com/dotnet/fundamentals/code-analysis/quality-rules/ca1416) [D:\workspace\ScreenTimeController\ScreenTimeController.csproj]
D:\workspace\ScreenTimeController\MainForm.cs(38,35): warning CA1416: 鍙湪鎵€鏈夊钩鍙颁笂璁块棶姝よ皟鐢ㄧ珯鐐广€?ContextMenuStrip" 浠呭湪 "windows" 6.1 鍙婃洿楂樼増鏈?涓婂彈鏀寔銆?(https://learn.microsoft.com/dotnet/fundamentals/code-analysis/quality-rules/ca1416) [D:\workspace\ScreenTimeController\ScreenTimeController.csproj]
D:\workspace\ScreenTimeController\MainForm.cs(45,103): warning CA1416: 鍙湪鎵€鏈夊钩鍙颁笂璁块棶姝よ皟鐢ㄧ珯鐐广€?ToolTipIcon.Info" 浠呭湪 "windows" 6.1 鍙婃洿楂樼増鏈?涓婂彈鏀寔銆?(https://learn.microsoft.com/dotnet/fundamentals/code-analysis/quality-rules/ca1416) [D:\workspace\ScreenTimeController\ScreenTimeController.csproj]
D:\workspace\ScreenTimeController\MainForm.cs(39,17): warning CA1416: 鍙湪鎵€鏈夊钩鍙颁笂璁块棶姝よ皟鐢ㄧ珯鐐广€?ToolStrip.Items" 浠呭湪 "windows" 6.1 鍙婃洿楂樼増鏈?涓婂彈鏀寔銆?(https://learn.microsoft.com/dotnet/fundamentals/code-analysis/quality-rules/ca1416) [D:\workspace\ScreenTimeController\ScreenTimeController.csproj]
D:\workspace\ScreenTimeController\MainForm.cs(41,17): warning CA1416: 鍙湪鎵€鏈夊钩鍙颁笂璁块棶姝よ皟鐢ㄧ珯鐐广€?ToolStrip.Items" 浠呭湪 "windows" 6.1 鍙婃洿楂樼増鏈?涓婂彈鏀寔銆?(https://learn.microsoft.com/dotnet/fundamentals/code-analysis/quality-rules/ca1416) [D:\workspace\ScreenTimeController\ScreenTimeController.csproj]
D:\workspace\ScreenTimeController\MainForm.cs(40,17): warning CA1416: 鍙湪鎵€鏈夊钩鍙颁笂璁块棶姝よ皟鐢ㄧ珯鐐广€?ToolStrip.Items" 浠呭湪 "windows" 6.1 鍙婃洿楂樼増鏈?涓婂彈鏀寔銆?(https://learn.microsoft.com/dotnet/fundamentals/code-analysis/quality-rules/ca1416) [D:\workspace\ScreenTimeController\ScreenTimeController.csproj]
D:\workspace\ScreenTimeController\MainForm.cs(84,21): warning CA1416: 鍙湪鎵€鏈夊钩鍙颁笂璁块棶姝よ皟鐢ㄧ珯鐐广€?NotifyIcon.ShowBalloonTip(int, string, string, ToolTipIcon)" 浠呭湪 "windows" 6.1 鍙婃洿楂樼増鏈?涓婂彈鏀寔銆?(https://learn.microsoft.com/dotnet/fundamentals/code-analysis/quality-rules/ca1416) [D:\workspace\ScreenTimeController\ScreenTimeController.csproj]
D:\workspace\ScreenTimeController\MainForm.cs(40,17): warning CA1416: 鍙湪鎵€鏈夊钩鍙颁笂璁块棶姝よ皟鐢ㄧ珯鐐广€?ToolStripItemCollection.Add(string?, Image?, EventHandler?)" 浠呭湪 "windows" 6.1 鍙婃洿楂樼増鏈?涓婂彈鏀寔銆?(https://learn.microsoft.com/dotnet/fundamentals/code-analysis/quality-rules/ca1416) [D:\workspace\ScreenTimeController\ScreenTimeController.csproj]
D:\workspace\ScreenTimeController\MainForm.cs(84,126): warning CA1416: 鍙湪鎵€鏈夊钩鍙颁笂璁块棶姝よ皟鐢ㄧ珯鐐广€?ToolTipIcon.Error" 浠呭湪 "windows" 6.1 鍙婃洿楂樼増鏈?涓婂彈鏀寔銆?(https://learn.microsoft.com/dotnet/fundamentals/code-analysis/quality-rules/ca1416) [D:\workspace\ScreenTimeController\ScreenTimeController.csproj]
D:\workspace\ScreenTimeController\MainForm.cs(74,17): warning CA1416: 鍙湪鎵€鏈夊钩鍙颁笂璁块棶姝よ皟鐢ㄧ珯鐐广€?Form.ShowInTaskbar" 浠呭湪 "windows" 6.1 鍙婃洿楂樼増鏈?涓婂彈鏀寔銆?(https://learn.microsoft.com/dotnet/fundamentals/code-analysis/quality-rules/ca1416) [D:\workspace\ScreenTimeController\ScreenTimeController.csproj]
D:\workspace\ScreenTimeController\MainForm.cs(70,127): warning CA1416: 鍙湪鎵€鏈夊钩鍙颁笂璁块棶姝よ皟鐢ㄧ珯鐐广€?ToolTipIcon.Info" 浠呭湪 "windows" 6.1 鍙婃洿楂樼増鏈?涓婂彈鏀寔銆?(https://learn.microsoft.com/dotnet/fundamentals/code-analysis/quality-rules/ca1416) [D:\workspace\ScreenTimeController\ScreenTimeController.csproj]
D:\workspace\ScreenTimeController\MainForm.cs(31,31): warning CA1416: 鍙湪鎵€鏈夊钩鍙颁笂璁块棶姝よ皟鐢ㄧ珯鐐广€?NotifyIcon" 浠呭湪 "windows" 6.1 鍙婃洿楂樼増鏈?涓婂彈鏀寔銆?(https://learn.microsoft.com/dotnet/fundamentals/code-analysis/quality-rules/ca1416) [D:\workspace\ScreenTimeController\ScreenTimeController.csproj]
D:\workspace\ScreenTimeController\MainForm.cs(79,128): warning CA1416: 鍙湪鎵€鏈夊钩鍙颁笂璁块棶姝よ皟鐢ㄧ珯鐐广€?MessageBoxIcon.Error" 浠呭湪 "windows" 6.1 鍙婃洿楂樼増鏈?涓婂彈鏀寔銆?(https://learn.microsoft.com/dotnet/fundamentals/code-analysis/quality-rules/ca1416) [D:\workspace\ScreenTimeController\ScreenTimeController.csproj]
D:\workspace\ScreenTimeController\MainForm.cs(39,17): warning CA1416: 鍙湪鎵€鏈夊钩鍙颁笂璁块棶姝よ皟鐢ㄧ珯鐐广€?ToolStripItemCollection.Add(string?, Image?, EventHandler?)" 浠呭湪 "windows" 6.1 鍙婃洿楂樼増鏈?涓婂彈鏀寔銆?(https://learn.microsoft.com/dotnet/fundamentals/code-analysis/quality-rules/ca1416) [D:\workspace\ScreenTimeController\ScreenTimeController.csproj]
D:\workspace\ScreenTimeController\MainForm.cs(79,106): warning CA1416: 鍙湪鎵€鏈夊钩鍙颁笂璁块棶姝よ皟鐢ㄧ珯鐐广€?MessageBoxButtons.OK" 浠呭湪 "windows" 6.1 鍙婃洿楂樼増鏈?涓婂彈鏀寔銆?(https://learn.microsoft.com/dotnet/fundamentals/code-analysis/quality-rules/ca1416) [D:\workspace\ScreenTimeController\ScreenTimeController.csproj]
D:\workspace\ScreenTimeController\MainForm.cs(70,17): warning CA1416: 鍙湪鎵€鏈夊钩鍙颁笂璁块棶姝よ皟鐢ㄧ珯鐐广€?NotifyIcon.ShowBalloonTip(int, string, string, ToolTipIcon)" 浠呭湪 "windows" 6.1 鍙婃洿楂樼増鏈?涓婂彈鏀寔銆?(https://learn.microsoft.com/dotnet/fundamentals/code-analysis/quality-rules/ca1416) [D:\workspace\ScreenTimeController\ScreenTimeController.csproj]
D:\workspace\ScreenTimeController\MainForm.cs(42,17): warning CA1416: 鍙湪鎵€鏈夊钩鍙颁笂璁块棶姝よ皟鐢ㄧ珯鐐广€?NotifyIcon.ContextMenuStrip" 浠呭湪 "windows" 6.1 鍙婃洿楂樼増鏈?涓婂彈鏀寔銆?(https://learn.microsoft.com/dotnet/fundamentals/code-analysis/quality-rules/ca1416) [D:\workspace\ScreenTimeController\ScreenTimeController.csproj]
D:\workspace\ScreenTimeController\MainForm.cs(73,31): warning CA1416: 鍙湪鎵€鏈夊钩鍙颁笂璁块棶姝よ皟鐢ㄧ珯鐐广€?FormWindowState.Minimized" 浠呭湪 "windows" 6.1 鍙婃洿楂樼増鏈?涓婂彈鏀寔銆?(https://learn.microsoft.com/dotnet/fundamentals/code-analysis/quality-rules/ca1416) [D:\workspace\ScreenTimeController\ScreenTimeController.csproj]
D:\workspace\ScreenTimeController\MainForm.cs(86,17): warning CA1416: 鍙湪鎵€鏈夊钩鍙颁笂璁块棶姝よ皟鐢ㄧ珯鐐广€?Application.Exit()" 浠呭湪 "windows" 6.1 鍙婃洿楂樼増鏈?涓婂彈鏀寔銆?(https://learn.microsoft.com/dotnet/fundamentals/code-analysis/quality-rules/ca1416) [D:\workspace\ScreenTimeController\ScreenTimeController.csproj]
D:\workspace\ScreenTimeController\MainForm.cs(73,17): warning CA1416: 鍙湪鎵€鏈夊钩鍙颁笂璁块棶姝よ皟鐢ㄧ珯鐐广€?Form.WindowState" 浠呭湪 "windows" 6.1 鍙婃洿楂樼増鏈?涓婂彈鏀寔銆?(https://learn.microsoft.com/dotnet/fundamentals/code-analysis/quality-rules/ca1416) [D:\workspace\ScreenTimeController\ScreenTimeController.csproj]
D:\workspace\ScreenTimeController\MainForm.cs(83,21): warning CA1416: 鍙湪鎵€鏈夊钩鍙颁笂璁块棶姝よ皟鐢ㄧ珯鐐广€?NotifyIcon.Visible" 浠呭湪 "windows" 6.1 鍙婃洿楂樼増鏈?涓婂彈鏀寔銆?(https://learn.microsoft.com/dotnet/fundamentals/code-analysis/quality-rules/ca1416) [D:\workspace\ScreenTimeController\ScreenTimeController.csproj]
D:\workspace\ScreenTimeController\MainForm.cs(79,17): warning CA1416: 鍙湪鎵€鏈夊钩鍙颁笂璁块棶姝よ皟鐢ㄧ珯鐐广€?MessageBox.Show(string?, string?, MessageBoxButtons, MessageBoxIcon)" 浠呭湪 "windows" 6.1 鍙婃洿楂樼増鏈?涓婂彈鏀寔銆?(https://learn.microsoft.com/dotnet/fundamentals/code-analysis/quality-rules/ca1416) [D:\workspace\ScreenTimeController\ScreenTimeController.csproj]
D:\workspace\ScreenTimeController\MainForm.cs(135,17): warning CA1416: 鍙湪鎵€鏈夊钩鍙颁笂璁块棶姝よ皟鐢ㄧ珯鐐广€?Label.Text" 浠呭湪 "windows" 6.1 鍙婃洿楂樼増鏈?涓婂彈鏀寔銆?(https://learn.microsoft.com/dotnet/fundamentals/code-analysis/quality-rules/ca1416) [D:\workspace\ScreenTimeController\ScreenTimeController.csproj]
D:\workspace\ScreenTimeController\MainForm.cs(168,13): warning CA1416: 鍙湪鎵€鏈夊钩鍙颁笂璁块棶姝よ皟鐢ㄧ珯鐐广€?ButtonBase.FlatAppearance" 浠呭湪 "windows" 6.1 鍙婃洿楂樼増鏈?涓婂彈鏀寔銆?(https://learn.microsoft.com/dotnet/fundamentals/code-analysis/quality-rules/ca1416) [D:\workspace\ScreenTimeController\ScreenTimeController.csproj]
D:\workspace\ScreenTimeController\MainForm.cs(133,31): warning CA1416: 鍙湪鎵€鏈夊钩鍙颁笂璁块棶姝よ皟鐢ㄧ珯鐐广€?Label" 浠呭湪 "windows" 6.1 鍙婃洿楂樼増鏈?涓婂彈鏀寔銆?(https://learn.microsoft.com/dotnet/fundamentals/code-analysis/quality-rules/ca1416) [D:\workspace\ScreenTimeController\ScreenTimeController.csproj]
D:\workspace\ScreenTimeController\MainForm.cs(170,13): warning CA1416: 鍙湪鎵€鏈夊钩鍙颁笂璁块棶姝よ皟鐢ㄧ珯鐐广€?Control.ControlCollection.Add(Control?)" 浠呭湪 "windows" 6.1 鍙婃洿楂樼増鏈?涓婂彈鏀寔銆?(https://learn.microsoft.com/dotnet/fundamentals/code-analysis/quality-rules/ca1416) [D:\workspace\ScreenTimeController\ScreenTimeController.csproj]
D:\workspace\ScreenTimeController\MainForm.cs(137,17): warning CA1416: 鍙湪鎵€鏈夊钩鍙颁笂璁块棶姝よ皟鐢ㄧ珯鐐广€?Control.Location" 浠呭湪 "windows" 6.1 鍙婃洿楂樼増鏈?涓婂彈鏀寔銆?(https://learn.microsoft.com/dotnet/fundamentals/code-analysis/quality-rules/ca1416) [D:\workspace\ScreenTimeController\ScreenTimeController.csproj]
D:\workspace\ScreenTimeController\MainForm.cs(161,17): warning CA1416: 鍙湪鎵€鏈夊钩鍙颁笂璁块棶姝よ皟鐢ㄧ珯鐐广€?Control.Font" 浠呭湪 "windows" 6.1 鍙婃洿楂樼増鏈?涓婂彈鏀寔銆?(https://learn.microsoft.com/dotnet/fundamentals/code-analysis/quality-rules/ca1416) [D:\workspace\ScreenTimeController\ScreenTimeController.csproj]
D:\workspace\ScreenTimeController\MainForm.cs(140,13): warning CA1416: 鍙湪鎵€鏈夊钩鍙颁笂璁块棶姝よ皟鐢ㄧ珯鐐广€?Control.ControlCollection.Add(Control?)" 浠呭湪 "windows" 6.1 鍙婃洿楂樼増鏈?涓婂彈鏀寔銆?(https://learn.microsoft.com/dotnet/fundamentals/code-analysis/quality-rules/ca1416) [D:\workspace\ScreenTimeController\ScreenTimeController.csproj]
D:\workspace\ScreenTimeController\ChangePasswordForm.cs(73,13): warning CA1416: 鍙湪鎵€鏈夊钩鍙颁笂璁块棶姝よ皟鐢ㄧ珯鐐广€?Control.Controls" 浠呭湪 "windows" 6.1 鍙婃洿楂樼増鏈?涓婂彈鏀寔銆?(https://learn.microsoft.com/dotnet/fundamentals/code-analysis/quality-rules/ca1416) [D:\workspace\ScreenTimeController\ScreenTimeController.csproj]
D:\workspace\ScreenTimeController\MainForm.cs(108,17): warning CA1416: 鍙湪鎵€鏈夊钩鍙颁笂璁块棶姝よ皟鐢ㄧ珯鐐广€?Label.AutoSize" 浠呭湪 "windows" 6.1 鍙婃洿楂樼増鏈?涓婂彈鏀寔銆?(https://learn.microsoft.com/dotnet/fundamentals/code-analysis/quality-rules/ca1416) [D:\workspace\ScreenTimeController\ScreenTimeController.csproj]
D:\workspace\ScreenTimeController\ChangePasswordForm.cs(98,17): warning CA1416: 鍙湪鎵€鏈夊钩鍙颁笂璁块棶姝よ皟鐢ㄧ珯鐐广€?Control.Size" 浠呭湪 "windows" 6.1 鍙婃洿楂樼増鏈?涓婂彈鏀寔銆?(https://learn.microsoft.com/dotnet/fundamentals/code-analysis/quality-rules/ca1416) [D:\workspace\ScreenTimeController\ScreenTimeController.csproj]
D:\workspace\ScreenTimeController\ChangePasswordForm.cs(60,17): warning CA1416: 鍙湪鎵€鏈夊钩鍙颁笂璁块棶姝よ皟鐢ㄧ珯鐐广€?Control.Font" 浠呭湪 "windows" 6.1 鍙婃洿楂樼増鏈?涓婂彈鏀寔銆?(https://learn.microsoft.com/dotnet/fundamentals/code-analysis/quality-rules/ca1416) [D:\workspace\ScreenTimeController\ScreenTimeController.csproj]
D:\workspace\ScreenTimeController\MainForm.cs(98,34): warning CA1416: 鍙湪鎵€鏈夊钩鍙颁笂璁块棶姝よ皟鐢ㄧ珯鐐广€?FormStartPosition.CenterScreen" 浠呭湪 "windows" 6.1 鍙婃洿楂樼増鏈?涓婂彈鏀寔銆?(https://learn.microsoft.com/dotnet/fundamentals/code-analysis/quality-rules/ca1416) [D:\workspace\ScreenTimeController\ScreenTimeController.csproj]
D:\workspace\ScreenTimeController\ChangePasswordForm.cs(104,13): warning CA1416: 鍙湪鎵€鏈夊钩鍙颁笂璁块棶姝よ皟鐢ㄧ珯鐐广€?Control.Click" 浠呭湪 "windows" 6.1 鍙婃洿楂樼増鏈?涓婂彈鏀寔銆?(https://learn.microsoft.com/dotnet/fundamentals/code-analysis/quality-rules/ca1416) [D:\workspace\ScreenTimeController\ScreenTimeController.csproj]
D:\workspace\ScreenTimeController\ChangePasswordForm.cs(61,17): warning CA1416: 鍙湪鎵€鏈夊钩鍙颁笂璁块棶姝よ皟鐢ㄧ珯鐐广€?Control.Location" 浠呭湪 "windows" 6.1 鍙婃洿楂樼増鏈?涓婂彈鏀寔銆?(https://learn.microsoft.com/dotnet/fundamentals/code-analysis/quality-rules/ca1416) [D:\workspace\ScreenTimeController\ScreenTimeController.csproj]
D:\workspace\ScreenTimeController\MainForm.cs(161,24): warning CA1416: 鍙湪鎵€鏈夊钩鍙颁笂璁块棶姝よ皟鐢ㄧ珯鐐广€?Font" 浠呭湪 "windows" 6.1 鍙婃洿楂樼増鏈?涓婂彈鏀寔銆?(https://learn.microsoft.com/dotnet/fundamentals/code-analysis/quality-rules/ca1416) [D:\workspace\ScreenTimeController\ScreenTimeController.csproj]
D:\workspace\ScreenTimeController\ChangePasswordForm.cs(117,13): warning CA1416: 鍙湪鎵€鏈夊钩鍙颁笂璁块棶姝よ皟鐢ㄧ珯鐐广€?FlatButtonAppearance.BorderSize" 浠呭湪 "windows" 6.1 鍙婃洿楂樼増鏈?涓婂彈鏀寔銆?(https://learn.microsoft.com/dotnet/fundamentals/code-analysis/quality-rules/ca1416) [D:\workspace\ScreenTimeController\ScreenTimeController.csproj]
D:\workspace\ScreenTimeController\ChangePasswordForm.cs(96,24): warning CA1416: 鍙湪鎵€鏈夊钩鍙颁笂璁块棶姝よ皟鐢ㄧ珯鐐广€?Font" 浠呭湪 "windows" 6.1 鍙婃洿楂樼増鏈?涓婂彈鏀寔銆?(https://learn.microsoft.com/dotnet/fundamentals/code-analysis/quality-rules/ca1416) [D:\workspace\ScreenTimeController\ScreenTimeController.csproj]
D:\workspace\ScreenTimeController\ChangePasswordForm.cs(69,17): warning CA1416: 鍙湪鎵€鏈夊钩鍙颁笂璁块棶姝よ皟鐢ㄧ珯鐐广€?Control.Location" 浠呭湪 "windows" 6.1 鍙婃洿楂樼増鏈?涓婂彈鏀寔銆?(https://learn.microsoft.com/dotnet/fundamentals/code-analysis/quality-rules/ca1416) [D:\workspace\ScreenTimeController\ScreenTimeController.csproj]
D:\workspace\ScreenTimeController\ChangePasswordForm.cs(79,17): warning CA1416: 鍙湪鎵€鏈夊钩鍙颁笂璁块棶姝よ皟鐢ㄧ珯鐐广€?Control.Location" 浠呭湪 "windows" 6.1 鍙婃洿楂樼増鏈?涓婂彈鏀寔銆?(https://learn.microsoft.com/dotnet/fundamentals/code-analysis/quality-rules/ca1416) [D:\workspace\ScreenTimeController\ScreenTimeController.csproj]
D:\workspace\ScreenTimeController\MainForm.cs(151,29): warning CA1416: 鍙湪鎵€鏈夊钩鍙颁笂璁块棶姝よ皟鐢ㄧ珯鐐广€?FlatStyle.Flat" 浠呭湪 "windows" 6.1 鍙婃洿楂樼増鏈?涓婂彈鏀寔銆?(https://learn.microsoft.com/dotnet/fundamentals/code-analysis/quality-rules/ca1416) [D:\workspace\ScreenTimeController\ScreenTimeController.csproj]
D:\workspace\ScreenTimeController\ChangePasswordForm.cs(105,13): warning CA1416: 鍙湪鎵€鏈夊钩鍙颁笂璁块棶姝よ皟鐢ㄧ珯鐐广€?Control.ControlCollection.Add(Control?)" 浠呭湪 "windows" 6.1 鍙婃洿楂樼増鏈?涓婂彈鏀寔銆?(https://learn.microsoft.com/dotnet/fundamentals/code-analysis/quality-rules/ca1416) [D:\workspace\ScreenTimeController\ScreenTimeController.csproj]
D:\workspace\ScreenTimeController\ChangePasswordForm.cs(114,17): warning CA1416: 鍙湪鎵€鏈夊钩鍙颁笂璁块棶姝よ皟鐢ㄧ珯鐐广€?Control.ForeColor" 浠呭湪 "windows" 6.1 鍙婃洿楂樼増鏈?涓婂彈鏀寔銆?(https://learn.microsoft.com/dotnet/fundamentals/code-analysis/quality-rules/ca1416) [D:\workspace\ScreenTimeController\ScreenTimeController.csproj]
D:\workspace\ScreenTimeController\MainForm.cs(136,24): warning CA1416: 鍙湪鎵€鏈夊钩鍙颁笂璁块棶姝よ皟鐢ㄧ珯鐐广€?Font" 浠呭湪 "windows" 6.1 鍙婃洿楂樼増鏈?涓婂彈鏀寔銆?(https://learn.microsoft.com/dotnet/fundamentals/code-analysis/quality-rules/ca1416) [D:\workspace\ScreenTimeController\ScreenTimeController.csproj]
D:\workspace\ScreenTimeController\ChangePasswordForm.cs(89,24): warning CA1416: 鍙湪鎵€鏈夊钩鍙颁笂璁块棶姝よ皟鐢ㄧ珯鐐广€?Font" 浠呭湪 "windows" 6.1 鍙婃洿楂樼増鏈?涓婂彈鏀寔銆?(https://learn.microsoft.com/dotnet/fundamentals/code-analysis/quality-rules/ca1416) [D:\workspace\ScreenTimeController\ScreenTimeController.csproj]
D:\workspace\ScreenTimeController\MainForm.cs(153,13): warning CA1416: 鍙湪鎵€鏈夊钩鍙颁笂璁块棶姝よ皟鐢ㄧ珯鐐广€?FlatButtonAppearance.BorderSize" 浠呭湪 "windows" 6.1 鍙婃洿楂樼増鏈?涓婂彈鏀寔銆?(https://learn.microsoft.com/dotnet/fundamentals/code-analysis/quality-rules/ca1416) [D:\workspace\ScreenTimeController\ScreenTimeController.csproj]
D:\workspace\ScreenTimeController\ChangePasswordForm.cs(91,13): warning CA1416: 鍙湪鎵€鏈夊钩鍙颁笂璁块棶姝よ皟鐢ㄧ珯鐐广€?Control.ControlCollection.Add(Control?)" 浠呭湪 "windows" 6.1 鍙婃洿楂樼増鏈?涓婂彈鏀寔銆?(https://learn.microsoft.com/dotnet/fundamentals/code-analysis/quality-rules/ca1416) [D:\workspace\ScreenTimeController\ScreenTimeController.csproj]
D:\workspace\ScreenTimeController\MainForm.cs(150,17): warning CA1416: 鍙湪鎵€鏈夊钩鍙颁笂璁块棶姝よ皟鐢ㄧ珯鐐广€?Control.ForeColor" 浠呭湪 "windows" 6.1 鍙婃洿楂樼増鏈?涓婂彈鏀寔銆?(https://learn.microsoft.com/dotnet/fundamentals/code-analysis/quality-rules/ca1416) [D:\workspace\ScreenTimeController\ScreenTimeController.csproj]
D:\workspace\ScreenTimeController\ChangePasswordForm.cs(99,17): warning CA1416: 鍙湪鎵€鏈夊钩鍙颁笂璁块棶姝よ皟鐢ㄧ珯鐐广€?ButtonBase.BackColor" 浠呭湪 "windows" 6.1 鍙婃洿楂樼増鏈?涓婂彈鏀寔銆?(https://learn.microsoft.com/dotnet/fundamentals/code-analysis/quality-rules/ca1416) [D:\workspace\ScreenTimeController\ScreenTimeController.csproj]
D:\workspace\ScreenTimeController\ChangePasswordForm.cs(64,13): warning CA1416: 鍙湪鎵€鏈夊钩鍙颁笂璁块棶姝よ皟鐢ㄧ珯鐐广€?Control.Controls" 浠呭湪 "windows" 6.1 鍙婃洿楂樼増鏈?涓婂彈鏀寔銆?(https://learn.microsoft.com/dotnet/fundamentals/code-analysis/quality-rules/ca1416) [D:\workspace\ScreenTimeController\ScreenTimeController.csproj]
D:\workspace\ScreenTimeController\MainForm.cs(165,17): warning CA1416: 鍙湪鎵€鏈夊钩鍙颁笂璁块棶姝よ皟鐢ㄧ珯鐐广€?Control.ForeColor" 浠呭湪 "windows" 6.1 鍙婃洿楂樼増鏈?涓婂彈鏀寔銆?(https://learn.microsoft.com/dotnet/fundamentals/code-analysis/quality-rules/ca1416) [D:\workspace\ScreenTimeController\ScreenTimeController.csproj]
D:\workspace\ScreenTimeController\ChangePasswordForm.cs(75,23): warning CA1416: 鍙湪鎵€鏈夊钩鍙颁笂璁块棶姝よ皟鐢ㄧ珯鐐广€?Label" 浠呭湪 "windows" 6.1 鍙婃洿楂樼増鏈?涓婂彈鏀寔銆?(https://learn.microsoft.com/dotnet/fundamentals/code-analysis/quality-rules/ca1416) [D:\workspace\ScreenTimeController\ScreenTimeController.csproj]
D:\workspace\ScreenTimeController\ChangePasswordForm.cs(48,13): warning CA1416: 鍙湪鎵€鏈夊钩鍙颁笂璁块棶姝よ皟鐢ㄧ珯鐐广€?Form.ClientSize" 浠呭湪 "windows" 6.1 鍙婃洿楂樼増鏈?涓婂彈鏀寔銆?(https://learn.microsoft.com/dotnet/fundamentals/code-analysis/quality-rules/ca1416) [D:\workspace\ScreenTimeController\ScreenTimeController.csproj]
D:\workspace\ScreenTimeController\MainForm.cs(170,13): warning CA1416: 鍙湪鎵€鏈夊钩鍙颁笂璁块棶姝よ皟鐢ㄧ珯鐐广€?Control.Controls" 浠呭湪 "windows" 6.1 鍙婃洿楂樼増鏈?涓婂彈鏀寔銆?(https://learn.microsoft.com/dotnet/fundamentals/code-analysis/quality-rules/ca1416) [D:\workspace\ScreenTimeController\ScreenTimeController.csproj]
D:\workspace\ScreenTimeController\ChangePasswordForm.cs(101,29): warning CA1416: 鍙湪鎵€鏈夊钩鍙颁笂璁块棶姝よ皟鐢ㄧ珯鐐广€?FlatStyle.Flat" 浠呭湪 "windows" 6.1 鍙婃洿楂樼増鏈?涓婂彈鏀寔銆?(https://learn.microsoft.com/dotnet/fundamentals/code-analysis/quality-rules/ca1416) [D:\workspace\ScreenTimeController\ScreenTimeController.csproj]
D:\workspace\ScreenTimeController\MainForm.cs(160,17): warning CA1416: 鍙湪鎵€鏈夊钩鍙颁笂璁块棶姝よ皟鐢ㄧ珯鐐广€?ButtonBase.Text" 浠呭湪 "windows" 6.1 鍙婃洿楂樼増鏈?涓婂彈鏀寔銆?(https://learn.microsoft.com/dotnet/fundamentals/code-analysis/quality-rules/ca1416) [D:\workspace\ScreenTimeController\ScreenTimeController.csproj]
D:\workspace\ScreenTimeController\ChangePasswordForm.cs(60,49): warning CA1416: 鍙湪鎵€鏈夊钩鍙颁笂璁块棶姝よ皟鐢ㄧ珯鐐广€?FontStyle.Bold" 浠呭湪 "windows" 6.1 鍙婃洿楂樼増鏈?涓婂彈鏀寔銆?(https://learn.microsoft.com/dotnet/fundamentals/code-analysis/quality-rules/ca1416) [D:\workspace\ScreenTimeController\ScreenTimeController.csproj]
D:\workspace\ScreenTimeController\MainForm.cs(118,17): warning CA1416: 鍙湪鎵€鏈夊钩鍙颁笂璁块棶姝よ皟鐢ㄧ珯鐐广€?Label.AutoSize" 浠呭湪 "windows" 6.1 鍙婃洿楂樼増鏈?涓婂彈鏀寔銆?(https://learn.microsoft.com/dotnet/fundamentals/code-analysis/quality-rules/ca1416) [D:\workspace\ScreenTimeController\ScreenTimeController.csproj]
D:\workspace\ScreenTimeController\ChangePasswordForm.cs(115,29): warning CA1416: 鍙湪鎵€鏈夊钩鍙颁笂璁块棶姝よ皟鐢ㄧ珯鐐广€?FlatStyle.Flat" 浠呭湪 "windows" 6.1 鍙婃洿楂樼増鏈?涓婂彈鏀寔銆?(https://learn.microsoft.com/dotnet/fundamentals/code-analysis/quality-rules/ca1416) [D:\workspace\ScreenTimeController\ScreenTimeController.csproj]
D:\workspace\ScreenTimeController\MainForm.cs(138,17): warning CA1416: 鍙湪鎵€鏈夊钩鍙颁笂璁块棶姝よ皟鐢ㄧ珯鐐广€?Label.AutoSize" 浠呭湪 "windows" 6.1 鍙婃洿楂樼増鏈?涓婂彈鏀寔銆?(https://learn.microsoft.com/dotnet/fundamentals/code-analysis/quality-rules/ca1416) [D:\workspace\ScreenTimeController\ScreenTimeController.csproj]
D:\workspace\ScreenTimeController\MainForm.cs(126,17): warning CA1416: 鍙湪鎵€鏈夊钩鍙颁笂璁块棶姝よ皟鐢ㄧ珯鐐广€?Control.Font" 浠呭湪 "windows" 6.1 鍙婃洿楂樼増鏈?涓婂彈鏀寔銆?(https://learn.microsoft.com/dotnet/fundamentals/code-analysis/quality-rules/ca1416) [D:\workspace\ScreenTimeController\ScreenTimeController.csproj]
D:\workspace\ScreenTimeController\ChangePasswordForm.cs(71,24): warning CA1416: 鍙湪鎵€鏈夊钩鍙颁笂璁块棶姝よ皟鐢ㄧ珯鐐广€?Font" 浠呭湪 "windows" 6.1 鍙婃洿楂樼増鏈?涓婂彈鏀寔銆?(https://learn.microsoft.com/dotnet/fundamentals/code-analysis/quality-rules/ca1416) [D:\workspace\ScreenTimeController\ScreenTimeController.csproj]
D:\workspace\ScreenTimeController\MainForm.cs(164,17): warning CA1416: 鍙湪鎵€鏈夊钩鍙颁笂璁块棶姝よ皟鐢ㄧ珯鐐广€?ButtonBase.BackColor" 浠呭湪 "windows" 6.1 鍙婃洿楂樼増鏈?涓婂彈鏀寔銆?(https://learn.microsoft.com/dotnet/fundamentals/code-analysis/quality-rules/ca1416) [D:\workspace\ScreenTimeController\ScreenTimeController.csproj]
D:\workspace\ScreenTimeController\ChangePasswordForm.cs(71,17): warning CA1416: 鍙湪鎵€鏈夊钩鍙颁笂璁块棶姝よ皟鐢ㄧ珯鐐广€?Control.Font" 浠呭湪 "windows" 6.1 鍙婃洿楂樼増鏈?涓婂彈鏀寔銆?(https://learn.microsoft.com/dotnet/fundamentals/code-analysis/quality-rules/ca1416) [D:\workspace\ScreenTimeController\ScreenTimeController.csproj]
D:\workspace\ScreenTimeController\ChangePasswordForm.cs(78,24): warning CA1416: 鍙湪鎵€鏈夊钩鍙颁笂璁块棶姝よ皟鐢ㄧ珯鐐广€?Font" 浠呭湪 "windows" 6.1 鍙婃洿楂樼増鏈?涓婂彈鏀寔銆?(https://learn.microsoft.com/dotnet/fundamentals/code-analysis/quality-rules/ca1416) [D:\workspace\ScreenTimeController\ScreenTimeController.csproj]
D:\workspace\ScreenTimeController\MainForm.cs(147,17): warning CA1416: 鍙湪鎵€鏈夊钩鍙颁笂璁块棶姝よ皟鐢ㄧ珯鐐广€?Control.Location" 浠呭湪 "windows" 6.1 鍙婃洿楂樼増鏈?涓婂彈鏀寔銆?(https://learn.microsoft.com/dotnet/fundamentals/code-analysis/quality-rules/ca1416) [D:\workspace\ScreenTimeController\ScreenTimeController.csproj]
D:\workspace\ScreenTimeController\MainForm.cs(146,24): warning CA1416: 鍙湪鎵€鏈夊钩鍙颁笂璁块棶姝よ皟鐢ㄧ珯鐐广€?Font" 浠呭湪 "windows" 6.1 鍙婃洿楂樼増鏈?涓婂彈鏀寔銆?(https://learn.microsoft.com/dotnet/fundamentals/code-analysis/quality-rules/ca1416) [D:\workspace\ScreenTimeController\ScreenTimeController.csproj]
D:\workspace\ScreenTimeController\ChangePasswordForm.cs(66,35): warning CA1416: 鍙湪鎵€鏈夊钩鍙颁笂璁块棶姝よ皟鐢ㄧ珯鐐广€?TextBox" 浠呭湪 "windows" 6.1 鍙婃洿楂樼増鏈?涓婂彈鏀寔銆?(https://learn.microsoft.com/dotnet/fundamentals/code-analysis/quality-rules/ca1416) [D:\workspace\ScreenTimeController\ScreenTimeController.csproj]
D:\workspace\ScreenTimeController\MainForm.cs(125,17): warning CA1416: 鍙湪鎵€鏈夊钩鍙颁笂璁块棶姝よ皟鐢ㄧ珯鐐广€?Label.Text" 浠呭湪 "windows" 6.1 鍙婃洿楂樼増鏈?涓婂彈鏀寔銆?(https://learn.microsoft.com/dotnet/fundamentals/code-analysis/quality-rules/ca1416) [D:\workspace\ScreenTimeController\ScreenTimeController.csproj]
D:\workspace\ScreenTimeController\ChangePasswordForm.cs(103,13): warning CA1416: 鍙湪鎵€鏈夊钩鍙颁笂璁块棶姝よ皟鐢ㄧ珯鐐广€?FlatButtonAppearance.BorderSize" 浠呭湪 "windows" 6.1 鍙婃洿楂樼増鏈?涓婂彈鏀寔銆?(https://learn.microsoft.com/dotnet/fundamentals/code-analysis/quality-rules/ca1416) [D:\workspace\ScreenTimeController\ScreenTimeController.csproj]
D:\workspace\ScreenTimeController\MainForm.cs(169,13): warning CA1416: 鍙湪鎵€鏈夊钩鍙颁笂璁块棶姝よ皟鐢ㄧ珯鐐广€?Control.Click" 浠呭湪 "windows" 6.1 鍙婃洿楂樼増鏈?涓婂彈鏀寔銆?(https://learn.microsoft.com/dotnet/fundamentals/code-analysis/quality-rules/ca1416) [D:\workspace\ScreenTimeController\ScreenTimeController.csproj]
D:\workspace\ScreenTimeController\ChangePasswordForm.cs(64,13): warning CA1416: 鍙湪鎵€鏈夊钩鍙颁笂璁块棶姝よ皟鐢ㄧ珯鐐广€?Control.ControlCollection.Add(Control?)" 浠呭湪 "windows" 6.1 鍙婃洿楂樼増鏈?涓婂彈鏀寔銆?(https://learn.microsoft.com/dotnet/fundamentals/code-analysis/quality-rules/ca1416) [D:\workspace\ScreenTimeController\ScreenTimeController.csproj]
D:\workspace\ScreenTimeController\ChangePasswordForm.cs(113,17): warning CA1416: 鍙湪鎵€鏈夊钩鍙颁笂璁块棶姝よ皟鐢ㄧ珯鐐广€?ButtonBase.BackColor" 浠呭湪 "windows" 6.1 鍙婃洿楂樼増鏈?涓婂彈鏀寔銆?(https://learn.microsoft.com/dotnet/fundamentals/code-analysis/quality-rules/ca1416) [D:\workspace\ScreenTimeController\ScreenTimeController.csproj]
D:\workspace\ScreenTimeController\MainForm.cs(95,13): warning CA1416: 鍙湪鎵€鏈夊钩鍙颁笂璁块棶姝よ皟鐢ㄧ珯鐐广€?Form.FormBorderStyle" 浠呭湪 "windows" 6.1 鍙婃洿楂樼増鏈?涓婂彈鏀寔銆?(https://learn.microsoft.com/dotnet/fundamentals/code-analysis/quality-rules/ca1416) [D:\workspace\ScreenTimeController\ScreenTimeController.csproj]
D:\workspace\ScreenTimeController\ChangePasswordForm.cs(78,49): warning CA1416: 鍙湪鎵€鏈夊钩鍙颁笂璁块棶姝よ皟鐢ㄧ珯鐐广€?FontStyle.Bold" 浠呭湪 "windows" 6.1 鍙婃洿楂樼増鏈?涓婂彈鏀寔銆?(https://learn.microsoft.com/dotnet/fundamentals/code-analysis/quality-rules/ca1416) [D:\workspace\ScreenTimeController\ScreenTimeController.csproj]
D:\workspace\ScreenTimeController\MainForm.cs(116,17): warning CA1416: 鍙湪鎵€鏈夊钩鍙颁笂璁块棶姝よ皟鐢ㄧ珯鐐广€?Control.Font" 浠呭湪 "windows" 6.1 鍙婃洿楂樼増鏈?涓婂彈鏀寔銆?(https://learn.microsoft.com/dotnet/fundamentals/code-analysis/quality-rules/ca1416) [D:\workspace\ScreenTimeController\ScreenTimeController.csproj]
D:\workspace\ScreenTimeController\MainForm.cs(166,17): warning CA1416: 鍙湪鎵€鏈夊钩鍙颁笂璁块棶姝よ皟鐢ㄧ珯鐐广€?ButtonBase.FlatStyle" 浠呭湪 "windows" 6.1 鍙婃洿楂樼増鏈?涓婂彈鏀寔銆?(https://learn.microsoft.com/dotnet/fundamentals/code-analysis/quality-rules/ca1416) [D:\workspace\ScreenTimeController\ScreenTimeController.csproj]
D:\workspace\ScreenTimeController\ChangePasswordForm.cs(60,24): warning CA1416: 鍙湪鎵€鏈夊钩鍙颁笂璁块棶姝よ皟鐢ㄧ珯鐐广€?Font" 浠呭湪 "windows" 6.1 鍙婃洿楂樼増鏈?涓婂彈鏀寔銆?(https://learn.microsoft.com/dotnet/fundamentals/code-analysis/quality-rules/ca1416) [D:\workspace\ScreenTimeController\ScreenTimeController.csproj]
D:\workspace\ScreenTimeController\ChangePasswordForm.cs(95,17): warning CA1416: 鍙湪鎵€鏈夊钩鍙颁笂璁块棶姝よ皟鐢ㄧ珯鐐广€?ButtonBase.Text" 浠呭湪 "windows" 6.1 鍙婃洿楂樼増鏈?涓婂彈鏀寔銆?(https://learn.microsoft.com/dotnet/fundamentals/code-analysis/quality-rules/ca1416) [D:\workspace\ScreenTimeController\ScreenTimeController.csproj]
D:\workspace\ScreenTimeController\ChangePasswordForm.cs(49,13): warning CA1416: 鍙湪鎵€鏈夊钩鍙颁笂璁块棶姝よ皟鐢ㄧ珯鐐广€?Form.Text" 浠呭湪 "windows" 6.1 鍙婃洿楂樼増鏈?涓婂彈鏀寔銆?(https://learn.microsoft.com/dotnet/fundamentals/code-analysis/quality-rules/ca1416) [D:\workspace\ScreenTimeController\ScreenTimeController.csproj]
D:\workspace\ScreenTimeController\MainForm.cs(130,13): warning CA1416: 鍙湪鎵€鏈夊钩鍙颁笂璁块棶姝よ皟鐢ㄧ珯鐐广€?Control.Controls" 浠呭湪 "windows" 6.1 鍙婃洿楂樼増鏈?涓婂彈鏀寔銆?(https://learn.microsoft.com/dotnet/fundamentals/code-analysis/quality-rules/ca1416) [D:\workspace\ScreenTimeController\ScreenTimeController.csproj]
D:\workspace\ScreenTimeController\MainForm.cs(126,24): warning CA1416: 鍙湪鎵€鏈夊钩鍙颁笂璁块棶姝よ皟鐢ㄧ珯鐐广€?Font" 浠呭湪 "windows" 6.1 鍙婃洿楂樼増鏈?涓婂彈鏀寔銆?(https://learn.microsoft.com/dotnet/fundamentals/code-analysis/quality-rules/ca1416) [D:\workspace\ScreenTimeController\ScreenTimeController.csproj]
D:\workspace\ScreenTimeController\ChangePasswordForm.cs(52,13): warning CA1416: 鍙湪鎵€鏈夊钩鍙颁笂璁块棶姝よ皟鐢ㄧ珯鐐广€?Form.MinimizeBox" 浠呭湪 "windows" 6.1 鍙婃洿楂樼増鏈?涓婂彈鏀寔銆?(https://learn.microsoft.com/dotnet/fundamentals/code-analysis/quality-rules/ca1416) [D:\workspace\ScreenTimeController\ScreenTimeController.csproj]
D:\workspace\ScreenTimeController\ChangePasswordForm.cs(107,29): warning CA1416: 鍙湪鎵€鏈夊钩鍙颁笂璁块棶姝よ皟鐢ㄧ珯鐐广€?Button" 浠呭湪 "windows" 6.1 鍙婃洿楂樼増鏈?涓婂彈鏀寔銆?(https://learn.microsoft.com/dotnet/fundamentals/code-analysis/quality-rules/ca1416) [D:\workspace\ScreenTimeController\ScreenTimeController.csproj]
D:\workspace\ScreenTimeController\MainForm.cs(106,17): warning CA1416: 鍙湪鎵€鏈夊钩鍙颁笂璁块棶姝よ皟鐢ㄧ珯鐐广€?Control.ForeColor" 浠呭湪 "windows" 6.1 鍙婃洿楂樼増鏈?涓婂彈鏀寔銆?(https://learn.microsoft.com/dotnet/fundamentals/code-analysis/quality-rules/ca1416) [D:\workspace\ScreenTimeController\ScreenTimeController.csproj]
D:\workspace\ScreenTimeController\ChangePasswordForm.cs(115,17): warning CA1416: 鍙湪鎵€鏈夊钩鍙颁笂璁块棶姝よ皟鐢ㄧ珯鐐广€?ButtonBase.FlatStyle" 浠呭湪 "windows" 6.1 鍙婃洿楂樼増鏈?涓婂彈鏀寔銆?(https://learn.microsoft.com/dotnet/fundamentals/code-analysis/quality-rules/ca1416) [D:\workspace\ScreenTimeController\ScreenTimeController.csproj]
D:\workspace\ScreenTimeController\MainForm.cs(201,17): warning CA1416: 鍙湪鎵€鏈夊钩鍙颁笂璁块棶姝よ皟鐢ㄧ珯鐐广€?Label.Text" 浠呭湪 "windows" 6.1 鍙婃洿楂樼増鏈?涓婂彈鏀寔銆?(https://learn.microsoft.com/dotnet/fundamentals/code-analysis/quality-rules/ca1416) [D:\workspace\ScreenTimeController\ScreenTimeController.csproj]
D:\workspace\ScreenTimeController\ChangePasswordForm.cs(97,17): warning CA1416: 鍙湪鎵€鏈夊钩鍙颁笂璁块棶姝よ皟鐢ㄧ珯鐐广€?Control.Location" 浠呭湪 "windows" 6.1 鍙婃洿楂樼増鏈?涓婂彈鏀寔銆?(https://learn.microsoft.com/dotnet/fundamentals/code-analysis/quality-rules/ca1416) [D:\workspace\ScreenTimeController\ScreenTimeController.csproj]
D:\workspace\ScreenTimeController\MainForm.cs(196,17): warning CA1416: 鍙湪鎵€鏈夊钩鍙颁笂璁块棶姝よ皟鐢ㄧ珯鐐广€?Label.Text" 浠呭湪 "windows" 6.1 鍙婃洿楂樼増鏈?涓婂彈鏀寔銆?(https://learn.microsoft.com/dotnet/fundamentals/code-analysis/quality-rules/ca1416) [D:\workspace\ScreenTimeController\ScreenTimeController.csproj]
D:\workspace\ScreenTimeController\ChangePasswordForm.cs(50,36): warning CA1416: 鍙湪鎵€鏈夊钩鍙颁笂璁块棶姝よ皟鐢ㄧ珯鐐广€?FormBorderStyle.FixedSingle" 浠呭湪 "windows" 6.1 鍙婃洿楂樼増鏈?涓婂彈鏀寔銆?(https://learn.microsoft.com/dotnet/fundamentals/code-analysis/quality-rules/ca1416) [D:\workspace\ScreenTimeController\ScreenTimeController.csproj]
D:\workspace\ScreenTimeController\MainForm.cs(104,17): warning CA1416: 鍙湪鎵€鏈夊钩鍙颁笂璁块棶姝よ皟鐢ㄧ珯鐐广€?Label.Text" 浠呭湪 "windows" 6.1 鍙婃洿楂樼増鏈?涓婂彈鏀寔銆?(https://learn.microsoft.com/dotnet/fundamentals/code-analysis/quality-rules/ca1416) [D:\workspace\ScreenTimeController\ScreenTimeController.csproj]
D:\workspace\ScreenTimeController\MainForm.cs(180,17): warning CA1416: 鍙湪鎵€鏈夊钩鍙颁笂璁块棶姝よ皟鐢ㄧ珯鐐广€?Control.Invoke(Action)" 浠呭湪 "windows" 6.1 鍙婃洿楂樼増鏈?涓婂彈鏀寔銆?(https://learn.microsoft.com/dotnet/fundamentals/code-analysis/quality-rules/ca1416) [D:\workspace\ScreenTimeController\ScreenTimeController.csproj]
D:\workspace\ScreenTimeController\MainForm.cs(136,17): warning CA1416: 鍙湪鎵€鏈夊钩鍙颁笂璁块棶姝よ皟鐢ㄧ珯鐐广€?Control.Font" 浠呭湪 "windows" 6.1 鍙婃洿楂樼増鏈?涓婂彈鏀寔銆?(https://learn.microsoft.com/dotnet/fundamentals/code-analysis/quality-rules/ca1416) [D:\workspace\ScreenTimeController\ScreenTimeController.csproj]
D:\workspace\ScreenTimeController\ChangePasswordForm.cs(82,13): warning CA1416: 鍙湪鎵€鏈夊钩鍙颁笂璁块棶姝よ皟鐢ㄧ珯鐐广€?Control.Controls" 浠呭湪 "windows" 6.1 鍙婃洿楂樼増鏈?涓婂彈鏀寔銆?(https://learn.microsoft.com/dotnet/fundamentals/code-analysis/quality-rules/ca1416) [D:\workspace\ScreenTimeController\ScreenTimeController.csproj]
D:\workspace\ScreenTimeController\MainForm.cs(148,17): warning CA1416: 鍙湪鎵€鏈夊钩鍙颁笂璁块棶姝よ皟鐢ㄧ珯鐐广€?Control.Size" 浠呭湪 "windows" 6.1 鍙婃洿楂樼増鏈?涓婂彈鏀寔銆?(https://learn.microsoft.com/dotnet/fundamentals/code-analysis/quality-rules/ca1416) [D:\workspace\ScreenTimeController\ScreenTimeController.csproj]
D:\workspace\ScreenTimeController\MainForm.cs(178,17): warning CA1416: 鍙湪鎵€鏈夊钩鍙颁笂璁块棶姝よ皟鐢ㄧ珯鐐广€?Control.InvokeRequired" 浠呭湪 "windows" 6.1 鍙婃洿楂樼増鏈?涓婂彈鏀寔銆?(https://learn.microsoft.com/dotnet/fundamentals/code-analysis/quality-rules/ca1416) [D:\workspace\ScreenTimeController\ScreenTimeController.csproj]
D:\workspace\ScreenTimeController\MainForm.cs(203,17): warning CA1416: 鍙湪鎵€鏈夊钩鍙颁笂璁块棶姝よ皟鐢ㄧ珯鐐广€?Label.Text" 浠呭湪 "windows" 6.1 鍙婃洿楂樼増鏈?涓婂彈鏀寔銆?(https://learn.microsoft.com/dotnet/fundamentals/code-analysis/quality-rules/ca1416) [D:\workspace\ScreenTimeController\ScreenTimeController.csproj]
D:\workspace\ScreenTimeController\ChangePasswordForm.cs(119,13): warning CA1416: 鍙湪鎵€鏈夊钩鍙颁笂璁块棶姝よ皟鐢ㄧ珯鐐广€?Control.ControlCollection.Add(Control?)" 浠呭湪 "windows" 6.1 鍙婃洿楂樼増鏈?涓婂彈鏀寔銆?(https://learn.microsoft.com/dotnet/fundamentals/code-analysis/quality-rules/ca1416) [D:\workspace\ScreenTimeController\ScreenTimeController.csproj]
D:\workspace\ScreenTimeController\MainForm.cs(193,17): warning CA1416: 鍙湪鎵€鏈夊钩鍙颁笂璁块棶姝よ皟鐢ㄧ珯鐐广€?Label.Text" 浠呭湪 "windows" 6.1 鍙婃洿楂樼増鏈?涓婂彈鏀寔銆?(https://learn.microsoft.com/dotnet/fundamentals/code-analysis/quality-rules/ca1416) [D:\workspace\ScreenTimeController\ScreenTimeController.csproj]
D:\workspace\ScreenTimeController\MainForm.cs(110,13): warning CA1416: 鍙湪鎵€鏈夊钩鍙颁笂璁块棶姝よ皟鐢ㄧ珯鐐广€?Control.ControlCollection.Add(Control?)" 浠呭湪 "windows" 6.1 鍙婃洿楂樼増鏈?涓婂彈鏀寔銆?(https://learn.microsoft.com/dotnet/fundamentals/code-analysis/quality-rules/ca1416) [D:\workspace\ScreenTimeController\ScreenTimeController.csproj]
D:\workspace\ScreenTimeController\MainForm.cs(192,17): warning CA1416: 鍙湪鎵€鏈夊钩鍙颁笂璁块棶姝よ皟鐢ㄧ珯鐐广€?Label.Text" 浠呭湪 "windows" 6.1 鍙婃洿楂樼増鏈?涓婂彈鏀寔銆?(https://learn.microsoft.com/dotnet/fundamentals/code-analysis/quality-rules/ca1416) [D:\workspace\ScreenTimeController\ScreenTimeController.csproj]
D:\workspace\ScreenTimeController\MainForm.cs(202,17): warning CA1416: 鍙湪鎵€鏈夊钩鍙颁笂璁块棶姝よ皟鐢ㄧ珯鐐广€?Label.Text" 浠呭湪 "windows" 6.1 鍙婃洿楂樼増鏈?涓婂彈鏀寔銆?(https://learn.microsoft.com/dotnet/fundamentals/code-analysis/quality-rules/ca1416) [D:\workspace\ScreenTimeController\ScreenTimeController.csproj]
D:\workspace\ScreenTimeController\MainForm.cs(162,17): warning CA1416: 鍙湪鎵€鏈夊钩鍙颁笂璁块棶姝よ皟鐢ㄧ珯鐐广€?Control.Location" 浠呭湪 "windows" 6.1 鍙婃洿楂樼増鏈?涓婂彈鏀寔銆?(https://learn.microsoft.com/dotnet/fundamentals/code-analysis/quality-rules/ca1416) [D:\workspace\ScreenTimeController\ScreenTimeController.csproj]
D:\workspace\ScreenTimeController\MainForm.cs(154,13): warning CA1416: 鍙湪鎵€鏈夊钩鍙颁笂璁块棶姝よ皟鐢ㄧ珯鐐广€?Control.Click" 浠呭湪 "windows" 6.1 鍙婃洿楂樼増鏈?涓婂彈鏀寔銆?(https://learn.microsoft.com/dotnet/fundamentals/code-analysis/quality-rules/ca1416) [D:\workspace\ScreenTimeController\ScreenTimeController.csproj]
D:\workspace\ScreenTimeController\MainForm.cs(153,13): warning CA1416: 鍙湪鎵€鏈夊钩鍙颁笂璁块棶姝よ皟鐢ㄧ珯鐐广€?ButtonBase.FlatAppearance" 浠呭湪 "windows" 6.1 鍙婃洿楂樼増鏈?涓婂彈鏀寔銆?(https://learn.microsoft.com/dotnet/fundamentals/code-analysis/quality-rules/ca1416) [D:\workspace\ScreenTimeController\ScreenTimeController.csproj]
D:\workspace\ScreenTimeController\MainForm.cs(146,17): warning CA1416: 鍙湪鎵€鏈夊钩鍙颁笂璁块棶姝よ皟鐢ㄧ珯鐐广€?Control.Font" 浠呭湪 "windows" 6.1 鍙婃洿楂樼増鏈?涓婂彈鏀寔銆?(https://learn.microsoft.com/dotnet/fundamentals/code-analysis/quality-rules/ca1416) [D:\workspace\ScreenTimeController\ScreenTimeController.csproj]
D:\workspace\ScreenTimeController\ChangePasswordForm.cs(53,13): warning CA1416: 鍙湪鎵€鏈夊钩鍙颁笂璁块棶姝よ皟鐢ㄧ珯鐐广€?Form.StartPosition" 浠呭湪 "windows" 6.1 鍙婃洿楂樼増鏈?涓婂彈鏀寔銆?(https://learn.microsoft.com/dotnet/fundamentals/code-analysis/quality-rules/ca1416) [D:\workspace\ScreenTimeController\ScreenTimeController.csproj]
D:\workspace\ScreenTimeController\MainForm.cs(128,17): warning CA1416: 鍙湪鎵€鏈夊钩鍙颁笂璁块棶姝よ皟鐢ㄧ珯鐐广€?Label.AutoSize" 浠呭湪 "windows" 6.1 鍙婃洿楂樼増鏈?涓婂彈鏀寔銆?(https://learn.microsoft.com/dotnet/fundamentals/code-analysis/quality-rules/ca1416) [D:\workspace\ScreenTimeController\ScreenTimeController.csproj]
D:\workspace\ScreenTimeController\MainForm.cs(94,13): warning CA1416: 鍙湪鎵€鏈夊钩鍙颁笂璁块棶姝よ皟鐢ㄧ珯鐐广€?Form.ClientSize" 浠呭湪 "windows" 6.1 鍙婃洿楂樼増鏈?涓婂彈鏀寔銆?(https://learn.microsoft.com/dotnet/fundamentals/code-analysis/quality-rules/ca1416) [D:\workspace\ScreenTimeController\ScreenTimeController.csproj]
D:\workspace\ScreenTimeController\MainForm.cs(143,31): warning CA1416: 鍙湪鎵€鏈夊钩鍙颁笂璁块棶姝よ皟鐢ㄧ珯鐐广€?Button" 浠呭湪 "windows" 6.1 鍙婃洿楂樼増鏈?涓婂彈鏀寔銆?(https://learn.microsoft.com/dotnet/fundamentals/code-analysis/quality-rules/ca1416) [D:\workspace\ScreenTimeController\ScreenTimeController.csproj]
D:\workspace\ScreenTimeController\MainForm.cs(127,17): warning CA1416: 鍙湪鎵€鏈夊钩鍙颁笂璁块棶姝よ皟鐢ㄧ珯鐐广€?Control.Location" 浠呭湪 "windows" 6.1 鍙婃洿楂樼増鏈?涓婂彈鏀寔銆?(https://learn.microsoft.com/dotnet/fundamentals/code-analysis/quality-rules/ca1416) [D:\workspace\ScreenTimeController\ScreenTimeController.csproj]
D:\workspace\ScreenTimeController\MainForm.cs(98,13): warning CA1416: 鍙湪鎵€鏈夊钩鍙颁笂璁块棶姝よ皟鐢ㄧ珯鐐广€?Form.StartPosition" 浠呭湪 "windows" 6.1 鍙婃洿楂樼増鏈?涓婂彈鏀寔銆?(https://learn.microsoft.com/dotnet/fundamentals/code-analysis/quality-rules/ca1416) [D:\workspace\ScreenTimeController\ScreenTimeController.csproj]
D:\workspace\ScreenTimeController\MainForm.cs(105,49): warning CA1416: 鍙湪鎵€鏈夊钩鍙颁笂璁块棶姝よ皟鐢ㄧ珯鐐广€?FontStyle.Bold" 浠呭湪 "windows" 6.1 鍙婃洿楂樼増鏈?涓婂彈鏀寔銆?(https://learn.microsoft.com/dotnet/fundamentals/code-analysis/quality-rules/ca1416) [D:\workspace\ScreenTimeController\ScreenTimeController.csproj]
D:\workspace\ScreenTimeController\MainForm.cs(113,27): warning CA1416: 鍙湪鎵€鏈夊钩鍙颁笂璁块棶姝よ皟鐢ㄧ珯鐐广€?Label" 浠呭湪 "windows" 6.1 鍙婃洿楂樼増鏈?涓婂彈鏀寔銆?(https://learn.microsoft.com/dotnet/fundamentals/code-analysis/quality-rules/ca1416) [D:\workspace\ScreenTimeController\ScreenTimeController.csproj]
D:\workspace\ScreenTimeController\MainForm.cs(99,13): warning CA1416: 鍙湪鎵€鏈夊钩鍙颁笂璁块棶姝よ皟鐢ㄧ珯鐐广€?Form.BackColor" 浠呭湪 "windows" 6.1 鍙婃洿楂樼増鏈?涓婂彈鏀寔銆?(https://learn.microsoft.com/dotnet/fundamentals/code-analysis/quality-rules/ca1416) [D:\workspace\ScreenTimeController\ScreenTimeController.csproj]
D:\workspace\ScreenTimeController\ChangePasswordForm.cs(80,17): warning CA1416: 鍙湪鎵€鏈夊钩鍙颁笂璁块棶姝よ皟鐢ㄧ珯鐐广€?Label.AutoSize" 浠呭湪 "windows" 6.1 鍙婃洿楂樼増鏈?涓婂彈鏀寔銆?(https://learn.microsoft.com/dotnet/fundamentals/code-analysis/quality-rules/ca1416) [D:\workspace\ScreenTimeController\ScreenTimeController.csproj]
D:\workspace\ScreenTimeController\MainForm.cs(168,13): warning CA1416: 鍙湪鎵€鏈夊钩鍙颁笂璁块棶姝よ皟鐢ㄧ珯鐐广€?FlatButtonAppearance.BorderSize" 浠呭湪 "windows" 6.1 鍙婃洿楂樼増鏈?涓婂彈鏀寔銆?(https://learn.microsoft.com/dotnet/fundamentals/code-analysis/quality-rules/ca1416) [D:\workspace\ScreenTimeController\ScreenTimeController.csproj]
D:\workspace\ScreenTimeController\MainForm.cs(155,13): warning CA1416: 鍙湪鎵€鏈夊钩鍙颁笂璁块棶姝よ皟鐢ㄧ珯鐐广€?Control.Controls" 浠呭湪 "windows" 6.1 鍙婃洿楂樼増鏈?涓婂彈鏀寔銆?(https://learn.microsoft.com/dotnet/fundamentals/code-analysis/quality-rules/ca1416) [D:\workspace\ScreenTimeController\ScreenTimeController.csproj]
D:\workspace\ScreenTimeController\MainForm.cs(93,13): warning CA1416: 鍙湪鎵€鏈夊钩鍙颁笂璁块棶姝よ皟鐢ㄧ珯鐐广€?Form.Text" 浠呭湪 "windows" 6.1 鍙婃洿楂樼増鏈?涓婂彈鏀寔銆?(https://learn.microsoft.com/dotnet/fundamentals/code-analysis/quality-rules/ca1416) [D:\workspace\ScreenTimeController\ScreenTimeController.csproj]
D:\workspace\ScreenTimeController\MainForm.cs(117,17): warning CA1416: 鍙湪鎵€鏈夊钩鍙颁笂璁块棶姝よ皟鐢ㄧ珯鐐广€?Control.Location" 浠呭湪 "windows" 6.1 鍙婃洿楂樼増鏈?涓婂彈鏀寔銆?(https://learn.microsoft.com/dotnet/fundamentals/code-analysis/quality-rules/ca1416) [D:\workspace\ScreenTimeController\ScreenTimeController.csproj]
D:\workspace\ScreenTimeController\MainForm.cs(116,24): warning CA1416: 鍙湪鎵€鏈夊钩鍙颁笂璁块棶姝よ皟鐢ㄧ珯鐐广€?Font" 浠呭湪 "windows" 6.1 鍙婃洿楂樼増鏈?涓婂彈鏀寔銆?(https://learn.microsoft.com/dotnet/fundamentals/code-analysis/quality-rules/ca1416) [D:\workspace\ScreenTimeController\ScreenTimeController.csproj]
D:\workspace\ScreenTimeController\MainForm.cs(107,17): warning CA1416: 鍙湪鎵€鏈夊钩鍙颁笂璁块棶姝よ皟鐢ㄧ珯鐐广€?Control.Location" 浠呭湪 "windows" 6.1 鍙婃洿楂樼増鏈?涓婂彈鏀寔銆?(https://learn.microsoft.com/dotnet/fundamentals/code-analysis/quality-rules/ca1416) [D:\workspace\ScreenTimeController\ScreenTimeController.csproj]
D:\workspace\ScreenTimeController\MainForm.cs(102,28): warning CA1416: 鍙湪鎵€鏈夊钩鍙颁笂璁块棶姝よ皟鐢ㄧ珯鐐广€?Label" 浠呭湪 "windows" 6.1 鍙婃洿楂樼増鏈?涓婂彈鏀寔銆?(https://learn.microsoft.com/dotnet/fundamentals/code-analysis/quality-rules/ca1416) [D:\workspace\ScreenTimeController\ScreenTimeController.csproj]
D:\workspace\ScreenTimeController\MainForm.cs(123,27): warning CA1416: 鍙湪鎵€鏈夊钩鍙颁笂璁块棶姝よ皟鐢ㄧ珯鐐广€?Label" 浠呭湪 "windows" 6.1 鍙婃洿楂樼増鏈?涓婂彈鏀寔銆?(https://learn.microsoft.com/dotnet/fundamentals/code-analysis/quality-rules/ca1416) [D:\workspace\ScreenTimeController\ScreenTimeController.csproj]
D:\workspace\ScreenTimeController\MainForm.cs(155,13): warning CA1416: 鍙湪鎵€鏈夊钩鍙颁笂璁块棶姝よ皟鐢ㄧ珯鐐广€?Control.ControlCollection.Add(Control?)" 浠呭湪 "windows" 6.1 鍙婃洿楂樼増鏈?涓婂彈鏀寔銆?(https://learn.microsoft.com/dotnet/fundamentals/code-analysis/quality-rules/ca1416) [D:\workspace\ScreenTimeController\ScreenTimeController.csproj]
D:\workspace\ScreenTimeController\ChangePasswordForm.cs(93,25): warning CA1416: 鍙湪鎵€鏈夊钩鍙颁笂璁块棶姝よ皟鐢ㄧ珯鐐广€?Button" 浠呭湪 "windows" 6.1 鍙婃洿楂樼増鏈?涓婂彈鏀寔銆?(https://learn.microsoft.com/dotnet/fundamentals/code-analysis/quality-rules/ca1416) [D:\workspace\ScreenTimeController\ScreenTimeController.csproj]
D:\workspace\ScreenTimeController\MainForm.cs(97,13): warning CA1416: 鍙湪鎵€鏈夊钩鍙颁笂璁块棶姝よ皟鐢ㄧ珯鐐广€?Form.MinimizeBox" 浠呭湪 "windows" 6.1 鍙婃洿楂樼増鏈?涓婂彈鏀寔銆?(https://learn.microsoft.com/dotnet/fundamentals/code-analysis/quality-rules/ca1416) [D:\workspace\ScreenTimeController\ScreenTimeController.csproj]
D:\workspace\ScreenTimeController\MainForm.cs(149,17): warning CA1416: 鍙湪鎵€鏈夊钩鍙颁笂璁块棶姝よ皟鐢ㄧ珯鐐广€?ButtonBase.BackColor" 浠呭湪 "windows" 6.1 鍙婃洿楂樼増鏈?涓婂彈鏀寔銆?(https://learn.microsoft.com/dotnet/fundamentals/code-analysis/quality-rules/ca1416) [D:\workspace\ScreenTimeController\ScreenTimeController.csproj]
D:\workspace\ScreenTimeController\MainForm.cs(120,13): warning CA1416: 鍙湪鎵€鏈夊钩鍙颁笂璁块棶姝よ皟鐢ㄧ珯鐐广€?Control.ControlCollection.Add(Control?)" 浠呭湪 "windows" 6.1 鍙婃洿楂樼増鏈?涓婂彈鏀寔銆?(https://learn.microsoft.com/dotnet/fundamentals/code-analysis/quality-rules/ca1416) [D:\workspace\ScreenTimeController\ScreenTimeController.csproj]
D:\workspace\ScreenTimeController\MainForm.cs(145,17): warning CA1416: 鍙湪鎵€鏈夊钩鍙颁笂璁块棶姝よ皟鐢ㄧ珯鐐广€?ButtonBase.Text" 浠呭湪 "windows" 6.1 鍙婃洿楂樼増鏈?涓婂彈鏀寔銆?(https://learn.microsoft.com/dotnet/fundamentals/code-analysis/quality-rules/ca1416) [D:\workspace\ScreenTimeController\ScreenTimeController.csproj]
D:\workspace\ScreenTimeController\MainForm.cs(110,13): warning CA1416: 鍙湪鎵€鏈夊钩鍙颁笂璁块棶姝よ皟鐢ㄧ珯鐐广€?Control.Controls" 浠呭湪 "windows" 6.1 鍙婃洿楂樼増鏈?涓婂彈鏀寔銆?(https://learn.microsoft.com/dotnet/fundamentals/code-analysis/quality-rules/ca1416) [D:\workspace\ScreenTimeController\ScreenTimeController.csproj]
D:\workspace\ScreenTimeController\ChangePasswordForm.cs(88,17): warning CA1416: 鍙湪鎵€鏈夊钩鍙颁笂璁块棶姝よ皟鐢ㄧ珯鐐广€?Control.Size" 浠呭湪 "windows" 6.1 鍙婃洿楂樼増鏈?涓婂彈鏀寔銆?(https://learn.microsoft.com/dotnet/fundamentals/code-analysis/quality-rules/ca1416) [D:\workspace\ScreenTimeController\ScreenTimeController.csproj]
D:\workspace\ScreenTimeController\MainForm.cs(120,13): warning CA1416: 鍙湪鎵€鏈夊钩鍙颁笂璁块棶姝よ皟鐢ㄧ珯鐐广€?Control.Controls" 浠呭湪 "windows" 6.1 鍙婃洿楂樼増鏈?涓婂彈鏀寔銆?(https://learn.microsoft.com/dotnet/fundamentals/code-analysis/quality-rules/ca1416) [D:\workspace\ScreenTimeController\ScreenTimeController.csproj]
D:\workspace\ScreenTimeController\MainForm.cs(163,17): warning CA1416: 鍙湪鎵€鏈夊钩鍙颁笂璁块棶姝よ皟鐢ㄧ珯鐐广€?Control.Size" 浠呭湪 "windows" 6.1 鍙婃洿楂樼増鏈?涓婂彈鏀寔銆?(https://learn.microsoft.com/dotnet/fundamentals/code-analysis/quality-rules/ca1416) [D:\workspace\ScreenTimeController\ScreenTimeController.csproj]
D:\workspace\ScreenTimeController\ChangePasswordForm.cs(57,23): warning CA1416: 鍙湪鎵€鏈夊钩鍙颁笂璁块棶姝よ皟鐢ㄧ珯鐐广€?Label" 浠呭湪 "windows" 6.1 鍙婃洿楂樼増鏈?涓婂彈鏀寔銆?(https://learn.microsoft.com/dotnet/fundamentals/code-analysis/quality-rules/ca1416) [D:\workspace\ScreenTimeController\ScreenTimeController.csproj]
D:\workspace\ScreenTimeController\MainForm.cs(105,24): warning CA1416: 鍙湪鎵€鏈夊钩鍙颁笂璁块棶姝よ皟鐢ㄧ珯鐐广€?Font" 浠呭湪 "windows" 6.1 鍙婃洿楂樼増鏈?涓婂彈鏀寔銆?(https://learn.microsoft.com/dotnet/fundamentals/code-analysis/quality-rules/ca1416) [D:\workspace\ScreenTimeController\ScreenTimeController.csproj]
D:\workspace\ScreenTimeController\MainForm.cs(115,17): warning CA1416: 鍙湪鎵€鏈夊钩鍙颁笂璁块棶姝よ皟鐢ㄧ珯鐐广€?Label.Text" 浠呭湪 "windows" 6.1 鍙婃洿楂樼増鏈?涓婂彈鏀寔銆?(https://learn.microsoft.com/dotnet/fundamentals/code-analysis/quality-rules/ca1416) [D:\workspace\ScreenTimeController\ScreenTimeController.csproj]
D:\workspace\ScreenTimeController\MainForm.cs(151,17): warning CA1416: 鍙湪鎵€鏈夊钩鍙颁笂璁块棶姝よ皟鐢ㄧ珯鐐广€?ButtonBase.FlatStyle" 浠呭湪 "windows" 6.1 鍙婃洿楂樼増鏈?涓婂彈鏀寔銆?(https://learn.microsoft.com/dotnet/fundamentals/code-analysis/quality-rules/ca1416) [D:\workspace\ScreenTimeController\ScreenTimeController.csproj]
D:\workspace\ScreenTimeController\MainForm.cs(130,13): warning CA1416: 鍙湪鎵€鏈夊钩鍙颁笂璁块棶姝よ皟鐢ㄧ珯鐐广€?Control.ControlCollection.Add(Control?)" 浠呭湪 "windows" 6.1 鍙婃洿楂樼増鏈?涓婂彈鏀寔銆?(https://learn.microsoft.com/dotnet/fundamentals/code-analysis/quality-rules/ca1416) [D:\workspace\ScreenTimeController\ScreenTimeController.csproj]
D:\workspace\ScreenTimeController\MainForm.cs(166,29): warning CA1416: 鍙湪鎵€鏈夊钩鍙颁笂璁块棶姝よ皟鐢ㄧ珯鐐广€?FlatStyle.Flat" 浠呭湪 "windows" 6.1 鍙婃洿楂樼増鏈?涓婂彈鏀寔銆?(https://learn.microsoft.com/dotnet/fundamentals/code-analysis/quality-rules/ca1416) [D:\workspace\ScreenTimeController\ScreenTimeController.csproj]
D:\workspace\ScreenTimeController\MainForm.cs(140,13): warning CA1416: 鍙湪鎵€鏈夊钩鍙颁笂璁块棶姝よ皟鐢ㄧ珯鐐广€?Control.Controls" 浠呭湪 "windows" 6.1 鍙婃洿楂樼増鏈?涓婂彈鏀寔銆?(https://learn.microsoft.com/dotnet/fundamentals/code-analysis/quality-rules/ca1416) [D:\workspace\ScreenTimeController\ScreenTimeController.csproj]
D:\workspace\ScreenTimeController\MainForm.cs(105,17): warning CA1416: 鍙湪鎵€鏈夊钩鍙颁笂璁块棶姝よ皟鐢ㄧ珯鐐广€?Control.Font" 浠呭湪 "windows" 6.1 鍙婃洿楂樼増鏈?涓婂彈鏀寔銆?(https://learn.microsoft.com/dotnet/fundamentals/code-analysis/quality-rules/ca1416) [D:\workspace\ScreenTimeController\ScreenTimeController.csproj]
D:\workspace\ScreenTimeController\ChangePasswordForm.cs(112,17): warning CA1416: 鍙湪鎵€鏈夊钩鍙颁笂璁块棶姝よ皟鐢ㄧ珯鐐广€?Control.Size" 浠呭湪 "windows" 6.1 鍙婃洿楂樼増鏈?涓婂彈鏀寔銆?(https://learn.microsoft.com/dotnet/fundamentals/code-analysis/quality-rules/ca1416) [D:\workspace\ScreenTimeController\ScreenTimeController.csproj]
D:\workspace\ScreenTimeController\MainForm.cs(96,13): warning CA1416: 鍙湪鎵€鏈夊钩鍙颁笂璁块棶姝よ皟鐢ㄧ珯鐐广€?Form.MaximizeBox" 浠呭湪 "windows" 6.1 鍙婃洿楂樼増鏈?涓婂彈鏀寔銆?(https://learn.microsoft.com/dotnet/fundamentals/code-analysis/quality-rules/ca1416) [D:\workspace\ScreenTimeController\ScreenTimeController.csproj]
D:\workspace\ScreenTimeController\ChangePasswordForm.cs(77,17): warning CA1416: 鍙湪鎵€鏈夊钩鍙颁笂璁块棶姝よ皟鐢ㄧ珯鐐广€?Label.Text" 浠呭湪 "windows" 6.1 鍙婃洿楂樼増鏈?涓婂彈鏀寔銆?(https://learn.microsoft.com/dotnet/fundamentals/code-analysis/quality-rules/ca1416) [D:\workspace\ScreenTimeController\ScreenTimeController.csproj]
D:\workspace\ScreenTimeController\ChangePasswordForm.cs(54,13): warning CA1416: 鍙湪鎵€鏈夊钩鍙颁笂璁块棶姝よ皟鐢ㄧ珯鐐广€?Form.BackColor" 浠呭湪 "windows" 6.1 鍙婃洿楂樼増鏈?涓婂彈鏀寔銆?(https://learn.microsoft.com/dotnet/fundamentals/code-analysis/quality-rules/ca1416) [D:\workspace\ScreenTimeController\ScreenTimeController.csproj]
D:\workspace\ScreenTimeController\ChangePasswordForm.cs(119,13): warning CA1416: 鍙湪鎵€鏈夊钩鍙颁笂璁块棶姝よ皟鐢ㄧ珯鐐广€?Control.Controls" 浠呭湪 "windows" 6.1 鍙婃洿楂樼増鏈?涓婂彈鏀寔銆?(https://learn.microsoft.com/dotnet/fundamentals/code-analysis/quality-rules/ca1416) [D:\workspace\ScreenTimeController\ScreenTimeController.csproj]
D:\workspace\ScreenTimeController\ChangePasswordForm.cs(86,17): warning CA1416: 鍙湪鎵€鏈夊钩鍙颁笂璁块棶姝よ皟鐢ㄧ珯鐐广€?TextBox.PasswordChar" 浠呭湪 "windows" 6.1 鍙婃洿楂樼増鏈?涓婂彈鏀寔銆?(https://learn.microsoft.com/dotnet/fundamentals/code-analysis/quality-rules/ca1416) [D:\workspace\ScreenTimeController\ScreenTimeController.csproj]
D:\workspace\ScreenTimeController\MainForm.cs(270,13): warning CA1416: 鍙湪鎵€鏈夊钩鍙颁笂璁块棶姝よ皟鐢ㄧ珯鐐广€?NotifyIcon.ShowBalloonTip(int, string, string, ToolTipIcon)" 浠呭湪 "windows" 6.1 鍙婃洿楂樼増鏈?涓婂彈鏀寔銆?(https://learn.microsoft.com/dotnet/fundamentals/code-analysis/quality-rules/ca1416) [D:\workspace\ScreenTimeController\ScreenTimeController.csproj]
D:\workspace\ScreenTimeController\ChangePasswordForm.cs(111,17): warning CA1416: 鍙湪鎵€鏈夊钩鍙颁笂璁块棶姝よ皟鐢ㄧ珯鐐广€?Control.Location" 浠呭湪 "windows" 6.1 鍙婃洿楂樼増鏈?涓婂彈鏀寔銆?(https://learn.microsoft.com/dotnet/fundamentals/code-analysis/quality-rules/ca1416) [D:\workspace\ScreenTimeController\ScreenTimeController.csproj]
D:\workspace\ScreenTimeController\MainForm.cs(270,113): warning CA1416: 鍙湪鎵€鏈夊钩鍙颁笂璁块棶姝よ皟鐢ㄧ珯鐐广€?ToolTipIcon.Warning" 浠呭湪 "windows" 6.1 鍙婃洿楂樼増鏈?涓婂彈鏀寔銆?(https://learn.microsoft.com/dotnet/fundamentals/code-analysis/quality-rules/ca1416) [D:\workspace\ScreenTimeController\ScreenTimeController.csproj]
D:\workspace\ScreenTimeController\ChangePasswordForm.cs(62,17): warning CA1416: 鍙湪鎵€鏈夊钩鍙颁笂璁块棶姝よ皟鐢ㄧ珯鐐广€?Label.AutoSize" 浠呭湪 "windows" 6.1 鍙婃洿楂樼増鏈?涓婂彈鏀寔銆?(https://learn.microsoft.com/dotnet/fundamentals/code-analysis/quality-rules/ca1416) [D:\workspace\ScreenTimeController\ScreenTimeController.csproj]
D:\workspace\ScreenTimeController\MainForm.cs(275,13): warning CA1416: 鍙湪鎵€鏈夊钩鍙颁笂璁块棶姝よ皟鐢ㄧ珯鐐广€?NotifyIcon.ShowBalloonTip(int, string, string, ToolTipIcon)" 浠呭湪 "windows" 6.1 鍙婃洿楂樼増鏈?涓婂彈鏀寔銆?(https://learn.microsoft.com/dotnet/fundamentals/code-analysis/quality-rules/ca1416) [D:\workspace\ScreenTimeController\ScreenTimeController.csproj]
D:\workspace\ScreenTimeController\ChangePasswordForm.cs(89,17): warning CA1416: 鍙湪鎵€鏈夊钩鍙颁笂璁块棶姝よ皟鐢ㄧ珯鐐广€?Control.Font" 浠呭湪 "windows" 6.1 鍙婃洿楂樼増鏈?涓婂彈鏀寔銆?(https://learn.microsoft.com/dotnet/fundamentals/code-analysis/quality-rules/ca1416) [D:\workspace\ScreenTimeController\ScreenTimeController.csproj]
D:\workspace\ScreenTimeController\MainForm.cs(275,63): warning CA1416: 鍙湪鎵€鏈夊钩鍙颁笂璁块棶姝よ皟鐢ㄧ珯鐐广€?ToolTipIcon.Info" 浠呭湪 "windows" 6.1 鍙婃洿楂樼増鏈?涓婂彈鏀寔銆?(https://learn.microsoft.com/dotnet/fundamentals/code-analysis/quality-rules/ca1416) [D:\workspace\ScreenTimeController\ScreenTimeController.csproj]
D:\workspace\ScreenTimeController\ChangePasswordForm.cs(101,17): warning CA1416: 鍙湪鎵€鏈夊钩鍙颁笂璁块棶姝よ皟鐢ㄧ珯鐐广€?ButtonBase.FlatStyle" 浠呭湪 "windows" 6.1 鍙婃洿楂樼増鏈?涓婂彈鏀寔銆?(https://learn.microsoft.com/dotnet/fundamentals/code-analysis/quality-rules/ca1416) [D:\workspace\ScreenTimeController\ScreenTimeController.csproj]
D:\workspace\ScreenTimeController\ChangePasswordForm.cs(47,13): warning CA1416: 鍙湪鎵€鏈夊钩鍙颁笂璁块棶姝よ皟鐢ㄧ珯鐐广€?ContainerControl.AutoScaleMode" 浠呭湪 "windows" 6.1 鍙婃洿楂樼増鏈?涓婂彈鏀寔銆?(https://learn.microsoft.com/dotnet/fundamentals/code-analysis/quality-rules/ca1416) [D:\workspace\ScreenTimeController\ScreenTimeController.csproj]
D:\workspace\ScreenTimeController\ChangePasswordForm.cs(109,17): warning CA1416: 鍙湪鎵€鏈夊钩鍙颁笂璁块棶姝よ皟鐢ㄧ珯鐐广€?ButtonBase.Text" 浠呭湪 "windows" 6.1 鍙婃洿楂樼増鏈?涓婂彈鏀寔銆?(https://learn.microsoft.com/dotnet/fundamentals/code-analysis/quality-rules/ca1416) [D:\workspace\ScreenTimeController\ScreenTimeController.csproj]
D:\workspace\ScreenTimeController\ChangePasswordForm.cs(73,13): warning CA1416: 鍙湪鎵€鏈夊钩鍙颁笂璁块棶姝よ皟鐢ㄧ珯鐐广€?Control.ControlCollection.Add(Control?)" 浠呭湪 "windows" 6.1 鍙婃洿楂樼増鏈?涓婂彈鏀寔銆?(https://learn.microsoft.com/dotnet/fundamentals/code-analysis/quality-rules/ca1416) [D:\workspace\ScreenTimeController\ScreenTimeController.csproj]
D:\workspace\ScreenTimeController\ChangePasswordForm.cs(70,17): warning CA1416: 鍙湪鎵€鏈夊钩鍙颁笂璁块棶姝よ皟鐢ㄧ珯鐐广€?Control.Size" 浠呭湪 "windows" 6.1 鍙婃洿楂樼増鏈?涓婂彈鏀寔銆?(https://learn.microsoft.com/dotnet/fundamentals/code-analysis/quality-rules/ca1416) [D:\workspace\ScreenTimeController\ScreenTimeController.csproj]
D:\workspace\ScreenTimeController\ChangePasswordForm.cs(117,13): warning CA1416: 鍙湪鎵€鏈夊钩鍙颁笂璁块棶姝よ皟鐢ㄧ珯鐐广€?ButtonBase.FlatAppearance" 浠呭湪 "windows" 6.1 鍙婃洿楂樼増鏈?涓婂彈鏀寔銆?(https://learn.microsoft.com/dotnet/fundamentals/code-analysis/quality-rules/ca1416) [D:\workspace\ScreenTimeController\ScreenTimeController.csproj]
D:\workspace\ScreenTimeController\ChangePasswordForm.cs(96,17): warning CA1416: 鍙湪鎵€鏈夊钩鍙颁笂璁块棶姝よ皟鐢ㄧ珯鐐广€?Control.Font" 浠呭湪 "windows" 6.1 鍙婃洿楂樼増鏈?涓婂彈鏀寔銆?(https://learn.microsoft.com/dotnet/fundamentals/code-analysis/quality-rules/ca1416) [D:\workspace\ScreenTimeController\ScreenTimeController.csproj]
D:\workspace\ScreenTimeController\MainForm.cs(158,27): warning CA1416: 鍙湪鎵€鏈夊钩鍙颁笂璁块棶姝よ皟鐢ㄧ珯鐐广€?Button" 浠呭湪 "windows" 6.1 鍙婃洿楂樼増鏈?涓婂彈鏀寔銆?(https://learn.microsoft.com/dotnet/fundamentals/code-analysis/quality-rules/ca1416) [D:\workspace\ScreenTimeController\ScreenTimeController.csproj]
D:\workspace\ScreenTimeController\ChangePasswordForm.cs(53,34): warning CA1416: 鍙湪鎵€鏈夊钩鍙颁笂璁块棶姝よ皟鐢ㄧ珯鐐广€?FormStartPosition.CenterScreen" 浠呭湪 "windows" 6.1 鍙婃洿楂樼増鏈?涓婂彈鏀寔銆?(https://learn.microsoft.com/dotnet/fundamentals/code-analysis/quality-rules/ca1416) [D:\workspace\ScreenTimeController\ScreenTimeController.csproj]
D:\workspace\ScreenTimeController\ChangePasswordForm.cs(51,13): warning CA1416: 鍙湪鎵€鏈夊钩鍙颁笂璁块棶姝よ皟鐢ㄧ珯鐐广€?Form.MaximizeBox" 浠呭湪 "windows" 6.1 鍙婃洿楂樼増鏈?涓婂彈鏀寔銆?(https://learn.microsoft.com/dotnet/fundamentals/code-analysis/quality-rules/ca1416) [D:\workspace\ScreenTimeController\ScreenTimeController.csproj]
D:\workspace\ScreenTimeController\MainForm.cs(280,27): warning CA1416: 鍙湪鎵€鏈夊钩鍙颁笂璁块棶姝よ皟鐢ㄧ珯鐐广€?FormWindowState.Normal" 浠呭湪 "windows" 6.1 鍙婃洿楂樼増鏈?涓婂彈鏀寔銆?(https://learn.microsoft.com/dotnet/fundamentals/code-analysis/quality-rules/ca1416) [D:\workspace\ScreenTimeController\ScreenTimeController.csproj]
D:\workspace\ScreenTimeController\ChangePasswordForm.cs(105,13): warning CA1416: 鍙湪鎵€鏈夊钩鍙颁笂璁块棶姝よ皟鐢ㄧ珯鐐广€?Control.Controls" 浠呭湪 "windows" 6.1 鍙婃洿楂樼増鏈?涓婂彈鏀寔銆?(https://learn.microsoft.com/dotnet/fundamentals/code-analysis/quality-rules/ca1416) [D:\workspace\ScreenTimeController\ScreenTimeController.csproj]
D:\workspace\ScreenTimeController\MainForm.cs(281,13): warning CA1416: 鍙湪鎵€鏈夊钩鍙颁笂璁块棶姝よ皟鐢ㄧ珯鐐广€?Form.ShowInTaskbar" 浠呭湪 "windows" 6.1 鍙婃洿楂樼増鏈?涓婂彈鏀寔銆?(https://learn.microsoft.com/dotnet/fundamentals/code-analysis/quality-rules/ca1416) [D:\workspace\ScreenTimeController\ScreenTimeController.csproj]
D:\workspace\ScreenTimeController\MainForm.cs(282,13): warning CA1416: 鍙湪鎵€鏈夊钩鍙颁笂璁块棶姝よ皟鐢ㄧ珯鐐广€?Form.Activate()" 浠呭湪 "windows" 6.1 鍙婃洿楂樼増鏈?涓婂彈鏀寔銆?(https://learn.microsoft.com/dotnet/fundamentals/code-analysis/quality-rules/ca1416) [D:\workspace\ScreenTimeController\ScreenTimeController.csproj]
D:\workspace\ScreenTimeController\ChangePasswordForm.cs(47,34): warning CA1416: 鍙湪鎵€鏈夊钩鍙颁笂璁块棶姝よ皟鐢ㄧ珯鐐广€?AutoScaleMode.Font" 浠呭湪 "windows" 6.1 鍙婃洿楂樼増鏈?涓婂彈鏀寔銆?(https://learn.microsoft.com/dotnet/fundamentals/code-analysis/quality-rules/ca1416) [D:\workspace\ScreenTimeController\ScreenTimeController.csproj]
D:\workspace\ScreenTimeController\MainForm.cs(280,13): warning CA1416: 鍙湪鎵€鏈夊钩鍙颁笂璁块棶姝よ皟鐢ㄧ珯鐐广€?Form.WindowState" 浠呭湪 "windows" 6.1 鍙婃洿楂樼増鏈?涓婂彈鏀寔銆?(https://learn.microsoft.com/dotnet/fundamentals/code-analysis/quality-rules/ca1416) [D:\workspace\ScreenTimeController\ScreenTimeController.csproj]
D:\workspace\ScreenTimeController\ChangePasswordForm.cs(82,13): warning CA1416: 鍙湪鎵€鏈夊钩鍙颁笂璁块棶姝よ皟鐢ㄧ珯鐐广€?Control.ControlCollection.Add(Control?)" 浠呭湪 "windows" 6.1 鍙婃洿楂樼増鏈?涓婂彈鏀寔銆?(https://learn.microsoft.com/dotnet/fundamentals/code-analysis/quality-rules/ca1416) [D:\workspace\ScreenTimeController\ScreenTimeController.csproj]
D:\workspace\ScreenTimeController\ChangePasswordForm.cs(78,17): warning CA1416: 鍙湪鎵€鏈夊钩鍙颁笂璁块棶姝よ皟鐢ㄧ珯鐐广€?Control.Font" 浠呭湪 "windows" 6.1 鍙婃洿楂樼増鏈?涓婂彈鏀寔銆?(https://learn.microsoft.com/dotnet/fundamentals/code-analysis/quality-rules/ca1416) [D:\workspace\ScreenTimeController\ScreenTimeController.csproj]
D:\workspace\ScreenTimeController\ChangePasswordForm.cs(100,17): warning CA1416: 鍙湪鎵€鏈夊钩鍙颁笂璁块棶姝よ皟鐢ㄧ珯鐐广€?Control.ForeColor" 浠呭湪 "windows" 6.1 鍙婃洿楂樼増鏈?涓婂彈鏀寔銆?(https://learn.microsoft.com/dotnet/fundamentals/code-analysis/quality-rules/ca1416) [D:\workspace\ScreenTimeController\ScreenTimeController.csproj]
D:\workspace\ScreenTimeController\ChangePasswordForm.cs(110,24): warning CA1416: 鍙湪鎵€鏈夊钩鍙颁笂璁块棶姝よ皟鐢ㄧ珯鐐广€?Font" 浠呭湪 "windows" 6.1 鍙婃洿楂樼増鏈?涓婂彈鏀寔銆?(https://learn.microsoft.com/dotnet/fundamentals/code-analysis/quality-rules/ca1416) [D:\workspace\ScreenTimeController\ScreenTimeController.csproj]
D:\workspace\ScreenTimeController\ChangePasswordForm.cs(118,13): warning CA1416: 鍙湪鎵€鏈夊钩鍙颁笂璁块棶姝よ皟鐢ㄧ珯鐐广€?Control.Click" 浠呭湪 "windows" 6.1 鍙婃洿楂樼増鏈?涓婂彈鏀寔銆?(https://learn.microsoft.com/dotnet/fundamentals/code-analysis/quality-rules/ca1416) [D:\workspace\ScreenTimeController\ScreenTimeController.csproj]
D:\workspace\ScreenTimeController\ChangePasswordForm.cs(68,17): warning CA1416: 鍙湪鎵€鏈夊钩鍙颁笂璁块棶姝よ皟鐢ㄧ珯鐐广€?TextBox.PasswordChar" 浠呭湪 "windows" 6.1 鍙婃洿楂樼増鏈?涓婂彈鏀寔銆?(https://learn.microsoft.com/dotnet/fundamentals/code-analysis/quality-rules/ca1416) [D:\workspace\ScreenTimeController\ScreenTimeController.csproj]
D:\workspace\ScreenTimeController\ChangePasswordForm.cs(50,13): warning CA1416: 鍙湪鎵€鏈夊钩鍙颁笂璁块棶姝よ皟鐢ㄧ珯鐐广€?Form.FormBorderStyle" 浠呭湪 "windows" 6.1 鍙婃洿楂樼増鏈?涓婂彈鏀寔銆?(https://learn.microsoft.com/dotnet/fundamentals/code-analysis/quality-rules/ca1416) [D:\workspace\ScreenTimeController\ScreenTimeController.csproj]
D:\workspace\ScreenTimeController\ChangePasswordForm.cs(59,17): warning CA1416: 鍙湪鎵€鏈夊钩鍙颁笂璁块棶姝よ皟鐢ㄧ珯鐐广€?Label.Text" 浠呭湪 "windows" 6.1 鍙婃洿楂樼増鏈?涓婂彈鏀寔銆?(https://learn.microsoft.com/dotnet/fundamentals/code-analysis/quality-rules/ca1416) [D:\workspace\ScreenTimeController\ScreenTimeController.csproj]
D:\workspace\ScreenTimeController\ChangePasswordForm.cs(110,17): warning CA1416: 鍙湪鎵€鏈夊钩鍙颁笂璁块棶姝よ皟鐢ㄧ珯鐐广€?Control.Font" 浠呭湪 "windows" 6.1 鍙婃洿楂樼増鏈?涓婂彈鏀寔銆?(https://learn.microsoft.com/dotnet/fundamentals/code-analysis/quality-rules/ca1416) [D:\workspace\ScreenTimeController\ScreenTimeController.csproj]
D:\workspace\ScreenTimeController\ChangePasswordForm.cs(84,39): warning CA1416: 鍙湪鎵€鏈夊钩鍙颁笂璁块棶姝よ皟鐢ㄧ珯鐐广€?TextBox" 浠呭湪 "windows" 6.1 鍙婃洿楂樼増鏈?涓婂彈鏀寔銆?(https://learn.microsoft.com/dotnet/fundamentals/code-analysis/quality-rules/ca1416) [D:\workspace\ScreenTimeController\ScreenTimeController.csproj]
D:\workspace\ScreenTimeController\ChangePasswordForm.cs(103,13): warning CA1416: 鍙湪鎵€鏈夊钩鍙颁笂璁块棶姝よ皟鐢ㄧ珯鐐广€?ButtonBase.FlatAppearance" 浠呭湪 "windows" 6.1 鍙婃洿楂樼増鏈?涓婂彈鏀寔銆?(https://learn.microsoft.com/dotnet/fundamentals/code-analysis/quality-rules/ca1416) [D:\workspace\ScreenTimeController\ScreenTimeController.csproj]
D:\workspace\ScreenTimeController\ChangePasswordForm.cs(91,13): warning CA1416: 鍙湪鎵€鏈夊钩鍙颁笂璁块棶姝よ皟鐢ㄧ珯鐐广€?Control.Controls" 浠呭湪 "windows" 6.1 鍙婃洿楂樼増鏈?涓婂彈鏀寔銆?(https://learn.microsoft.com/dotnet/fundamentals/code-analysis/quality-rules/ca1416) [D:\workspace\ScreenTimeController\ScreenTimeController.csproj]
D:\workspace\ScreenTimeController\ChangePasswordForm.cs(87,17): warning CA1416: 鍙湪鎵€鏈夊钩鍙颁笂璁块棶姝よ皟鐢ㄧ珯鐐广€?Control.Location" 浠呭湪 "windows" 6.1 鍙婃洿楂樼増鏈?涓婂彈鏀寔銆?(https://learn.microsoft.com/dotnet/fundamentals/code-analysis/quality-rules/ca1416) [D:\workspace\ScreenTimeController\ScreenTimeController.csproj]
D:\workspace\ScreenTimeController\MainForm.cs(95,36): warning CA1416: 鍙湪鎵€鏈夊钩鍙颁笂璁块棶姝よ皟鐢ㄧ珯鐐广€?FormBorderStyle.FixedSingle" 浠呭湪 "windows" 6.1 鍙婃洿楂樼増鏈?涓婂彈鏀寔銆?(https://learn.microsoft.com/dotnet/fundamentals/code-analysis/quality-rules/ca1416) [D:\workspace\ScreenTimeController\ScreenTimeController.csproj]
D:\workspace\ScreenTimeController\MainForm.cs(292,13): warning CA1416: 鍙湪鎵€鏈夊钩鍙颁笂璁块棶姝よ皟鐢ㄧ珯鐐广€?NotifyIcon.Visible" 浠呭湪 "windows" 6.1 鍙婃洿楂樼増鏈?涓婂彈鏀寔銆?(https://learn.microsoft.com/dotnet/fundamentals/code-analysis/quality-rules/ca1416) [D:\workspace\ScreenTimeController\ScreenTimeController.csproj]
D:\workspace\ScreenTimeController\MainForm.cs(295,13): warning CA1416: 鍙湪鎵€鏈夊钩鍙颁笂璁块棶姝よ皟鐢ㄧ珯鐐广€?Application.Exit()" 浠呭湪 "windows" 6.1 鍙婃洿楂樼増鏈?涓婂彈鏀寔銆?(https://learn.microsoft.com/dotnet/fundamentals/code-analysis/quality-rules/ca1416) [D:\workspace\ScreenTimeController\ScreenTimeController.csproj]
D:\workspace\ScreenTimeController\MainForm.cs(301,17): warning CA1416: 鍙湪鎵€鏈夊钩鍙颁笂璁块棶姝よ皟鐢ㄧ珯鐐广€?Form.ShowDialog()" 浠呭湪 "windows" 6.1 鍙婃洿楂樼増鏈?涓婂彈鏀寔銆?(https://learn.microsoft.com/dotnet/fundamentals/code-analysis/quality-rules/ca1416) [D:\workspace\ScreenTimeController\ScreenTimeController.csproj]
D:\workspace\ScreenTimeController\MainForm.cs(314,17): warning CA1416: 鍙湪鎵€鏈夊钩鍙颁笂璁块棶姝よ皟鐢ㄧ珯鐐广€?Form.WindowState" 浠呭湪 "windows" 6.1 鍙婃洿楂樼増鏈?涓婂彈鏀寔銆?(https://learn.microsoft.com/dotnet/fundamentals/code-analysis/quality-rules/ca1416) [D:\workspace\ScreenTimeController\ScreenTimeController.csproj]
D:\workspace\ScreenTimeController\MainForm.cs(314,31): warning CA1416: 鍙湪鎵€鏈夊钩鍙颁笂璁块棶姝よ皟鐢ㄧ珯鐐广€?FormWindowState.Minimized" 浠呭湪 "windows" 6.1 鍙婃洿楂樼増鏈?涓婂彈鏀寔銆?(https://learn.microsoft.com/dotnet/fundamentals/code-analysis/quality-rules/ca1416) [D:\workspace\ScreenTimeController\ScreenTimeController.csproj]
D:\workspace\ScreenTimeController\MainForm.cs(315,17): warning CA1416: 鍙湪鎵€鏈夊钩鍙颁笂璁块棶姝よ皟鐢ㄧ珯鐐广€?Form.ShowInTaskbar" 浠呭湪 "windows" 6.1 鍙婃洿楂樼増鏈?涓婂彈鏀寔銆?(https://learn.microsoft.com/dotnet/fundamentals/code-analysis/quality-rules/ca1416) [D:\workspace\ScreenTimeController\ScreenTimeController.csproj]
D:\workspace\ScreenTimeController\MainForm.cs(311,17): warning CA1416: 鍙湪鎵€鏈夊钩鍙颁笂璁块棶姝よ皟鐢ㄧ珯鐐广€?FormClosingEventArgs.CloseReason" 浠呭湪 "windows" 6.1 鍙婃洿楂樼増鏈?涓婂彈鏀寔銆?(https://learn.microsoft.com/dotnet/fundamentals/code-analysis/quality-rules/ca1416) [D:\workspace\ScreenTimeController\ScreenTimeController.csproj]
D:\workspace\ScreenTimeController\MainForm.cs(317,13): warning CA1416: 鍙湪鎵€鏈夊钩鍙颁笂璁块棶姝よ皟鐢ㄧ珯鐐广€?Form.OnFormClosing(FormClosingEventArgs)" 浠呭湪 "windows" 6.1 鍙婃洿楂樼増鏈?涓婂彈鏀寔銆?(https://learn.microsoft.com/dotnet/fundamentals/code-analysis/quality-rules/ca1416) [D:\workspace\ScreenTimeController\ScreenTimeController.csproj]
D:\workspace\ScreenTimeController\MainForm.cs(330,13): warning CA1416: 鍙湪鎵€鏈夊钩鍙颁笂璁块棶姝よ皟鐢ㄧ珯鐐广€?Control.Name" 浠呭湪 "windows" 6.1 鍙婃洿楂樼増鏈?涓婂彈鏀寔銆?(https://learn.microsoft.com/dotnet/fundamentals/code-analysis/quality-rules/ca1416) [D:\workspace\ScreenTimeController\ScreenTimeController.csproj]
D:\workspace\ScreenTimeController\MainForm.cs(328,34): warning CA1416: 鍙湪鎵€鏈夊钩鍙颁笂璁块棶姝よ皟鐢ㄧ珯鐐广€?AutoScaleMode.Font" 浠呭湪 "windows" 6.1 鍙婃洿楂樼増鏈?涓婂彈鏀寔銆?(https://learn.microsoft.com/dotnet/fundamentals/code-analysis/quality-rules/ca1416) [D:\workspace\ScreenTimeController\ScreenTimeController.csproj]
D:\workspace\ScreenTimeController\MainForm.cs(329,13): warning CA1416: 鍙湪鎵€鏈夊钩鍙颁笂璁块棶姝よ皟鐢ㄧ珯鐐广€?Form.ClientSize" 浠呭湪 "windows" 6.1 鍙婃洿楂樼増鏈?涓婂彈鏀寔銆?(https://learn.microsoft.com/dotnet/fundamentals/code-analysis/quality-rules/ca1416) [D:\workspace\ScreenTimeController\ScreenTimeController.csproj]
D:\workspace\ScreenTimeController\MainForm.cs(332,13): warning CA1416: 鍙湪鎵€鏈夊钩鍙颁笂璁块棶姝よ皟鐢ㄧ珯鐐广€?Control.ResumeLayout(bool)" 浠呭湪 "windows" 6.1 鍙婃洿楂樼増鏈?涓婂彈鏀寔銆?(https://learn.microsoft.com/dotnet/fundamentals/code-analysis/quality-rules/ca1416) [D:\workspace\ScreenTimeController\ScreenTimeController.csproj]
D:\workspace\ScreenTimeController\MainForm.cs(328,13): warning CA1416: 鍙湪鎵€鏈夊钩鍙颁笂璁块棶姝よ皟鐢ㄧ珯鐐广€?ContainerControl.AutoScaleMode" 浠呭湪 "windows" 6.1 鍙婃洿楂樼増鏈?涓婂彈鏀寔銆?(https://learn.microsoft.com/dotnet/fundamentals/code-analysis/quality-rules/ca1416) [D:\workspace\ScreenTimeController\ScreenTimeController.csproj]
D:\workspace\ScreenTimeController\MainForm.cs(331,13): warning CA1416: 鍙湪鎵€鏈夊钩鍙颁笂璁块棶姝よ皟鐢ㄧ珯鐐广€?Form.Text" 浠呭湪 "windows" 6.1 鍙婃洿楂樼増鏈?涓婂彈鏀寔銆?(https://learn.microsoft.com/dotnet/fundamentals/code-analysis/quality-rules/ca1416) [D:\workspace\ScreenTimeController\ScreenTimeController.csproj]
D:\workspace\ScreenTimeController\SettingsForm.cs(669,28): warning CA1416: 鍙湪鎵€鏈夊钩鍙颁笂璁块棶姝よ皟鐢ㄧ珯鐐广€?DialogResult.Cancel" 浠呭湪 "windows" 6.1 鍙婃洿楂樼増鏈?涓婂彈鏀寔銆?(https://learn.microsoft.com/dotnet/fundamentals/code-analysis/quality-rules/ca1416) [D:\workspace\ScreenTimeController\ScreenTimeController.csproj]
D:\workspace\ScreenTimeController\SettingsForm.cs(670,13): warning CA1416: 鍙湪鎵€鏈夊钩鍙颁笂璁块棶姝よ皟鐢ㄧ珯鐐广€?Form.Close()" 浠呭湪 "windows" 6.1 鍙婃洿楂樼増鏈?涓婂彈鏀寔銆?(https://learn.microsoft.com/dotnet/fundamentals/code-analysis/quality-rules/ca1416) [D:\workspace\ScreenTimeController\ScreenTimeController.csproj]
D:\workspace\ScreenTimeController\SettingsForm.cs(669,13): warning CA1416: 鍙湪鎵€鏈夊钩鍙颁笂璁块棶姝よ皟鐢ㄧ珯鐐广€?Form.DialogResult" 浠呭湪 "windows" 6.1 鍙婃洿楂樼増鏈?涓婂彈鏀寔銆?(https://learn.microsoft.com/dotnet/fundamentals/code-analysis/quality-rules/ca1416) [D:\workspace\ScreenTimeController\ScreenTimeController.csproj]
D:\workspace\ScreenTimeController\SettingsForm.cs(676,13): warning CA1416: 鍙湪鎵€鏈夊钩鍙颁笂璁块棶姝よ皟鐢ㄧ珯鐐广€?Form.ShowDialog()" 浠呭湪 "windows" 6.1 鍙婃洿楂樼増鏈?涓婂彈鏀寔銆?(https://learn.microsoft.com/dotnet/fundamentals/code-analysis/quality-rules/ca1416) [D:\workspace\ScreenTimeController\ScreenTimeController.csproj]
D:\workspace\ScreenTimeController\SettingsForm.cs(649,44): warning CA1416: 鍙湪鎵€鏈夊钩鍙颁笂璁块棶姝よ皟鐢ㄧ珯鐐广€?NumericUpDown.Value" 浠呭湪 "windows" 6.1 鍙婃洿楂樼増鏈?涓婂彈鏀寔銆?(https://learn.microsoft.com/dotnet/fundamentals/code-analysis/quality-rules/ca1416) [D:\workspace\ScreenTimeController\ScreenTimeController.csproj]
D:\workspace\ScreenTimeController\SettingsForm.cs(659,44): warning CA1416: 鍙湪鎵€鏈夊钩鍙颁笂璁块棶姝よ皟鐢ㄧ珯鐐广€?NumericUpDown.Value" 浠呭湪 "windows" 6.1 鍙婃洿楂樼増鏈?涓婂彈鏀寔銆?(https://learn.microsoft.com/dotnet/fundamentals/code-analysis/quality-rules/ca1416) [D:\workspace\ScreenTimeController\ScreenTimeController.csproj]
D:\workspace\ScreenTimeController\SettingsForm.cs(663,17): warning CA1416: 鍙湪鎵€鏈夊钩鍙颁笂璁块棶姝よ皟鐢ㄧ珯鐐广€?Form.Close()" 浠呭湪 "windows" 6.1 鍙婃洿楂樼増鏈?涓婂彈鏀寔銆?(https://learn.microsoft.com/dotnet/fundamentals/code-analysis/quality-rules/ca1416) [D:\workspace\ScreenTimeController\ScreenTimeController.csproj]
D:\workspace\ScreenTimeController\SettingsForm.cs(648,42): warning CA1416: 鍙湪鎵€鏈夊钩鍙颁笂璁块棶姝よ皟鐢ㄧ珯鐐广€?NumericUpDown.Value" 浠呭湪 "windows" 6.1 鍙婃洿楂樼増鏈?涓婂彈鏀寔銆?(https://learn.microsoft.com/dotnet/fundamentals/code-analysis/quality-rules/ca1416) [D:\workspace\ScreenTimeController\ScreenTimeController.csproj]
D:\workspace\ScreenTimeController\SettingsForm.cs(644,45): warning CA1416: 鍙湪鎵€鏈夊钩鍙颁笂璁块棶姝よ皟鐢ㄧ珯鐐广€?NumericUpDown.Value" 浠呭湪 "windows" 6.1 鍙婃洿楂樼増鏈?涓婂彈鏀寔銆?(https://learn.microsoft.com/dotnet/fundamentals/code-analysis/quality-rules/ca1416) [D:\workspace\ScreenTimeController\ScreenTimeController.csproj]
D:\workspace\ScreenTimeController\SettingsForm.cs(662,17): warning CA1416: 鍙湪鎵€鏈夊钩鍙颁笂璁块棶姝よ皟鐢ㄧ珯鐐广€?Form.DialogResult" 浠呭湪 "windows" 6.1 鍙婃洿楂樼増鏈?涓婂彈鏀寔銆?(https://learn.microsoft.com/dotnet/fundamentals/code-analysis/quality-rules/ca1416) [D:\workspace\ScreenTimeController\ScreenTimeController.csproj]
D:\workspace\ScreenTimeController\SettingsForm.cs(662,32): warning CA1416: 鍙湪鎵€鏈夊钩鍙颁笂璁块棶姝よ皟鐢ㄧ珯鐐广€?DialogResult.OK" 浠呭湪 "windows" 6.1 鍙婃洿楂樼増鏈?涓婂彈鏀寔銆?(https://learn.microsoft.com/dotnet/fundamentals/code-analysis/quality-rules/ca1416) [D:\workspace\ScreenTimeController\ScreenTimeController.csproj]
D:\workspace\ScreenTimeController\SettingsForm.cs(633,40): warning CA1416: 鍙湪鎵€鏈夊钩鍙颁笂璁块棶姝よ皟鐢ㄧ珯鐐广€?NumericUpDown.Value" 浠呭湪 "windows" 6.1 鍙婃洿楂樼増鏈?涓婂彈鏀寔銆?(https://learn.microsoft.com/dotnet/fundamentals/code-analysis/quality-rules/ca1416) [D:\workspace\ScreenTimeController\ScreenTimeController.csproj]
D:\workspace\ScreenTimeController\SettingsForm.cs(654,42): warning CA1416: 鍙湪鎵€鏈夊钩鍙颁笂璁块棶姝よ皟鐢ㄧ珯鐐广€?NumericUpDown.Value" 浠呭湪 "windows" 6.1 鍙婃洿楂樼増鏈?涓婂彈鏀寔銆?(https://learn.microsoft.com/dotnet/fundamentals/code-analysis/quality-rules/ca1416) [D:\workspace\ScreenTimeController\ScreenTimeController.csproj]
D:\workspace\ScreenTimeController\SettingsForm.cs(639,43): warning CA1416: 鍙湪鎵€鏈夊钩鍙颁笂璁块棶姝よ皟鐢ㄧ珯鐐广€?NumericUpDown.Value" 浠呭湪 "windows" 6.1 鍙婃洿楂樼増鏈?涓婂彈鏀寔銆?(https://learn.microsoft.com/dotnet/fundamentals/code-analysis/quality-rules/ca1416) [D:\workspace\ScreenTimeController\ScreenTimeController.csproj]
D:\workspace\ScreenTimeController\SettingsForm.cs(634,42): warning CA1416: 鍙湪鎵€鏈夊钩鍙颁笂璁块棶姝よ皟鐢ㄧ珯鐐广€?NumericUpDown.Value" 浠呭湪 "windows" 6.1 鍙婃洿楂樼増鏈?涓婂彈鏀寔銆?(https://learn.microsoft.com/dotnet/fundamentals/code-analysis/quality-rules/ca1416) [D:\workspace\ScreenTimeController\ScreenTimeController.csproj]
D:\workspace\ScreenTimeController\SettingsForm.cs(658,42): warning CA1416: 鍙湪鎵€鏈夊钩鍙颁笂璁块棶姝よ皟鐢ㄧ珯鐐广€?NumericUpDown.Value" 浠呭湪 "windows" 6.1 鍙婃洿楂樼増鏈?涓婂彈鏀寔銆?(https://learn.microsoft.com/dotnet/fundamentals/code-analysis/quality-rules/ca1416) [D:\workspace\ScreenTimeController\ScreenTimeController.csproj]
D:\workspace\ScreenTimeController\SettingsForm.cs(629,42): warning CA1416: 鍙湪鎵€鏈夊钩鍙颁笂璁块棶姝よ皟鐢ㄧ珯鐐广€?NumericUpDown.Value" 浠呭湪 "windows" 6.1 鍙婃洿楂樼増鏈?涓婂彈鏀寔銆?(https://learn.microsoft.com/dotnet/fundamentals/code-analysis/quality-rules/ca1416) [D:\workspace\ScreenTimeController\ScreenTimeController.csproj]
D:\workspace\ScreenTimeController\SettingsForm.cs(628,40): warning CA1416: 鍙湪鎵€鏈夊钩鍙颁笂璁块棶姝よ皟鐢ㄧ珯鐐广€?NumericUpDown.Value" 浠呭湪 "windows" 6.1 鍙婃洿楂樼増鏈?涓婂彈鏀寔銆?(https://learn.microsoft.com/dotnet/fundamentals/code-analysis/quality-rules/ca1416) [D:\workspace\ScreenTimeController\ScreenTimeController.csproj]
D:\workspace\ScreenTimeController\SettingsForm.cs(653,40): warning CA1416: 鍙湪鎵€鏈夊钩鍙颁笂璁块棶姝よ皟鐢ㄧ珯鐐广€?NumericUpDown.Value" 浠呭湪 "windows" 6.1 鍙婃洿楂樼増鏈?涓婂彈鏀寔銆?(https://learn.microsoft.com/dotnet/fundamentals/code-analysis/quality-rules/ca1416) [D:\workspace\ScreenTimeController\ScreenTimeController.csproj]
D:\workspace\ScreenTimeController\SettingsForm.cs(643,43): warning CA1416: 鍙湪鎵€鏈夊钩鍙颁笂璁块棶姝よ皟鐢ㄧ珯鐐广€?NumericUpDown.Value" 浠呭湪 "windows" 6.1 鍙婃洿楂樼増鏈?涓婂彈鏀寔銆?(https://learn.microsoft.com/dotnet/fundamentals/code-analysis/quality-rules/ca1416) [D:\workspace\ScreenTimeController\ScreenTimeController.csproj]
D:\workspace\ScreenTimeController\SettingsForm.cs(638,41): warning CA1416: 鍙湪鎵€鏈夊钩鍙颁笂璁块棶姝よ皟鐢ㄧ珯鐐广€?NumericUpDown.Value" 浠呭湪 "windows" 6.1 鍙婃洿楂樼増鏈?涓婂彈鏀寔銆?(https://learn.microsoft.com/dotnet/fundamentals/code-analysis/quality-rules/ca1416) [D:\workspace\ScreenTimeController\ScreenTimeController.csproj]
D:\workspace\ScreenTimeController\SettingsForm.cs(701,13): warning CA1416: 鍙湪鎵€鏈夊钩鍙颁笂璁块棶姝よ皟鐢ㄧ珯鐐广€?NumericUpDown.Value" 浠呭湪 "windows" 6.1 鍙婃洿楂樼増鏈?涓婂彈鏀寔銆?(https://learn.microsoft.com/dotnet/fundamentals/code-analysis/quality-rules/ca1416) [D:\workspace\ScreenTimeController\ScreenTimeController.csproj]
D:\workspace\ScreenTimeController\SettingsForm.cs(699,13): warning CA1416: 鍙湪鎵€鏈夊钩鍙颁笂璁块棶姝よ皟鐢ㄧ珯鐐广€?NumericUpDown.Value" 浠呭湪 "windows" 6.1 鍙婃洿楂樼増鏈?涓婂彈鏀寔銆?(https://learn.microsoft.com/dotnet/fundamentals/code-analysis/quality-rules/ca1416) [D:\workspace\ScreenTimeController\ScreenTimeController.csproj]
D:\workspace\ScreenTimeController\SettingsForm.cs(692,13): warning CA1416: 鍙湪鎵€鏈夊钩鍙颁笂璁块棶姝よ皟鐢ㄧ珯鐐广€?NumericUpDown.Value" 浠呭湪 "windows" 6.1 鍙婃洿楂樼増鏈?涓婂彈鏀寔銆?(https://learn.microsoft.com/dotnet/fundamentals/code-analysis/quality-rules/ca1416) [D:\workspace\ScreenTimeController\ScreenTimeController.csproj]
D:\workspace\ScreenTimeController\SettingsForm.cs(686,13): warning CA1416: 鍙湪鎵€鏈夊钩鍙颁笂璁块棶姝よ皟鐢ㄧ珯鐐广€?NumericUpDown.Value" 浠呭湪 "windows" 6.1 鍙婃洿楂樼増鏈?涓婂彈鏀寔銆?(https://learn.microsoft.com/dotnet/fundamentals/code-analysis/quality-rules/ca1416) [D:\workspace\ScreenTimeController\ScreenTimeController.csproj]
D:\workspace\ScreenTimeController\SettingsForm.cs(698,13): warning CA1416: 鍙湪鎵€鏈夊钩鍙颁笂璁块棶姝よ皟鐢ㄧ珯鐐广€?NumericUpDown.Value" 浠呭湪 "windows" 6.1 鍙婃洿楂樼増鏈?涓婂彈鏀寔銆?(https://learn.microsoft.com/dotnet/fundamentals/code-analysis/quality-rules/ca1416) [D:\workspace\ScreenTimeController\ScreenTimeController.csproj]
D:\workspace\ScreenTimeController\SettingsForm.cs(689,13): warning CA1416: 鍙湪鎵€鏈夊钩鍙颁笂璁块棶姝よ皟鐢ㄧ珯鐐广€?NumericUpDown.Value" 浠呭湪 "windows" 6.1 鍙婃洿楂樼増鏈?涓婂彈鏀寔銆?(https://learn.microsoft.com/dotnet/fundamentals/code-analysis/quality-rules/ca1416) [D:\workspace\ScreenTimeController\ScreenTimeController.csproj]
D:\workspace\ScreenTimeController\SettingsForm.cs(695,13): warning CA1416: 鍙湪鎵€鏈夊钩鍙颁笂璁块棶姝よ皟鐢ㄧ珯鐐广€?NumericUpDown.Value" 浠呭湪 "windows" 6.1 鍙婃洿楂樼増鏈?涓婂彈鏀寔銆?(https://learn.microsoft.com/dotnet/fundamentals/code-analysis/quality-rules/ca1416) [D:\workspace\ScreenTimeController\ScreenTimeController.csproj]
D:\workspace\ScreenTimeController\SettingsForm.cs(687,13): warning CA1416: 鍙湪鎵€鏈夊钩鍙颁笂璁块棶姝よ皟鐢ㄧ珯鐐广€?NumericUpDown.Value" 浠呭湪 "windows" 6.1 鍙婃洿楂樼増鏈?涓婂彈鏀寔銆?(https://learn.microsoft.com/dotnet/fundamentals/code-analysis/quality-rules/ca1416) [D:\workspace\ScreenTimeController\ScreenTimeController.csproj]
D:\workspace\ScreenTimeController\SettingsForm.cs(696,13): warning CA1416: 鍙湪鎵€鏈夊钩鍙颁笂璁块棶姝よ皟鐢ㄧ珯鐐广€?NumericUpDown.Value" 浠呭湪 "windows" 6.1 鍙婃洿楂樼増鏈?涓婂彈鏀寔銆?(https://learn.microsoft.com/dotnet/fundamentals/code-analysis/quality-rules/ca1416) [D:\workspace\ScreenTimeController\ScreenTimeController.csproj]
D:\workspace\ScreenTimeController\SettingsForm.cs(682,30): warning CA1416: 鍙湪鎵€鏈夊钩鍙颁笂璁块棶姝よ皟鐢ㄧ珯鐐广€?NumericUpDown.Value" 浠呭湪 "windows" 6.1 鍙婃洿楂樼増鏈?涓婂彈鏀寔銆?(https://learn.microsoft.com/dotnet/fundamentals/code-analysis/quality-rules/ca1416) [D:\workspace\ScreenTimeController\ScreenTimeController.csproj]
D:\workspace\ScreenTimeController\SettingsForm.cs(690,13): warning CA1416: 鍙湪鎵€鏈夊钩鍙颁笂璁块棶姝よ皟鐢ㄧ珯鐐广€?NumericUpDown.Value" 浠呭湪 "windows" 6.1 鍙婃洿楂樼増鏈?涓婂彈鏀寔銆?(https://learn.microsoft.com/dotnet/fundamentals/code-analysis/quality-rules/ca1416) [D:\workspace\ScreenTimeController\ScreenTimeController.csproj]
D:\workspace\ScreenTimeController\SettingsForm.cs(683,32): warning CA1416: 鍙湪鎵€鏈夊钩鍙颁笂璁块棶姝よ皟鐢ㄧ珯鐐广€?NumericUpDown.Value" 浠呭湪 "windows" 6.1 鍙婃洿楂樼増鏈?涓婂彈鏀寔銆?(https://learn.microsoft.com/dotnet/fundamentals/code-analysis/quality-rules/ca1416) [D:\workspace\ScreenTimeController\ScreenTimeController.csproj]
D:\workspace\ScreenTimeController\SettingsForm.cs(693,13): warning CA1416: 鍙湪鎵€鏈夊钩鍙颁笂璁块棶姝よ皟鐢ㄧ珯鐐广€?NumericUpDown.Value" 浠呭湪 "windows" 6.1 鍙婃洿楂樼増鏈?涓婂彈鏀寔銆?(https://learn.microsoft.com/dotnet/fundamentals/code-analysis/quality-rules/ca1416) [D:\workspace\ScreenTimeController\ScreenTimeController.csproj]
D:\workspace\ScreenTimeController\SettingsForm.cs(702,13): warning CA1416: 鍙湪鎵€鏈夊钩鍙颁笂璁块棶姝よ皟鐢ㄧ珯鐐广€?NumericUpDown.Value" 浠呭湪 "windows" 6.1 鍙婃洿楂樼増鏈?涓婂彈鏀寔銆?(https://learn.microsoft.com/dotnet/fundamentals/code-analysis/quality-rules/ca1416) [D:\workspace\ScreenTimeController\ScreenTimeController.csproj]
D:\workspace\ScreenTimeController\SettingsForm.cs(363,13): warning CA1416: 鍙湪鎵€鏈夊钩鍙颁笂璁块棶姝よ皟鐢ㄧ珯鐐广€?TableLayoutPanel.Controls" 浠呭湪 "windows" 6.1 鍙婃洿楂樼増鏈?涓婂彈鏀寔銆?(https://learn.microsoft.com/dotnet/fundamentals/code-analysis/quality-rules/ca1416) [D:\workspace\ScreenTimeController\ScreenTimeController.csproj]
D:\workspace\ScreenTimeController\SettingsForm.cs(216,29): warning CA1416: 鍙湪鎵€鏈夊钩鍙颁笂璁块棶姝よ皟鐢ㄧ珯鐐广€?ContentAlignment.MiddleCenter" 浠呭湪 "windows" 6.1 鍙婃洿楂樼増鏈?涓婂彈鏀寔銆?(https://learn.microsoft.com/dotnet/fundamentals/code-analysis/quality-rules/ca1416) [D:\workspace\ScreenTimeController\ScreenTimeController.csproj]
D:\workspace\ScreenTimeController\SettingsForm.cs(163,34): warning CA1416: 鍙湪鎵€鏈夊钩鍙颁笂璁块棶姝よ皟鐢ㄧ珯鐐广€?AutoScaleMode.Font" 浠呭湪 "windows" 6.1 鍙婃洿楂樼増鏈?涓婂彈鏀寔銆?(https://learn.microsoft.com/dotnet/fundamentals/code-analysis/quality-rules/ca1416) [D:\workspace\ScreenTimeController\ScreenTimeController.csproj]
D:\workspace\ScreenTimeController\SettingsForm.cs(563,17): warning CA1416: 鍙湪鎵€鏈夊钩鍙颁笂璁块棶姝よ皟鐢ㄧ珯鐐广€?ButtonBase.Text" 浠呭湪 "windows" 6.1 鍙婃洿楂樼増鏈?涓婂彈鏀寔銆?(https://learn.microsoft.com/dotnet/fundamentals/code-analysis/quality-rules/ca1416) [D:\workspace\ScreenTimeController\ScreenTimeController.csproj]
D:\workspace\ScreenTimeController\SettingsForm.cs(522,17): warning CA1416: 鍙湪鎵€鏈夊钩鍙颁笂璁块棶姝よ皟鐢ㄧ珯鐐广€?NumericUpDown.Maximum" 浠呭湪 "windows" 6.1 鍙婃洿楂樼増鏈?涓婂彈鏀寔銆?(https://learn.microsoft.com/dotnet/fundamentals/code-analysis/quality-rules/ca1416) [D:\workspace\ScreenTimeController\ScreenTimeController.csproj]
D:\workspace\ScreenTimeController\SettingsForm.cs(301,17): warning CA1416: 鍙湪鎵€鏈夊钩鍙颁笂璁块棶姝よ皟鐢ㄧ珯鐐广€?NumericUpDown.Maximum" 浠呭湪 "windows" 6.1 鍙婃洿楂樼増鏈?涓婂彈鏀寔銆?(https://learn.microsoft.com/dotnet/fundamentals/code-analysis/quality-rules/ca1416) [D:\workspace\ScreenTimeController\ScreenTimeController.csproj]
D:\workspace\ScreenTimeController\SettingsForm.cs(243,17): warning CA1416: 鍙湪鎵€鏈夊钩鍙颁笂璁块棶姝よ皟鐢ㄧ珯鐐广€?Label.Text" 浠呭湪 "windows" 6.1 鍙婃洿楂樼増鏈?涓婂彈鏀寔銆?(https://learn.microsoft.com/dotnet/fundamentals/code-analysis/quality-rules/ca1416) [D:\workspace\ScreenTimeController\ScreenTimeController.csproj]
D:\workspace\ScreenTimeController\SettingsForm.cs(464,17): warning CA1416: 鍙湪鎵€鏈夊钩鍙颁笂璁块棶姝よ皟鐢ㄧ珯鐐广€?Label.Text" 浠呭湪 "windows" 6.1 鍙婃洿楂樼増鏈?涓婂彈鏀寔銆?(https://learn.microsoft.com/dotnet/fundamentals/code-analysis/quality-rules/ca1416) [D:\workspace\ScreenTimeController\ScreenTimeController.csproj]
D:\workspace\ScreenTimeController\SettingsForm.cs(392,13): warning CA1416: 鍙湪鎵€鏈夊钩鍙颁笂璁块棶姝よ皟鐢ㄧ珯鐐广€?TableLayoutControlCollection.Add(Control, int, int)" 浠呭湪 "windows" 6.1 鍙婃洿楂樼増鏈?涓婂彈鏀寔銆?(https://learn.microsoft.com/dotnet/fundamentals/code-analysis/quality-rules/ca1416) [D:\workspace\ScreenTimeController\ScreenTimeController.csproj]
D:\workspace\ScreenTimeController\SettingsForm.cs(292,24): warning CA1416: 鍙湪鎵€鏈夊钩鍙颁笂璁块棶姝よ皟鐢ㄧ珯鐐广€?Font" 浠呭湪 "windows" 6.1 鍙婃洿楂樼増鏈?涓婂彈鏀寔銆?(https://learn.microsoft.com/dotnet/fundamentals/code-analysis/quality-rules/ca1416) [D:\workspace\ScreenTimeController\ScreenTimeController.csproj]
D:\workspace\ScreenTimeController\SettingsForm.cs(186,47): warning CA1416: 鍙湪鎵€鏈夊钩鍙颁笂璁块棶姝よ皟鐢ㄧ珯鐐广€?ColumnStyle" 浠呭湪 "windows" 6.1 鍙婃洿楂樼増鏈?涓婂彈鏀寔銆?(https://learn.microsoft.com/dotnet/fundamentals/code-analysis/quality-rules/ca1416) [D:\workspace\ScreenTimeController\ScreenTimeController.csproj]
D:\workspace\ScreenTimeController\SettingsForm.cs(348,17): warning CA1416: 鍙湪鎵€鏈夊钩鍙颁笂璁块棶姝よ皟鐢ㄧ珯鐐广€?Control.Enabled" 浠呭湪 "windows" 6.1 鍙婃洿楂樼増鏈?涓婂彈鏀寔銆?(https://learn.microsoft.com/dotnet/fundamentals/code-analysis/quality-rules/ca1416) [D:\workspace\ScreenTimeController\ScreenTimeController.csproj]
D:\workspace\ScreenTimeController\SettingsForm.cs(552,17): warning CA1416: 鍙湪鎵€鏈夊钩鍙颁笂璁块棶姝よ皟鐢ㄧ珯鐐广€?Label.TextAlign" 浠呭湪 "windows" 6.1 鍙婃洿楂樼増鏈?涓婂彈鏀寔銆?(https://learn.microsoft.com/dotnet/fundamentals/code-analysis/quality-rules/ca1416) [D:\workspace\ScreenTimeController\ScreenTimeController.csproj]
D:\workspace\ScreenTimeController\SettingsForm.cs(320,17): warning CA1416: 鍙湪鎵€鏈夊钩鍙颁笂璁块棶姝よ皟鐢ㄧ珯鐐广€?Label.Text" 浠呭湪 "windows" 6.1 鍙婃洿楂樼増鏈?涓婂彈鏀寔銆?(https://learn.microsoft.com/dotnet/fundamentals/code-analysis/quality-rules/ca1416) [D:\workspace\ScreenTimeController\ScreenTimeController.csproj]
D:\workspace\ScreenTimeController\SettingsForm.cs(163,13): warning CA1416: 鍙湪鎵€鏈夊钩鍙颁笂璁块棶姝よ皟鐢ㄧ珯鐐广€?ContainerControl.AutoScaleMode" 浠呭湪 "windows" 6.1 鍙婃洿楂樼増鏈?涓婂彈鏀寔銆?(https://learn.microsoft.com/dotnet/fundamentals/code-analysis/quality-rules/ca1416) [D:\workspace\ScreenTimeController\ScreenTimeController.csproj]
D:\workspace\ScreenTimeController\SettingsForm.cs(182,13): warning CA1416: 鍙湪鎵€鏈夊钩鍙颁笂璁块棶姝よ皟鐢ㄧ珯鐐广€?TableLayoutPanel.ColumnStyles" 浠呭湪 "windows" 6.1 鍙婃洿楂樼増鏈?涓婂彈鏀寔銆?(https://learn.microsoft.com/dotnet/fundamentals/code-analysis/quality-rules/ca1416) [D:\workspace\ScreenTimeController\ScreenTimeController.csproj]
D:\workspace\ScreenTimeController\SettingsForm.cs(390,26): warning CA1416: 鍙湪鎵€鏈夊钩鍙颁笂璁块棶姝よ皟鐢ㄧ珯鐐广€?Padding" 浠呭湪 "windows" 6.1 鍙婃洿楂樼増鏈?涓婂彈鏀寔銆?(https://learn.microsoft.com/dotnet/fundamentals/code-analysis/quality-rules/ca1416) [D:\workspace\ScreenTimeController\ScreenTimeController.csproj]
D:\workspace\ScreenTimeController\SettingsForm.cs(567,17): warning CA1416: 鍙湪鎵€鏈夊钩鍙颁笂璁块棶姝よ皟鐢ㄧ珯鐐广€?ButtonBase.BackColor" 浠呭湪 "windows" 6.1 鍙婃洿楂樼増鏈?涓婂彈鏀寔銆?(https://learn.microsoft.com/dotnet/fundamentals/code-analysis/quality-rules/ca1416) [D:\workspace\ScreenTimeController\ScreenTimeController.csproj]
D:\workspace\ScreenTimeController\SettingsForm.cs(380,24): warning CA1416: 鍙湪鎵€鏈夊钩鍙颁笂璁块棶姝よ皟鐢ㄧ珯鐐广€?Font" 浠呭湪 "windows" 6.1 鍙婃洿楂樼増鏈?涓婂彈鏀寔銆?(https://learn.microsoft.com/dotnet/fundamentals/code-analysis/quality-rules/ca1416) [D:\workspace\ScreenTimeController\ScreenTimeController.csproj]
D:\workspace\ScreenTimeController\SettingsForm.cs(306,13): warning CA1416: 鍙湪鎵€鏈夊钩鍙颁笂璁块棶姝よ皟鐢ㄧ珯鐐广€?TableLayoutControlCollection.Add(Control, int, int)" 浠呭湪 "windows" 6.1 鍙婃洿楂樼増鏈?涓婂彈鏀寔銆?(https://learn.microsoft.com/dotnet/fundamentals/code-analysis/quality-rules/ca1416) [D:\workspace\ScreenTimeController\ScreenTimeController.csproj]
D:\workspace\ScreenTimeController\SettingsForm.cs(258,13): warning CA1416: 鍙湪鎵€鏈夊钩鍙颁笂璁块棶姝よ皟鐢ㄧ珯鐐广€?TableLayoutPanel.Controls" 浠呭湪 "windows" 6.1 鍙婃洿楂樼増鏈?涓婂彈鏀寔銆?(https://learn.microsoft.com/dotnet/fundamentals/code-analysis/quality-rules/ca1416) [D:\workspace\ScreenTimeController\ScreenTimeController.csproj]
D:\workspace\ScreenTimeController\SettingsForm.cs(476,17): warning CA1416: 鍙湪鎵€鏈夊钩鍙颁笂璁块棶姝よ皟鐢ㄧ珯鐐广€?Control.Font" 浠呭湪 "windows" 6.1 鍙婃洿楂樼増鏈?涓婂彈鏀寔銆?(https://learn.microsoft.com/dotnet/fundamentals/code-analysis/quality-rules/ca1416) [D:\workspace\ScreenTimeController\ScreenTimeController.csproj]
D:\workspace\ScreenTimeController\SettingsForm.cs(379,17): warning CA1416: 鍙湪鎵€鏈夊钩鍙颁笂璁块棶姝よ皟鐢ㄧ珯鐐广€?NumericUpDown.Minimum" 浠呭湪 "windows" 6.1 鍙婃洿楂樼増鏈?涓婂彈鏀寔銆?(https://learn.microsoft.com/dotnet/fundamentals/code-analysis/quality-rules/ca1416) [D:\workspace\ScreenTimeController\ScreenTimeController.csproj]
D:\workspace\ScreenTimeController\SettingsForm.cs(399,17): warning CA1416: 鍙湪鎵€鏈夊钩鍙颁笂璁块棶姝よ皟鐢ㄧ珯鐐广€?Control.Font" 浠呭湪 "windows" 6.1 鍙婃洿楂樼増鏈?涓婂彈鏀寔銆?(https://learn.microsoft.com/dotnet/fundamentals/code-analysis/quality-rules/ca1416) [D:\workspace\ScreenTimeController\ScreenTimeController.csproj]
D:\workspace\ScreenTimeController\SettingsForm.cs(467,26): warning CA1416: 鍙湪鎵€鏈夊钩鍙颁笂璁块棶姝よ皟鐢ㄧ珯鐐广€?Padding" 浠呭湪 "windows" 6.1 鍙婃洿楂樼増鏈?涓婂彈鏀寔銆?(https://learn.microsoft.com/dotnet/fundamentals/code-analysis/quality-rules/ca1416) [D:\workspace\ScreenTimeController\ScreenTimeController.csproj]
D:\workspace\ScreenTimeController\SettingsForm.cs(457,17): warning CA1416: 鍙湪鎵€鏈夊钩鍙颁笂璁块棶姝よ皟鐢ㄧ珯鐐广€?Control.Margin" 浠呭湪 "windows" 6.1 鍙婃洿楂樼増鏈?涓婂彈鏀寔銆?(https://learn.microsoft.com/dotnet/fundamentals/code-analysis/quality-rules/ca1416) [D:\workspace\ScreenTimeController\ScreenTimeController.csproj]
D:\workspace\ScreenTimeController\SettingsForm.cs(302,17): warning CA1416: 鍙湪鎵€鏈夊钩鍙颁笂璁块棶姝よ皟鐢ㄧ珯鐐广€?NumericUpDown.Minimum" 浠呭湪 "windows" 6.1 鍙婃洿楂樼増鏈?涓婂彈鏀寔銆?(https://learn.microsoft.com/dotnet/fundamentals/code-analysis/quality-rules/ca1416) [D:\workspace\ScreenTimeController\ScreenTimeController.csproj]
D:\workspace\ScreenTimeController\SettingsForm.cs(285,26): warning CA1416: 鍙湪鎵€鏈夊钩鍙颁笂璁块棶姝よ皟鐢ㄧ珯鐐广€?Padding" 浠呭湪 "windows" 6.1 鍙婃洿楂樼増鏈?涓婂彈鏀寔銆?(https://learn.microsoft.com/dotnet/fundamentals/code-analysis/quality-rules/ca1416) [D:\workspace\ScreenTimeController\ScreenTimeController.csproj]
D:\workspace\ScreenTimeController\SettingsForm.cs(418,17): warning CA1416: 鍙湪鎵€鏈夊钩鍙颁笂璁块棶姝よ皟鐢ㄧ珯鐐广€?Label.TextAlign" 浠呭湪 "windows" 6.1 鍙婃洿楂樼増鏈?涓婂彈鏀寔銆?(https://learn.microsoft.com/dotnet/fundamentals/code-analysis/quality-rules/ca1416) [D:\workspace\ScreenTimeController\ScreenTimeController.csproj]
D:\workspace\ScreenTimeController\SettingsForm.cs(371,26): warning CA1416: 鍙湪鎵€鏈夊钩鍙颁笂璁块棶姝よ皟鐢ㄧ珯鐐广€?Padding" 浠呭湪 "windows" 6.1 鍙婃洿楂樼増鏈?涓婂彈鏀寔銆?(https://learn.microsoft.com/dotnet/fundamentals/code-analysis/quality-rules/ca1416) [D:\workspace\ScreenTimeController\ScreenTimeController.csproj]
D:\workspace\ScreenTimeController\SettingsForm.cs(510,30): warning CA1416: 鍙湪鎵€鏈夊钩鍙颁笂璁块棶姝よ皟鐢ㄧ珯鐐广€?Label" 浠呭湪 "windows" 6.1 鍙婃洿楂樼増鏈?涓婂彈鏀寔銆?(https://learn.microsoft.com/dotnet/fundamentals/code-analysis/quality-rules/ca1416) [D:\workspace\ScreenTimeController\ScreenTimeController.csproj]
D:\workspace\ScreenTimeController\SettingsForm.cs(465,17): warning CA1416: 鍙湪鎵€鏈夊钩鍙颁笂璁块棶姝よ皟鐢ㄧ珯鐐广€?Control.Font" 浠呭湪 "windows" 6.1 鍙婃洿楂樼増鏈?涓婂彈鏀寔銆?(https://learn.microsoft.com/dotnet/fundamentals/code-analysis/quality-rules/ca1416) [D:\workspace\ScreenTimeController\ScreenTimeController.csproj]
D:\workspace\ScreenTimeController\SettingsForm.cs(298,43): warning CA1416: 鍙湪鎵€鏈夊钩鍙颁笂璁块棶姝よ皟鐢ㄧ珯鐐广€?NumericUpDown" 浠呭湪 "windows" 6.1 鍙婃洿楂樼増鏈?涓婂彈鏀寔銆?(https://learn.microsoft.com/dotnet/fundamentals/code-analysis/quality-rules/ca1416) [D:\workspace\ScreenTimeController\ScreenTimeController.csproj]
D:\workspace\ScreenTimeController\SettingsForm.cs(546,13): warning CA1416: 鍙湪鎵€鏈夊钩鍙颁笂璁块棶姝よ皟鐢ㄧ珯鐐广€?TableLayoutPanel.Controls" 浠呭湪 "windows" 6.1 鍙婃洿楂樼増鏈?涓婂彈鏀寔銆?(https://learn.microsoft.com/dotnet/fundamentals/code-analysis/quality-rules/ca1416) [D:\workspace\ScreenTimeController\ScreenTimeController.csproj]
D:\workspace\ScreenTimeController\SettingsForm.cs(560,33): warning CA1416: 鍙湪鎵€鏈夊钩鍙颁笂璁块棶姝よ皟鐢ㄧ珯鐐广€?Button" 浠呭湪 "windows" 6.1 鍙婃洿楂樼増鏈?涓婂彈鏀寔銆?(https://learn.microsoft.com/dotnet/fundamentals/code-analysis/quality-rules/ca1416) [D:\workspace\ScreenTimeController\ScreenTimeController.csproj]
D:\workspace\ScreenTimeController\SettingsForm.cs(409,26): warning CA1416: 鍙湪鎵€鏈夊钩鍙颁笂璁块棶姝よ皟鐢ㄧ珯鐐广€?Padding" 浠呭湪 "windows" 6.1 鍙婃洿楂樼増鏈?涓婂彈鏀寔銆?(https://learn.microsoft.com/dotnet/fundamentals/code-analysis/quality-rules/ca1416) [D:\workspace\ScreenTimeController\ScreenTimeController.csproj]
D:\workspace\ScreenTimeController\SettingsForm.cs(378,17): warning CA1416: 鍙湪鎵€鏈夊钩鍙颁笂璁块棶姝よ皟鐢ㄧ珯鐐广€?NumericUpDown.Maximum" 浠呭湪 "windows" 6.1 鍙婃洿楂樼増鏈?涓婂彈鏀寔銆?(https://learn.microsoft.com/dotnet/fundamentals/code-analysis/quality-rules/ca1416) [D:\workspace\ScreenTimeController\ScreenTimeController.csproj]
D:\workspace\ScreenTimeController\SettingsForm.cs(303,24): warning CA1416: 鍙湪鎵€鏈夊钩鍙颁笂璁块棶姝よ皟鐢ㄧ珯鐐广€?Font" 浠呭湪 "windows" 6.1 鍙婃洿楂樼増鏈?涓婂彈鏀寔銆?(https://learn.microsoft.com/dotnet/fundamentals/code-analysis/quality-rules/ca1416) [D:\workspace\ScreenTimeController\ScreenTimeController.csproj]
D:\workspace\ScreenTimeController\SettingsForm.cs(471,41): warning CA1416: 鍙湪鎵€鏈夊钩鍙颁笂璁块棶姝よ皟鐢ㄧ珯鐐广€?NumericUpDown" 浠呭湪 "windows" 6.1 鍙婃洿楂樼増鏈?涓婂彈鏀寔銆?(https://learn.microsoft.com/dotnet/fundamentals/code-analysis/quality-rules/ca1416) [D:\workspace\ScreenTimeController\ScreenTimeController.csproj]
D:\workspace\ScreenTimeController\SettingsForm.cs(339,17): warning CA1416: 鍙湪鎵€鏈夊钩鍙颁笂璁块棶姝よ皟鐢ㄧ珯鐐广€?Label.Text" 浠呭湪 "windows" 6.1 鍙婃洿楂樼増鏈?涓婂彈鏀寔銆?(https://learn.microsoft.com/dotnet/fundamentals/code-analysis/quality-rules/ca1416) [D:\workspace\ScreenTimeController\ScreenTimeController.csproj]
D:\workspace\ScreenTimeController\SettingsForm.cs(476,24): warning CA1416: 鍙湪鎵€鏈夊钩鍙颁笂璁块棶姝よ皟鐢ㄧ珯鐐广€?Font" 浠呭湪 "windows" 6.1 鍙婃洿楂樼増鏈?涓婂彈鏀寔銆?(https://learn.microsoft.com/dotnet/fundamentals/code-analysis/quality-rules/ca1416) [D:\workspace\ScreenTimeController\ScreenTimeController.csproj]
D:\workspace\ScreenTimeController\SettingsForm.cs(459,13): warning CA1416: 鍙湪鎵€鏈夊钩鍙颁笂璁块棶姝よ皟鐢ㄧ珯鐐广€?TableLayoutPanel.Controls" 浠呭湪 "windows" 6.1 鍙婃洿楂樼増鏈?涓婂彈鏀寔銆?(https://learn.microsoft.com/dotnet/fundamentals/code-analysis/quality-rules/ca1416) [D:\workspace\ScreenTimeController\ScreenTimeController.csproj]
D:\workspace\ScreenTimeController\SettingsForm.cs(225,17): warning CA1416: 鍙湪鎵€鏈夊钩鍙颁笂璁块棶姝よ皟鐢ㄧ珯鐐广€?Control.Font" 浠呭湪 "windows" 6.1 鍙婃洿楂樼増鏈?涓婂彈鏀寔銆?(https://learn.microsoft.com/dotnet/fundamentals/code-analysis/quality-rules/ca1416) [D:\workspace\ScreenTimeController\ScreenTimeController.csproj]
D:\workspace\ScreenTimeController\SettingsForm.cs(604,13): warning CA1416: 鍙湪鎵€鏈夊钩鍙颁笂璁块棶姝よ皟鐢ㄧ珯鐐广€?Control.Click" 浠呭湪 "windows" 6.1 鍙婃洿楂樼増鏈?涓婂彈鏀寔銆?(https://learn.microsoft.com/dotnet/fundamentals/code-analysis/quality-rules/ca1416) [D:\workspace\ScreenTimeController\ScreenTimeController.csproj]
D:\workspace\ScreenTimeController\SettingsForm.cs(597,17): warning CA1416: 鍙湪鎵€鏈夊钩鍙颁笂璁块棶姝よ皟鐢ㄧ珯鐐广€?Control.Location" 浠呭湪 "windows" 6.1 鍙婃洿楂樼増鏈?涓婂彈鏀寔銆?(https://learn.microsoft.com/dotnet/fundamentals/code-analysis/quality-rules/ca1416) [D:\workspace\ScreenTimeController\ScreenTimeController.csproj]
D:\workspace\ScreenTimeController\SettingsForm.cs(400,26): warning CA1416: 鍙湪鎵€鏈夊钩鍙颁笂璁块棶姝よ皟鐢ㄧ珯鐐广€?Padding" 浠呭湪 "windows" 6.1 鍙婃洿楂樼増鏈?涓婂彈鏀寔銆?(https://learn.microsoft.com/dotnet/fundamentals/code-analysis/quality-rules/ca1416) [D:\workspace\ScreenTimeController\ScreenTimeController.csproj]
D:\workspace\ScreenTimeController\SettingsForm.cs(225,24): warning CA1416: 鍙湪鎵€鏈夊钩鍙颁笂璁块棶姝よ皟鐢ㄧ珯鐐广€?Font" 浠呭湪 "windows" 6.1 鍙婃洿楂樼増鏈?涓婂彈鏀寔銆?(https://learn.microsoft.com/dotnet/fundamentals/code-analysis/quality-rules/ca1416) [D:\workspace\ScreenTimeController\ScreenTimeController.csproj]
D:\workspace\ScreenTimeController\SettingsForm.cs(619,13): warning CA1416: 鍙湪鎵€鏈夊钩鍙颁笂璁块棶姝よ皟鐢ㄧ珯鐐广€?Control.Click" 浠呭湪 "windows" 6.1 鍙婃洿楂樼増鏈?涓婂彈鏀寔銆?(https://learn.microsoft.com/dotnet/fundamentals/code-analysis/quality-rules/ca1416) [D:\workspace\ScreenTimeController\ScreenTimeController.csproj]
D:\workspace\ScreenTimeController\SettingsForm.cs(452,37): warning CA1416: 鍙湪鎵€鏈夊钩鍙颁笂璁块棶姝よ皟鐢ㄧ珯鐐广€?Label" 浠呭湪 "windows" 6.1 鍙婃洿楂樼増鏈?涓婂彈鏀寔銆?(https://learn.microsoft.com/dotnet/fundamentals/code-analysis/quality-rules/ca1416) [D:\workspace\ScreenTimeController\ScreenTimeController.csproj]
D:\workspace\ScreenTimeController\SettingsForm.cs(418,29): warning CA1416: 鍙湪鎵€鏈夊钩鍙颁笂璁块棶姝よ皟鐢ㄧ珯鐐广€?ContentAlignment.MiddleLeft" 浠呭湪 "windows" 6.1 鍙婃洿楂樼増鏈?涓婂彈鏀寔銆?(https://learn.microsoft.com/dotnet/fundamentals/code-analysis/quality-rules/ca1416) [D:\workspace\ScreenTimeController\ScreenTimeController.csproj]
D:\workspace\ScreenTimeController\SettingsForm.cs(620,13): warning CA1416: 鍙湪鎵€鏈夊钩鍙颁笂璁块棶姝よ皟鐢ㄧ珯鐐广€?Control.ControlCollection.Add(Control?)" 浠呭湪 "windows" 6.1 鍙婃洿楂樼増鏈?涓婂彈鏀寔銆?(https://learn.microsoft.com/dotnet/fundamentals/code-analysis/quality-rules/ca1416) [D:\workspace\ScreenTimeController\ScreenTimeController.csproj]
D:\workspace\ScreenTimeController\SettingsForm.cs(614,17): warning CA1416: 鍙湪鎵€鏈夊钩鍙颁笂璁块棶姝よ皟鐢ㄧ珯鐐广€?ButtonBase.BackColor" 浠呭湪 "windows" 6.1 鍙婃洿楂樼増鏈?涓婂彈鏀寔銆?(https://learn.microsoft.com/dotnet/fundamentals/code-analysis/quality-rules/ca1416) [D:\workspace\ScreenTimeController\ScreenTimeController.csproj]
D:\workspace\ScreenTimeController\SettingsForm.cs(226,17): warning CA1416: 鍙湪鎵€鏈夊钩鍙颁笂璁块棶姝よ皟鐢ㄧ珯鐐广€?Label.TextAlign" 浠呭湪 "windows" 6.1 鍙婃洿楂樼増鏈?涓婂彈鏀寔銆?(https://learn.microsoft.com/dotnet/fundamentals/code-analysis/quality-rules/ca1416) [D:\workspace\ScreenTimeController\ScreenTimeController.csproj]
D:\workspace\ScreenTimeController\SettingsForm.cs(615,17): warning CA1416: 鍙湪鎵€鏈夊钩鍙颁笂璁块棶姝よ皟鐢ㄧ珯鐐广€?Control.ForeColor" 浠呭湪 "windows" 6.1 鍙婃洿楂樼増鏈?涓婂彈鏀寔銆?(https://learn.microsoft.com/dotnet/fundamentals/code-analysis/quality-rules/ca1416) [D:\workspace\ScreenTimeController\ScreenTimeController.csproj]
D:\workspace\ScreenTimeController\SettingsForm.cs(184,13): warning CA1416: 鍙湪鎵€鏈夊钩鍙颁笂璁块棶姝よ皟鐢ㄧ珯鐐广€?TableLayoutPanel.ColumnStyles" 浠呭湪 "windows" 6.1 鍙婃洿楂樼増鏈?涓婂彈鏀寔銆?(https://learn.microsoft.com/dotnet/fundamentals/code-analysis/quality-rules/ca1416) [D:\workspace\ScreenTimeController\ScreenTimeController.csproj]
D:\workspace\ScreenTimeController\SettingsForm.cs(369,17): warning CA1416: 鍙湪鎵€鏈夊钩鍙颁笂璁块棶姝よ皟鐢ㄧ珯鐐广€?Control.Font" 浠呭湪 "windows" 6.1 鍙婃洿楂樼増鏈?涓婂彈鏀寔銆?(https://learn.microsoft.com/dotnet/fundamentals/code-analysis/quality-rules/ca1416) [D:\workspace\ScreenTimeController\ScreenTimeController.csproj]
D:\workspace\ScreenTimeController\SettingsForm.cs(371,17): warning CA1416: 鍙湪鎵€鏈夊钩鍙颁笂璁块棶姝よ皟鐢ㄧ珯鐐广€?Control.Margin" 浠呭湪 "windows" 6.1 鍙婃洿楂樼増鏈?涓婂彈鏀寔銆?(https://learn.microsoft.com/dotnet/fundamentals/code-analysis/quality-rules/ca1416) [D:\workspace\ScreenTimeController\ScreenTimeController.csproj]
D:\workspace\ScreenTimeController\SettingsForm.cs(555,13): warning CA1416: 鍙湪鎵€鏈夊钩鍙颁笂璁块棶姝よ皟鐢ㄧ珯鐐广€?TableLayoutControlCollection.Add(Control, int, int)" 浠呭湪 "windows" 6.1 鍙婃洿楂樼増鏈?涓婂彈鏀寔銆?(https://learn.microsoft.com/dotnet/fundamentals/code-analysis/quality-rules/ca1416) [D:\workspace\ScreenTimeController\ScreenTimeController.csproj]
D:\workspace\ScreenTimeController\SettingsForm.cs(488,13): warning CA1416: 鍙湪鎵€鏈夊钩鍙颁笂璁块棶姝よ皟鐢ㄧ珯鐐广€?TableLayoutPanel.Controls" 浠呭湪 "windows" 6.1 鍙婃洿楂樼増鏈?涓婂彈鏀寔銆?(https://learn.microsoft.com/dotnet/fundamentals/code-analysis/quality-rules/ca1416) [D:\workspace\ScreenTimeController\ScreenTimeController.csproj]
D:\workspace\ScreenTimeController\SettingsForm.cs(485,17): warning CA1416: 鍙湪鎵€鏈夊钩鍙颁笂璁块棶姝よ皟鐢ㄧ珯鐐广€?Label.TextAlign" 浠呭湪 "windows" 6.1 鍙婃洿楂樼増鏈?涓婂彈鏀寔銆?(https://learn.microsoft.com/dotnet/fundamentals/code-analysis/quality-rules/ca1416) [D:\workspace\ScreenTimeController\ScreenTimeController.csproj]
D:\workspace\ScreenTimeController\SettingsForm.cs(437,17): warning CA1416: 鍙湪鎵€鏈夊钩鍙颁笂璁块棶姝よ皟鐢ㄧ珯鐐广€?Label.TextAlign" 浠呭湪 "windows" 6.1 鍙婃洿楂樼増鏈?涓婂彈鏀寔銆?(https://learn.microsoft.com/dotnet/fundamentals/code-analysis/quality-rules/ca1416) [D:\workspace\ScreenTimeController\ScreenTimeController.csproj]
D:\workspace\ScreenTimeController\SettingsForm.cs(363,13): warning CA1416: 鍙湪鎵€鏈夊钩鍙颁笂璁块棶姝よ皟鐢ㄧ珯鐐广€?TableLayoutControlCollection.Add(Control, int, int)" 浠呭湪 "windows" 6.1 鍙婃洿楂樼増鏈?涓婂彈鏀寔銆?(https://learn.microsoft.com/dotnet/fundamentals/code-analysis/quality-rules/ca1416) [D:\workspace\ScreenTimeController\ScreenTimeController.csproj]
D:\workspace\ScreenTimeController\SettingsForm.cs(285,17): warning CA1416: 鍙湪鎵€鏈夊钩鍙颁笂璁块棶姝よ皟鐢ㄧ珯鐐广€?Control.Margin" 浠呭湪 "windows" 6.1 鍙婃洿楂樼増鏈?涓婂彈鏀寔銆?(https://learn.microsoft.com/dotnet/fundamentals/code-analysis/quality-rules/ca1416) [D:\workspace\ScreenTimeController\ScreenTimeController.csproj]
D:\workspace\ScreenTimeController\SettingsForm.cs(246,17): warning CA1416: 鍙湪鎵€鏈夊钩鍙颁笂璁块棶姝よ皟鐢ㄧ珯鐐广€?Control.Margin" 浠呭湪 "windows" 6.1 鍙婃洿楂樼増鏈?涓婂彈鏀寔銆?(https://learn.microsoft.com/dotnet/fundamentals/code-analysis/quality-rules/ca1416) [D:\workspace\ScreenTimeController\ScreenTimeController.csproj]
D:\workspace\ScreenTimeController\SettingsForm.cs(488,13): warning CA1416: 鍙湪鎵€鏈夊钩鍙颁笂璁块棶姝よ皟鐢ㄧ珯鐐广€?TableLayoutControlCollection.Add(Control, int, int)" 浠呭湪 "windows" 6.1 鍙婃洿楂樼増鏈?涓婂彈鏀寔銆?(https://learn.microsoft.com/dotnet/fundamentals/code-analysis/quality-rules/ca1416) [D:\workspace\ScreenTimeController\ScreenTimeController.csproj]
D:\workspace\ScreenTimeController\SettingsForm.cs(466,29): warning CA1416: 鍙湪鎵€鏈夊钩鍙颁笂璁块棶姝よ皟鐢ㄧ珯鐐广€?ContentAlignment.MiddleLeft" 浠呭湪 "windows" 6.1 鍙婃洿楂樼増鏈?涓婂彈鏀寔銆?(https://learn.microsoft.com/dotnet/fundamentals/code-analysis/quality-rules/ca1416) [D:\workspace\ScreenTimeController\ScreenTimeController.csproj]
D:\workspace\ScreenTimeController\SettingsForm.cs(294,26): warning CA1416: 鍙湪鎵€鏈夊钩鍙颁笂璁块棶姝よ皟鐢ㄧ珯鐐广€?Padding" 浠呭湪 "windows" 6.1 鍙婃洿楂樼増鏈?涓婂彈鏀寔銆?(https://learn.microsoft.com/dotnet/fundamentals/code-analysis/quality-rules/ca1416) [D:\workspace\ScreenTimeController\ScreenTimeController.csproj]
D:\workspace\ScreenTimeController\SettingsForm.cs(596,24): warning CA1416: 鍙湪鎵€鏈夊钩鍙颁笂璁块棶姝よ皟鐢ㄧ珯鐐广€?Font" 浠呭湪 "windows" 6.1 鍙婃洿楂樼増鏈?涓婂彈鏀寔銆?(https://learn.microsoft.com/dotnet/fundamentals/code-analysis/quality-rules/ca1416) [D:\workspace\ScreenTimeController\ScreenTimeController.csproj]
D:\workspace\ScreenTimeController\SettingsForm.cs(179,17): warning CA1416: 鍙湪鎵€鏈夊钩鍙颁笂璁块棶姝よ皟鐢ㄧ珯鐐广€?Control.BackColor" 浠呭湪 "windows" 6.1 鍙婃洿楂樼増鏈?涓婂彈鏀寔銆?(https://learn.microsoft.com/dotnet/fundamentals/code-analysis/quality-rules/ca1416) [D:\workspace\ScreenTimeController\ScreenTimeController.csproj]
D:\workspace\ScreenTimeController\SettingsForm.cs(287,13): warning CA1416: 鍙湪鎵€鏈夊钩鍙颁笂璁块棶姝よ皟鐢ㄧ珯鐐广€?TableLayoutPanel.Controls" 浠呭湪 "windows" 6.1 鍙婃洿楂樼増鏈?涓婂彈鏀寔銆?(https://learn.microsoft.com/dotnet/fundamentals/code-analysis/quality-rules/ca1416) [D:\workspace\ScreenTimeController\ScreenTimeController.csproj]
D:\workspace\ScreenTimeController\SettingsForm.cs(311,24): warning CA1416: 鍙湪鎵€鏈夊钩鍙颁笂璁块棶姝よ皟鐢ㄧ珯鐐广€?Font" 浠呭湪 "windows" 6.1 鍙婃洿楂樼増鏈?涓婂彈鏀寔銆?(https://learn.microsoft.com/dotnet/fundamentals/code-analysis/quality-rules/ca1416) [D:\workspace\ScreenTimeController\ScreenTimeController.csproj]
D:\workspace\ScreenTimeController\SettingsForm.cs(239,13): warning CA1416: 鍙湪鎵€鏈夊钩鍙颁笂璁块棶姝よ皟鐢ㄧ珯鐐广€?TableLayoutControlCollection.Add(Control, int, int)" 浠呭湪 "windows" 6.1 鍙婃洿楂樼増鏈?涓婂彈鏀寔銆?(https://learn.microsoft.com/dotnet/fundamentals/code-analysis/quality-rules/ca1416) [D:\workspace\ScreenTimeController\ScreenTimeController.csproj]
D:\workspace\ScreenTimeController\SettingsForm.cs(169,13): warning CA1416: 鍙湪鎵€鏈夊钩鍙颁笂璁块棶姝よ皟鐢ㄧ珯鐐广€?Form.StartPosition" 浠呭湪 "windows" 6.1 鍙婃洿楂樼増鏈?涓婂彈鏀寔銆?(https://learn.microsoft.com/dotnet/fundamentals/code-analysis/quality-rules/ca1416) [D:\workspace\ScreenTimeController\ScreenTimeController.csproj]
D:\workspace\ScreenTimeController\SettingsForm.cs(360,17): warning CA1416: 鍙湪鎵€鏈夊钩鍙颁笂璁块棶姝よ皟鐢ㄧ珯鐐广€?Label.TextAlign" 浠呭湪 "windows" 6.1 鍙婃洿楂樼増鏈?涓婂彈鏀寔銆?(https://learn.microsoft.com/dotnet/fundamentals/code-analysis/quality-rules/ca1416) [D:\workspace\ScreenTimeController\ScreenTimeController.csproj]
D:\workspace\ScreenTimeController\SettingsForm.cs(400,17): warning CA1416: 鍙湪鎵€鏈夊钩鍙颁笂璁块棶姝よ皟鐢ㄧ珯鐐广€?Control.Margin" 浠呭湪 "windows" 6.1 鍙婃洿楂樼増鏈?涓婂彈鏀寔銆?(https://learn.microsoft.com/dotnet/fundamentals/code-analysis/quality-rules/ca1416) [D:\workspace\ScreenTimeController\ScreenTimeController.csproj]
D:\workspace\ScreenTimeController\SettingsForm.cs(168,13): warning CA1416: 鍙湪鎵€鏈夊钩鍙颁笂璁块棶姝よ皟鐢ㄧ珯鐐广€?Form.MinimizeBox" 浠呭湪 "windows" 6.1 鍙婃洿楂樼増鏈?涓婂彈鏀寔銆?(https://learn.microsoft.com/dotnet/fundamentals/code-analysis/quality-rules/ca1416) [D:\workspace\ScreenTimeController\ScreenTimeController.csproj]
D:\workspace\ScreenTimeController\SettingsForm.cs(484,24): warning CA1416: 鍙湪鎵€鏈夊钩鍙颁笂璁块棶姝よ皟鐢ㄧ珯鐐广€?Font" 浠呭湪 "windows" 6.1 鍙婃洿楂樼増鏈?涓婂彈鏀寔銆?(https://learn.microsoft.com/dotnet/fundamentals/code-analysis/quality-rules/ca1416) [D:\workspace\ScreenTimeController\ScreenTimeController.csproj]
D:\workspace\ScreenTimeController\SettingsForm.cs(498,13): warning CA1416: 鍙湪鎵€鏈夊钩鍙颁笂璁块棶姝よ皟鐢ㄧ珯鐐广€?TableLayoutControlCollection.Add(Control, int, int)" 浠呭湪 "windows" 6.1 鍙婃洿楂樼増鏈?涓婂彈鏀寔銆?(https://learn.microsoft.com/dotnet/fundamentals/code-analysis/quality-rules/ca1416) [D:\workspace\ScreenTimeController\ScreenTimeController.csproj]
D:\workspace\ScreenTimeController\SettingsForm.cs(490,43): warning CA1416: 鍙湪鎵€鏈夊钩鍙颁笂璁块棶姝よ皟鐢ㄧ珯鐐广€?NumericUpDown" 浠呭湪 "windows" 6.1 鍙婃洿楂樼増鏈?涓婂彈鏀寔銆?(https://learn.microsoft.com/dotnet/fundamentals/code-analysis/quality-rules/ca1416) [D:\workspace\ScreenTimeController\ScreenTimeController.csproj]
D:\workspace\ScreenTimeController\SettingsForm.cs(283,17): warning CA1416: 鍙湪鎵€鏈夊钩鍙颁笂璁块棶姝よ皟鐢ㄧ珯鐐广€?NumericUpDown.Minimum" 浠呭湪 "windows" 6.1 鍙婃洿楂樼増鏈?涓婂彈鏀寔銆?(https://learn.microsoft.com/dotnet/fundamentals/code-analysis/quality-rules/ca1416) [D:\workspace\ScreenTimeController\ScreenTimeController.csproj]
D:\workspace\ScreenTimeController\SettingsForm.cs(366,31): warning CA1416: 鍙湪鎵€鏈夊钩鍙颁笂璁块棶姝よ皟鐢ㄧ珯鐐广€?Label" 浠呭湪 "windows" 6.1 鍙婃洿楂樼増鏈?涓婂彈鏀寔銆?(https://learn.microsoft.com/dotnet/fundamentals/code-analysis/quality-rules/ca1416) [D:\workspace\ScreenTimeController\ScreenTimeController.csproj]
D:\workspace\ScreenTimeController\SettingsForm.cs(197,48): warning CA1416: 鍙湪鎵€鏈夊钩鍙颁笂璁块棶姝よ皟鐢ㄧ珯鐐广€?FontStyle.Bold" 浠呭湪 "windows" 6.1 鍙婃洿楂樼増鏈?涓婂彈鏀寔銆?(https://learn.microsoft.com/dotnet/fundamentals/code-analysis/quality-rules/ca1416) [D:\workspace\ScreenTimeController\ScreenTimeController.csproj]
D:\workspace\ScreenTimeController\SettingsForm.cs(275,26): warning CA1416: 鍙湪鎵€鏈夊钩鍙颁笂璁块棶姝よ皟鐢ㄧ珯鐐广€?Padding" 浠呭湪 "windows" 6.1 鍙婃洿楂樼増鏈?涓婂彈鏀寔銆?(https://learn.microsoft.com/dotnet/fundamentals/code-analysis/quality-rules/ca1416) [D:\workspace\ScreenTimeController\ScreenTimeController.csproj]
D:\workspace\ScreenTimeController\SettingsForm.cs(265,26): warning CA1416: 鍙湪鎵€鏈夊钩鍙颁笂璁块棶姝よ皟鐢ㄧ珯鐐广€?Padding" 浠呭湪 "windows" 6.1 鍙婃洿楂樼増鏈?涓婂彈鏀寔銆?(https://learn.microsoft.com/dotnet/fundamentals/code-analysis/quality-rules/ca1416) [D:\workspace\ScreenTimeController\ScreenTimeController.csproj]
D:\workspace\ScreenTimeController\SettingsForm.cs(333,17): warning CA1416: 鍙湪鎵€鏈夊钩鍙颁笂璁块棶姝よ皟鐢ㄧ珯鐐广€?Control.Margin" 浠呭湪 "windows" 6.1 鍙婃洿楂樼増鏈?涓婂彈鏀寔銆?(https://learn.microsoft.com/dotnet/fundamentals/code-analysis/quality-rules/ca1416) [D:\workspace\ScreenTimeController\ScreenTimeController.csproj]
D:\workspace\ScreenTimeController\SettingsForm.cs(536,13): warning CA1416: 鍙湪鎵€鏈夊钩鍙颁笂璁块棶姝よ皟鐢ㄧ珯鐐广€?TableLayoutControlCollection.Add(Control, int, int)" 浠呭湪 "windows" 6.1 鍙婃洿楂樼増鏈?涓婂彈鏀寔銆?(https://learn.microsoft.com/dotnet/fundamentals/code-analysis/quality-rules/ca1416) [D:\workspace\ScreenTimeController\ScreenTimeController.csproj]
D:\workspace\ScreenTimeController\SettingsForm.cs(287,13): warning CA1416: 鍙湪鎵€鏈夊钩鍙颁笂璁块棶姝よ皟鐢ㄧ珯鐐广€?TableLayoutControlCollection.Add(Control, int, int)" 浠呭湪 "windows" 6.1 鍙婃洿楂樼増鏈?涓婂彈鏀寔銆?(https://learn.microsoft.com/dotnet/fundamentals/code-analysis/quality-rules/ca1416) [D:\workspace\ScreenTimeController\ScreenTimeController.csproj]
D:\workspace\ScreenTimeController\SettingsForm.cs(571,13): warning CA1416: 鍙湪鎵€鏈夊钩鍙颁笂璁块棶姝よ皟鐢ㄧ珯鐐广€?ButtonBase.FlatAppearance" 浠呭湪 "windows" 6.1 鍙婃洿楂樼増鏈?涓婂彈鏀寔銆?(https://learn.microsoft.com/dotnet/fundamentals/code-analysis/quality-rules/ca1416) [D:\workspace\ScreenTimeController\ScreenTimeController.csproj]
D:\workspace\ScreenTimeController\SettingsForm.cs(318,29): warning CA1416: 鍙湪鎵€鏈夊钩鍙颁笂璁块棶姝よ皟鐢ㄧ珯鐐广€?Label" 浠呭湪 "windows" 6.1 鍙婃洿楂樼増鏈?涓婂彈鏀寔銆?(https://learn.microsoft.com/dotnet/fundamentals/code-analysis/quality-rules/ca1416) [D:\workspace\ScreenTimeController\ScreenTimeController.csproj]
D:\workspace\ScreenTimeController\SettingsForm.cs(237,17): warning CA1416: 鍙湪鎵€鏈夊钩鍙颁笂璁块棶姝よ皟鐢ㄧ珯鐐广€?Control.Margin" 浠呭湪 "windows" 6.1 鍙婃洿楂樼増鏈?涓婂彈鏀寔銆?(https://learn.microsoft.com/dotnet/fundamentals/code-analysis/quality-rules/ca1416) [D:\workspace\ScreenTimeController\ScreenTimeController.csproj]
D:\workspace\ScreenTimeController\SettingsForm.cs(455,17): warning CA1416: 鍙湪鎵€鏈夊钩鍙颁笂璁块棶姝よ皟鐢ㄧ珯鐐广€?Control.Font" 浠呭湪 "windows" 6.1 鍙婃洿楂樼増鏈?涓婂彈鏀寔銆?(https://learn.microsoft.com/dotnet/fundamentals/code-analysis/quality-rules/ca1416) [D:\workspace\ScreenTimeController\ScreenTimeController.csproj]
D:\workspace\ScreenTimeController\SettingsForm.cs(212,33): warning CA1416: 鍙湪鎵€鏈夊钩鍙颁笂璁块棶姝よ皟鐢ㄧ珯鐐广€?Label" 浠呭湪 "windows" 6.1 鍙婃洿楂樼増鏈?涓婂彈鏀寔銆?(https://learn.microsoft.com/dotnet/fundamentals/code-analysis/quality-rules/ca1416) [D:\workspace\ScreenTimeController\ScreenTimeController.csproj]
D:\workspace\ScreenTimeController\SettingsForm.cs(184,63): warning CA1416: 鍙湪鎵€鏈夊钩鍙颁笂璁块棶姝よ皟鐢ㄧ珯鐐广€?SizeType.Absolute" 浠呭湪 "windows" 6.1 鍙婃洿楂樼増鏈?涓婂彈鏀寔銆?(https://learn.microsoft.com/dotnet/fundamentals/code-analysis/quality-rules/ca1416) [D:\workspace\ScreenTimeController\ScreenTimeController.csproj]
D:\workspace\ScreenTimeController\SettingsForm.cs(613,17): warning CA1416: 鍙湪鎵€鏈夊钩鍙颁笂璁块棶姝よ皟鐢ㄧ珯鐐广€?Control.Size" 浠呭湪 "windows" 6.1 鍙婃洿楂樼増鏈?涓婂彈鏀寔銆?(https://learn.microsoft.com/dotnet/fundamentals/code-analysis/quality-rules/ca1416) [D:\workspace\ScreenTimeController\ScreenTimeController.csproj]
D:\workspace\ScreenTimeController\SettingsForm.cs(321,24): warning CA1416: 鍙湪鎵€鏈夊钩鍙颁笂璁块棶姝よ皟鐢ㄧ珯鐐广€?Font" 浠呭湪 "windows" 6.1 鍙婃洿楂樼増鏈?涓婂彈鏀寔銆?(https://learn.microsoft.com/dotnet/fundamentals/code-analysis/quality-rules/ca1416) [D:\workspace\ScreenTimeController\ScreenTimeController.csproj]
D:\workspace\ScreenTimeController\SettingsForm.cs(313,17): warning CA1416: 鍙湪鎵€鏈夊钩鍙颁笂璁块棶姝よ皟鐢ㄧ珯鐐广€?Control.Margin" 浠呭湪 "windows" 6.1 鍙婃洿楂樼増鏈?涓婂彈鏀寔銆?(https://learn.microsoft.com/dotnet/fundamentals/code-analysis/quality-rules/ca1416) [D:\workspace\ScreenTimeController\ScreenTimeController.csproj]
D:\workspace\ScreenTimeController\SettingsForm.cs(505,26): warning CA1416: 鍙湪鎵€鏈夊钩鍙颁笂璁块棶姝よ皟鐢ㄧ珯鐐广€?Padding" 浠呭湪 "windows" 6.1 鍙婃洿楂樼増鏈?涓婂彈鏀寔銆?(https://learn.microsoft.com/dotnet/fundamentals/code-analysis/quality-rules/ca1416) [D:\workspace\ScreenTimeController\ScreenTimeController.csproj]
D:\workspace\ScreenTimeController\SettingsForm.cs(236,24): warning CA1416: 鍙湪鎵€鏈夊钩鍙颁笂璁块棶姝よ皟鐢ㄧ珯鐐广€?Font" 浠呭湪 "windows" 6.1 鍙婃洿楂樼増鏈?涓婂彈鏀寔銆?(https://learn.microsoft.com/dotnet/fundamentals/code-analysis/quality-rules/ca1416) [D:\workspace\ScreenTimeController\ScreenTimeController.csproj]
D:\workspace\ScreenTimeController\SettingsForm.cs(544,17): warning CA1416: 鍙湪鎵€鏈夊钩鍙颁笂璁块棶姝よ皟鐢ㄧ珯鐐广€?Control.Margin" 浠呭湪 "windows" 6.1 鍙婃洿楂樼増鏈?涓婂彈鏀寔銆?(https://learn.microsoft.com/dotnet/fundamentals/code-analysis/quality-rules/ca1416) [D:\workspace\ScreenTimeController\ScreenTimeController.csproj]
D:\workspace\ScreenTimeController\SettingsForm.cs(166,13): warning CA1416: 鍙湪鎵€鏈夊钩鍙颁笂璁块棶姝よ皟鐢ㄧ珯鐐广€?Form.FormBorderStyle" 浠呭湪 "windows" 6.1 鍙婃洿楂樼増鏈?涓婂彈鏀寔銆?(https://learn.microsoft.com/dotnet/fundamentals/code-analysis/quality-rules/ca1416) [D:\workspace\ScreenTimeController\ScreenTimeController.csproj]
D:\workspace\ScreenTimeController\SettingsForm.cs(605,13): warning CA1416: 鍙湪鎵€鏈夊钩鍙颁笂璁块棶姝よ皟鐢ㄧ珯鐐广€?Control.ControlCollection.Add(Control?)" 浠呭湪 "windows" 6.1 鍙婃洿楂樼増鏈?涓婂彈鏀寔銆?(https://learn.microsoft.com/dotnet/fundamentals/code-analysis/quality-rules/ca1416) [D:\workspace\ScreenTimeController\ScreenTimeController.csproj]
D:\workspace\ScreenTimeController\SettingsForm.cs(426,17): warning CA1416: 鍙湪鎵€鏈夊钩鍙颁笂璁块棶姝よ皟鐢ㄧ珯鐐广€?NumericUpDown.Maximum" 浠呭湪 "windows" 6.1 鍙婃洿楂樼増鏈?涓婂彈鏀寔銆?(https://learn.microsoft.com/dotnet/fundamentals/code-analysis/quality-rules/ca1416) [D:\workspace\ScreenTimeController\ScreenTimeController.csproj]
D:\workspace\ScreenTimeController\SettingsForm.cs(180,17): warning CA1416: 鍙湪鎵€鏈夊钩鍙颁笂璁块棶姝よ皟鐢ㄧ珯鐐广€?TableLayoutPanel.BorderStyle" 浠呭湪 "windows" 6.1 鍙婃洿楂樼増鏈?涓婂彈鏀寔銆?(https://learn.microsoft.com/dotnet/fundamentals/code-analysis/quality-rules/ca1416) [D:\workspace\ScreenTimeController\ScreenTimeController.csproj]
D:\workspace\ScreenTimeController\SettingsForm.cs(514,17): warning CA1416: 鍙湪鎵€鏈夊钩鍙颁笂璁块棶姝よ皟鐢ㄧ珯鐐广€?Label.TextAlign" 浠呭湪 "windows" 6.1 鍙婃洿楂樼増鏈?涓婂彈鏀寔銆?(https://learn.microsoft.com/dotnet/fundamentals/code-analysis/quality-rules/ca1416) [D:\workspace\ScreenTimeController\ScreenTimeController.csproj]
D:\workspace\ScreenTimeController\SettingsForm.cs(322,17): warning CA1416: 鍙湪鎵€鏈夊钩鍙颁笂璁块棶姝よ皟鐢ㄧ珯鐐广€?Label.TextAlign" 浠呭湪 "windows" 6.1 鍙婃洿楂樼増鏈?涓婂彈鏀寔銆?(https://learn.microsoft.com/dotnet/fundamentals/code-analysis/quality-rules/ca1416) [D:\workspace\ScreenTimeController\ScreenTimeController.csproj]
D:\workspace\ScreenTimeController\SettingsForm.cs(182,63): warning CA1416: 鍙湪鎵€鏈夊钩鍙颁笂璁块棶姝よ皟鐢ㄧ珯鐐广€?SizeType.Absolute" 浠呭湪 "windows" 6.1 鍙婃洿楂樼増鏈?涓婂彈鏀寔銆?(https://learn.microsoft.com/dotnet/fundamentals/code-analysis/quality-rules/ca1416) [D:\workspace\ScreenTimeController\ScreenTimeController.csproj]
D:\workspace\ScreenTimeController\SettingsForm.cs(322,29): warning CA1416: 鍙湪鎵€鏈夊钩鍙颁笂璁块棶姝よ皟鐢ㄧ珯鐐广€?ContentAlignment.MiddleLeft" 浠呭湪 "windows" 6.1 鍙婃洿楂樼増鏈?涓婂彈鏀寔銆?(https://learn.microsoft.com/dotnet/fundamentals/code-analysis/quality-rules/ca1416) [D:\workspace\ScreenTimeController\ScreenTimeController.csproj]
D:\workspace\ScreenTimeController\SettingsForm.cs(564,24): warning CA1416: 鍙湪鎵€鏈夊钩鍙颁笂璁块棶姝よ皟鐢ㄧ珯鐐广€?Font" 浠呭湪 "windows" 6.1 鍙婃洿楂樼増鏈?涓婂彈鏀寔銆?(https://learn.microsoft.com/dotnet/fundamentals/code-analysis/quality-rules/ca1416) [D:\workspace\ScreenTimeController\ScreenTimeController.csproj]
D:\workspace\ScreenTimeController\SettingsForm.cs(173,36): warning CA1416: 鍙湪鎵€鏈夊钩鍙颁笂璁块棶姝よ皟鐢ㄧ珯鐐广€?TableLayoutPanel" 浠呭湪 "windows" 6.1 鍙婃洿楂樼増鏈?涓婂彈鏀寔銆?(https://learn.microsoft.com/dotnet/fundamentals/code-analysis/quality-rules/ca1416) [D:\workspace\ScreenTimeController\ScreenTimeController.csproj]
D:\workspace\ScreenTimeController\SettingsForm.cs(481,33): warning CA1416: 鍙湪鎵€鏈夊钩鍙颁笂璁块棶姝よ皟鐢ㄧ珯鐐广€?Label" 浠呭湪 "windows" 6.1 鍙婃洿楂樼増鏈?涓婂彈鏀寔銆?(https://learn.microsoft.com/dotnet/fundamentals/code-analysis/quality-rules/ca1416) [D:\workspace\ScreenTimeController\ScreenTimeController.csproj]
D:\workspace\ScreenTimeController\SettingsForm.cs(406,17): warning CA1416: 鍙湪鎵€鏈夊钩鍙颁笂璁块棶姝よ皟鐢ㄧ珯鐐广€?Label.Text" 浠呭湪 "windows" 6.1 鍙婃洿楂樼増鏈?涓婂彈鏀寔銆?(https://learn.microsoft.com/dotnet/fundamentals/code-analysis/quality-rules/ca1416) [D:\workspace\ScreenTimeController\ScreenTimeController.csproj]
D:\workspace\ScreenTimeController\SettingsForm.cs(493,17): warning CA1416: 鍙湪鎵€鏈夊钩鍙颁笂璁块棶姝よ皟鐢ㄧ珯鐐广€?NumericUpDown.Maximum" 浠呭湪 "windows" 6.1 鍙婃洿楂樼増鏈?涓婂彈鏀寔銆?(https://learn.microsoft.com/dotnet/fundamentals/code-analysis/quality-rules/ca1416) [D:\workspace\ScreenTimeController\ScreenTimeController.csproj]
D:\workspace\ScreenTimeController\SettingsForm.cs(190,17): warning CA1416: 鍙湪鎵€鏈夊钩鍙颁笂璁块棶姝よ皟鐢ㄧ珯鐐广€?TableLayoutPanel.RowStyles" 浠呭湪 "windows" 6.1 鍙婃洿楂樼増鏈?涓婂彈鏀寔銆?(https://learn.microsoft.com/dotnet/fundamentals/code-analysis/quality-rules/ca1416) [D:\workspace\ScreenTimeController\ScreenTimeController.csproj]
D:\workspace\ScreenTimeController\SettingsForm.cs(185,47): warning CA1416: 鍙湪鎵€鏈夊钩鍙颁笂璁块棶姝よ皟鐢ㄧ珯鐐广€?ColumnStyle" 浠呭湪 "windows" 6.1 鍙婃洿楂樼増鏈?涓婂彈鏀寔銆?(https://learn.microsoft.com/dotnet/fundamentals/code-analysis/quality-rules/ca1416) [D:\workspace\ScreenTimeController\ScreenTimeController.csproj]
D:\workspace\ScreenTimeController\SettingsForm.cs(370,29): warning CA1416: 鍙湪鎵€鏈夊钩鍙颁笂璁块棶姝よ皟鐢ㄧ珯鐐广€?ContentAlignment.MiddleLeft" 浠呭湪 "windows" 6.1 鍙婃洿楂樼増鏈?涓婂彈鏀寔銆?(https://learn.microsoft.com/dotnet/fundamentals/code-analysis/quality-rules/ca1416) [D:\workspace\ScreenTimeController\ScreenTimeController.csproj]
D:\workspace\ScreenTimeController\SettingsForm.cs(201,13): warning CA1416: 鍙湪鎵€鏈夊钩鍙颁笂璁块棶姝よ皟鐢ㄧ珯鐐广€?TableLayoutControlCollection.Add(Control, int, int)" 浠呭湪 "windows" 6.1 鍙婃洿楂樼増鏈?涓婂彈鏀寔銆?(https://learn.microsoft.com/dotnet/fundamentals/code-analysis/quality-rules/ca1416) [D:\workspace\ScreenTimeController\ScreenTimeController.csproj]
D:\workspace\ScreenTimeController\SettingsForm.cs(375,44): warning CA1416: 鍙湪鎵€鏈夊钩鍙颁笂璁块棶姝よ皟鐢ㄧ珯鐐广€?NumericUpDown" 浠呭湪 "windows" 6.1 鍙婃洿楂樼増鏈?涓婂彈鏀寔銆?(https://learn.microsoft.com/dotnet/fundamentals/code-analysis/quality-rules/ca1416) [D:\workspace\ScreenTimeController\ScreenTimeController.csproj]
D:\workspace\ScreenTimeController\SettingsForm.cs(616,29): warning CA1416: 鍙湪鎵€鏈夊钩鍙颁笂璁块棶姝よ皟鐢ㄧ珯鐐广€?FlatStyle.Flat" 浠呭湪 "windows" 6.1 鍙婃洿楂樼増鏈?涓婂彈鏀寔銆?(https://learn.microsoft.com/dotnet/fundamentals/code-analysis/quality-rules/ca1416) [D:\workspace\ScreenTimeController\ScreenTimeController.csproj]
D:\workspace\ScreenTimeController\SettingsForm.cs(538,45): warning CA1416: 鍙湪鎵€鏈夊钩鍙颁笂璁块棶姝よ皟鐢ㄧ珯鐐广€?NumericUpDown" 浠呭湪 "windows" 6.1 鍙婃洿楂樼増鏈?涓婂彈鏀寔銆?(https://learn.microsoft.com/dotnet/fundamentals/code-analysis/quality-rules/ca1416) [D:\workspace\ScreenTimeController\ScreenTimeController.csproj]
D:\workspace\ScreenTimeController\SettingsForm.cs(272,17): warning CA1416: 鍙湪鎵€鏈夊钩鍙颁笂璁块棶姝よ皟鐢ㄧ珯鐐广€?Label.Text" 浠呭湪 "windows" 6.1 鍙婃洿楂樼増鏈?涓婂彈鏀寔銆?(https://learn.microsoft.com/dotnet/fundamentals/code-analysis/quality-rules/ca1416) [D:\workspace\ScreenTimeController\ScreenTimeController.csproj]
D:\workspace\ScreenTimeController\SettingsForm.cs(358,17): warning CA1416: 鍙湪鎵€鏈夊钩鍙颁笂璁块棶姝よ皟鐢ㄧ珯鐐广€?Label.Text" 浠呭湪 "windows" 6.1 鍙婃洿楂樼増鏈?涓婂彈鏀寔銆?(https://learn.microsoft.com/dotnet/fundamentals/code-analysis/quality-rules/ca1416) [D:\workspace\ScreenTimeController\ScreenTimeController.csproj]
D:\workspace\ScreenTimeController\SettingsForm.cs(532,17): warning CA1416: 鍙湪鎵€鏈夊钩鍙颁笂璁块棶姝よ皟鐢ㄧ珯鐐广€?Control.Font" 浠呭湪 "windows" 6.1 鍙婃洿楂樼増鏈?涓婂彈鏀寔銆?(https://learn.microsoft.com/dotnet/fundamentals/code-analysis/quality-rules/ca1416) [D:\workspace\ScreenTimeController\ScreenTimeController.csproj]
D:\workspace\ScreenTimeController\SettingsForm.cs(423,43): warning CA1416: 鍙湪鎵€鏈夊钩鍙颁笂璁块棶姝よ皟鐢ㄧ珯鐐广€?NumericUpDown" 浠呭湪 "windows" 6.1 鍙婃洿楂樼増鏈?涓婂彈鏀寔銆?(https://learn.microsoft.com/dotnet/fundamentals/code-analysis/quality-rules/ca1416) [D:\workspace\ScreenTimeController\ScreenTimeController.csproj]
D:\workspace\ScreenTimeController\SettingsForm.cs(442,45): warning CA1416: 鍙湪鎵€鏈夊钩鍙颁笂璁块棶姝よ皟鐢ㄧ珯鐐广€?NumericUpDown" 浠呭湪 "windows" 6.1 鍙婃洿楂樼増鏈?涓婂彈鏀寔銆?(https://learn.microsoft.com/dotnet/fundamentals/code-analysis/quality-rules/ca1416) [D:\workspace\ScreenTimeController\ScreenTimeController.csproj]
D:\workspace\ScreenTimeController\SettingsForm.cs(477,17): warning CA1416: 鍙湪鎵€鏈夊钩鍙颁笂璁块棶姝よ皟鐢ㄧ珯鐐广€?Control.Margin" 浠呭湪 "windows" 6.1 鍙婃洿楂樼増鏈?涓婂彈鏀寔銆?(https://learn.microsoft.com/dotnet/fundamentals/code-analysis/quality-rules/ca1416) [D:\workspace\ScreenTimeController\ScreenTimeController.csproj]
D:\workspace\ScreenTimeController\SettingsForm.cs(479,13): warning CA1416: 鍙湪鎵€鏈夊钩鍙颁笂璁块棶姝よ皟鐢ㄧ珯鐐广€?TableLayoutControlCollection.Add(Control, int, int)" 浠呭湪 "windows" 6.1 鍙婃洿楂樼増鏈?涓婂彈鏀寔銆?(https://learn.microsoft.com/dotnet/fundamentals/code-analysis/quality-rules/ca1416) [D:\workspace\ScreenTimeController\ScreenTimeController.csproj]
D:\workspace\ScreenTimeController\SettingsForm.cs(408,17): warning CA1416: 鍙湪鎵€鏈夊钩鍙颁笂璁块棶姝よ皟鐢ㄧ珯鐐广€?Label.TextAlign" 浠呭湪 "windows" 6.1 鍙婃洿楂樼増鏈?涓婂彈鏀寔銆?(https://learn.microsoft.com/dotnet/fundamentals/code-analysis/quality-rules/ca1416) [D:\workspace\ScreenTimeController\ScreenTimeController.csproj]
D:\workspace\ScreenTimeController\SettingsForm.cs(527,13): warning CA1416: 鍙湪鎵€鏈夊钩鍙颁笂璁块棶姝よ皟鐢ㄧ珯鐐广€?TableLayoutControlCollection.Add(Control, int, int)" 浠呭湪 "windows" 6.1 鍙婃洿楂樼増鏈?涓婂彈鏀寔銆?(https://learn.microsoft.com/dotnet/fundamentals/code-analysis/quality-rules/ca1416) [D:\workspace\ScreenTimeController\ScreenTimeController.csproj]
D:\workspace\ScreenTimeController\SettingsForm.cs(444,17): warning CA1416: 鍙湪鎵€鏈夊钩鍙颁笂璁块棶姝よ皟鐢ㄧ珯鐐广€?Control.Enabled" 浠呭湪 "windows" 6.1 鍙婃洿楂樼増鏈?涓婂彈鏀寔銆?(https://learn.microsoft.com/dotnet/fundamentals/code-analysis/quality-rules/ca1416) [D:\workspace\ScreenTimeController\ScreenTimeController.csproj]
D:\workspace\ScreenTimeController\SettingsForm.cs(233,17): warning CA1416: 鍙湪鎵€鏈夊钩鍙颁笂璁块棶姝よ皟鐢ㄧ珯鐐广€?Control.Enabled" 浠呭湪 "windows" 6.1 鍙婃洿楂樼増鏈?涓婂彈鏀寔銆?(https://learn.microsoft.com/dotnet/fundamentals/code-analysis/quality-rules/ca1416) [D:\workspace\ScreenTimeController\ScreenTimeController.csproj]
D:\workspace\ScreenTimeController\SettingsForm.cs(342,17): warning CA1416: 鍙湪鎵€鏈夊钩鍙颁笂璁块棶姝よ皟鐢ㄧ珯鐐广€?Control.Margin" 浠呭湪 "windows" 6.1 鍙婃洿楂樼増鏈?涓婂彈鏀寔銆?(https://learn.microsoft.com/dotnet/fundamentals/code-analysis/quality-rules/ca1416) [D:\workspace\ScreenTimeController\ScreenTimeController.csproj]
D:\workspace\ScreenTimeController\SettingsForm.cs(445,17): warning CA1416: 鍙湪鎵€鏈夊钩鍙颁笂璁块棶姝よ皟鐢ㄧ珯鐐广€?NumericUpDown.Maximum" 浠呭湪 "windows" 6.1 鍙婃洿楂樼増鏈?涓婂彈鏀寔銆?(https://learn.microsoft.com/dotnet/fundamentals/code-analysis/quality-rules/ca1416) [D:\workspace\ScreenTimeController\ScreenTimeController.csproj]
D:\workspace\ScreenTimeController\SettingsForm.cs(553,26): warning CA1416: 鍙湪鎵€鏈夊钩鍙颁笂璁块棶姝よ皟鐢ㄧ珯鐐广€?Padding" 浠呭湪 "windows" 6.1 鍙婃洿楂樼増鏈?涓婂彈鏀寔銆?(https://learn.microsoft.com/dotnet/fundamentals/code-analysis/quality-rules/ca1416) [D:\workspace\ScreenTimeController\ScreenTimeController.csproj]
D:\workspace\ScreenTimeController\SettingsForm.cs(456,29): warning CA1416: 鍙湪鎵€鏈夊钩鍙颁笂璁块棶姝よ皟鐢ㄧ珯鐐广€?ContentAlignment.MiddleLeft" 浠呭湪 "windows" 6.1 鍙婃洿楂樼増鏈?涓婂彈鏀寔銆?(https://learn.microsoft.com/dotnet/fundamentals/code-analysis/quality-rules/ca1416) [D:\workspace\ScreenTimeController\ScreenTimeController.csproj]
D:\workspace\ScreenTimeController\SettingsForm.cs(258,13): warning CA1416: 鍙湪鎵€鏈夊钩鍙颁笂璁块棶姝よ皟鐢ㄧ珯鐐广€?TableLayoutControlCollection.Add(Control, int, int)" 浠呭湪 "windows" 6.1 鍙婃洿楂樼増鏈?涓婂彈鏀寔銆?(https://learn.microsoft.com/dotnet/fundamentals/code-analysis/quality-rules/ca1416) [D:\workspace\ScreenTimeController\ScreenTimeController.csproj]
D:\workspace\ScreenTimeController\SettingsForm.cs(354,13): warning CA1416: 鍙湪鎵€鏈夊钩鍙颁笂璁块棶姝よ皟鐢ㄧ珯鐐广€?TableLayoutControlCollection.Add(Control, int, int)" 浠呭湪 "windows" 6.1 鍙婃洿楂樼増鏈?涓婂彈鏀寔銆?(https://learn.microsoft.com/dotnet/fundamentals/code-analysis/quality-rules/ca1416) [D:\workspace\ScreenTimeController\ScreenTimeController.csproj]
D:\workspace\ScreenTimeController\SettingsForm.cs(572,13): warning CA1416: 鍙湪鎵€鏈夊钩鍙颁笂璁块棶姝よ皟鐢ㄧ珯鐐广€?Control.Click" 浠呭湪 "windows" 6.1 鍙婃洿楂樼増鏈?涓婂彈鏀寔銆?(https://learn.microsoft.com/dotnet/fundamentals/code-analysis/quality-rules/ca1416) [D:\workspace\ScreenTimeController\ScreenTimeController.csproj]
D:\workspace\ScreenTimeController\SettingsForm.cs(264,17): warning CA1416: 鍙湪鎵€鏈夊钩鍙颁笂璁块棶姝よ皟鐢ㄧ珯鐐广€?Label.TextAlign" 浠呭湪 "windows" 6.1 鍙婃洿楂樼増鏈?涓婂彈鏀寔銆?(https://learn.microsoft.com/dotnet/fundamentals/code-analysis/quality-rules/ca1416) [D:\workspace\ScreenTimeController\ScreenTimeController.csproj]
D:\workspace\ScreenTimeController\SettingsForm.cs(234,17): warning CA1416: 鍙湪鎵€鏈夊钩鍙颁笂璁块棶姝よ皟鐢ㄧ珯鐐广€?NumericUpDown.Maximum" 浠呭湪 "windows" 6.1 鍙婃洿楂樼増鏈?涓婂彈鏀寔銆?(https://learn.microsoft.com/dotnet/fundamentals/code-analysis/quality-rules/ca1416) [D:\workspace\ScreenTimeController\ScreenTimeController.csproj]
D:\workspace\ScreenTimeController\SettingsForm.cs(359,24): warning CA1416: 鍙湪鎵€鏈夊钩鍙颁笂璁块棶姝よ皟鐢ㄧ珯鐐广€?Font" 浠呭湪 "windows" 6.1 鍙婃洿楂樼増鏈?涓婂彈鏀寔銆?(https://learn.microsoft.com/dotnet/fundamentals/code-analysis/quality-rules/ca1416) [D:\workspace\ScreenTimeController\ScreenTimeController.csproj]
D:\workspace\ScreenTimeController\SettingsForm.cs(323,26): warning CA1416: 鍙湪鎵€鏈夊钩鍙颁笂璁块棶姝よ皟鐢ㄧ珯鐐广€?Padding" 浠呭湪 "windows" 6.1 鍙婃洿楂樼増鏈?涓婂彈鏀寔銆?(https://learn.microsoft.com/dotnet/fundamentals/code-analysis/quality-rules/ca1416) [D:\workspace\ScreenTimeController\ScreenTimeController.csproj]
D:\workspace\ScreenTimeController\SettingsForm.cs(517,13): warning CA1416: 鍙湪鎵€鏈夊钩鍙颁笂璁块棶姝よ皟鐢ㄧ珯鐐广€?TableLayoutPanel.Controls" 浠呭湪 "windows" 6.1 鍙婃洿楂樼増鏈?涓婂彈鏀寔銆?(https://learn.microsoft.com/dotnet/fundamentals/code-analysis/quality-rules/ca1416) [D:\workspace\ScreenTimeController\ScreenTimeController.csproj]
D:\workspace\ScreenTimeController\SettingsForm.cs(190,61): warning CA1416: 鍙湪鎵€鏈夊钩鍙颁笂璁块棶姝よ皟鐢ㄧ珯鐐广€?SizeType.Absolute" 浠呭湪 "windows" 6.1 鍙婃洿楂樼増鏈?涓婂彈鏀寔銆?(https://learn.microsoft.com/dotnet/fundamentals/code-analysis/quality-rules/ca1416) [D:\workspace\ScreenTimeController\ScreenTimeController.csproj]
D:\workspace\ScreenTimeController\SettingsForm.cs(484,17): warning CA1416: 鍙湪鎵€鏈夊钩鍙颁笂璁块棶姝よ皟鐢ㄧ珯鐐广€?Control.Font" 浠呭湪 "windows" 6.1 鍙婃洿楂樼増鏈?涓婂彈鏀寔銆?(https://learn.microsoft.com/dotnet/fundamentals/code-analysis/quality-rules/ca1416) [D:\workspace\ScreenTimeController\ScreenTimeController.csproj]
D:\workspace\ScreenTimeController\SettingsForm.cs(475,17): warning CA1416: 鍙湪鎵€鏈夊钩鍙颁笂璁块棶姝よ皟鐢ㄧ珯鐐广€?NumericUpDown.Minimum" 浠呭湪 "windows" 6.1 鍙婃洿楂樼増鏈?涓婂彈鏀寔銆?(https://learn.microsoft.com/dotnet/fundamentals/code-analysis/quality-rules/ca1416) [D:\workspace\ScreenTimeController\ScreenTimeController.csproj]
D:\workspace\ScreenTimeController\SettingsForm.cs(447,17): warning CA1416: 鍙湪鎵€鏈夊钩鍙颁笂璁块棶姝よ皟鐢ㄧ珯鐐广€?Control.Font" 浠呭湪 "windows" 6.1 鍙婃洿楂樼増鏈?涓婂彈鏀寔銆?(https://learn.microsoft.com/dotnet/fundamentals/code-analysis/quality-rules/ca1416) [D:\workspace\ScreenTimeController\ScreenTimeController.csproj]
D:\workspace\ScreenTimeController\SettingsForm.cs(208,26): warning CA1416: 鍙湪鎵€鏈夊钩鍙颁笂璁块棶姝よ皟鐢ㄧ珯鐐广€?Padding" 浠呭湪 "windows" 6.1 鍙婃洿楂樼増鏈?涓婂彈鏀寔銆?(https://learn.microsoft.com/dotnet/fundamentals/code-analysis/quality-rules/ca1416) [D:\workspace\ScreenTimeController\ScreenTimeController.csproj]
D:\workspace\ScreenTimeController\SettingsForm.cs(194,29): warning CA1416: 鍙湪鎵€鏈夊钩鍙颁笂璁块棶姝よ皟鐢ㄧ珯鐐广€?Label" 浠呭湪 "windows" 6.1 鍙婃洿楂樼増鏈?涓婂彈鏀寔銆?(https://learn.microsoft.com/dotnet/fundamentals/code-analysis/quality-rules/ca1416) [D:\workspace\ScreenTimeController\ScreenTimeController.csproj]
D:\workspace\ScreenTimeController\SettingsForm.cs(396,17): warning CA1416: 鍙湪鎵€鏈夊钩鍙颁笂璁块棶姝よ皟鐢ㄧ珯鐐广€?Control.Enabled" 浠呭湪 "windows" 6.1 鍙婃洿楂樼増鏈?涓婂彈鏀寔銆?(https://learn.microsoft.com/dotnet/fundamentals/code-analysis/quality-rules/ca1416) [D:\workspace\ScreenTimeController\ScreenTimeController.csproj]
D:\workspace\ScreenTimeController\SettingsForm.cs(344,13): warning CA1416: 鍙湪鎵€鏈夊钩鍙颁笂璁块棶姝よ皟鐢ㄧ珯鐐广€?TableLayoutPanel.Controls" 浠呭湪 "windows" 6.1 鍙婃洿楂樼増鏈?涓婂彈鏀寔銆?(https://learn.microsoft.com/dotnet/fundamentals/code-analysis/quality-rules/ca1416) [D:\workspace\ScreenTimeController\ScreenTimeController.csproj]
D:\workspace\ScreenTimeController\SettingsForm.cs(411,13): warning CA1416: 鍙湪鎵€鏈夊钩鍙颁笂璁块棶姝よ皟鐢ㄧ珯鐐广€?TableLayoutPanel.Controls" 浠呭湪 "windows" 6.1 鍙婃洿楂樼増鏈?涓婂彈鏀寔銆?(https://learn.microsoft.com/dotnet/fundamentals/code-analysis/quality-rules/ca1416) [D:\workspace\ScreenTimeController\ScreenTimeController.csproj]
D:\workspace\ScreenTimeController\SettingsForm.cs(580,24): warning CA1416: 鍙湪鎵€鏈夊钩鍙颁笂璁块棶姝よ皟鐢ㄧ珯鐐广€?Font" 浠呭湪 "windows" 6.1 鍙婃洿楂樼増鏈?涓婂彈鏀寔銆?(https://learn.microsoft.com/dotnet/fundamentals/code-analysis/quality-rules/ca1416) [D:\workspace\ScreenTimeController\ScreenTimeController.csproj]
D:\workspace\ScreenTimeController\SettingsForm.cs(229,13): warning CA1416: 鍙湪鎵€鏈夊钩鍙颁笂璁块棶姝よ皟鐢ㄧ珯鐐广€?TableLayoutControlCollection.Add(Control, int, int)" 浠呭湪 "windows" 6.1 鍙婃洿楂樼増鏈?涓婂彈鏀寔銆?(https://learn.microsoft.com/dotnet/fundamentals/code-analysis/quality-rules/ca1416) [D:\workspace\ScreenTimeController\ScreenTimeController.csproj]
D:\workspace\ScreenTimeController\SettingsForm.cs(457,26): warning CA1416: 鍙湪鎵€鏈夊钩鍙颁笂璁块棶姝よ皟鐢ㄧ珯鐐广€?Padding" 浠呭湪 "windows" 6.1 鍙婃洿楂樼増鏈?涓婂彈鏀寔銆?(https://learn.microsoft.com/dotnet/fundamentals/code-analysis/quality-rules/ca1416) [D:\workspace\ScreenTimeController\ScreenTimeController.csproj]
D:\workspace\ScreenTimeController\SettingsForm.cs(568,17): warning CA1416: 鍙湪鎵€鏈夊钩鍙颁笂璁块棶姝よ皟鐢ㄧ珯鐐广€?Control.ForeColor" 浠呭湪 "windows" 6.1 鍙婃洿楂樼増鏈?涓婂彈鏀寔銆?(https://learn.microsoft.com/dotnet/fundamentals/code-analysis/quality-rules/ca1416) [D:\workspace\ScreenTimeController\ScreenTimeController.csproj]
D:\workspace\ScreenTimeController\SettingsForm.cs(244,17): warning CA1416: 鍙湪鎵€鏈夊钩鍙颁笂璁块棶姝よ皟鐢ㄧ珯鐐广€?Control.Font" 浠呭湪 "windows" 6.1 鍙婃洿楂樼増鏈?涓婂彈鏀寔銆?(https://learn.microsoft.com/dotnet/fundamentals/code-analysis/quality-rules/ca1416) [D:\workspace\ScreenTimeController\ScreenTimeController.csproj]
D:\workspace\ScreenTimeController\SettingsForm.cs(534,26): warning CA1416: 鍙湪鎵€鏈夊钩鍙颁笂璁块棶姝よ皟鐢ㄧ珯鐐广€?Padding" 浠呭湪 "windows" 6.1 鍙婃洿楂樼増鏈?涓婂彈鏀寔銆?(https://learn.microsoft.com/dotnet/fundamentals/code-analysis/quality-rules/ca1416) [D:\workspace\ScreenTimeController\ScreenTimeController.csproj]
D:\workspace\ScreenTimeController\SettingsForm.cs(368,17): warning CA1416: 鍙湪鎵€鏈夊钩鍙颁笂璁块棶姝よ皟鐢ㄧ珯鐐广€?Label.Text" 浠呭湪 "windows" 6.1 鍙婃洿楂樼増鏈?涓婂彈鏀寔銆?(https://learn.microsoft.com/dotnet/fundamentals/code-analysis/quality-rules/ca1416) [D:\workspace\ScreenTimeController\ScreenTimeController.csproj]
D:\workspace\ScreenTimeController\SettingsForm.cs(311,17): warning CA1416: 鍙湪鎵€鏈夊钩鍙颁笂璁块棶姝よ皟鐢ㄧ珯鐐广€?Control.Font" 浠呭湪 "windows" 6.1 鍙婃洿楂樼増鏈?涓婂彈鏀寔銆?(https://learn.microsoft.com/dotnet/fundamentals/code-analysis/quality-rules/ca1416) [D:\workspace\ScreenTimeController\ScreenTimeController.csproj]
D:\workspace\ScreenTimeController\SettingsForm.cs(164,13): warning CA1416: 鍙湪鎵€鏈夊钩鍙颁笂璁块棶姝よ皟鐢ㄧ珯鐐广€?Form.ClientSize" 浠呭湪 "windows" 6.1 鍙婃洿楂樼増鏈?涓婂彈鏀寔銆?(https://learn.microsoft.com/dotnet/fundamentals/code-analysis/quality-rules/ca1416) [D:\workspace\ScreenTimeController\ScreenTimeController.csproj]
D:\workspace\ScreenTimeController\SettingsForm.cs(515,17): warning CA1416: 鍙湪鎵€鏈夊钩鍙颁笂璁块棶姝よ皟鐢ㄧ珯鐐广€?Control.Margin" 浠呭湪 "windows" 6.1 鍙婃洿楂樼増鏈?涓婂彈鏀寔銆?(https://learn.microsoft.com/dotnet/fundamentals/code-analysis/quality-rules/ca1416) [D:\workspace\ScreenTimeController\ScreenTimeController.csproj]
D:\workspace\ScreenTimeController\SettingsForm.cs(419,26): warning CA1416: 鍙湪鎵€鏈夊钩鍙颁笂璁块棶姝よ皟鐢ㄧ珯鐐广€?Padding" 浠呭湪 "windows" 6.1 鍙婃洿楂樼増鏈?涓婂彈鏀寔銆?(https://learn.microsoft.com/dotnet/fundamentals/code-analysis/quality-rules/ca1416) [D:\workspace\ScreenTimeController\ScreenTimeController.csproj]
D:\workspace\ScreenTimeController\SettingsForm.cs(428,17): warning CA1416: 鍙湪鎵€鏈夊钩鍙颁笂璁块棶姝よ皟鐢ㄧ珯鐐广€?Control.Font" 浠呭湪 "windows" 6.1 鍙婃洿楂樼増鏈?涓婂彈鏀寔銆?(https://learn.microsoft.com/dotnet/fundamentals/code-analysis/quality-rules/ca1416) [D:\workspace\ScreenTimeController\ScreenTimeController.csproj]
D:\workspace\ScreenTimeController\SettingsForm.cs(532,24): warning CA1416: 鍙湪鎵€鏈夊钩鍙颁笂璁块棶姝よ皟鐢ㄧ珯鐐广€?Font" 浠呭湪 "windows" 6.1 鍙婃洿楂樼増鏈?涓婂彈鏀寔銆?(https://learn.microsoft.com/dotnet/fundamentals/code-analysis/quality-rules/ca1416) [D:\workspace\ScreenTimeController\ScreenTimeController.csproj]
D:\workspace\ScreenTimeController\SettingsForm.cs(557,13): warning CA1416: 鍙湪鎵€鏈夊钩鍙颁笂璁块棶姝よ皟鐢ㄧ珯鐐广€?Control.ControlCollection.Add(Control?)" 浠呭湪 "windows" 6.1 鍙婃洿楂樼増鏈?涓婂彈鏀寔銆?(https://learn.microsoft.com/dotnet/fundamentals/code-analysis/quality-rules/ca1416) [D:\workspace\ScreenTimeController\ScreenTimeController.csproj]
D:\workspace\ScreenTimeController\SettingsForm.cs(618,13): warning CA1416: 鍙湪鎵€鏈夊钩鍙颁笂璁块棶姝よ皟鐢ㄧ珯鐐广€?FlatButtonAppearance.BorderSize" 浠呭湪 "windows" 6.1 鍙婃洿楂樼増鏈?涓婂彈鏀寔銆?(https://learn.microsoft.com/dotnet/fundamentals/code-analysis/quality-rules/ca1416) [D:\workspace\ScreenTimeController\ScreenTimeController.csproj]
D:\workspace\ScreenTimeController\SettingsForm.cs(524,17): warning CA1416: 鍙湪鎵€鏈夊钩鍙颁笂璁块棶姝よ皟鐢ㄧ珯鐐广€?Control.Font" 浠呭湪 "windows" 6.1 鍙婃洿楂樼増鏈?涓婂彈鏀寔銆?(https://learn.microsoft.com/dotnet/fundamentals/code-analysis/quality-rules/ca1416) [D:\workspace\ScreenTimeController\ScreenTimeController.csproj]
D:\workspace\ScreenTimeController\SettingsForm.cs(388,17): warning CA1416: 鍙湪鎵€鏈夊钩鍙颁笂璁块棶姝よ皟鐢ㄧ珯鐐广€?Control.Font" 浠呭湪 "windows" 6.1 鍙婃洿楂樼増鏈?涓婂彈鏀寔銆?(https://learn.microsoft.com/dotnet/fundamentals/code-analysis/quality-rules/ca1416) [D:\workspace\ScreenTimeController\ScreenTimeController.csproj]
D:\workspace\ScreenTimeController\SettingsForm.cs(618,13): warning CA1416: 鍙湪鎵€鏈夊钩鍙颁笂璁块棶姝よ皟鐢ㄧ珯鐐广€?ButtonBase.FlatAppearance" 浠呭湪 "windows" 6.1 鍙婃洿楂樼増鏈?涓婂彈鏀寔銆?(https://learn.microsoft.com/dotnet/fundamentals/code-analysis/quality-rules/ca1416) [D:\workspace\ScreenTimeController\ScreenTimeController.csproj]
D:\workspace\ScreenTimeController\SettingsForm.cs(599,17): warning CA1416: 鍙湪鎵€鏈夊钩鍙颁笂璁块棶姝よ皟鐢ㄧ珯鐐广€?ButtonBase.BackColor" 浠呭湪 "windows" 6.1 鍙婃洿楂樼増鏈?涓婂彈鏀寔銆?(https://learn.microsoft.com/dotnet/fundamentals/code-analysis/quality-rules/ca1416) [D:\workspace\ScreenTimeController\ScreenTimeController.csproj]
D:\workspace\ScreenTimeController\SettingsForm.cs(437,29): warning CA1416: 鍙湪鎵€鏈夊钩鍙颁笂璁块棶姝よ皟鐢ㄧ珯鐐广€?ContentAlignment.MiddleLeft" 浠呭湪 "windows" 6.1 鍙婃洿楂樼増鏈?涓婂彈鏀寔銆?(https://learn.microsoft.com/dotnet/fundamentals/code-analysis/quality-rules/ca1416) [D:\workspace\ScreenTimeController\ScreenTimeController.csproj]
D:\workspace\ScreenTimeController\SettingsForm.cs(447,24): warning CA1416: 鍙湪鎵€鏈夊钩鍙颁笂璁块棶姝よ皟鐢ㄧ珯鐐广€?Font" 浠呭湪 "windows" 6.1 鍙婃洿楂樼増鏈?涓婂彈鏀寔銆?(https://learn.microsoft.com/dotnet/fundamentals/code-analysis/quality-rules/ca1416) [D:\workspace\ScreenTimeController\ScreenTimeController.csproj]
D:\workspace\ScreenTimeController\SettingsForm.cs(566,17): warning CA1416: 鍙湪鎵€鏈夊钩鍙颁笂璁块棶姝よ皟鐢ㄧ珯鐐广€?Control.Size" 浠呭湪 "windows" 6.1 鍙婃洿楂樼増鏈?涓婂彈鏀寔銆?(https://learn.microsoft.com/dotnet/fundamentals/code-analysis/quality-rules/ca1416) [D:\workspace\ScreenTimeController\ScreenTimeController.csproj]
D:\workspace\ScreenTimeController\SettingsForm.cs(210,13): warning CA1416: 鍙湪鎵€鏈夊钩鍙颁笂璁块棶姝よ皟鐢ㄧ珯鐐广€?TableLayoutPanel.Controls" 浠呭湪 "windows" 6.1 鍙婃洿楂樼増鏈?涓婂彈鏀寔銆?(https://learn.microsoft.com/dotnet/fundamentals/code-analysis/quality-rules/ca1416) [D:\workspace\ScreenTimeController\ScreenTimeController.csproj]
D:\workspace\ScreenTimeController\SettingsForm.cs(465,24): warning CA1416: 鍙湪鎵€鏈夊钩鍙颁笂璁块棶姝よ皟鐢ㄧ珯鐐广€?Font" 浠呭湪 "windows" 6.1 鍙婃洿楂樼増鏈?涓婂彈鏀寔銆?(https://learn.microsoft.com/dotnet/fundamentals/code-analysis/quality-rules/ca1416) [D:\workspace\ScreenTimeController\ScreenTimeController.csproj]
D:\workspace\ScreenTimeController\SettingsForm.cs(495,24): warning CA1416: 鍙湪鎵€鏈夊钩鍙颁笂璁块棶姝よ皟鐢ㄧ珯鐐广€?Font" 浠呭湪 "windows" 6.1 鍙婃洿楂樼増鏈?涓婂彈鏀寔銆?(https://learn.microsoft.com/dotnet/fundamentals/code-analysis/quality-rules/ca1416) [D:\workspace\ScreenTimeController\ScreenTimeController.csproj]
D:\workspace\ScreenTimeController\SettingsForm.cs(389,17): warning CA1416: 鍙湪鎵€鏈夊钩鍙颁笂璁块棶姝よ皟鐢ㄧ珯鐐广€?Label.TextAlign" 浠呭湪 "windows" 6.1 鍙婃洿楂樼増鏈?涓婂彈鏀寔銆?(https://learn.microsoft.com/dotnet/fundamentals/code-analysis/quality-rules/ca1416) [D:\workspace\ScreenTimeController\ScreenTimeController.csproj]
D:\workspace\ScreenTimeController\SettingsForm.cs(440,13): warning CA1416: 鍙湪鎵€鏈夊钩鍙颁笂璁块棶姝よ皟鐢ㄧ珯鐐广€?TableLayoutPanel.Controls" 浠呭湪 "windows" 6.1 鍙婃洿楂樼増鏈?涓婂彈鏀寔銆?(https://learn.microsoft.com/dotnet/fundamentals/code-analysis/quality-rules/ca1416) [D:\workspace\ScreenTimeController\ScreenTimeController.csproj]
D:\workspace\ScreenTimeController\SettingsForm.cs(267,13): warning CA1416: 鍙湪鎵€鏈夊钩鍙颁笂璁块棶姝よ皟鐢ㄧ珯鐐广€?TableLayoutPanel.Controls" 浠呭湪 "windows" 6.1 鍙婃洿楂樼増鏈?涓婂彈鏀寔銆?(https://learn.microsoft.com/dotnet/fundamentals/code-analysis/quality-rules/ca1416) [D:\workspace\ScreenTimeController\ScreenTimeController.csproj]
D:\workspace\ScreenTimeController\SettingsForm.cs(389,29): warning CA1416: 鍙湪鎵€鏈夊钩鍙颁笂璁块棶姝よ皟鐢ㄧ珯鐐广€?ContentAlignment.MiddleLeft" 浠呭湪 "windows" 6.1 鍙婃洿楂樼増鏈?涓婂彈鏀寔銆?(https://learn.microsoft.com/dotnet/fundamentals/code-analysis/quality-rules/ca1416) [D:\workspace\ScreenTimeController\ScreenTimeController.csproj]
D:\workspace\ScreenTimeController\SettingsForm.cs(337,34): warning CA1416: 鍙湪鎵€鏈夊钩鍙颁笂璁块棶姝よ皟鐢ㄧ珯鐐广€?Label" 浠呭湪 "windows" 6.1 鍙婃洿楂樼増鏈?涓婂彈鏀寔銆?(https://learn.microsoft.com/dotnet/fundamentals/code-analysis/quality-rules/ca1416) [D:\workspace\ScreenTimeController\ScreenTimeController.csproj]
D:\workspace\ScreenTimeController\SettingsForm.cs(253,17): warning CA1416: 鍙湪鎵€鏈夊钩鍙颁笂璁块棶姝よ皟鐢ㄧ珯鐐广€?NumericUpDown.Maximum" 浠呭湪 "windows" 6.1 鍙婃洿楂樼増鏈?涓婂彈鏀寔銆?(https://learn.microsoft.com/dotnet/fundamentals/code-analysis/quality-rules/ca1416) [D:\workspace\ScreenTimeController\ScreenTimeController.csproj]
D:\workspace\ScreenTimeController\SettingsForm.cs(605,13): warning CA1416: 鍙湪鎵€鏈夊钩鍙颁笂璁块棶姝よ皟鐢ㄧ珯鐐广€?Control.Controls" 浠呭湪 "windows" 6.1 鍙婃洿楂樼増鏈?涓婂彈鏀寔銆?(https://learn.microsoft.com/dotnet/fundamentals/code-analysis/quality-rules/ca1416) [D:\workspace\ScreenTimeController\ScreenTimeController.csproj]
D:\workspace\ScreenTimeController\SettingsForm.cs(175,17): warning CA1416: 鍙湪鎵€鏈夊钩鍙颁笂璁块棶姝よ皟鐢ㄧ珯鐐广€?Control.Location" 浠呭湪 "windows" 6.1 鍙婃洿楂樼増鏈?涓婂彈鏀寔銆?(https://learn.microsoft.com/dotnet/fundamentals/code-analysis/quality-rules/ca1416) [D:\workspace\ScreenTimeController\ScreenTimeController.csproj]
D:\workspace\ScreenTimeController\SettingsForm.cs(274,29): warning CA1416: 鍙湪鎵€鏈夊钩鍙颁笂璁块棶姝よ皟鐢ㄧ珯鐐广€?ContentAlignment.MiddleLeft" 浠呭湪 "windows" 6.1 鍙婃洿楂樼増鏈?涓婂彈鏀寔銆?(https://learn.microsoft.com/dotnet/fundamentals/code-analysis/quality-rules/ca1416) [D:\workspace\ScreenTimeController\ScreenTimeController.csproj]
D:\workspace\ScreenTimeController\SettingsForm.cs(525,17): warning CA1416: 鍙湪鎵€鏈夊钩鍙颁笂璁块棶姝よ皟鐢ㄧ珯鐐广€?Control.Margin" 浠呭湪 "windows" 6.1 鍙婃洿楂樼増鏈?涓婂彈鏀寔銆?(https://learn.microsoft.com/dotnet/fundamentals/code-analysis/quality-rules/ca1416) [D:\workspace\ScreenTimeController\ScreenTimeController.csproj]
D:\workspace\ScreenTimeController\SettingsForm.cs(289,33): warning CA1416: 鍙湪鎵€鏈夊钩鍙颁笂璁块棶姝よ皟鐢ㄧ珯鐐广€?Label" 浠呭湪 "windows" 6.1 鍙婃洿楂樼増鏈?涓婂彈鏀寔銆?(https://learn.microsoft.com/dotnet/fundamentals/code-analysis/quality-rules/ca1416) [D:\workspace\ScreenTimeController\ScreenTimeController.csproj]
D:\workspace\ScreenTimeController\SettingsForm.cs(469,13): warning CA1416: 鍙湪鎵€鏈夊钩鍙颁笂璁块棶姝よ皟鐢ㄧ珯鐐广€?TableLayoutPanel.Controls" 浠呭湪 "windows" 6.1 鍙婃洿楂樼増鏈?涓婂彈鏀寔銆?(https://learn.microsoft.com/dotnet/fundamentals/code-analysis/quality-rules/ca1416) [D:\workspace\ScreenTimeController\ScreenTimeController.csproj]
D:\workspace\ScreenTimeController\SettingsForm.cs(587,13): warning CA1416: 鍙湪鎵€鏈夊钩鍙颁笂璁块棶姝よ皟鐢ㄧ珯鐐广€?FlatButtonAppearance.BorderSize" 浠呭湪 "windows" 6.1 鍙婃洿楂樼増鏈?涓婂彈鏀寔銆?(https://learn.microsoft.com/dotnet/fundamentals/code-analysis/quality-rules/ca1416) [D:\workspace\ScreenTimeController\ScreenTimeController.csproj]
D:\workspace\ScreenTimeController\SettingsForm.cs(185,13): warning CA1416: 鍙湪鎵€鏈夊钩鍙颁笂璁块棶姝よ皟鐢ㄧ珯鐐广€?TableLayoutColumnStyleCollection.Add(ColumnStyle)" 浠呭湪 "windows" 6.1 鍙婃洿楂樼増鏈?涓婂彈鏀寔銆?(https://learn.microsoft.com/dotnet/fundamentals/code-analysis/quality-rules/ca1416) [D:\workspace\ScreenTimeController\ScreenTimeController.csproj]
D:\workspace\ScreenTimeController\SettingsForm.cs(525,26): warning CA1416: 鍙湪鎵€鏈夊钩鍙颁笂璁块棶姝よ皟鐢ㄧ珯鐐广€?Padding" 浠呭湪 "windows" 6.1 鍙婃洿楂樼増鏈?涓婂彈鏀寔銆?(https://learn.microsoft.com/dotnet/fundamentals/code-analysis/quality-rules/ca1416) [D:\workspace\ScreenTimeController\ScreenTimeController.csproj]
D:\workspace\ScreenTimeController\SettingsForm.cs(612,17): warning CA1416: 鍙湪鎵€鏈夊钩鍙颁笂璁块棶姝よ皟鐢ㄧ珯鐐广€?Control.Location" 浠呭湪 "windows" 6.1 鍙婃洿楂樼増鏈?涓婂彈鏀寔銆?(https://learn.microsoft.com/dotnet/fundamentals/code-analysis/quality-rules/ca1416) [D:\workspace\ScreenTimeController\ScreenTimeController.csproj]
D:\workspace\ScreenTimeController\SettingsForm.cs(237,26): warning CA1416: 鍙湪鎵€鏈夊钩鍙颁笂璁块棶姝よ皟鐢ㄧ珯鐐广€?Padding" 浠呭湪 "windows" 6.1 鍙婃洿楂樼増鏈?涓婂彈鏀寔銆?(https://learn.microsoft.com/dotnet/fundamentals/code-analysis/quality-rules/ca1416) [D:\workspace\ScreenTimeController\ScreenTimeController.csproj]
D:\workspace\ScreenTimeController\SettingsForm.cs(446,17): warning CA1416: 鍙湪鎵€鏈夊钩鍙颁笂璁块棶姝よ皟鐢ㄧ珯鐐广€?NumericUpDown.Minimum" 浠呭湪 "windows" 6.1 鍙婃洿楂樼増鏈?涓婂彈鏀寔銆?(https://learn.microsoft.com/dotnet/fundamentals/code-analysis/quality-rules/ca1416) [D:\workspace\ScreenTimeController\ScreenTimeController.csproj]
D:\workspace\ScreenTimeController\SettingsForm.cs(177,17): warning CA1416: 鍙湪鎵€鏈夊钩鍙颁笂璁块棶姝よ皟鐢ㄧ珯鐐广€?TableLayoutPanel.ColumnCount" 浠呭湪 "windows" 6.1 鍙婃洿楂樼増鏈?涓婂彈鏀寔銆?(https://learn.microsoft.com/dotnet/fundamentals/code-analysis/quality-rules/ca1416) [D:\workspace\ScreenTimeController\ScreenTimeController.csproj]
D:\workspace\ScreenTimeController\SettingsForm.cs(236,17): warning CA1416: 鍙湪鎵€鏈夊钩鍙颁笂璁块棶姝よ皟鐢ㄧ珯鐐广€?Control.Font" 浠呭湪 "windows" 6.1 鍙婃洿楂樼増鏈?涓婂彈鏀寔銆?(https://learn.microsoft.com/dotnet/fundamentals/code-analysis/quality-rules/ca1416) [D:\workspace\ScreenTimeController\ScreenTimeController.csproj]
D:\workspace\ScreenTimeController\SettingsForm.cs(414,30): warning CA1416: 鍙湪鎵€鏈夊钩鍙颁笂璁块棶姝よ皟鐢ㄧ珯鐐广€?Label" 浠呭湪 "windows" 6.1 鍙婃洿楂樼増鏈?涓婂彈鏀寔銆?(https://learn.microsoft.com/dotnet/fundamentals/code-analysis/quality-rules/ca1416) [D:\workspace\ScreenTimeController\ScreenTimeController.csproj]
D:\workspace\ScreenTimeController\SettingsForm.cs(402,13): warning CA1416: 鍙湪鎵€鏈夊钩鍙颁笂璁块棶姝よ皟鐢ㄧ珯鐐广€?TableLayoutPanel.Controls" 浠呭湪 "windows" 6.1 鍙婃洿楂樼増鏈?涓婂彈鏀寔銆?(https://learn.microsoft.com/dotnet/fundamentals/code-analysis/quality-rules/ca1416) [D:\workspace\ScreenTimeController\ScreenTimeController.csproj]
D:\workspace\ScreenTimeController\SettingsForm.cs(273,17): warning CA1416: 鍙湪鎵€鏈夊钩鍙颁笂璁块棶姝よ皟鐢ㄧ珯鐐广€?Control.Font" 浠呭湪 "windows" 6.1 鍙婃洿楂樼増鏈?涓婂彈鏀寔銆?(https://learn.microsoft.com/dotnet/fundamentals/code-analysis/quality-rules/ca1416) [D:\workspace\ScreenTimeController\ScreenTimeController.csproj]
D:\workspace\ScreenTimeController\SettingsForm.cs(293,17): warning CA1416: 鍙湪鎵€鏈夊钩鍙颁笂璁块棶姝よ皟鐢ㄧ珯鐐广€?Label.TextAlign" 浠呭湪 "windows" 6.1 鍙婃洿楂樼増鏈?涓婂彈鏀寔銆?(https://learn.microsoft.com/dotnet/fundamentals/code-analysis/quality-rules/ca1416) [D:\workspace\ScreenTimeController\ScreenTimeController.csproj]
D:\workspace\ScreenTimeController\SettingsForm.cs(169,34): warning CA1416: 鍙湪鎵€鏈夊钩鍙颁笂璁块棶姝よ皟鐢ㄧ珯鐐广€?FormStartPosition.CenterScreen" 浠呭湪 "windows" 6.1 鍙婃洿楂樼増鏈?涓婂彈鏀寔銆?(https://learn.microsoft.com/dotnet/fundamentals/code-analysis/quality-rules/ca1416) [D:\workspace\ScreenTimeController\ScreenTimeController.csproj]
D:\workspace\ScreenTimeController\SettingsForm.cs(185,63): warning CA1416: 鍙湪鎵€鏈夊钩鍙颁笂璁块棶姝よ皟鐢ㄧ珯鐐广€?SizeType.Absolute" 浠呭湪 "windows" 6.1 鍙婃洿楂樼増鏈?涓婂彈鏀寔銆?(https://learn.microsoft.com/dotnet/fundamentals/code-analysis/quality-rules/ca1416) [D:\workspace\ScreenTimeController\ScreenTimeController.csproj]
D:\workspace\ScreenTimeController\SettingsForm.cs(219,13): warning CA1416: 鍙湪鎵€鏈夊钩鍙颁笂璁块棶姝よ皟鐢ㄧ珯鐐广€?TableLayoutPanel.Controls" 浠呭湪 "windows" 6.1 鍙婃洿楂樼増鏈?涓婂彈鏀寔銆?(https://learn.microsoft.com/dotnet/fundamentals/code-analysis/quality-rules/ca1416) [D:\workspace\ScreenTimeController\ScreenTimeController.csproj]
D:\workspace\ScreenTimeController\SettingsForm.cs(600,17): warning CA1416: 鍙湪鎵€鏈夊钩鍙颁笂璁块棶姝よ皟鐢ㄧ珯鐐广€?Control.ForeColor" 浠呭湪 "windows" 6.1 鍙婃洿楂樼増鏈?涓婂彈鏀寔銆?(https://learn.microsoft.com/dotnet/fundamentals/code-analysis/quality-rules/ca1416) [D:\workspace\ScreenTimeController\ScreenTimeController.csproj]
D:\workspace\ScreenTimeController\SettingsForm.cs(227,17): warning CA1416: 鍙湪鎵€鏈夊钩鍙颁笂璁块棶姝よ皟鐢ㄧ珯鐐广€?Control.Margin" 浠呭湪 "windows" 6.1 鍙婃洿楂樼増鏈?涓婂彈鏀寔銆?(https://learn.microsoft.com/dotnet/fundamentals/code-analysis/quality-rules/ca1416) [D:\workspace\ScreenTimeController\ScreenTimeController.csproj]
D:\workspace\ScreenTimeController\SettingsForm.cs(373,13): warning CA1416: 鍙湪鎵€鏈夊钩鍙颁笂璁块棶姝よ皟鐢ㄧ珯鐐广€?TableLayoutPanel.Controls" 浠呭湪 "windows" 6.1 鍙婃洿楂樼増鏈?涓婂彈鏀寔銆?(https://learn.microsoft.com/dotnet/fundamentals/code-analysis/quality-rules/ca1416) [D:\workspace\ScreenTimeController\ScreenTimeController.csproj]
D:\workspace\ScreenTimeController\SettingsForm.cs(383,13): warning CA1416: 鍙湪鎵€鏈夊钩鍙颁笂璁块棶姝よ皟鐢ㄧ珯鐐广€?TableLayoutControlCollection.Add(Control, int, int)" 浠呭湪 "windows" 6.1 鍙婃洿楂樼増鏈?涓婂彈鏀寔銆?(https://learn.microsoft.com/dotnet/fundamentals/code-analysis/quality-rules/ca1416) [D:\workspace\ScreenTimeController\ScreenTimeController.csproj]
D:\workspace\ScreenTimeController\SettingsForm.cs(282,17): warning CA1416: 鍙湪鎵€鏈夊钩鍙颁笂璁块棶姝よ皟鐢ㄧ珯鐐广€?NumericUpDown.Maximum" 浠呭湪 "windows" 6.1 鍙婃洿楂樼増鏈?涓婂彈鏀寔銆?(https://learn.microsoft.com/dotnet/fundamentals/code-analysis/quality-rules/ca1416) [D:\workspace\ScreenTimeController\ScreenTimeController.csproj]
D:\workspace\ScreenTimeController\SettingsForm.cs(585,29): warning CA1416: 鍙湪鎵€鏈夊钩鍙颁笂璁块棶姝よ皟鐢ㄧ珯鐐广€?FlatStyle.Flat" 浠呭湪 "windows" 6.1 鍙婃洿楂樼増鏈?涓婂彈鏀寔銆?(https://learn.microsoft.com/dotnet/fundamentals/code-analysis/quality-rules/ca1416) [D:\workspace\ScreenTimeController\ScreenTimeController.csproj]
D:\workspace\ScreenTimeController\SettingsForm.cs(494,17): warning CA1416: 鍙湪鎵€鏈夊钩鍙颁笂璁块棶姝よ皟鐢ㄧ珯鐐广€?NumericUpDown.Minimum" 浠呭湪 "windows" 6.1 鍙婃洿楂樼増鏈?涓婂彈鏀寔銆?(https://learn.microsoft.com/dotnet/fundamentals/code-analysis/quality-rules/ca1416) [D:\workspace\ScreenTimeController\ScreenTimeController.csproj]
D:\workspace\ScreenTimeController\SettingsForm.cs(569,17): warning CA1416: 鍙湪鎵€鏈夊钩鍙颁笂璁块棶姝よ皟鐢ㄧ珯鐐广€?ButtonBase.FlatStyle" 浠呭湪 "windows" 6.1 鍙婃洿楂樼増鏈?涓婂彈鏀寔銆?(https://learn.microsoft.com/dotnet/fundamentals/code-analysis/quality-rules/ca1416) [D:\workspace\ScreenTimeController\ScreenTimeController.csproj]
D:\workspace\ScreenTimeController\SettingsForm.cs(342,26): warning CA1416: 鍙湪鎵€鏈夊钩鍙颁笂璁块棶姝よ皟鐢ㄧ珯鐐广€?Padding" 浠呭湪 "windows" 6.1 鍙婃洿楂樼増鏈?涓婂彈鏀寔銆?(https://learn.microsoft.com/dotnet/fundamentals/code-analysis/quality-rules/ca1416) [D:\workspace\ScreenTimeController\ScreenTimeController.csproj]
D:\workspace\ScreenTimeController\SettingsForm.cs(557,13): warning CA1416: 鍙湪鎵€鏈夊钩鍙颁笂璁块棶姝よ皟鐢ㄧ珯鐐广€?Control.Controls" 浠呭湪 "windows" 6.1 鍙婃洿楂樼増鏈?涓婂彈鏀寔銆?(https://learn.microsoft.com/dotnet/fundamentals/code-analysis/quality-rules/ca1416) [D:\workspace\ScreenTimeController\ScreenTimeController.csproj]
D:\workspace\ScreenTimeController\SettingsForm.cs(304,17): warning CA1416: 鍙湪鎵€鏈夊钩鍙颁笂璁块棶姝よ皟鐢ㄧ珯鐐广€?Control.Margin" 浠呭湪 "windows" 6.1 鍙婃洿楂樼増鏈?涓婂彈鏀寔銆?(https://learn.microsoft.com/dotnet/fundamentals/code-analysis/quality-rules/ca1416) [D:\workspace\ScreenTimeController\ScreenTimeController.csproj]
D:\workspace\ScreenTimeController\SettingsForm.cs(456,17): warning CA1416: 鍙湪鎵€鏈夊钩鍙颁笂璁块棶姝よ皟鐢ㄧ珯鐐广€?Label.TextAlign" 浠呭湪 "windows" 6.1 鍙婃洿楂樼増鏈?涓婂彈鏀寔銆?(https://learn.microsoft.com/dotnet/fundamentals/code-analysis/quality-rules/ca1416) [D:\workspace\ScreenTimeController\ScreenTimeController.csproj]
D:\workspace\ScreenTimeController\SettingsForm.cs(186,13): warning CA1416: 鍙湪鎵€鏈夊钩鍙颁笂璁块棶姝よ皟鐢ㄧ珯鐐广€?TableLayoutColumnStyleCollection.Add(ColumnStyle)" 浠呭湪 "windows" 6.1 鍙婃洿楂樼増鏈?涓婂彈鏀寔銆?(https://learn.microsoft.com/dotnet/fundamentals/code-analysis/quality-rules/ca1416) [D:\workspace\ScreenTimeController\ScreenTimeController.csproj]
D:\workspace\ScreenTimeController\SettingsForm.cs(407,17): warning CA1416: 鍙湪鎵€鏈夊钩鍙颁笂璁块棶姝よ皟鐢ㄧ珯鐐广€?Control.Font" 浠呭湪 "windows" 6.1 鍙婃洿楂樼増鏈?涓婂彈鏀寔銆?(https://learn.microsoft.com/dotnet/fundamentals/code-analysis/quality-rules/ca1416) [D:\workspace\ScreenTimeController\ScreenTimeController.csproj]
D:\workspace\ScreenTimeController\SettingsForm.cs(500,35): warning CA1416: 鍙湪鎵€鏈夊钩鍙颁笂璁块棶姝よ皟鐢ㄧ珯鐐广€?Label" 浠呭湪 "windows" 6.1 鍙婃洿楂樼増鏈?涓婂彈鏀寔銆?(https://learn.microsoft.com/dotnet/fundamentals/code-analysis/quality-rules/ca1416) [D:\workspace\ScreenTimeController\ScreenTimeController.csproj]
D:\workspace\ScreenTimeController\SettingsForm.cs(373,13): warning CA1416: 鍙湪鎵€鏈夊钩鍙颁笂璁块棶姝よ皟鐢ㄧ珯鐐广€?TableLayoutControlCollection.Add(Control, int, int)" 浠呭湪 "windows" 6.1 鍙婃洿楂樼増鏈?涓婂彈鏀寔銆?(https://learn.microsoft.com/dotnet/fundamentals/code-analysis/quality-rules/ca1416) [D:\workspace\ScreenTimeController\ScreenTimeController.csproj]
D:\workspace\ScreenTimeController\SettingsForm.cs(262,17): warning CA1416: 鍙湪鎵€鏈夊钩鍙颁笂璁块棶姝よ皟鐢ㄧ珯鐐广€?Label.Text" 浠呭湪 "windows" 6.1 鍙婃洿楂樼増鏈?涓婂彈鏀寔銆?(https://learn.microsoft.com/dotnet/fundamentals/code-analysis/quality-rules/ca1416) [D:\workspace\ScreenTimeController\ScreenTimeController.csproj]
D:\workspace\ScreenTimeController\SettingsForm.cs(533,17): warning CA1416: 鍙湪鎵€鏈夊钩鍙颁笂璁块棶姝よ皟鐢ㄧ珯鐐广€?Label.TextAlign" 浠呭湪 "windows" 6.1 鍙婃洿楂樼増鏈?涓婂彈鏀寔銆?(https://learn.microsoft.com/dotnet/fundamentals/code-analysis/quality-rules/ca1416) [D:\workspace\ScreenTimeController\ScreenTimeController.csproj]
D:\workspace\ScreenTimeController\SettingsForm.cs(332,17): warning CA1416: 鍙湪鎵€鏈夊钩鍙颁笂璁块棶姝よ皟鐢ㄧ珯鐐广€?Control.Font" 浠呭湪 "windows" 6.1 鍙婃洿楂樼増鏈?涓婂彈鏀寔銆?(https://learn.microsoft.com/dotnet/fundamentals/code-analysis/quality-rules/ca1416) [D:\workspace\ScreenTimeController\ScreenTimeController.csproj]
D:\workspace\ScreenTimeController\SettingsForm.cs(330,17): warning CA1416: 鍙湪鎵€鏈夊钩鍙颁笂璁块棶姝よ皟鐢ㄧ珯鐐广€?NumericUpDown.Maximum" 浠呭湪 "windows" 6.1 鍙婃洿楂樼増鏈?涓婂彈鏀寔銆?(https://learn.microsoft.com/dotnet/fundamentals/code-analysis/quality-rules/ca1416) [D:\workspace\ScreenTimeController\ScreenTimeController.csproj]
D:\workspace\ScreenTimeController\SettingsForm.cs(176,17): warning CA1416: 鍙湪鎵€鏈夊钩鍙颁笂璁块棶姝よ皟鐢ㄧ珯鐐广€?Control.Size" 浠呭湪 "windows" 6.1 鍙婃洿楂樼増鏈?涓婂彈鏀寔銆?(https://learn.microsoft.com/dotnet/fundamentals/code-analysis/quality-rules/ca1416) [D:\workspace\ScreenTimeController\ScreenTimeController.csproj]
D:\workspace\ScreenTimeController\SettingsForm.cs(531,17): warning CA1416: 鍙湪鎵€鏈夊钩鍙颁笂璁块棶姝よ皟鐢ㄧ珯鐐广€?Label.Text" 浠呭湪 "windows" 6.1 鍙婃洿楂樼増鏈?涓婂彈鏀寔銆?(https://learn.microsoft.com/dotnet/fundamentals/code-analysis/quality-rules/ca1416) [D:\workspace\ScreenTimeController\ScreenTimeController.csproj]
D:\workspace\ScreenTimeController\SettingsForm.cs(598,17): warning CA1416: 鍙湪鎵€鏈夊钩鍙颁笂璁块棶姝よ皟鐢ㄧ珯鐐广€?Control.Size" 浠呭湪 "windows" 6.1 鍙婃洿楂樼増鏈?涓婂彈鏀寔銆?(https://learn.microsoft.com/dotnet/fundamentals/code-analysis/quality-rules/ca1416) [D:\workspace\ScreenTimeController\ScreenTimeController.csproj]
D:\workspace\ScreenTimeController\SettingsForm.cs(448,26): warning CA1416: 鍙湪鎵€鏈夊钩鍙颁笂璁块棶姝よ皟鐢ㄧ珯鐐广€?Padding" 浠呭湪 "windows" 6.1 鍙婃洿楂樼増鏈?涓婂彈鏀寔銆?(https://learn.microsoft.com/dotnet/fundamentals/code-analysis/quality-rules/ca1416) [D:\workspace\ScreenTimeController\ScreenTimeController.csproj]
D:\workspace\ScreenTimeController\SettingsForm.cs(183,13): warning CA1416: 鍙湪鎵€鏈夊钩鍙颁笂璁块棶姝よ皟鐢ㄧ珯鐐广€?TableLayoutPanel.ColumnStyles" 浠呭湪 "windows" 6.1 鍙婃洿楂樼増鏈?涓婂彈鏀寔銆?(https://learn.microsoft.com/dotnet/fundamentals/code-analysis/quality-rules/ca1416) [D:\workspace\ScreenTimeController\ScreenTimeController.csproj]
D:\workspace\ScreenTimeController\SettingsForm.cs(454,17): warning CA1416: 鍙湪鎵€鏈夊钩鍙颁笂璁块棶姝よ皟鐢ㄧ珯鐐广€?Label.Text" 浠呭湪 "windows" 6.1 鍙婃洿楂樼増鏈?涓婂彈鏀寔銆?(https://learn.microsoft.com/dotnet/fundamentals/code-analysis/quality-rules/ca1416) [D:\workspace\ScreenTimeController\ScreenTimeController.csproj]
D:\workspace\ScreenTimeController\SettingsForm.cs(578,17): warning CA1416: 鍙湪鎵€鏈夊钩鍙颁笂璁块棶姝よ皟鐢ㄧ珯鐐广€?Control.Enabled" 浠呭湪 "windows" 6.1 鍙婃洿楂樼増鏈?涓婂彈鏀寔銆?(https://learn.microsoft.com/dotnet/fundamentals/code-analysis/quality-rules/ca1416) [D:\workspace\ScreenTimeController\ScreenTimeController.csproj]
D:\workspace\ScreenTimeController\SettingsForm.cs(601,17): warning CA1416: 鍙湪鎵€鏈夊钩鍙颁笂璁块棶姝よ皟鐢ㄧ珯鐐广€?ButtonBase.FlatStyle" 浠呭湪 "windows" 6.1 鍙婃洿楂樼増鏈?涓婂彈鏀寔銆?(https://learn.microsoft.com/dotnet/fundamentals/code-analysis/quality-rules/ca1416) [D:\workspace\ScreenTimeController\ScreenTimeController.csproj]
D:\workspace\ScreenTimeController\SettingsForm.cs(284,24): warning CA1416: 鍙湪鎵€鏈夊钩鍙颁笂璁块棶姝よ皟鐢ㄧ珯鐐广€?Font" 浠呭湪 "windows" 6.1 鍙婃洿楂樼増鏈?涓婂彈鏀寔銆?(https://learn.microsoft.com/dotnet/fundamentals/code-analysis/quality-rules/ca1416) [D:\workspace\ScreenTimeController\ScreenTimeController.csproj]
D:\workspace\ScreenTimeController\SettingsForm.cs(292,17): warning CA1416: 鍙湪鎵€鏈夊钩鍙颁笂璁块棶姝よ皟鐢ㄧ珯鐐广€?Control.Font" 浠呭湪 "windows" 6.1 鍙婃洿楂樼増鏈?涓婂彈鏀寔銆?(https://learn.microsoft.com/dotnet/fundamentals/code-analysis/quality-rules/ca1416) [D:\workspace\ScreenTimeController\ScreenTimeController.csproj]
D:\workspace\ScreenTimeController\SettingsForm.cs(495,17): warning CA1416: 鍙湪鎵€鏈夊钩鍙颁笂璁块棶姝よ皟鐢ㄧ珯鐐广€?Control.Font" 浠呭湪 "windows" 6.1 鍙婃洿楂樼増鏈?涓婂彈鏀寔銆?(https://learn.microsoft.com/dotnet/fundamentals/code-analysis/quality-rules/ca1416) [D:\workspace\ScreenTimeController\ScreenTimeController.csproj]
D:\workspace\ScreenTimeController\SettingsForm.cs(327,42): warning CA1416: 鍙湪鎵€鏈夊钩鍙颁笂璁块棶姝よ皟鐢ㄧ珯鐐广€?NumericUpDown" 浠呭湪 "windows" 6.1 鍙婃洿楂樼増鏈?涓婂彈鏀寔銆?(https://learn.microsoft.com/dotnet/fundamentals/code-analysis/quality-rules/ca1416) [D:\workspace\ScreenTimeController\ScreenTimeController.csproj]
D:\workspace\ScreenTimeController\SettingsForm.cs(186,63): warning CA1416: 鍙湪鎵€鏈夊钩鍙颁笂璁块棶姝よ皟鐢ㄧ珯鐐广€?SizeType.Absolute" 浠呭湪 "windows" 6.1 鍙婃洿楂樼増鏈?涓婂彈鏀寔銆?(https://learn.microsoft.com/dotnet/fundamentals/code-analysis/quality-rules/ca1416) [D:\workspace\ScreenTimeController\ScreenTimeController.csproj]
D:\workspace\ScreenTimeController\SettingsForm.cs(513,24): warning CA1416: 鍙湪鎵€鏈夊钩鍙颁笂璁块棶姝よ皟鐢ㄧ珯鐐广€?Font" 浠呭湪 "windows" 6.1 鍙婃洿楂樼増鏈?涓婂彈鏀寔銆?(https://learn.microsoft.com/dotnet/fundamentals/code-analysis/quality-rules/ca1416) [D:\workspace\ScreenTimeController\ScreenTimeController.csproj]
D:\workspace\ScreenTimeController\SettingsForm.cs(394,46): warning CA1416: 鍙湪鎵€鏈夊钩鍙颁笂璁块棶姝よ皟鐢ㄧ珯鐐广€?NumericUpDown" 浠呭湪 "windows" 6.1 鍙婃洿楂樼増鏈?涓婂彈鏀寔銆?(https://learn.microsoft.com/dotnet/fundamentals/code-analysis/quality-rules/ca1416) [D:\workspace\ScreenTimeController\ScreenTimeController.csproj]
D:\workspace\ScreenTimeController\SettingsForm.cs(462,28): warning CA1416: 鍙湪鎵€鏈夊钩鍙颁笂璁块棶姝よ皟鐢ㄧ珯鐐广€?Label" 浠呭湪 "windows" 6.1 鍙婃洿楂樼増鏈?涓婂彈鏀寔銆?(https://learn.microsoft.com/dotnet/fundamentals/code-analysis/quality-rules/ca1416) [D:\workspace\ScreenTimeController\ScreenTimeController.csproj]
D:\workspace\ScreenTimeController\SettingsForm.cs(215,48): warning CA1416: 鍙湪鎵€鏈夊钩鍙颁笂璁块棶姝よ皟鐢ㄧ珯鐐广€?FontStyle.Bold" 浠呭湪 "windows" 6.1 鍙婃洿楂樼増鏈?涓婂彈鏀寔銆?(https://learn.microsoft.com/dotnet/fundamentals/code-analysis/quality-rules/ca1416) [D:\workspace\ScreenTimeController\ScreenTimeController.csproj]
D:\workspace\ScreenTimeController\SettingsForm.cs(611,17): warning CA1416: 鍙湪鎵€鏈夊钩鍙颁笂璁块棶姝よ皟鐢ㄧ珯鐐广€?Control.Font" 浠呭湪 "windows" 6.1 鍙婃洿楂樼増鏈?涓婂彈鏀寔銆?(https://learn.microsoft.com/dotnet/fundamentals/code-analysis/quality-rules/ca1416) [D:\workspace\ScreenTimeController\ScreenTimeController.csproj]
D:\workspace\ScreenTimeController\SettingsForm.cs(527,13): warning CA1416: 鍙湪鎵€鏈夊钩鍙颁笂璁块棶姝よ皟鐢ㄧ珯鐐广€?TableLayoutPanel.Controls" 浠呭湪 "windows" 6.1 鍙婃洿楂樼増鏈?涓婂彈鏀寔銆?(https://learn.microsoft.com/dotnet/fundamentals/code-analysis/quality-rules/ca1416) [D:\workspace\ScreenTimeController\ScreenTimeController.csproj]
D:\workspace\ScreenTimeController\SettingsForm.cs(546,13): warning CA1416: 鍙湪鎵€鏈夊钩鍙颁笂璁块棶姝よ皟鐢ㄧ珯鐐广€?TableLayoutControlCollection.Add(Control, int, int)" 浠呭湪 "windows" 6.1 鍙婃洿楂樼増鏈?涓婂彈鏀寔銆?(https://learn.microsoft.com/dotnet/fundamentals/code-analysis/quality-rules/ca1416) [D:\workspace\ScreenTimeController\ScreenTimeController.csproj]
D:\workspace\ScreenTimeController\SettingsForm.cs(589,13): warning CA1416: 鍙湪鎵€鏈夊钩鍙颁笂璁块棶姝よ皟鐢ㄧ珯鐐广€?Control.Controls" 浠呭湪 "windows" 6.1 鍙婃洿楂樼増鏈?涓婂彈鏀寔銆?(https://learn.microsoft.com/dotnet/fundamentals/code-analysis/quality-rules/ca1416) [D:\workspace\ScreenTimeController\ScreenTimeController.csproj]
D:\workspace\ScreenTimeController\SettingsForm.cs(346,44): warning CA1416: 鍙湪鎵€鏈夊钩鍙颁笂璁块棶姝よ皟鐢ㄧ珯鐐广€?NumericUpDown" 浠呭湪 "windows" 6.1 鍙婃洿楂樼増鏈?涓婂彈鏀寔銆?(https://learn.microsoft.com/dotnet/fundamentals/code-analysis/quality-rules/ca1416) [D:\workspace\ScreenTimeController\ScreenTimeController.csproj]
D:\workspace\ScreenTimeController\SettingsForm.cs(438,26): warning CA1416: 鍙湪鎵€鏈夊钩鍙颁笂璁块棶姝よ皟鐢ㄧ珯鐐广€?Padding" 浠呭湪 "windows" 6.1 鍙婃洿楂樼増鏈?涓婂彈鏀寔銆?(https://learn.microsoft.com/dotnet/fundamentals/code-analysis/quality-rules/ca1416) [D:\workspace\ScreenTimeController\ScreenTimeController.csproj]
D:\workspace\ScreenTimeController\SettingsForm.cs(450,13): warning CA1416: 鍙湪鎵€鏈夊钩鍙颁笂璁块棶姝よ皟鐢ㄧ珯鐐广€?TableLayoutPanel.Controls" 浠呭湪 "windows" 6.1 鍙婃洿楂樼増鏈?涓婂彈鏀寔銆?(https://learn.microsoft.com/dotnet/fundamentals/code-analysis/quality-rules/ca1416) [D:\workspace\ScreenTimeController\ScreenTimeController.csproj]
D:\workspace\ScreenTimeController\SettingsForm.cs(407,24): warning CA1416: 鍙湪鎵€鏈夊钩鍙颁笂璁块棶姝よ皟鐢ㄧ珯鐐广€?Font" 浠呭湪 "windows" 6.1 鍙婃洿楂樼増鏈?涓婂彈鏀寔銆?(https://learn.microsoft.com/dotnet/fundamentals/code-analysis/quality-rules/ca1416) [D:\workspace\ScreenTimeController\ScreenTimeController.csproj]
D:\workspace\ScreenTimeController\SettingsForm.cs(485,29): warning CA1416: 鍙湪鎵€鏈夊钩鍙颁笂璁块棶姝よ皟鐢ㄧ珯鐐广€?ContentAlignment.MiddleLeft" 浠呭湪 "windows" 6.1 鍙婃洿楂樼増鏈?涓婂彈鏀寔銆?(https://learn.microsoft.com/dotnet/fundamentals/code-analysis/quality-rules/ca1416) [D:\workspace\ScreenTimeController\ScreenTimeController.csproj]
D:\workspace\ScreenTimeController\SettingsForm.cs(486,17): warning CA1416: 鍙湪鎵€鏈夊钩鍙颁笂璁块棶姝よ皟鐢ㄧ珯鐐广€?Control.Margin" 浠呭湪 "windows" 6.1 鍙婃洿楂樼増鏈?涓婂彈鏀寔銆?(https://learn.microsoft.com/dotnet/fundamentals/code-analysis/quality-rules/ca1416) [D:\workspace\ScreenTimeController\ScreenTimeController.csproj]
D:\workspace\ScreenTimeController\SettingsForm.cs(360,29): warning CA1416: 鍙湪鎵€鏈夊钩鍙颁笂璁块棶姝よ皟鐢ㄧ珯鐐广€?ContentAlignment.MiddleLeft" 浠呭湪 "windows" 6.1 鍙婃洿楂樼増鏈?涓婂彈鏀寔銆?(https://learn.microsoft.com/dotnet/fundamentals/code-analysis/quality-rules/ca1416) [D:\workspace\ScreenTimeController\ScreenTimeController.csproj]
D:\workspace\ScreenTimeController\SettingsForm.cs(512,17): warning CA1416: 鍙湪鎵€鏈夊钩鍙颁笂璁块棶姝よ皟鐢ㄧ珯鐐广€?Label.Text" 浠呭湪 "windows" 6.1 鍙婃洿楂樼増鏈?涓婂彈鏀寔銆?(https://learn.microsoft.com/dotnet/fundamentals/code-analysis/quality-rules/ca1416) [D:\workspace\ScreenTimeController\ScreenTimeController.csproj]
D:\workspace\ScreenTimeController\SettingsForm.cs(601,29): warning CA1416: 鍙湪鎵€鏈夊钩鍙颁笂璁块棶姝よ皟鐢ㄧ珯鐐广€?FlatStyle.Flat" 浠呭湪 "windows" 6.1 鍙婃洿楂樼増鏈?涓婂彈鏀寔銆?(https://learn.microsoft.com/dotnet/fundamentals/code-analysis/quality-rules/ca1416) [D:\workspace\ScreenTimeController\ScreenTimeController.csproj]
D:\workspace\ScreenTimeController\SettingsForm.cs(381,17): warning CA1416: 鍙湪鎵€鏈夊钩鍙颁笂璁块棶姝よ皟鐢ㄧ珯鐐广€?Control.Margin" 浠呭湪 "windows" 6.1 鍙婃洿楂樼増鏈?涓婂彈鏀寔銆?(https://learn.microsoft.com/dotnet/fundamentals/code-analysis/quality-rules/ca1416) [D:\workspace\ScreenTimeController\ScreenTimeController.csproj]
D:\workspace\ScreenTimeController\SettingsForm.cs(507,13): warning CA1416: 鍙湪鎵€鏈夊钩鍙颁笂璁块棶姝よ皟鐢ㄧ珯鐐广€?TableLayoutControlCollection.Add(Control, int, int)" 浠呭湪 "windows" 6.1 鍙婃洿楂樼増鏈?涓婂彈鏀寔銆?(https://learn.microsoft.com/dotnet/fundamentals/code-analysis/quality-rules/ca1416) [D:\workspace\ScreenTimeController\ScreenTimeController.csproj]
D:\workspace\ScreenTimeController\SettingsForm.cs(351,24): warning CA1416: 鍙湪鎵€鏈夊钩鍙颁笂璁块棶姝よ皟鐢ㄧ珯鐐广€?Font" 浠呭湪 "windows" 6.1 鍙婃洿楂樼増鏈?涓婂彈鏀寔銆?(https://learn.microsoft.com/dotnet/fundamentals/code-analysis/quality-rules/ca1416) [D:\workspace\ScreenTimeController\ScreenTimeController.csproj]
D:\workspace\ScreenTimeController\SettingsForm.cs(325,13): warning CA1416: 鍙湪鎵€鏈夊钩鍙颁笂璁块棶姝よ皟鐢ㄧ珯鐐广€?TableLayoutControlCollection.Add(Control, int, int)" 浠呭湪 "windows" 6.1 鍙婃洿楂樼増鏈?涓婂彈鏀寔銆?(https://learn.microsoft.com/dotnet/fundamentals/code-analysis/quality-rules/ca1416) [D:\workspace\ScreenTimeController\ScreenTimeController.csproj]
D:\workspace\ScreenTimeController\SettingsForm.cs(199,26): warning CA1416: 鍙湪鎵€鏈夊钩鍙颁笂璁块棶姝よ皟鐢ㄧ珯鐐广€?Padding" 浠呭湪 "windows" 6.1 鍙婃洿楂樼増鏈?涓婂彈鏀寔銆?(https://learn.microsoft.com/dotnet/fundamentals/code-analysis/quality-rules/ca1416) [D:\workspace\ScreenTimeController\ScreenTimeController.csproj]
D:\workspace\ScreenTimeController\SettingsForm.cs(620,13): warning CA1416: 鍙湪鎵€鏈夊钩鍙颁笂璁块棶姝よ皟鐢ㄧ珯鐐广€?Control.Controls" 浠呭湪 "windows" 6.1 鍙婃洿楂樼増鏈?涓婂彈鏀寔銆?(https://learn.microsoft.com/dotnet/fundamentals/code-analysis/quality-rules/ca1416) [D:\workspace\ScreenTimeController\ScreenTimeController.csproj]
D:\workspace\ScreenTimeController\SettingsForm.cs(440,13): warning CA1416: 鍙湪鎵€鏈夊钩鍙颁笂璁块棶姝よ皟鐢ㄧ珯鐐广€?TableLayoutControlCollection.Add(Control, int, int)" 浠呭湪 "windows" 6.1 鍙婃洿楂樼増鏈?涓婂彈鏀寔銆?(https://learn.microsoft.com/dotnet/fundamentals/code-analysis/quality-rules/ca1416) [D:\workspace\ScreenTimeController\ScreenTimeController.csproj]
D:\workspace\ScreenTimeController\SettingsForm.cs(217,17): warning CA1416: 鍙湪鎵€鏈夊钩鍙颁笂璁块棶姝よ皟鐢ㄧ珯鐐广€?Control.Margin" 浠呭湪 "windows" 6.1 鍙婃洿楂樼増鏈?涓婂彈鏀寔銆?(https://learn.microsoft.com/dotnet/fundamentals/code-analysis/quality-rules/ca1416) [D:\workspace\ScreenTimeController\ScreenTimeController.csproj]
D:\workspace\ScreenTimeController\SettingsForm.cs(281,17): warning CA1416: 鍙湪鎵€鏈夊钩鍙颁笂璁块棶姝よ皟鐢ㄧ珯鐐广€?Control.Enabled" 浠呭湪 "windows" 6.1 鍙婃洿楂樼増鏈?涓婂彈鏀寔銆?(https://learn.microsoft.com/dotnet/fundamentals/code-analysis/quality-rules/ca1416) [D:\workspace\ScreenTimeController\ScreenTimeController.csproj]
D:\workspace\ScreenTimeController\SettingsForm.cs(419,17): warning CA1416: 鍙湪鎵€鏈夊钩鍙颁笂璁块棶姝よ皟鐢ㄧ珯鐐广€?Control.Margin" 浠呭湪 "windows" 6.1 鍙婃洿楂樼増鏈?涓婂彈鏀寔銆?(https://learn.microsoft.com/dotnet/fundamentals/code-analysis/quality-rules/ca1416) [D:\workspace\ScreenTimeController\ScreenTimeController.csproj]
D:\workspace\ScreenTimeController\SettingsForm.cs(417,17): warning CA1416: 鍙湪鎵€鏈夊钩鍙颁笂璁块棶姝よ皟鐢ㄧ珯鐐广€?Control.Font" 浠呭湪 "windows" 6.1 鍙婃洿楂樼増鏈?涓婂彈鏀寔銆?(https://learn.microsoft.com/dotnet/fundamentals/code-analysis/quality-rules/ca1416) [D:\workspace\ScreenTimeController\ScreenTimeController.csproj]
D:\workspace\ScreenTimeController\SettingsForm.cs(421,13): warning CA1416: 鍙湪鎵€鏈夊钩鍙颁笂璁块棶姝よ皟鐢ㄧ珯鐐广€?TableLayoutControlCollection.Add(Control, int, int)" 浠呭湪 "windows" 6.1 鍙婃洿楂樼増鏈?涓婂彈鏀寔銆?(https://learn.microsoft.com/dotnet/fundamentals/code-analysis/quality-rules/ca1416) [D:\workspace\ScreenTimeController\ScreenTimeController.csproj]
D:\workspace\ScreenTimeController\SettingsForm.cs(564,17): warning CA1416: 鍙湪鎵€鏈夊钩鍙颁笂璁块棶姝よ皟鐢ㄧ珯鐐广€?Control.Font" 浠呭湪 "windows" 6.1 鍙婃洿楂樼増鏈?涓婂彈鏀寔銆?(https://learn.microsoft.com/dotnet/fundamentals/code-analysis/quality-rules/ca1416) [D:\workspace\ScreenTimeController\ScreenTimeController.csproj]
D:\workspace\ScreenTimeController\SettingsForm.cs(533,29): warning CA1416: 鍙湪鎵€鏈夊钩鍙颁笂璁块棶姝よ皟鐢ㄧ珯鐐广€?ContentAlignment.MiddleLeft" 浠呭湪 "windows" 6.1 鍙婃洿楂樼増鏈?涓婂彈鏀寔銆?(https://learn.microsoft.com/dotnet/fundamentals/code-analysis/quality-rules/ca1416) [D:\workspace\ScreenTimeController\ScreenTimeController.csproj]
D:\workspace\ScreenTimeController\SettingsForm.cs(352,26): warning CA1416: 鍙湪鎵€鏈夊钩鍙颁笂璁块棶姝よ皟鐢ㄧ珯鐐广€?Padding" 浠呭湪 "windows" 6.1 鍙婃洿楂樼増鏈?涓婂彈鏀寔銆?(https://learn.microsoft.com/dotnet/fundamentals/code-analysis/quality-rules/ca1416) [D:\workspace\ScreenTimeController\ScreenTimeController.csproj]
D:\workspace\ScreenTimeController\SettingsForm.cs(227,26): warning CA1416: 鍙湪鎵€鏈夊钩鍙颁笂璁块棶姝よ皟鐢ㄧ珯鐐广€?Padding" 浠呭湪 "windows" 6.1 鍙婃洿楂樼増鏈?涓婂彈鏀寔銆?(https://learn.microsoft.com/dotnet/fundamentals/code-analysis/quality-rules/ca1416) [D:\workspace\ScreenTimeController\ScreenTimeController.csproj]
D:\workspace\ScreenTimeController\SettingsForm.cs(166,36): warning CA1416: 鍙湪鎵€鏈夊钩鍙颁笂璁块棶姝よ皟鐢ㄧ珯鐐广€?FormBorderStyle.FixedSingle" 浠呭湪 "windows" 6.1 鍙婃洿楂樼増鏈?涓婂彈鏀寔銆?(https://learn.microsoft.com/dotnet/fundamentals/code-analysis/quality-rules/ca1416) [D:\workspace\ScreenTimeController\ScreenTimeController.csproj]
D:\workspace\ScreenTimeController\SettingsForm.cs(356,36): warning CA1416: 鍙湪鎵€鏈夊钩鍙颁笂璁块棶姝よ皟鐢ㄧ珯鐐广€?Label" 浠呭湪 "windows" 6.1 鍙婃洿楂樼増鏈?涓婂彈鏀寔銆?(https://learn.microsoft.com/dotnet/fundamentals/code-analysis/quality-rules/ca1416) [D:\workspace\ScreenTimeController\ScreenTimeController.csproj]
D:\workspace\ScreenTimeController\SettingsForm.cs(333,26): warning CA1416: 鍙湪鎵€鏈夊钩鍙颁笂璁块棶姝よ皟鐢ㄧ珯鐐广€?Padding" 浠呭湪 "windows" 6.1 鍙婃洿楂樼増鏈?涓婂彈鏀寔銆?(https://learn.microsoft.com/dotnet/fundamentals/code-analysis/quality-rules/ca1416) [D:\workspace\ScreenTimeController\ScreenTimeController.csproj]
D:\workspace\ScreenTimeController\SettingsForm.cs(466,17): warning CA1416: 鍙湪鎵€鏈夊钩鍙颁笂璁块棶姝よ皟鐢ㄧ珯鐐广€?Label.TextAlign" 浠呭湪 "windows" 6.1 鍙婃洿楂樼増鏈?涓婂彈鏀寔銆?(https://learn.microsoft.com/dotnet/fundamentals/code-analysis/quality-rules/ca1416) [D:\workspace\ScreenTimeController\ScreenTimeController.csproj]
D:\workspace\ScreenTimeController\SettingsForm.cs(226,29): warning CA1416: 鍙湪鎵€鏈夊钩鍙颁笂璁块棶姝よ皟鐢ㄧ珯鐐广€?ContentAlignment.MiddleLeft" 浠呭湪 "windows" 6.1 鍙婃洿楂樼増鏈?涓婂彈鏀寔銆?(https://learn.microsoft.com/dotnet/fundamentals/code-analysis/quality-rules/ca1416) [D:\workspace\ScreenTimeController\ScreenTimeController.csproj]
D:\workspace\ScreenTimeController\SettingsForm.cs(304,26): warning CA1416: 鍙湪鎵€鏈夊钩鍙颁笂璁块棶姝よ皟鐢ㄧ珯鐐广€?Padding" 浠呭湪 "windows" 6.1 鍙婃洿楂樼増鏈?涓婂彈鏀寔銆?(https://learn.microsoft.com/dotnet/fundamentals/code-analysis/quality-rules/ca1416) [D:\workspace\ScreenTimeController\ScreenTimeController.csproj]
D:\workspace\ScreenTimeController\SettingsForm.cs(431,13): warning CA1416: 鍙湪鎵€鏈夊钩鍙颁笂璁块棶姝よ皟鐢ㄧ珯鐐广€?TableLayoutPanel.Controls" 浠呭湪 "windows" 6.1 鍙婃洿楂樼増鏈?涓婂彈鏀寔銆?(https://learn.microsoft.com/dotnet/fundamentals/code-analysis/quality-rules/ca1416) [D:\workspace\ScreenTimeController\ScreenTimeController.csproj]
D:\workspace\ScreenTimeController\SettingsForm.cs(408,29): warning CA1416: 鍙湪鎵€鏈夊钩鍙颁笂璁块棶姝よ皟鐢ㄧ珯鐐广€?ContentAlignment.MiddleLeft" 浠呭湪 "windows" 6.1 鍙婃洿楂樼増鏈?涓婂彈鏀寔銆?(https://learn.microsoft.com/dotnet/fundamentals/code-analysis/quality-rules/ca1416) [D:\workspace\ScreenTimeController\ScreenTimeController.csproj]
D:\workspace\ScreenTimeController\SettingsForm.cs(425,17): warning CA1416: 鍙湪鎵€鏈夊钩鍙颁笂璁块棶姝よ皟鐢ㄧ珯鐐广€?Control.Enabled" 浠呭湪 "windows" 6.1 鍙婃洿楂樼増鏈?涓婂彈鏀寔銆?(https://learn.microsoft.com/dotnet/fundamentals/code-analysis/quality-rules/ca1416) [D:\workspace\ScreenTimeController\ScreenTimeController.csproj]
D:\workspace\ScreenTimeController\SettingsForm.cs(351,17): warning CA1416: 鍙湪鎵€鏈夊钩鍙颁笂璁块棶姝よ皟鐢ㄧ珯鐐广€?Control.Font" 浠呭湪 "windows" 6.1 鍙婃洿楂樼増鏈?涓婂彈鏀寔銆?(https://learn.microsoft.com/dotnet/fundamentals/code-analysis/quality-rules/ca1416) [D:\workspace\ScreenTimeController\ScreenTimeController.csproj]
D:\workspace\ScreenTimeController\SettingsForm.cs(321,17): warning CA1416: 鍙湪鎵€鏈夊钩鍙颁笂璁块棶姝よ皟鐢ㄧ珯鐐广€?Control.Font" 浠呭湪 "windows" 6.1 鍙婃洿楂樼増鏈?涓婂彈鏀寔銆?(https://learn.microsoft.com/dotnet/fundamentals/code-analysis/quality-rules/ca1416) [D:\workspace\ScreenTimeController\ScreenTimeController.csproj]
D:\workspace\ScreenTimeController\SettingsForm.cs(477,26): warning CA1416: 鍙湪鎵€鏈夊钩鍙颁笂璁块棶姝よ皟鐢ㄧ珯鐐广€?Padding" 浠呭湪 "windows" 6.1 鍙婃洿楂樼増鏈?涓婂彈鏀寔銆?(https://learn.microsoft.com/dotnet/fundamentals/code-analysis/quality-rules/ca1416) [D:\workspace\ScreenTimeController\ScreenTimeController.csproj]
D:\workspace\ScreenTimeController\SettingsForm.cs(215,17): warning CA1416: 鍙湪鎵€鏈夊钩鍙颁笂璁块棶姝よ皟鐢ㄧ珯鐐广€?Control.Font" 浠呭湪 "windows" 6.1 鍙婃洿楂樼増鏈?涓婂彈鏀寔銆?(https://learn.microsoft.com/dotnet/fundamentals/code-analysis/quality-rules/ca1416) [D:\workspace\ScreenTimeController\ScreenTimeController.csproj]
D:\workspace\ScreenTimeController\SettingsForm.cs(467,17): warning CA1416: 鍙湪鎵€鏈夊钩鍙颁笂璁块棶姝よ皟鐢ㄧ珯鐐广€?Control.Margin" 浠呭湪 "windows" 6.1 鍙婃洿楂樼増鏈?涓婂彈鏀寔銆?(https://learn.microsoft.com/dotnet/fundamentals/code-analysis/quality-rules/ca1416) [D:\workspace\ScreenTimeController\ScreenTimeController.csproj]
D:\workspace\ScreenTimeController\SettingsForm.cs(180,31): warning CA1416: 鍙湪鎵€鏈夊钩鍙颁笂璁块棶姝よ皟鐢ㄧ珯鐐广€?BorderStyle.FixedSingle" 浠呭湪 "windows" 6.1 鍙婃洿楂樼増鏈?涓婂彈鏀寔銆?(https://learn.microsoft.com/dotnet/fundamentals/code-analysis/quality-rules/ca1416) [D:\workspace\ScreenTimeController\ScreenTimeController.csproj]
D:\workspace\ScreenTimeController\SettingsForm.cs(244,24): warning CA1416: 鍙湪鎵€鏈夊钩鍙颁笂璁块棶姝よ皟鐢ㄧ珯鐐广€?Font" 浠呭湪 "windows" 6.1 鍙婃洿楂樼増鏈?涓婂彈鏀寔銆?(https://learn.microsoft.com/dotnet/fundamentals/code-analysis/quality-rules/ca1416) [D:\workspace\ScreenTimeController\ScreenTimeController.csproj]
D:\workspace\ScreenTimeController\SettingsForm.cs(588,13): warning CA1416: 鍙湪鎵€鏈夊钩鍙颁笂璁块棶姝よ皟鐢ㄧ珯鐐广€?Control.Click" 浠呭湪 "windows" 6.1 鍙婃洿楂樼増鏈?涓婂彈鏀寔銆?(https://learn.microsoft.com/dotnet/fundamentals/code-analysis/quality-rules/ca1416) [D:\workspace\ScreenTimeController\ScreenTimeController.csproj]
D:\workspace\ScreenTimeController\SettingsForm.cs(552,29): warning CA1416: 鍙湪鎵€鏈夊钩鍙颁笂璁块棶姝よ皟鐢ㄧ珯鐐广€?ContentAlignment.MiddleLeft" 浠呭湪 "windows" 6.1 鍙婃洿楂樼増鏈?涓婂彈鏀寔銆?(https://learn.microsoft.com/dotnet/fundamentals/code-analysis/quality-rules/ca1416) [D:\workspace\ScreenTimeController\ScreenTimeController.csproj]
D:\workspace\ScreenTimeController\SettingsForm.cs(206,17): warning CA1416: 鍙湪鎵€鏈夊钩鍙颁笂璁块棶姝よ皟鐢ㄧ珯鐐广€?Control.Font" 浠呭湪 "windows" 6.1 鍙婃洿楂樼増鏈?涓婂彈鏀寔銆?(https://learn.microsoft.com/dotnet/fundamentals/code-analysis/quality-rules/ca1416) [D:\workspace\ScreenTimeController\ScreenTimeController.csproj]
D:\workspace\ScreenTimeController\SettingsForm.cs(534,17): warning CA1416: 鍙湪鎵€鏈夊钩鍙颁笂璁块棶姝よ皟鐢ㄧ珯鐐广€?Control.Margin" 浠呭湪 "windows" 6.1 鍙婃洿楂樼増鏈?涓婂彈鏀寔銆?(https://learn.microsoft.com/dotnet/fundamentals/code-analysis/quality-rules/ca1416) [D:\workspace\ScreenTimeController\ScreenTimeController.csproj]
D:\workspace\ScreenTimeController\SettingsForm.cs(544,26): warning CA1416: 鍙湪鎵€鏈夊钩鍙颁笂璁块棶姝よ皟鐢ㄧ珯鐐广€?Padding" 浠呭湪 "windows" 6.1 鍙婃洿楂樼増鏈?涓婂彈鏀寔銆?(https://learn.microsoft.com/dotnet/fundamentals/code-analysis/quality-rules/ca1416) [D:\workspace\ScreenTimeController\ScreenTimeController.csproj]
D:\workspace\ScreenTimeController\SettingsForm.cs(312,17): warning CA1416: 鍙湪鎵€鏈夊钩鍙颁笂璁块棶姝よ皟鐢ㄧ珯鐐广€?Label.TextAlign" 浠呭湪 "windows" 6.1 鍙婃洿楂樼増鏈?涓婂彈鏀寔銆?(https://learn.microsoft.com/dotnet/fundamentals/code-analysis/quality-rules/ca1416) [D:\workspace\ScreenTimeController\ScreenTimeController.csproj]
D:\workspace\ScreenTimeController\SettingsForm.cs(519,43): warning CA1416: 鍙湪鎵€鏈夊钩鍙颁笂璁块棶姝よ皟鐢ㄧ珯鐐广€?NumericUpDown" 浠呭湪 "windows" 6.1 鍙婃洿楂樼増鏈?涓婂彈鏀寔銆?(https://learn.microsoft.com/dotnet/fundamentals/code-analysis/quality-rules/ca1416) [D:\workspace\ScreenTimeController\ScreenTimeController.csproj]
D:\workspace\ScreenTimeController\SettingsForm.cs(553,17): warning CA1416: 鍙湪鎵€鏈夊钩鍙颁笂璁块棶姝よ皟鐢ㄧ珯鐐广€?Control.Margin" 浠呭湪 "windows" 6.1 鍙婃洿楂樼増鏈?涓婂彈鏀寔銆?(https://learn.microsoft.com/dotnet/fundamentals/code-analysis/quality-rules/ca1416) [D:\workspace\ScreenTimeController\ScreenTimeController.csproj]
D:\workspace\ScreenTimeController\SettingsForm.cs(254,17): warning CA1416: 鍙湪鎵€鏈夊钩鍙颁笂璁块棶姝よ皟鐢ㄧ珯鐐广€?NumericUpDown.Minimum" 浠呭湪 "windows" 6.1 鍙婃洿楂樼増鏈?涓婂彈鏀寔銆?(https://learn.microsoft.com/dotnet/fundamentals/code-analysis/quality-rules/ca1416) [D:\workspace\ScreenTimeController\ScreenTimeController.csproj]
D:\workspace\ScreenTimeController\SettingsForm.cs(469,13): warning CA1416: 鍙湪鎵€鏈夊钩鍙颁笂璁块棶姝よ皟鐢ㄧ珯鐐广€?TableLayoutControlCollection.Add(Control, int, int)" 浠呭湪 "windows" 6.1 鍙婃洿楂樼増鏈?涓婂彈鏀寔銆?(https://learn.microsoft.com/dotnet/fundamentals/code-analysis/quality-rules/ca1416) [D:\workspace\ScreenTimeController\ScreenTimeController.csproj]
D:\workspace\ScreenTimeController\SettingsForm.cs(479,13): warning CA1416: 鍙湪鎵€鏈夊钩鍙颁笂璁块棶姝よ皟鐢ㄧ珯鐐广€?TableLayoutPanel.Controls" 浠呭湪 "windows" 6.1 鍙婃洿楂樼増鏈?涓婂彈鏀寔銆?(https://learn.microsoft.com/dotnet/fundamentals/code-analysis/quality-rules/ca1416) [D:\workspace\ScreenTimeController\ScreenTimeController.csproj]
D:\workspace\ScreenTimeController\SettingsForm.cs(250,43): warning CA1416: 鍙湪鎵€鏈夊钩鍙颁笂璁块棶姝よ皟鐢ㄧ珯鐐广€?NumericUpDown" 浠呭湪 "windows" 6.1 鍙婃洿楂樼増鏈?涓婂彈鏀寔銆?(https://learn.microsoft.com/dotnet/fundamentals/code-analysis/quality-rules/ca1416) [D:\workspace\ScreenTimeController\ScreenTimeController.csproj]
D:\workspace\ScreenTimeController\SettingsForm.cs(521,17): warning CA1416: 鍙湪鎵€鏈夊钩鍙颁笂璁块棶姝よ皟鐢ㄧ珯鐐广€?Control.Enabled" 浠呭湪 "windows" 6.1 鍙婃洿楂樼増鏈?涓婂彈鏀寔銆?(https://learn.microsoft.com/dotnet/fundamentals/code-analysis/quality-rules/ca1416) [D:\workspace\ScreenTimeController\ScreenTimeController.csproj]
D:\workspace\ScreenTimeController\SettingsForm.cs(167,13): warning CA1416: 鍙湪鎵€鏈夊钩鍙颁笂璁块棶姝よ皟鐢ㄧ珯鐐广€?Form.MaximizeBox" 浠呭湪 "windows" 6.1 鍙婃洿楂樼増鏈?涓婂彈鏀寔銆?(https://learn.microsoft.com/dotnet/fundamentals/code-analysis/quality-rules/ca1416) [D:\workspace\ScreenTimeController\ScreenTimeController.csproj]
D:\workspace\ScreenTimeController\SettingsForm.cs(277,13): warning CA1416: 鍙湪鎵€鏈夊钩鍙颁笂璁块棶姝よ皟鐢ㄧ珯鐐广€?TableLayoutPanel.Controls" 浠呭湪 "windows" 6.1 鍙婃洿楂樼増鏈?涓婂彈鏀寔銆?(https://learn.microsoft.com/dotnet/fundamentals/code-analysis/quality-rules/ca1416) [D:\workspace\ScreenTimeController\ScreenTimeController.csproj]
D:\workspace\ScreenTimeController\SettingsForm.cs(380,17): warning CA1416: 鍙湪鎵€鏈夊钩鍙颁笂璁块棶姝よ皟鐢ㄧ珯鐐广€?Control.Font" 浠呭湪 "windows" 6.1 鍙婃洿楂樼増鏈?涓婂彈鏀寔銆?(https://learn.microsoft.com/dotnet/fundamentals/code-analysis/quality-rules/ca1416) [D:\workspace\ScreenTimeController\ScreenTimeController.csproj]
D:\workspace\ScreenTimeController\SettingsForm.cs(277,13): warning CA1416: 鍙湪鎵€鏈夊钩鍙颁笂璁块棶姝よ皟鐢ㄧ珯鐐广€?TableLayoutControlCollection.Add(Control, int, int)" 浠呭湪 "windows" 6.1 鍙婃洿楂樼増鏈?涓婂彈鏀寔銆?(https://learn.microsoft.com/dotnet/fundamentals/code-analysis/quality-rules/ca1416) [D:\workspace\ScreenTimeController\ScreenTimeController.csproj]
D:\workspace\ScreenTimeController\SettingsForm.cs(229,13): warning CA1416: 鍙湪鎵€鏈夊钩鍙颁笂璁块棶姝よ皟鐢ㄧ珯鐐广€?TableLayoutPanel.Controls" 浠呭湪 "windows" 6.1 鍙婃洿楂樼増鏈?涓婂彈鏀寔銆?(https://learn.microsoft.com/dotnet/fundamentals/code-analysis/quality-rules/ca1416) [D:\workspace\ScreenTimeController\ScreenTimeController.csproj]
D:\workspace\ScreenTimeController\SettingsForm.cs(361,26): warning CA1416: 鍙湪鎵€鏈夊钩鍙颁笂璁块棶姝よ皟鐢ㄧ珯鐐广€?Padding" 浠呭湪 "windows" 6.1 鍙婃洿楂樼増鏈?涓婂彈鏀寔銆?(https://learn.microsoft.com/dotnet/fundamentals/code-analysis/quality-rules/ca1416) [D:\workspace\ScreenTimeController\ScreenTimeController.csproj]
D:\workspace\ScreenTimeController\SettingsForm.cs(377,17): warning CA1416: 鍙湪鎵€鏈夊钩鍙颁笂璁块棶姝よ皟鐢ㄧ珯鐐广€?Control.Enabled" 浠呭湪 "windows" 6.1 鍙婃洿楂樼増鏈?涓婂彈鏀寔銆?(https://learn.microsoft.com/dotnet/fundamentals/code-analysis/quality-rules/ca1416) [D:\workspace\ScreenTimeController\ScreenTimeController.csproj]
D:\workspace\ScreenTimeController\SettingsForm.cs(239,13): warning CA1416: 鍙湪鎵€鏈夊钩鍙颁笂璁块棶姝よ皟鐢ㄧ珯鐐广€?TableLayoutPanel.Controls" 浠呭湪 "windows" 6.1 鍙婃洿楂樼増鏈?涓婂彈鏀寔銆?(https://learn.microsoft.com/dotnet/fundamentals/code-analysis/quality-rules/ca1416) [D:\workspace\ScreenTimeController\ScreenTimeController.csproj]
D:\workspace\ScreenTimeController\SettingsForm.cs(183,13): warning CA1416: 鍙湪鎵€鏈夊钩鍙颁笂璁块棶姝よ皟鐢ㄧ珯鐐广€?TableLayoutColumnStyleCollection.Add(ColumnStyle)" 浠呭湪 "windows" 6.1 鍙婃洿楂樼増鏈?涓婂彈鏀寔銆?(https://learn.microsoft.com/dotnet/fundamentals/code-analysis/quality-rules/ca1416) [D:\workspace\ScreenTimeController\ScreenTimeController.csproj]
D:\workspace\ScreenTimeController\SettingsForm.cs(275,17): warning CA1416: 鍙湪鎵€鏈夊钩鍙颁笂璁块棶姝よ皟鐢ㄧ珯鐐广€?Control.Margin" 浠呭湪 "windows" 6.1 鍙婃洿楂樼増鏈?涓婂彈鏀寔銆?(https://learn.microsoft.com/dotnet/fundamentals/code-analysis/quality-rules/ca1416) [D:\workspace\ScreenTimeController\ScreenTimeController.csproj]
D:\workspace\ScreenTimeController\SettingsForm.cs(296,13): warning CA1416: 鍙湪鎵€鏈夊钩鍙颁笂璁块棶姝よ皟鐢ㄧ珯鐐广€?TableLayoutControlCollection.Add(Control, int, int)" 浠呭湪 "windows" 6.1 鍙婃洿楂樼増鏈?涓婂彈鏀寔銆?(https://learn.microsoft.com/dotnet/fundamentals/code-analysis/quality-rules/ca1416) [D:\workspace\ScreenTimeController\ScreenTimeController.csproj]
D:\workspace\ScreenTimeController\SettingsForm.cs(300,17): warning CA1416: 鍙湪鎵€鏈夊钩鍙颁笂璁块棶姝よ皟鐢ㄧ珯鐐广€?Control.Enabled" 浠呭湪 "windows" 6.1 鍙婃洿楂樼増鏈?涓婂彈鏀寔銆?(https://learn.microsoft.com/dotnet/fundamentals/code-analysis/quality-rules/ca1416) [D:\workspace\ScreenTimeController\ScreenTimeController.csproj]
D:\workspace\ScreenTimeController\SettingsForm.cs(279,41): warning CA1416: 鍙湪鎵€鏈夊钩鍙颁笂璁块棶姝よ皟鐢ㄧ珯鐐广€?NumericUpDown" 浠呭湪 "windows" 6.1 鍙婃洿楂樼増鏈?涓婂彈鏀寔銆?(https://learn.microsoft.com/dotnet/fundamentals/code-analysis/quality-rules/ca1416) [D:\workspace\ScreenTimeController\ScreenTimeController.csproj]
D:\workspace\ScreenTimeController\SettingsForm.cs(524,24): warning CA1416: 鍙湪鎵€鏈夊钩鍙颁笂璁块棶姝よ皟鐢ㄧ珯鐐广€?Font" 浠呭湪 "windows" 6.1 鍙婃洿楂樼増鏈?涓婂彈鏀寔銆?(https://learn.microsoft.com/dotnet/fundamentals/code-analysis/quality-rules/ca1416) [D:\workspace\ScreenTimeController\ScreenTimeController.csproj]
D:\workspace\ScreenTimeController\SettingsForm.cs(335,13): warning CA1416: 鍙湪鎵€鏈夊钩鍙颁笂璁块棶姝よ皟鐢ㄧ珯鐐广€?TableLayoutControlCollection.Add(Control, int, int)" 浠呭湪 "windows" 6.1 鍙婃洿楂樼増鏈?涓婂彈鏀寔銆?(https://learn.microsoft.com/dotnet/fundamentals/code-analysis/quality-rules/ca1416) [D:\workspace\ScreenTimeController\ScreenTimeController.csproj]
D:\workspace\ScreenTimeController\SettingsForm.cs(504,17): warning CA1416: 鍙湪鎵€鏈夊钩鍙颁笂璁块棶姝よ皟鐢ㄧ珯鐐广€?Label.TextAlign" 浠呭湪 "windows" 6.1 鍙婃洿楂樼増鏈?涓婂彈鏀寔銆?(https://learn.microsoft.com/dotnet/fundamentals/code-analysis/quality-rules/ca1416) [D:\workspace\ScreenTimeController\ScreenTimeController.csproj]
D:\workspace\ScreenTimeController\SettingsForm.cs(190,48): warning CA1416: 鍙湪鎵€鏈夊钩鍙颁笂璁块棶姝よ皟鐢ㄧ珯鐐广€?RowStyle" 浠呭湪 "windows" 6.1 鍙婃洿楂樼増鏈?涓婂彈鏀寔銆?(https://learn.microsoft.com/dotnet/fundamentals/code-analysis/quality-rules/ca1416) [D:\workspace\ScreenTimeController\ScreenTimeController.csproj]
D:\workspace\ScreenTimeController\SettingsForm.cs(335,13): warning CA1416: 鍙湪鎵€鏈夊钩鍙颁笂璁块棶姝よ皟鐢ㄧ珯鐐广€?TableLayoutPanel.Controls" 浠呭湪 "windows" 6.1 鍙婃洿楂樼増鏈?涓婂彈鏀寔銆?(https://learn.microsoft.com/dotnet/fundamentals/code-analysis/quality-rules/ca1416) [D:\workspace\ScreenTimeController\ScreenTimeController.csproj]
D:\workspace\ScreenTimeController\SettingsForm.cs(435,17): warning CA1416: 鍙湪鎵€鏈夊钩鍙颁笂璁块棶姝よ皟鐢ㄧ珯鐐广€?Label.Text" 浠呭湪 "windows" 6.1 鍙婃洿楂樼増鏈?涓婂彈鏀寔銆?(https://learn.microsoft.com/dotnet/fundamentals/code-analysis/quality-rules/ca1416) [D:\workspace\ScreenTimeController\ScreenTimeController.csproj]
D:\workspace\ScreenTimeController\SettingsForm.cs(352,17): warning CA1416: 鍙湪鎵€鏈夊钩鍙颁笂璁块棶姝よ皟鐢ㄧ珯鐐广€?Control.Margin" 浠呭湪 "windows" 6.1 鍙婃洿楂樼増鏈?涓婂彈鏀寔銆?(https://learn.microsoft.com/dotnet/fundamentals/code-analysis/quality-rules/ca1416) [D:\workspace\ScreenTimeController\ScreenTimeController.csproj]
D:\workspace\ScreenTimeController\SettingsForm.cs(421,13): warning CA1416: 鍙湪鎵€鏈夊钩鍙颁笂璁块棶姝よ皟鐢ㄧ珯鐐广€?TableLayoutPanel.Controls" 浠呭湪 "windows" 6.1 鍙婃洿楂樼増鏈?涓婂彈鏀寔銆?(https://learn.microsoft.com/dotnet/fundamentals/code-analysis/quality-rules/ca1416) [D:\workspace\ScreenTimeController\ScreenTimeController.csproj]
D:\workspace\ScreenTimeController\SettingsForm.cs(260,35): warning CA1416: 鍙湪鎵€鏈夊钩鍙颁笂璁块棶姝よ皟鐢ㄧ珯鐐广€?Label" 浠呭湪 "windows" 6.1 鍙婃洿楂樼増鏈?涓婂彈鏀寔銆?(https://learn.microsoft.com/dotnet/fundamentals/code-analysis/quality-rules/ca1416) [D:\workspace\ScreenTimeController\ScreenTimeController.csproj]
D:\workspace\ScreenTimeController\SettingsForm.cs(503,17): warning CA1416: 鍙湪鎵€鏈夊钩鍙颁笂璁块棶姝よ皟鐢ㄧ珯鐐广€?Control.Font" 浠呭湪 "windows" 6.1 鍙婃洿楂樼増鏈?涓婂彈鏀寔銆?(https://learn.microsoft.com/dotnet/fundamentals/code-analysis/quality-rules/ca1416) [D:\workspace\ScreenTimeController\ScreenTimeController.csproj]
D:\workspace\ScreenTimeController\SettingsForm.cs(595,17): warning CA1416: 鍙湪鎵€鏈夊钩鍙颁笂璁块棶姝よ皟鐢ㄧ珯鐐广€?ButtonBase.Text" 浠呭湪 "windows" 6.1 鍙婃洿楂樼増鏈?涓婂彈鏀寔銆?(https://learn.microsoft.com/dotnet/fundamentals/code-analysis/quality-rules/ca1416) [D:\workspace\ScreenTimeController\ScreenTimeController.csproj]
D:\workspace\ScreenTimeController\SettingsForm.cs(505,17): warning CA1416: 鍙湪鎵€鏈夊钩鍙颁笂璁块棶姝よ皟鐢ㄧ珯鐐广€?Control.Margin" 浠呭湪 "windows" 6.1 鍙婃洿楂樼増鏈?涓婂彈鏀寔銆?(https://learn.microsoft.com/dotnet/fundamentals/code-analysis/quality-rules/ca1416) [D:\workspace\ScreenTimeController\ScreenTimeController.csproj]
D:\workspace\ScreenTimeController\SettingsForm.cs(498,13): warning CA1416: 鍙湪鎵€鏈夊钩鍙颁笂璁块棶姝よ皟鐢ㄧ珯鐐广€?TableLayoutPanel.Controls" 浠呭湪 "windows" 6.1 鍙婃洿楂樼増鏈?涓婂彈鏀寔銆?(https://learn.microsoft.com/dotnet/fundamentals/code-analysis/quality-rules/ca1416) [D:\workspace\ScreenTimeController\ScreenTimeController.csproj]
D:\workspace\ScreenTimeController\SettingsForm.cs(245,17): warning CA1416: 鍙湪鎵€鏈夊钩鍙颁笂璁块棶姝よ皟鐢ㄧ珯鐐广€?Label.TextAlign" 浠呭湪 "windows" 6.1 鍙婃洿楂樼増鏈?涓婂彈鏀寔銆?(https://learn.microsoft.com/dotnet/fundamentals/code-analysis/quality-rules/ca1416) [D:\workspace\ScreenTimeController\ScreenTimeController.csproj]
D:\workspace\ScreenTimeController\SettingsForm.cs(248,13): warning CA1416: 鍙湪鎵€鏈夊钩鍙颁笂璁块棶姝よ皟鐢ㄧ珯鐐广€?TableLayoutControlCollection.Add(Control, int, int)" 浠呭湪 "windows" 6.1 鍙婃洿楂樼増鏈?涓婂彈鏀寔銆?(https://learn.microsoft.com/dotnet/fundamentals/code-analysis/quality-rules/ca1416) [D:\workspace\ScreenTimeController\ScreenTimeController.csproj]
D:\workspace\ScreenTimeController\SettingsForm.cs(294,17): warning CA1416: 鍙湪鎵€鏈夊钩鍙颁笂璁块棶姝よ皟鐢ㄧ珯鐐广€?Control.Margin" 浠呭湪 "windows" 6.1 鍙婃洿楂樼増鏈?涓婂彈鏀寔銆?(https://learn.microsoft.com/dotnet/fundamentals/code-analysis/quality-rules/ca1416) [D:\workspace\ScreenTimeController\ScreenTimeController.csproj]
D:\workspace\ScreenTimeController\SettingsForm.cs(569,29): warning CA1416: 鍙湪鎵€鏈夊钩鍙颁笂璁块棶姝よ皟鐢ㄧ珯鐐广€?FlatStyle.Flat" 浠呭湪 "windows" 6.1 鍙婃洿楂樼増鏈?涓婂彈鏀寔銆?(https://learn.microsoft.com/dotnet/fundamentals/code-analysis/quality-rules/ca1416) [D:\workspace\ScreenTimeController\ScreenTimeController.csproj]
D:\workspace\ScreenTimeController\SettingsForm.cs(409,17): warning CA1416: 鍙湪鎵€鏈夊钩鍙颁笂璁块棶姝よ皟鐢ㄧ珯鐐广€?Control.Margin" 浠呭湪 "windows" 6.1 鍙婃洿楂樼増鏈?涓婂彈鏀寔銆?(https://learn.microsoft.com/dotnet/fundamentals/code-analysis/quality-rules/ca1416) [D:\workspace\ScreenTimeController\ScreenTimeController.csproj]
D:\workspace\ScreenTimeController\SettingsForm.cs(196,17): warning CA1416: 鍙湪鎵€鏈夊钩鍙颁笂璁块棶姝よ皟鐢ㄧ珯鐐广€?Label.Text" 浠呭湪 "windows" 6.1 鍙婃洿楂樼増鏈?涓婂彈鏀寔銆?(https://learn.microsoft.com/dotnet/fundamentals/code-analysis/quality-rules/ca1416) [D:\workspace\ScreenTimeController\ScreenTimeController.csproj]
D:\workspace\ScreenTimeController\SettingsForm.cs(210,13): warning CA1416: 鍙湪鎵€鏈夊钩鍙颁笂璁块棶姝よ皟鐢ㄧ珯鐐广€?TableLayoutControlCollection.Add(Control, int, int)" 浠呭湪 "windows" 6.1 鍙婃洿楂樼増鏈?涓婂彈鏀寔銆?(https://learn.microsoft.com/dotnet/fundamentals/code-analysis/quality-rules/ca1416) [D:\workspace\ScreenTimeController\ScreenTimeController.csproj]
D:\workspace\ScreenTimeController\SettingsForm.cs(571,13): warning CA1416: 鍙湪鎵€鏈夊钩鍙颁笂璁块棶姝よ皟鐢ㄧ珯鐐广€?FlatButtonAppearance.BorderSize" 浠呭湪 "windows" 6.1 鍙婃洿楂樼増鏈?涓婂彈鏀寔銆?(https://learn.microsoft.com/dotnet/fundamentals/code-analysis/quality-rules/ca1416) [D:\workspace\ScreenTimeController\ScreenTimeController.csproj]
D:\workspace\ScreenTimeController\SettingsForm.cs(186,13): warning CA1416: 鍙湪鎵€鏈夊钩鍙颁笂璁块棶姝よ皟鐢ㄧ珯鐐广€?TableLayoutPanel.ColumnStyles" 浠呭湪 "windows" 6.1 鍙婃洿楂樼増鏈?涓婂彈鏀寔銆?(https://learn.microsoft.com/dotnet/fundamentals/code-analysis/quality-rules/ca1416) [D:\workspace\ScreenTimeController\ScreenTimeController.csproj]
D:\workspace\ScreenTimeController\SettingsForm.cs(573,13): warning CA1416: 鍙湪鎵€鏈夊钩鍙颁笂璁块棶姝よ皟鐢ㄧ珯鐐广€?Control.ControlCollection.Add(Control?)" 浠呭湪 "windows" 6.1 鍙婃洿楂樼増鏈?涓婂彈鏀寔銆?(https://learn.microsoft.com/dotnet/fundamentals/code-analysis/quality-rules/ca1416) [D:\workspace\ScreenTimeController\ScreenTimeController.csproj]
D:\workspace\ScreenTimeController\SettingsForm.cs(603,13): warning CA1416: 鍙湪鎵€鏈夊钩鍙颁笂璁块棶姝よ皟鐢ㄧ珯鐐广€?FlatButtonAppearance.BorderSize" 浠呭湪 "windows" 6.1 鍙婃洿楂樼増鏈?涓婂彈鏀寔銆?(https://learn.microsoft.com/dotnet/fundamentals/code-analysis/quality-rules/ca1416) [D:\workspace\ScreenTimeController\ScreenTimeController.csproj]
D:\workspace\ScreenTimeController\SettingsForm.cs(398,17): warning CA1416: 鍙湪鎵€鏈夊钩鍙颁笂璁块棶姝よ皟鐢ㄧ珯鐐广€?NumericUpDown.Minimum" 浠呭湪 "windows" 6.1 鍙婃洿楂樼増鏈?涓婂彈鏀寔銆?(https://learn.microsoft.com/dotnet/fundamentals/code-analysis/quality-rules/ca1416) [D:\workspace\ScreenTimeController\ScreenTimeController.csproj]
D:\workspace\ScreenTimeController\SettingsForm.cs(208,17): warning CA1416: 鍙湪鎵€鏈夊钩鍙颁笂璁块棶姝よ皟鐢ㄧ珯鐐广€?Control.Margin" 浠呭湪 "windows" 6.1 鍙婃洿楂樼増鏈?涓婂彈鏀寔銆?(https://learn.microsoft.com/dotnet/fundamentals/code-analysis/quality-rules/ca1416) [D:\workspace\ScreenTimeController\ScreenTimeController.csproj]
D:\workspace\ScreenTimeController\SettingsForm.cs(224,17): warning CA1416: 鍙湪鎵€鏈夊钩鍙颁笂璁块棶姝よ皟鐢ㄧ珯鐐广€?Label.Text" 浠呭湪 "windows" 6.1 鍙婃洿楂樼増鏈?涓婂彈鏀寔銆?(https://learn.microsoft.com/dotnet/fundamentals/code-analysis/quality-rules/ca1416) [D:\workspace\ScreenTimeController\ScreenTimeController.csproj]
D:\workspace\ScreenTimeController\SettingsForm.cs(256,26): warning CA1416: 鍙湪鎵€鏈夊钩鍙颁笂璁块棶姝よ皟鐢ㄧ珯鐐广€?Padding" 浠呭湪 "windows" 6.1 鍙婃洿楂樼増鏈?涓婂彈鏀寔銆?(https://learn.microsoft.com/dotnet/fundamentals/code-analysis/quality-rules/ca1416) [D:\workspace\ScreenTimeController\ScreenTimeController.csproj]
D:\workspace\ScreenTimeController\SettingsForm.cs(274,17): warning CA1416: 鍙湪鎵€鏈夊钩鍙颁笂璁块棶姝よ皟鐢ㄧ珯鐐广€?Label.TextAlign" 浠呭湪 "windows" 6.1 鍙婃洿楂樼増鏈?涓婂彈鏀寔銆?(https://learn.microsoft.com/dotnet/fundamentals/code-analysis/quality-rules/ca1416) [D:\workspace\ScreenTimeController\ScreenTimeController.csproj]
D:\workspace\ScreenTimeController\SettingsForm.cs(431,13): warning CA1416: 鍙湪鎵€鏈夊钩鍙颁笂璁块棶姝よ皟鐢ㄧ珯鐐广€?TableLayoutControlCollection.Add(Control, int, int)" 浠呭湪 "windows" 6.1 鍙婃洿楂樼増鏈?涓婂彈鏀寔銆?(https://learn.microsoft.com/dotnet/fundamentals/code-analysis/quality-rules/ca1416) [D:\workspace\ScreenTimeController\ScreenTimeController.csproj]
D:\workspace\ScreenTimeController\SettingsForm.cs(190,17): warning CA1416: 鍙湪鎵€鏈夊钩鍙颁笂璁块棶姝よ皟鐢ㄧ珯鐐广€?TableLayoutRowStyleCollection.Add(RowStyle)" 浠呭湪 "windows" 6.1 鍙婃洿楂樼増鏈?涓婂彈鏀寔銆?(https://learn.microsoft.com/dotnet/fundamentals/code-analysis/quality-rules/ca1416) [D:\workspace\ScreenTimeController\ScreenTimeController.csproj]
D:\workspace\ScreenTimeController\SettingsForm.cs(583,17): warning CA1416: 鍙湪鎵€鏈夊钩鍙颁笂璁块棶姝よ皟鐢ㄧ珯鐐广€?ButtonBase.BackColor" 浠呭湪 "windows" 6.1 鍙婃洿楂樼増鏈?涓婂彈鏀寔銆?(https://learn.microsoft.com/dotnet/fundamentals/code-analysis/quality-rules/ca1416) [D:\workspace\ScreenTimeController\ScreenTimeController.csproj]
D:\workspace\ScreenTimeController\SettingsForm.cs(361,17): warning CA1416: 鍙湪鎵€鏈夊钩鍙颁笂璁块棶姝よ皟鐢ㄧ珯鐐广€?Control.Margin" 浠呭湪 "windows" 6.1 鍙婃洿楂樼増鏈?涓婂彈鏀寔銆?(https://learn.microsoft.com/dotnet/fundamentals/code-analysis/quality-rules/ca1416) [D:\workspace\ScreenTimeController\ScreenTimeController.csproj]
D:\workspace\ScreenTimeController\SettingsForm.cs(170,13): warning CA1416: 鍙湪鎵€鏈夊钩鍙颁笂璁块棶姝よ皟鐢ㄧ珯鐐广€?Form.BackColor" 浠呭湪 "windows" 6.1 鍙婃洿楂樼増鏈?涓婂彈鏀寔銆?(https://learn.microsoft.com/dotnet/fundamentals/code-analysis/quality-rules/ca1416) [D:\workspace\ScreenTimeController\ScreenTimeController.csproj]
D:\workspace\ScreenTimeController\SettingsForm.cs(201,13): warning CA1416: 鍙湪鎵€鏈夊钩鍙颁笂璁块棶姝よ皟鐢ㄧ珯鐐广€?TableLayoutPanel.Controls" 浠呭湪 "windows" 6.1 鍙婃洿楂樼増鏈?涓婂彈鏀寔銆?(https://learn.microsoft.com/dotnet/fundamentals/code-analysis/quality-rules/ca1416) [D:\workspace\ScreenTimeController\ScreenTimeController.csproj]
D:\workspace\ScreenTimeController\SettingsForm.cs(587,13): warning CA1416: 鍙湪鎵€鏈夊钩鍙颁笂璁块棶姝よ皟鐢ㄧ珯鐐广€?ButtonBase.FlatAppearance" 浠呭湪 "windows" 6.1 鍙婃洿楂樼増鏈?涓婂彈鏀寔銆?(https://learn.microsoft.com/dotnet/fundamentals/code-analysis/quality-rules/ca1416) [D:\workspace\ScreenTimeController\ScreenTimeController.csproj]
D:\workspace\ScreenTimeController\SettingsForm.cs(214,17): warning CA1416: 鍙湪鎵€鏈夊钩鍙颁笂璁块棶姝よ皟鐢ㄧ珯鐐广€?Label.Text" 浠呭湪 "windows" 6.1 鍙婃洿楂樼増鏈?涓婂彈鏀寔銆?(https://learn.microsoft.com/dotnet/fundamentals/code-analysis/quality-rules/ca1416) [D:\workspace\ScreenTimeController\ScreenTimeController.csproj]
D:\workspace\ScreenTimeController\SettingsForm.cs(312,29): warning CA1416: 鍙湪鎵€鏈夊钩鍙颁笂璁块棶姝よ皟鐢ㄧ珯鐐广€?ContentAlignment.MiddleLeft" 浠呭湪 "windows" 6.1 鍙婃洿楂樼増鏈?涓婂彈鏀寔銆?(https://learn.microsoft.com/dotnet/fundamentals/code-analysis/quality-rules/ca1416) [D:\workspace\ScreenTimeController\ScreenTimeController.csproj]
D:\workspace\ScreenTimeController\SettingsForm.cs(429,17): warning CA1416: 鍙湪鎵€鏈夊钩鍙颁笂璁块棶姝よ皟鐢ㄧ珯鐐广€?Control.Margin" 浠呭湪 "windows" 6.1 鍙婃洿楂樼増鏈?涓婂彈鏀寔銆?(https://learn.microsoft.com/dotnet/fundamentals/code-analysis/quality-rules/ca1416) [D:\workspace\ScreenTimeController\ScreenTimeController.csproj]
D:\workspace\ScreenTimeController\SettingsForm.cs(436,24): warning CA1416: 鍙湪鎵€鏈夊钩鍙颁笂璁块棶姝よ皟鐢ㄧ珯鐐广€?Font" 浠呭湪 "windows" 6.1 鍙婃洿楂樼増鏈?涓婂彈鏀寔銆?(https://learn.microsoft.com/dotnet/fundamentals/code-analysis/quality-rules/ca1416) [D:\workspace\ScreenTimeController\ScreenTimeController.csproj]
D:\workspace\ScreenTimeController\SettingsForm.cs(436,17): warning CA1416: 鍙湪鎵€鏈夊钩鍙颁笂璁块棶姝よ皟鐢ㄧ珯鐐广€?Control.Font" 浠呭湪 "windows" 6.1 鍙婃洿楂樼増鏈?涓婂彈鏀寔銆?(https://learn.microsoft.com/dotnet/fundamentals/code-analysis/quality-rules/ca1416) [D:\workspace\ScreenTimeController\ScreenTimeController.csproj]
D:\workspace\ScreenTimeController\SettingsForm.cs(323,17): warning CA1416: 鍙湪鎵€鏈夊钩鍙颁笂璁块棶姝よ皟鐢ㄧ珯鐐广€?Control.Margin" 浠呭湪 "windows" 6.1 鍙婃洿楂樼増鏈?涓婂彈鏀寔銆?(https://learn.microsoft.com/dotnet/fundamentals/code-analysis/quality-rules/ca1416) [D:\workspace\ScreenTimeController\ScreenTimeController.csproj]
D:\workspace\ScreenTimeController\SettingsForm.cs(205,17): warning CA1416: 鍙湪鎵€鏈夊钩鍙颁笂璁块棶姝よ皟鐢ㄧ珯鐐广€?Label.Text" 浠呭湪 "windows" 6.1 鍙婃洿楂樼増鏈?涓婂彈鏀寔銆?(https://learn.microsoft.com/dotnet/fundamentals/code-analysis/quality-rules/ca1416) [D:\workspace\ScreenTimeController\ScreenTimeController.csproj]
D:\workspace\ScreenTimeController\SettingsForm.cs(315,13): warning CA1416: 鍙湪鎵€鏈夊钩鍙颁笂璁块棶姝よ皟鐢ㄧ珯鐐广€?TableLayoutControlCollection.Add(Control, int, int)" 浠呭湪 "windows" 6.1 鍙婃洿楂樼増鏈?涓婂彈鏀寔銆?(https://learn.microsoft.com/dotnet/fundamentals/code-analysis/quality-rules/ca1416) [D:\workspace\ScreenTimeController\ScreenTimeController.csproj]
D:\workspace\ScreenTimeController\SettingsForm.cs(310,17): warning CA1416: 鍙湪鎵€鏈夊钩鍙颁笂璁块棶姝よ皟鐢ㄧ珯鐐广€?Label.Text" 浠呭湪 "windows" 6.1 鍙婃洿楂樼増鏈?涓婂彈鏀寔銆?(https://learn.microsoft.com/dotnet/fundamentals/code-analysis/quality-rules/ca1416) [D:\workspace\ScreenTimeController\ScreenTimeController.csproj]
D:\workspace\ScreenTimeController\SettingsForm.cs(263,24): warning CA1416: 鍙湪鎵€鏈夊钩鍙颁笂璁块棶姝よ皟鐢ㄧ珯鐐广€?Font" 浠呭湪 "windows" 6.1 鍙婃洿楂樼増鏈?涓婂彈鏀寔銆?(https://learn.microsoft.com/dotnet/fundamentals/code-analysis/quality-rules/ca1416) [D:\workspace\ScreenTimeController\ScreenTimeController.csproj]
D:\workspace\ScreenTimeController\SettingsForm.cs(507,13): warning CA1416: 鍙湪鎵€鏈夊钩鍙颁笂璁块棶姝よ皟鐢ㄧ珯鐐广€?TableLayoutPanel.Controls" 浠呭湪 "windows" 6.1 鍙婃洿楂樼増鏈?涓婂彈鏀寔銆?(https://learn.microsoft.com/dotnet/fundamentals/code-analysis/quality-rules/ca1416) [D:\workspace\ScreenTimeController\ScreenTimeController.csproj]
D:\workspace\ScreenTimeController\SettingsForm.cs(459,13): warning CA1416: 鍙湪鎵€鏈夊钩鍙颁笂璁块棶姝よ皟鐢ㄧ珯鐐广€?TableLayoutControlCollection.Add(Control, int, int)" 浠呭湪 "windows" 6.1 鍙婃洿楂樼増鏈?涓婂彈鏀寔銆?(https://learn.microsoft.com/dotnet/fundamentals/code-analysis/quality-rules/ca1416) [D:\workspace\ScreenTimeController\ScreenTimeController.csproj]
D:\workspace\ScreenTimeController\SettingsForm.cs(517,13): warning CA1416: 鍙湪鎵€鏈夊钩鍙颁笂璁块棶姝よ皟鐢ㄧ珯鐐广€?TableLayoutControlCollection.Add(Control, int, int)" 浠呭湪 "windows" 6.1 鍙婃洿楂樼増鏈?涓婂彈鏀寔銆?(https://learn.microsoft.com/dotnet/fundamentals/code-analysis/quality-rules/ca1416) [D:\workspace\ScreenTimeController\ScreenTimeController.csproj]
D:\workspace\ScreenTimeController\SettingsForm.cs(197,17): warning CA1416: 鍙湪鎵€鏈夊钩鍙颁笂璁块棶姝よ皟鐢ㄧ珯鐐广€?Control.Font" 浠呭湪 "windows" 6.1 鍙婃洿楂樼増鏈?涓婂彈鏀寔銆?(https://learn.microsoft.com/dotnet/fundamentals/code-analysis/quality-rules/ca1416) [D:\workspace\ScreenTimeController\ScreenTimeController.csproj]
D:\workspace\ScreenTimeController\SettingsForm.cs(182,13): warning CA1416: 鍙湪鎵€鏈夊钩鍙颁笂璁块棶姝よ皟鐢ㄧ珯鐐广€?TableLayoutColumnStyleCollection.Add(ColumnStyle)" 浠呭湪 "windows" 6.1 鍙婃洿楂樼増鏈?涓婂彈鏀寔銆?(https://learn.microsoft.com/dotnet/fundamentals/code-analysis/quality-rules/ca1416) [D:\workspace\ScreenTimeController\ScreenTimeController.csproj]
D:\workspace\ScreenTimeController\SettingsForm.cs(402,13): warning CA1416: 鍙湪鎵€鏈夊钩鍙颁笂璁块棶姝よ皟鐢ㄧ珯鐐广€?TableLayoutControlCollection.Add(Control, int, int)" 浠呭湪 "windows" 6.1 鍙婃洿楂樼増鏈?涓婂彈鏀寔銆?(https://learn.microsoft.com/dotnet/fundamentals/code-analysis/quality-rules/ca1416) [D:\workspace\ScreenTimeController\ScreenTimeController.csproj]
D:\workspace\ScreenTimeController\SettingsForm.cs(486,26): warning CA1416: 鍙湪鎵€鏈夊钩鍙颁笂璁块棶姝よ皟鐢ㄧ珯鐐广€?Padding" 浠呭湪 "windows" 6.1 鍙婃洿楂樼増鏈?涓婂彈鏀寔銆?(https://learn.microsoft.com/dotnet/fundamentals/code-analysis/quality-rules/ca1416) [D:\workspace\ScreenTimeController\ScreenTimeController.csproj]
D:\workspace\ScreenTimeController\SettingsForm.cs(496,17): warning CA1416: 鍙湪鎵€鏈夊钩鍙颁笂璁块棶姝よ皟鐢ㄧ珯鐐广€?Control.Margin" 浠呭湪 "windows" 6.1 鍙婃洿楂樼増鏈?涓婂彈鏀寔銆?(https://learn.microsoft.com/dotnet/fundamentals/code-analysis/quality-rules/ca1416) [D:\workspace\ScreenTimeController\ScreenTimeController.csproj]
D:\workspace\ScreenTimeController\SettingsForm.cs(483,17): warning CA1416: 鍙湪鎵€鏈夊钩鍙颁笂璁块棶姝よ皟鐢ㄧ珯鐐广€?Label.Text" 浠呭湪 "windows" 6.1 鍙婃洿楂樼増鏈?涓婂彈鏀寔銆?(https://learn.microsoft.com/dotnet/fundamentals/code-analysis/quality-rules/ca1416) [D:\workspace\ScreenTimeController\ScreenTimeController.csproj]
D:\workspace\ScreenTimeController\SettingsForm.cs(315,13): warning CA1416: 鍙湪鎵€鏈夊钩鍙颁笂璁块棶姝よ皟鐢ㄧ珯鐐广€?TableLayoutPanel.Controls" 浠呭湪 "windows" 6.1 鍙婃洿楂樼増鏈?涓婂彈鏀寔銆?(https://learn.microsoft.com/dotnet/fundamentals/code-analysis/quality-rules/ca1416) [D:\workspace\ScreenTimeController\ScreenTimeController.csproj]
D:\workspace\ScreenTimeController\SettingsForm.cs(611,24): warning CA1416: 鍙湪鎵€鏈夊钩鍙颁笂璁块棶姝よ皟鐢ㄧ珯鐐广€?Font" 浠呭湪 "windows" 6.1 鍙婃洿楂樼増鏈?涓婂彈鏀寔銆?(https://learn.microsoft.com/dotnet/fundamentals/code-analysis/quality-rules/ca1416) [D:\workspace\ScreenTimeController\ScreenTimeController.csproj]
D:\workspace\ScreenTimeController\SettingsForm.cs(404,38): warning CA1416: 鍙湪鎵€鏈夊钩鍙颁笂璁块棶姝よ皟鐢ㄧ珯鐐广€?Label" 浠呭湪 "windows" 6.1 鍙婃洿楂樼増鏈?涓婂彈鏀寔銆?(https://learn.microsoft.com/dotnet/fundamentals/code-analysis/quality-rules/ca1416) [D:\workspace\ScreenTimeController\ScreenTimeController.csproj]
D:\workspace\ScreenTimeController\SettingsForm.cs(293,29): warning CA1416: 鍙湪鎵€鏈夊钩鍙颁笂璁块棶姝よ皟鐢ㄧ珯鐐广€?ContentAlignment.MiddleLeft" 浠呭湪 "windows" 6.1 鍙婃洿楂樼増鏈?涓婂彈鏀寔銆?(https://learn.microsoft.com/dotnet/fundamentals/code-analysis/quality-rules/ca1416) [D:\workspace\ScreenTimeController\ScreenTimeController.csproj]
D:\workspace\ScreenTimeController\SettingsForm.cs(592,25): warning CA1416: 鍙湪鎵€鏈夊钩鍙颁笂璁块棶姝よ皟鐢ㄧ珯鐐广€?Button" 浠呭湪 "windows" 6.1 鍙婃洿楂樼増鏈?涓婂彈鏀寔銆?(https://learn.microsoft.com/dotnet/fundamentals/code-analysis/quality-rules/ca1416) [D:\workspace\ScreenTimeController\ScreenTimeController.csproj]
D:\workspace\ScreenTimeController\SettingsForm.cs(296,13): warning CA1416: 鍙湪鎵€鏈夊钩鍙颁笂璁块棶姝よ皟鐢ㄧ珯鐐广€?TableLayoutPanel.Controls" 浠呭湪 "windows" 6.1 鍙婃洿楂樼増鏈?涓婂彈鏀寔銆?(https://learn.microsoft.com/dotnet/fundamentals/code-analysis/quality-rules/ca1416) [D:\workspace\ScreenTimeController\ScreenTimeController.csproj]
D:\workspace\ScreenTimeController\SettingsForm.cs(416,17): warning CA1416: 鍙湪鎵€鏈夊钩鍙颁笂璁块棶姝よ皟鐢ㄧ珯鐐广€?Label.Text" 浠呭湪 "windows" 6.1 鍙婃洿楂樼増鏈?涓婂彈鏀寔銆?(https://learn.microsoft.com/dotnet/fundamentals/code-analysis/quality-rules/ca1416) [D:\workspace\ScreenTimeController\ScreenTimeController.csproj]
D:\workspace\ScreenTimeController\SettingsForm.cs(306,13): warning CA1416: 鍙湪鎵€鏈夊钩鍙颁笂璁块棶姝よ皟鐢ㄧ珯鐐广€?TableLayoutPanel.Controls" 浠呭湪 "windows" 6.1 鍙婃洿楂樼増鏈?涓婂彈鏀寔銆?(https://learn.microsoft.com/dotnet/fundamentals/code-analysis/quality-rules/ca1416) [D:\workspace\ScreenTimeController\ScreenTimeController.csproj]
D:\workspace\ScreenTimeController\SettingsForm.cs(303,17): warning CA1416: 鍙湪鎵€鏈夊钩鍙颁笂璁块棶姝よ皟鐢ㄧ珯鐐广€?Control.Font" 浠呭湪 "windows" 6.1 鍙婃洿楂樼増鏈?涓婂彈鏀寔銆?(https://learn.microsoft.com/dotnet/fundamentals/code-analysis/quality-rules/ca1416) [D:\workspace\ScreenTimeController\ScreenTimeController.csproj]
D:\workspace\ScreenTimeController\SettingsForm.cs(562,17): warning CA1416: 鍙湪鎵€鏈夊钩鍙颁笂璁块棶姝よ皟鐢ㄧ珯鐐广€?Control.Enabled" 浠呭湪 "windows" 6.1 鍙婃洿楂樼増鏈?涓婂彈鏀寔銆?(https://learn.microsoft.com/dotnet/fundamentals/code-analysis/quality-rules/ca1416) [D:\workspace\ScreenTimeController\ScreenTimeController.csproj]
D:\workspace\ScreenTimeController\SettingsForm.cs(369,24): warning CA1416: 鍙湪鎵€鏈夊钩鍙颁笂璁块棶姝よ皟鐢ㄧ珯鐐广€?Font" 浠呭湪 "windows" 6.1 鍙婃洿楂樼増鏈?涓婂彈鏀寔銆?(https://learn.microsoft.com/dotnet/fundamentals/code-analysis/quality-rules/ca1416) [D:\workspace\ScreenTimeController\ScreenTimeController.csproj]
D:\workspace\ScreenTimeController\SettingsForm.cs(429,26): warning CA1416: 鍙湪鎵€鏈夊钩鍙颁笂璁块棶姝よ皟鐢ㄧ珯鐐广€?Padding" 浠呭湪 "windows" 6.1 鍙婃洿楂樼増鏈?涓婂彈鏀寔銆?(https://learn.microsoft.com/dotnet/fundamentals/code-analysis/quality-rules/ca1416) [D:\workspace\ScreenTimeController\ScreenTimeController.csproj]
D:\workspace\ScreenTimeController\SettingsForm.cs(184,13): warning CA1416: 鍙湪鎵€鏈夊钩鍙颁笂璁块棶姝よ皟鐢ㄧ珯鐐广€?TableLayoutColumnStyleCollection.Add(ColumnStyle)" 浠呭湪 "windows" 6.1 鍙婃洿楂樼増鏈?涓婂彈鏀寔銆?(https://learn.microsoft.com/dotnet/fundamentals/code-analysis/quality-rules/ca1416) [D:\workspace\ScreenTimeController\ScreenTimeController.csproj]
D:\workspace\ScreenTimeController\SettingsForm.cs(354,13): warning CA1416: 鍙湪鎵€鏈夊钩鍙颁笂璁块棶姝よ皟鐢ㄧ珯鐐广€?TableLayoutPanel.Controls" 浠呭湪 "windows" 6.1 鍙婃洿楂樼増鏈?涓婂彈鏀寔銆?(https://learn.microsoft.com/dotnet/fundamentals/code-analysis/quality-rules/ca1416) [D:\workspace\ScreenTimeController\ScreenTimeController.csproj]
D:\workspace\ScreenTimeController\SettingsForm.cs(536,13): warning CA1416: 鍙湪鎵€鏈夊钩鍙颁笂璁块棶姝よ皟鐢ㄧ珯鐐广€?TableLayoutPanel.Controls" 浠呭湪 "windows" 6.1 鍙婃洿楂樼増鏈?涓婂彈鏀寔銆?(https://learn.microsoft.com/dotnet/fundamentals/code-analysis/quality-rules/ca1416) [D:\workspace\ScreenTimeController\ScreenTimeController.csproj]
D:\workspace\ScreenTimeController\SettingsForm.cs(596,17): warning CA1416: 鍙湪鎵€鏈夊钩鍙颁笂璁块棶姝よ皟鐢ㄧ珯鐐广€?Control.Font" 浠呭湪 "windows" 6.1 鍙婃洿楂樼増鏈?涓婂彈鏀寔銆?(https://learn.microsoft.com/dotnet/fundamentals/code-analysis/quality-rules/ca1416) [D:\workspace\ScreenTimeController\ScreenTimeController.csproj]
D:\workspace\ScreenTimeController\SettingsForm.cs(399,24): warning CA1416: 鍙湪鎵€鏈夊钩鍙颁笂璁块棶姝よ皟鐢ㄧ珯鐐广€?Font" 浠呭湪 "windows" 6.1 鍙婃洿楂樼増鏈?涓婂彈鏀寔銆?(https://learn.microsoft.com/dotnet/fundamentals/code-analysis/quality-rules/ca1416) [D:\workspace\ScreenTimeController\ScreenTimeController.csproj]
D:\workspace\ScreenTimeController\SettingsForm.cs(455,24): warning CA1416: 鍙湪鎵€鏈夊钩鍙颁笂璁块棶姝よ皟鐢ㄧ珯鐐广€?Font" 浠呭湪 "windows" 6.1 鍙婃洿楂樼増鏈?涓婂彈鏀寔銆?(https://learn.microsoft.com/dotnet/fundamentals/code-analysis/quality-rules/ca1416) [D:\workspace\ScreenTimeController\ScreenTimeController.csproj]
D:\workspace\ScreenTimeController\SettingsForm.cs(340,17): warning CA1416: 鍙湪鎵€鏈夊钩鍙颁笂璁块棶姝よ皟鐢ㄧ珯鐐广€?Control.Font" 浠呭湪 "windows" 6.1 鍙婃洿楂樼増鏈?涓婂彈鏀寔銆?(https://learn.microsoft.com/dotnet/fundamentals/code-analysis/quality-rules/ca1416) [D:\workspace\ScreenTimeController\ScreenTimeController.csproj]
D:\workspace\ScreenTimeController\SettingsForm.cs(206,24): warning CA1416: 鍙湪鎵€鏈夊钩鍙颁笂璁块棶姝よ皟鐢ㄧ珯鐐广€?Font" 浠呭湪 "windows" 6.1 鍙婃洿楂樼増鏈?涓婂彈鏀寔銆?(https://learn.microsoft.com/dotnet/fundamentals/code-analysis/quality-rules/ca1416) [D:\workspace\ScreenTimeController\ScreenTimeController.csproj]
D:\workspace\ScreenTimeController\SettingsForm.cs(594,17): warning CA1416: 鍙湪鎵€鏈夊钩鍙颁笂璁块棶姝よ皟鐢ㄧ珯鐐广€?Control.Enabled" 浠呭湪 "windows" 6.1 鍙婃洿楂樼増鏈?涓婂彈鏀寔銆?(https://learn.microsoft.com/dotnet/fundamentals/code-analysis/quality-rules/ca1416) [D:\workspace\ScreenTimeController\ScreenTimeController.csproj]
D:\workspace\ScreenTimeController\SettingsForm.cs(235,17): warning CA1416: 鍙湪鎵€鏈夊钩鍙颁笂璁块棶姝よ皟鐢ㄧ珯鐐广€?NumericUpDown.Minimum" 浠呭湪 "windows" 6.1 鍙婃洿楂樼増鏈?涓婂彈鏀寔銆?(https://learn.microsoft.com/dotnet/fundamentals/code-analysis/quality-rules/ca1416) [D:\workspace\ScreenTimeController\ScreenTimeController.csproj]
D:\workspace\ScreenTimeController\SettingsForm.cs(543,24): warning CA1416: 鍙湪鎵€鏈夊钩鍙颁笂璁块棶姝よ皟鐢ㄧ珯鐐广€?Font" 浠呭湪 "windows" 6.1 鍙婃洿楂樼増鏈?涓婂彈鏀寔銆?(https://learn.microsoft.com/dotnet/fundamentals/code-analysis/quality-rules/ca1416) [D:\workspace\ScreenTimeController\ScreenTimeController.csproj]
D:\workspace\ScreenTimeController\SettingsForm.cs(231,41): warning CA1416: 鍙湪鎵€鏈夊钩鍙颁笂璁块棶姝よ皟鐢ㄧ珯鐐广€?NumericUpDown" 浠呭湪 "windows" 6.1 鍙婃洿楂樼増鏈?涓婂彈鏀寔銆?(https://learn.microsoft.com/dotnet/fundamentals/code-analysis/quality-rules/ca1416) [D:\workspace\ScreenTimeController\ScreenTimeController.csproj]
D:\workspace\ScreenTimeController\SettingsForm.cs(580,17): warning CA1416: 鍙湪鎵€鏈夊钩鍙颁笂璁块棶姝よ皟鐢ㄧ珯鐐广€?Control.Font" 浠呭湪 "windows" 6.1 鍙婃洿楂樼増鏈?涓婂彈鏀寔銆?(https://learn.microsoft.com/dotnet/fundamentals/code-analysis/quality-rules/ca1416) [D:\workspace\ScreenTimeController\ScreenTimeController.csproj]
D:\workspace\ScreenTimeController\SettingsForm.cs(219,13): warning CA1416: 鍙湪鎵€鏈夊钩鍙颁笂璁块棶姝よ皟鐢ㄧ珯鐐广€?TableLayoutControlCollection.Add(Control, int, int)" 浠呭湪 "windows" 6.1 鍙婃洿楂樼増鏈?涓婂彈鏀寔銆?(https://learn.microsoft.com/dotnet/fundamentals/code-analysis/quality-rules/ca1416) [D:\workspace\ScreenTimeController\ScreenTimeController.csproj]
D:\workspace\ScreenTimeController\SettingsForm.cs(183,63): warning CA1416: 鍙湪鎵€鏈夊钩鍙颁笂璁块棶姝よ皟鐢ㄧ珯鐐广€?SizeType.Absolute" 浠呭湪 "windows" 6.1 鍙婃洿楂樼増鏈?涓婂彈鏀寔銆?(https://learn.microsoft.com/dotnet/fundamentals/code-analysis/quality-rules/ca1416) [D:\workspace\ScreenTimeController\ScreenTimeController.csproj]
D:\workspace\ScreenTimeController\SettingsForm.cs(270,28): warning CA1416: 鍙湪鎵€鏈夊钩鍙颁笂璁块棶姝よ皟鐢ㄧ珯鐐广€?Label" 浠呭湪 "windows" 6.1 鍙婃洿楂樼増鏈?涓婂彈鏀寔銆?(https://learn.microsoft.com/dotnet/fundamentals/code-analysis/quality-rules/ca1416) [D:\workspace\ScreenTimeController\ScreenTimeController.csproj]
D:\workspace\ScreenTimeController\SettingsForm.cs(473,17): warning CA1416: 鍙湪鎵€鏈夊钩鍙颁笂璁块棶姝よ皟鐢ㄧ珯鐐广€?Control.Enabled" 浠呭湪 "windows" 6.1 鍙婃洿楂樼増鏈?涓婂彈鏀寔銆?(https://learn.microsoft.com/dotnet/fundamentals/code-analysis/quality-rules/ca1416) [D:\workspace\ScreenTimeController\ScreenTimeController.csproj]
D:\workspace\ScreenTimeController\SettingsForm.cs(548,37): warning CA1416: 鍙湪鎵€鏈夊钩鍙颁笂璁块棶姝よ皟鐢ㄧ珯鐐广€?Label" 浠呭湪 "windows" 6.1 鍙婃洿楂樼増鏈?涓婂彈鏀寔銆?(https://learn.microsoft.com/dotnet/fundamentals/code-analysis/quality-rules/ca1416) [D:\workspace\ScreenTimeController\ScreenTimeController.csproj]
D:\workspace\ScreenTimeController\SettingsForm.cs(184,47): warning CA1416: 鍙湪鎵€鏈夊钩鍙颁笂璁块棶姝よ皟鐢ㄧ珯鐐广€?ColumnStyle" 浠呭湪 "windows" 6.1 鍙婃洿楂樼増鏈?涓婂彈鏀寔銆?(https://learn.microsoft.com/dotnet/fundamentals/code-analysis/quality-rules/ca1416) [D:\workspace\ScreenTimeController\ScreenTimeController.csproj]
D:\workspace\ScreenTimeController\SettingsForm.cs(332,24): warning CA1416: 鍙湪鎵€鏈夊钩鍙颁笂璁块棶姝よ皟鐢ㄧ珯鐐广€?Font" 浠呭湪 "windows" 6.1 鍙婃洿楂樼増鏈?涓婂彈鏀寔銆?(https://learn.microsoft.com/dotnet/fundamentals/code-analysis/quality-rules/ca1416) [D:\workspace\ScreenTimeController\ScreenTimeController.csproj]
D:\workspace\ScreenTimeController\SettingsForm.cs(503,24): warning CA1416: 鍙湪鎵€鏈夊钩鍙颁笂璁块棶姝よ皟鐢ㄧ珯鐐广€?Font" 浠呭湪 "windows" 6.1 鍙婃洿楂樼増鏈?涓婂彈鏀寔銆?(https://learn.microsoft.com/dotnet/fundamentals/code-analysis/quality-rules/ca1416) [D:\workspace\ScreenTimeController\ScreenTimeController.csproj]
D:\workspace\ScreenTimeController\SettingsForm.cs(504,29): warning CA1416: 鍙湪鎵€鏈夊钩鍙颁笂璁块棶姝よ皟鐢ㄧ珯鐐广€?ContentAlignment.MiddleLeft" 浠呭湪 "windows" 6.1 鍙婃洿楂樼増鏈?涓婂彈鏀寔銆?(https://learn.microsoft.com/dotnet/fundamentals/code-analysis/quality-rules/ca1416) [D:\workspace\ScreenTimeController\ScreenTimeController.csproj]
D:\workspace\ScreenTimeController\SettingsForm.cs(284,17): warning CA1416: 鍙湪鎵€鏈夊钩鍙颁笂璁块棶姝よ皟鐢ㄧ珯鐐广€?Control.Font" 浠呭湪 "windows" 6.1 鍙婃洿楂樼増鏈?涓婂彈鏀寔銆?(https://learn.microsoft.com/dotnet/fundamentals/code-analysis/quality-rules/ca1416) [D:\workspace\ScreenTimeController\ScreenTimeController.csproj]
D:\workspace\ScreenTimeController\SettingsForm.cs(183,47): warning CA1416: 鍙湪鎵€鏈夊钩鍙颁笂璁块棶姝よ皟鐢ㄧ珯鐐广€?ColumnStyle" 浠呭湪 "windows" 6.1 鍙婃洿楂樼増鏈?涓婂彈鏀寔銆?(https://learn.microsoft.com/dotnet/fundamentals/code-analysis/quality-rules/ca1416) [D:\workspace\ScreenTimeController\ScreenTimeController.csproj]
D:\workspace\ScreenTimeController\SettingsForm.cs(433,35): warning CA1416: 鍙湪鎵€鏈夊钩鍙颁笂璁块棶姝よ皟鐢ㄧ珯鐐广€?Label" 浠呭湪 "windows" 6.1 鍙婃洿楂樼増鏈?涓婂彈鏀寔銆?(https://learn.microsoft.com/dotnet/fundamentals/code-analysis/quality-rules/ca1416) [D:\workspace\ScreenTimeController\ScreenTimeController.csproj]
D:\workspace\ScreenTimeController\SettingsForm.cs(513,17): warning CA1416: 鍙湪鎵€鏈夊钩鍙颁笂璁块棶姝よ皟鐢ㄧ珯鐐广€?Control.Font" 浠呭湪 "windows" 6.1 鍙婃洿楂樼増鏈?涓婂彈鏀寔銆?(https://learn.microsoft.com/dotnet/fundamentals/code-analysis/quality-rules/ca1416) [D:\workspace\ScreenTimeController\ScreenTimeController.csproj]
D:\workspace\ScreenTimeController\SettingsForm.cs(576,37): warning CA1416: 鍙湪鎵€鏈夊钩鍙颁笂璁块棶姝よ皟鐢ㄧ珯鐐广€?Button" 浠呭湪 "windows" 6.1 鍙婃洿楂樼増鏈?涓婂彈鏀寔銆?(https://learn.microsoft.com/dotnet/fundamentals/code-analysis/quality-rules/ca1416) [D:\workspace\ScreenTimeController\ScreenTimeController.csproj]
D:\workspace\ScreenTimeController\SettingsForm.cs(349,17): warning CA1416: 鍙湪鎵€鏈夊钩鍙颁笂璁块棶姝よ皟鐢ㄧ珯鐐广€?NumericUpDown.Maximum" 浠呭湪 "windows" 6.1 鍙婃洿楂樼増鏈?涓婂彈鏀寔銆?(https://learn.microsoft.com/dotnet/fundamentals/code-analysis/quality-rules/ca1416) [D:\workspace\ScreenTimeController\ScreenTimeController.csproj]
D:\workspace\ScreenTimeController\SettingsForm.cs(450,13): warning CA1416: 鍙湪鎵€鏈夊钩鍙颁笂璁块棶姝よ皟鐢ㄧ珯鐐广€?TableLayoutControlCollection.Add(Control, int, int)" 浠呭湪 "windows" 6.1 鍙婃洿楂樼増鏈?涓婂彈鏀寔銆?(https://learn.microsoft.com/dotnet/fundamentals/code-analysis/quality-rules/ca1416) [D:\workspace\ScreenTimeController\ScreenTimeController.csproj]
D:\workspace\ScreenTimeController\SettingsForm.cs(585,17): warning CA1416: 鍙湪鎵€鏈夊钩鍙颁笂璁块棶姝よ皟鐢ㄧ珯鐐广€?ButtonBase.FlatStyle" 浠呭湪 "windows" 6.1 鍙婃洿楂樼増鏈?涓婂彈鏀寔銆?(https://learn.microsoft.com/dotnet/fundamentals/code-analysis/quality-rules/ca1416) [D:\workspace\ScreenTimeController\ScreenTimeController.csproj]
D:\workspace\ScreenTimeController\SettingsForm.cs(496,26): warning CA1416: 鍙湪鎵€鏈夊钩鍙颁笂璁块棶姝よ皟鐢ㄧ珯鐐广€?Padding" 浠呭湪 "windows" 6.1 鍙婃洿楂樼増鏈?涓婂彈鏀寔銆?(https://learn.microsoft.com/dotnet/fundamentals/code-analysis/quality-rules/ca1416) [D:\workspace\ScreenTimeController\ScreenTimeController.csproj]
D:\workspace\ScreenTimeController\SettingsForm.cs(217,26): warning CA1416: 鍙湪鎵€鏈夊钩鍙颁笂璁块棶姝よ皟鐢ㄧ珯鐐广€?Padding" 浠呭湪 "windows" 6.1 鍙婃洿楂樼増鏈?涓婂彈鏀寔銆?(https://learn.microsoft.com/dotnet/fundamentals/code-analysis/quality-rules/ca1416) [D:\workspace\ScreenTimeController\ScreenTimeController.csproj]
D:\workspace\ScreenTimeController\SettingsForm.cs(215,24): warning CA1416: 鍙湪鎵€鏈夊钩鍙颁笂璁块棶姝よ皟鐢ㄧ珯鐐广€?Font" 浠呭湪 "windows" 6.1 鍙婃洿楂樼増鏈?涓婂彈鏀寔銆?(https://learn.microsoft.com/dotnet/fundamentals/code-analysis/quality-rules/ca1416) [D:\workspace\ScreenTimeController\ScreenTimeController.csproj]
D:\workspace\ScreenTimeController\SettingsForm.cs(417,24): warning CA1416: 鍙湪鎵€鏈夊钩鍙颁笂璁块棶姝よ皟鐢ㄧ珯鐐广€?Font" 浠呭湪 "windows" 6.1 鍙婃洿楂樼増鏈?涓婂彈鏀寔銆?(https://learn.microsoft.com/dotnet/fundamentals/code-analysis/quality-rules/ca1416) [D:\workspace\ScreenTimeController\ScreenTimeController.csproj]
D:\workspace\ScreenTimeController\SettingsForm.cs(555,13): warning CA1416: 鍙湪鎵€鏈夊钩鍙颁笂璁块棶姝よ皟鐢ㄧ珯鐐广€?TableLayoutPanel.Controls" 浠呭湪 "windows" 6.1 鍙婃洿楂樼増鏈?涓婂彈鏀寔銆?(https://learn.microsoft.com/dotnet/fundamentals/code-analysis/quality-rules/ca1416) [D:\workspace\ScreenTimeController\ScreenTimeController.csproj]
D:\workspace\ScreenTimeController\SettingsForm.cs(388,24): warning CA1416: 鍙湪鎵€鏈夊钩鍙颁笂璁块棶姝よ皟鐢ㄧ珯鐐广€?Font" 浠呭湪 "windows" 6.1 鍙婃洿楂樼増鏈?涓婂彈鏀寔銆?(https://learn.microsoft.com/dotnet/fundamentals/code-analysis/quality-rules/ca1416) [D:\workspace\ScreenTimeController\ScreenTimeController.csproj]
D:\workspace\ScreenTimeController\SettingsForm.cs(197,24): warning CA1416: 鍙湪鎵€鏈夊钩鍙颁笂璁块棶姝よ皟鐢ㄧ珯鐐广€?Font" 浠呭湪 "windows" 6.1 鍙婃洿楂樼増鏈?涓婂彈鏀寔銆?(https://learn.microsoft.com/dotnet/fundamentals/code-analysis/quality-rules/ca1416) [D:\workspace\ScreenTimeController\ScreenTimeController.csproj]
D:\workspace\ScreenTimeController\SettingsForm.cs(608,29): warning CA1416: 鍙湪鎵€鏈夊钩鍙颁笂璁块棶姝よ皟鐢ㄧ珯鐐广€?Button" 浠呭湪 "windows" 6.1 鍙婃洿楂樼増鏈?涓婂彈鏀寔銆?(https://learn.microsoft.com/dotnet/fundamentals/code-analysis/quality-rules/ca1416) [D:\workspace\ScreenTimeController\ScreenTimeController.csproj]
D:\workspace\ScreenTimeController\SettingsForm.cs(448,17): warning CA1416: 鍙湪鎵€鏈夊钩鍙颁笂璁块棶姝よ皟鐢ㄧ珯鐐广€?Control.Margin" 浠呭湪 "windows" 6.1 鍙婃洿楂樼増鏈?涓婂彈鏀寔銆?(https://learn.microsoft.com/dotnet/fundamentals/code-analysis/quality-rules/ca1416) [D:\workspace\ScreenTimeController\ScreenTimeController.csproj]
D:\workspace\ScreenTimeController\SettingsForm.cs(551,17): warning CA1416: 鍙湪鎵€鏈夊钩鍙颁笂璁块棶姝よ皟鐢ㄧ珯鐐广€?Control.Font" 浠呭湪 "windows" 6.1 鍙婃洿楂樼増鏈?涓婂彈鏀寔銆?(https://learn.microsoft.com/dotnet/fundamentals/code-analysis/quality-rules/ca1416) [D:\workspace\ScreenTimeController\ScreenTimeController.csproj]
D:\workspace\ScreenTimeController\SettingsForm.cs(474,17): warning CA1416: 鍙湪鎵€鏈夊钩鍙颁笂璁块棶姝よ皟鐢ㄧ珯鐐广€?NumericUpDown.Maximum" 浠呭湪 "windows" 6.1 鍙婃洿楂樼増鏈?涓婂彈鏀寔銆?(https://learn.microsoft.com/dotnet/fundamentals/code-analysis/quality-rules/ca1416) [D:\workspace\ScreenTimeController\ScreenTimeController.csproj]
D:\workspace\ScreenTimeController\SettingsForm.cs(246,26): warning CA1416: 鍙湪鎵€鏈夊钩鍙颁笂璁块棶姝よ皟鐢ㄧ珯鐐广€?Padding" 浠呭湪 "windows" 6.1 鍙婃洿楂樼増鏈?涓婂彈鏀寔銆?(https://learn.microsoft.com/dotnet/fundamentals/code-analysis/quality-rules/ca1416) [D:\workspace\ScreenTimeController\ScreenTimeController.csproj]
D:\workspace\ScreenTimeController\SettingsForm.cs(248,13): warning CA1416: 鍙湪鎵€鏈夊钩鍙颁笂璁块棶姝よ皟鐢ㄧ珯鐐广€?TableLayoutPanel.Controls" 浠呭湪 "windows" 6.1 鍙婃洿楂樼増鏈?涓婂彈鏀寔銆?(https://learn.microsoft.com/dotnet/fundamentals/code-analysis/quality-rules/ca1416) [D:\workspace\ScreenTimeController\ScreenTimeController.csproj]
D:\workspace\ScreenTimeController\SettingsForm.cs(584,17): warning CA1416: 鍙湪鎵€鏈夊钩鍙颁笂璁块棶姝よ皟鐢ㄧ珯鐐广€?Control.ForeColor" 浠呭湪 "windows" 6.1 鍙婃洿楂樼増鏈?涓婂彈鏀寔銆?(https://learn.microsoft.com/dotnet/fundamentals/code-analysis/quality-rules/ca1416) [D:\workspace\ScreenTimeController\ScreenTimeController.csproj]
D:\workspace\ScreenTimeController\SettingsForm.cs(387,17): warning CA1416: 鍙湪鎵€鏈夊钩鍙颁笂璁块棶姝よ皟鐢ㄧ珯鐐广€?Label.Text" 浠呭湪 "windows" 6.1 鍙婃洿楂樼増鏈?涓婂彈鏀寔銆?(https://learn.microsoft.com/dotnet/fundamentals/code-analysis/quality-rules/ca1416) [D:\workspace\ScreenTimeController\ScreenTimeController.csproj]
D:\workspace\ScreenTimeController\SettingsForm.cs(514,29): warning CA1416: 鍙湪鎵€鏈夊钩鍙颁笂璁块棶姝よ皟鐢ㄧ珯鐐广€?ContentAlignment.MiddleLeft" 浠呭湪 "windows" 6.1 鍙婃洿楂樼増鏈?涓婂彈鏀寔銆?(https://learn.microsoft.com/dotnet/fundamentals/code-analysis/quality-rules/ca1416) [D:\workspace\ScreenTimeController\ScreenTimeController.csproj]
D:\workspace\ScreenTimeController\SettingsForm.cs(550,17): warning CA1416: 鍙湪鎵€鏈夊钩鍙颁笂璁块棶姝よ皟鐢ㄧ珯鐐广€?Label.Text" 浠呭湪 "windows" 6.1 鍙婃洿楂樼増鏈?涓婂彈鏀寔銆?(https://learn.microsoft.com/dotnet/fundamentals/code-analysis/quality-rules/ca1416) [D:\workspace\ScreenTimeController\ScreenTimeController.csproj]
D:\workspace\ScreenTimeController\SettingsForm.cs(581,17): warning CA1416: 鍙湪鎵€鏈夊钩鍙颁笂璁块棶姝よ皟鐢ㄧ珯鐐广€?Control.Location" 浠呭湪 "windows" 6.1 鍙婃洿楂樼増鏈?涓婂彈鏀寔銆?(https://learn.microsoft.com/dotnet/fundamentals/code-analysis/quality-rules/ca1416) [D:\workspace\ScreenTimeController\ScreenTimeController.csproj]
D:\workspace\ScreenTimeController\SettingsForm.cs(198,29): warning CA1416: 鍙湪鎵€鏈夊钩鍙颁笂璁块棶姝よ皟鐢ㄧ珯鐐广€?ContentAlignment.MiddleLeft" 浠呭湪 "windows" 6.1 鍙婃洿楂樼増鏈?涓婂彈鏀寔銆?(https://learn.microsoft.com/dotnet/fundamentals/code-analysis/quality-rules/ca1416) [D:\workspace\ScreenTimeController\ScreenTimeController.csproj]
D:\workspace\ScreenTimeController\SettingsForm.cs(165,13): warning CA1416: 鍙湪鎵€鏈夊钩鍙颁笂璁块棶姝よ皟鐢ㄧ珯鐐广€?Form.Text" 浠呭湪 "windows" 6.1 鍙婃洿楂樼増鏈?涓婂彈鏀寔銆?(https://learn.microsoft.com/dotnet/fundamentals/code-analysis/quality-rules/ca1416) [D:\workspace\ScreenTimeController\ScreenTimeController.csproj]
D:\workspace\ScreenTimeController\SettingsForm.cs(582,17): warning CA1416: 鍙湪鎵€鏈夊钩鍙颁笂璁块棶姝よ皟鐢ㄧ珯鐐广€?Control.Size" 浠呭湪 "windows" 6.1 鍙婃洿楂樼増鏈?涓婂彈鏀寔銆?(https://learn.microsoft.com/dotnet/fundamentals/code-analysis/quality-rules/ca1416) [D:\workspace\ScreenTimeController\ScreenTimeController.csproj]
D:\workspace\ScreenTimeController\SettingsForm.cs(340,24): warning CA1416: 鍙湪鎵€鏈夊钩鍙颁笂璁块棶姝よ皟鐢ㄧ珯鐐广€?Font" 浠呭湪 "windows" 6.1 鍙婃洿楂樼増鏈?涓婂彈鏀寔銆?(https://learn.microsoft.com/dotnet/fundamentals/code-analysis/quality-rules/ca1416) [D:\workspace\ScreenTimeController\ScreenTimeController.csproj]
D:\workspace\ScreenTimeController\SettingsForm.cs(313,26): warning CA1416: 鍙湪鎵€鏈夊钩鍙颁笂璁块棶姝よ皟鐢ㄧ珯鐐广€?Padding" 浠呭湪 "windows" 6.1 鍙婃洿楂樼増鏈?涓婂彈鏀寔銆?(https://learn.microsoft.com/dotnet/fundamentals/code-analysis/quality-rules/ca1416) [D:\workspace\ScreenTimeController\ScreenTimeController.csproj]
D:\workspace\ScreenTimeController\SettingsForm.cs(541,17): warning CA1416: 鍙湪鎵€鏈夊钩鍙颁笂璁块棶姝よ皟鐢ㄧ珯鐐广€?NumericUpDown.Maximum" 浠呭湪 "windows" 6.1 鍙婃洿楂樼増鏈?涓婂彈鏀寔銆?(https://learn.microsoft.com/dotnet/fundamentals/code-analysis/quality-rules/ca1416) [D:\workspace\ScreenTimeController\ScreenTimeController.csproj]
D:\workspace\ScreenTimeController\SettingsForm.cs(589,13): warning CA1416: 鍙湪鎵€鏈夊钩鍙颁笂璁块棶姝よ皟鐢ㄧ珯鐐广€?Control.ControlCollection.Add(Control?)" 浠呭湪 "windows" 6.1 鍙婃洿楂樼増鏈?涓婂彈鏀寔銆?(https://learn.microsoft.com/dotnet/fundamentals/code-analysis/quality-rules/ca1416) [D:\workspace\ScreenTimeController\ScreenTimeController.csproj]
D:\workspace\ScreenTimeController\SettingsForm.cs(344,13): warning CA1416: 鍙湪鎵€鏈夊钩鍙颁笂璁块棶姝よ皟鐢ㄧ珯鐐广€?TableLayoutControlCollection.Add(Control, int, int)" 浠呭湪 "windows" 6.1 鍙婃洿楂樼増鏈?涓婂彈鏀寔銆?(https://learn.microsoft.com/dotnet/fundamentals/code-analysis/quality-rules/ca1416) [D:\workspace\ScreenTimeController\ScreenTimeController.csproj]
D:\workspace\ScreenTimeController\SettingsForm.cs(523,17): warning CA1416: 鍙湪鎵€鏈夊钩鍙颁笂璁块棶姝よ皟鐢ㄧ珯鐐广€?NumericUpDown.Minimum" 浠呭湪 "windows" 6.1 鍙婃洿楂樼増鏈?涓婂彈鏀寔銆?(https://learn.microsoft.com/dotnet/fundamentals/code-analysis/quality-rules/ca1416) [D:\workspace\ScreenTimeController\ScreenTimeController.csproj]
D:\workspace\ScreenTimeController\SettingsForm.cs(264,29): warning CA1416: 鍙湪鎵€鏈夊钩鍙颁笂璁块棶姝よ皟鐢ㄧ珯鐐广€?ContentAlignment.MiddleLeft" 浠呭湪 "windows" 6.1 鍙婃洿楂樼増鏈?涓婂彈鏀寔銆?(https://learn.microsoft.com/dotnet/fundamentals/code-analysis/quality-rules/ca1416) [D:\workspace\ScreenTimeController\ScreenTimeController.csproj]
D:\workspace\ScreenTimeController\SettingsForm.cs(411,13): warning CA1416: 鍙湪鎵€鏈夊钩鍙颁笂璁块棶姝よ皟鐢ㄧ珯鐐广€?TableLayoutControlCollection.Add(Control, int, int)" 浠呭湪 "windows" 6.1 鍙婃洿楂樼増鏈?涓婂彈鏀寔銆?(https://learn.microsoft.com/dotnet/fundamentals/code-analysis/quality-rules/ca1416) [D:\workspace\ScreenTimeController\ScreenTimeController.csproj]
D:\workspace\ScreenTimeController\SettingsForm.cs(216,17): warning CA1416: 鍙湪鎵€鏈夊钩鍙颁笂璁块棶姝よ皟鐢ㄧ珯鐐广€?Label.TextAlign" 浠呭湪 "windows" 6.1 鍙婃洿楂樼増鏈?涓婂彈鏀寔銆?(https://learn.microsoft.com/dotnet/fundamentals/code-analysis/quality-rules/ca1416) [D:\workspace\ScreenTimeController\ScreenTimeController.csproj]
D:\workspace\ScreenTimeController\SettingsForm.cs(291,17): warning CA1416: 鍙湪鎵€鏈夊钩鍙颁笂璁块棶姝よ皟鐢ㄧ珯鐐广€?Label.Text" 浠呭湪 "windows" 6.1 鍙婃洿楂樼増鏈?涓婂彈鏀寔銆?(https://learn.microsoft.com/dotnet/fundamentals/code-analysis/quality-rules/ca1416) [D:\workspace\ScreenTimeController\ScreenTimeController.csproj]
D:\workspace\ScreenTimeController\SettingsForm.cs(573,13): warning CA1416: 鍙湪鎵€鏈夊钩鍙颁笂璁块棶姝よ皟鐢ㄧ珯鐐广€?Control.Controls" 浠呭湪 "windows" 6.1 鍙婃洿楂樼増鏈?涓婂彈鏀寔銆?(https://learn.microsoft.com/dotnet/fundamentals/code-analysis/quality-rules/ca1416) [D:\workspace\ScreenTimeController\ScreenTimeController.csproj]
D:\workspace\ScreenTimeController\SettingsForm.cs(341,17): warning CA1416: 鍙湪鎵€鏈夊钩鍙颁笂璁块棶姝よ皟鐢ㄧ珯鐐广€?Label.TextAlign" 浠呭湪 "windows" 6.1 鍙婃洿楂樼増鏈?涓婂彈鏀寔銆?(https://learn.microsoft.com/dotnet/fundamentals/code-analysis/quality-rules/ca1416) [D:\workspace\ScreenTimeController\ScreenTimeController.csproj]
D:\workspace\ScreenTimeController\SettingsForm.cs(603,13): warning CA1416: 鍙湪鎵€鏈夊钩鍙颁笂璁块棶姝よ皟鐢ㄧ珯鐐广€?ButtonBase.FlatAppearance" 浠呭湪 "windows" 6.1 鍙婃洿楂樼増鏈?涓婂彈鏀寔銆?(https://learn.microsoft.com/dotnet/fundamentals/code-analysis/quality-rules/ca1416) [D:\workspace\ScreenTimeController\ScreenTimeController.csproj]
D:\workspace\ScreenTimeController\SettingsForm.cs(199,17): warning CA1416: 鍙湪鎵€鏈夊钩鍙颁笂璁块棶姝よ皟鐢ㄧ珯鐐广€?Control.Margin" 浠呭湪 "windows" 6.1 鍙婃洿楂樼増鏈?涓婂彈鏀寔銆?(https://learn.microsoft.com/dotnet/fundamentals/code-analysis/quality-rules/ca1416) [D:\workspace\ScreenTimeController\ScreenTimeController.csproj]
D:\workspace\ScreenTimeController\SettingsForm.cs(255,24): warning CA1416: 鍙湪鎵€鏈夊钩鍙颁笂璁块棶姝よ皟鐢ㄧ珯鐐广€?Font" 浠呭湪 "windows" 6.1 鍙婃洿楂樼増鏈?涓婂彈鏀寔銆?(https://learn.microsoft.com/dotnet/fundamentals/code-analysis/quality-rules/ca1416) [D:\workspace\ScreenTimeController\ScreenTimeController.csproj]
D:\workspace\ScreenTimeController\SettingsForm.cs(207,17): warning CA1416: 鍙湪鎵€鏈夊钩鍙颁笂璁块棶姝よ皟鐢ㄧ珯鐐广€?Label.TextAlign" 浠呭湪 "windows" 6.1 鍙婃洿楂樼増鏈?涓婂彈鏀寔銆?(https://learn.microsoft.com/dotnet/fundamentals/code-analysis/quality-rules/ca1416) [D:\workspace\ScreenTimeController\ScreenTimeController.csproj]
D:\workspace\ScreenTimeController\SettingsForm.cs(428,24): warning CA1416: 鍙湪鎵€鏈夊钩鍙颁笂璁块棶姝よ皟鐢ㄧ珯鐐广€?Font" 浠呭湪 "windows" 6.1 鍙婃洿楂樼増鏈?涓婂彈鏀寔銆?(https://learn.microsoft.com/dotnet/fundamentals/code-analysis/quality-rules/ca1416) [D:\workspace\ScreenTimeController\ScreenTimeController.csproj]
D:\workspace\ScreenTimeController\SettingsForm.cs(502,17): warning CA1416: 鍙湪鎵€鏈夊钩鍙颁笂璁块棶姝よ皟鐢ㄧ珯鐐广€?Label.Text" 浠呭湪 "windows" 6.1 鍙婃洿楂樼増鏈?涓婂彈鏀寔銆?(https://learn.microsoft.com/dotnet/fundamentals/code-analysis/quality-rules/ca1416) [D:\workspace\ScreenTimeController\ScreenTimeController.csproj]
D:\workspace\ScreenTimeController\SettingsForm.cs(579,17): warning CA1416: 鍙湪鎵€鏈夊钩鍙颁笂璁块棶姝よ皟鐢ㄧ珯鐐广€?ButtonBase.Text" 浠呭湪 "windows" 6.1 鍙婃洿楂樼増鏈?涓婂彈鏀寔銆?(https://learn.microsoft.com/dotnet/fundamentals/code-analysis/quality-rules/ca1416) [D:\workspace\ScreenTimeController\ScreenTimeController.csproj]
D:\workspace\ScreenTimeController\SettingsForm.cs(206,48): warning CA1416: 鍙湪鎵€鏈夊钩鍙颁笂璁块棶姝よ皟鐢ㄧ珯鐐广€?FontStyle.Bold" 浠呭湪 "windows" 6.1 鍙婃洿楂樼増鏈?涓婂彈鏀寔銆?(https://learn.microsoft.com/dotnet/fundamentals/code-analysis/quality-rules/ca1416) [D:\workspace\ScreenTimeController\ScreenTimeController.csproj]
D:\workspace\ScreenTimeController\SettingsForm.cs(543,17): warning CA1416: 鍙湪鎵€鏈夊钩鍙颁笂璁块棶姝よ皟鐢ㄧ珯鐐广€?Control.Font" 浠呭湪 "windows" 6.1 鍙婃洿楂樼増鏈?涓婂彈鏀寔銆?(https://learn.microsoft.com/dotnet/fundamentals/code-analysis/quality-rules/ca1416) [D:\workspace\ScreenTimeController\ScreenTimeController.csproj]
D:\workspace\ScreenTimeController\SettingsForm.cs(385,36): warning CA1416: 鍙湪鎵€鏈夊钩鍙颁笂璁块棶姝よ皟鐢ㄧ珯鐐广€?Label" 浠呭湪 "windows" 6.1 鍙婃洿楂樼増鏈?涓婂彈鏀寔銆?(https://learn.microsoft.com/dotnet/fundamentals/code-analysis/quality-rules/ca1416) [D:\workspace\ScreenTimeController\ScreenTimeController.csproj]
D:\workspace\ScreenTimeController\SettingsForm.cs(203,31): warning CA1416: 鍙湪鎵€鏈夊钩鍙颁笂璁块棶姝よ皟鐢ㄧ珯鐐广€?Label" 浠呭湪 "windows" 6.1 鍙婃洿楂樼増鏈?涓婂彈鏀寔銆?(https://learn.microsoft.com/dotnet/fundamentals/code-analysis/quality-rules/ca1416) [D:\workspace\ScreenTimeController\ScreenTimeController.csproj]
D:\workspace\ScreenTimeController\SettingsForm.cs(438,17): warning CA1416: 鍙湪鎵€鏈夊钩鍙颁笂璁块棶姝よ皟鐢ㄧ珯鐐广€?Control.Margin" 浠呭湪 "windows" 6.1 鍙婃洿楂樼増鏈?涓婂彈鏀寔銆?(https://learn.microsoft.com/dotnet/fundamentals/code-analysis/quality-rules/ca1416) [D:\workspace\ScreenTimeController\ScreenTimeController.csproj]
D:\workspace\ScreenTimeController\SettingsForm.cs(331,17): warning CA1416: 鍙湪鎵€鏈夊钩鍙颁笂璁块棶姝よ皟鐢ㄧ珯鐐广€?NumericUpDown.Minimum" 浠呭湪 "windows" 6.1 鍙婃洿楂樼増鏈?涓婂彈鏀寔銆?(https://learn.microsoft.com/dotnet/fundamentals/code-analysis/quality-rules/ca1416) [D:\workspace\ScreenTimeController\ScreenTimeController.csproj]
D:\workspace\ScreenTimeController\SettingsForm.cs(329,17): warning CA1416: 鍙湪鎵€鏈夊钩鍙颁笂璁块棶姝よ皟鐢ㄧ珯鐐广€?Control.Enabled" 浠呭湪 "windows" 6.1 鍙婃洿楂樼増鏈?涓婂彈鏀寔銆?(https://learn.microsoft.com/dotnet/fundamentals/code-analysis/quality-rules/ca1416) [D:\workspace\ScreenTimeController\ScreenTimeController.csproj]
D:\workspace\ScreenTimeController\SettingsForm.cs(185,13): warning CA1416: 鍙湪鎵€鏈夊钩鍙颁笂璁块棶姝よ皟鐢ㄧ珯鐐广€?TableLayoutPanel.ColumnStyles" 浠呭湪 "windows" 6.1 鍙婃洿楂樼増鏈?涓婂彈鏀寔銆?(https://learn.microsoft.com/dotnet/fundamentals/code-analysis/quality-rules/ca1416) [D:\workspace\ScreenTimeController\ScreenTimeController.csproj]
D:\workspace\ScreenTimeController\SettingsForm.cs(616,17): warning CA1416: 鍙湪鎵€鏈夊钩鍙颁笂璁块棶姝よ皟鐢ㄧ珯鐐广€?ButtonBase.FlatStyle" 浠呭湪 "windows" 6.1 鍙婃洿楂樼増鏈?涓婂彈鏀寔銆?(https://learn.microsoft.com/dotnet/fundamentals/code-analysis/quality-rules/ca1416) [D:\workspace\ScreenTimeController\ScreenTimeController.csproj]
D:\workspace\ScreenTimeController\SettingsForm.cs(610,17): warning CA1416: 鍙湪鎵€鏈夊钩鍙颁笂璁块棶姝よ皟鐢ㄧ珯鐐广€?ButtonBase.Text" 浠呭湪 "windows" 6.1 鍙婃洿楂樼増鏈?涓婂彈鏀寔銆?(https://learn.microsoft.com/dotnet/fundamentals/code-analysis/quality-rules/ca1416) [D:\workspace\ScreenTimeController\ScreenTimeController.csproj]
D:\workspace\ScreenTimeController\SettingsForm.cs(325,13): warning CA1416: 鍙湪鎵€鏈夊钩鍙颁笂璁块棶姝よ皟鐢ㄧ珯鐐广€?TableLayoutPanel.Controls" 浠呭湪 "windows" 6.1 鍙婃洿楂樼増鏈?涓婂彈鏀寔銆?(https://learn.microsoft.com/dotnet/fundamentals/code-analysis/quality-rules/ca1416) [D:\workspace\ScreenTimeController\ScreenTimeController.csproj]
D:\workspace\ScreenTimeController\SettingsForm.cs(383,13): warning CA1416: 鍙湪鎵€鏈夊钩鍙颁笂璁块棶姝よ皟鐢ㄧ珯鐐广€?TableLayoutPanel.Controls" 浠呭湪 "windows" 6.1 鍙婃洿楂樼増鏈?涓婂彈鏀寔銆?(https://learn.microsoft.com/dotnet/fundamentals/code-analysis/quality-rules/ca1416) [D:\workspace\ScreenTimeController\ScreenTimeController.csproj]
D:\workspace\ScreenTimeController\SettingsForm.cs(222,28): warning CA1416: 鍙湪鎵€鏈夊钩鍙颁笂璁块棶姝よ皟鐢ㄧ珯鐐广€?Label" 浠呭湪 "windows" 6.1 鍙婃洿楂樼増鏈?涓婂彈鏀寔銆?(https://learn.microsoft.com/dotnet/fundamentals/code-analysis/quality-rules/ca1416) [D:\workspace\ScreenTimeController\ScreenTimeController.csproj]
D:\workspace\ScreenTimeController\SettingsForm.cs(241,33): warning CA1416: 鍙湪鎵€鏈夊钩鍙颁笂璁块棶姝よ皟鐢ㄧ珯鐐广€?Label" 浠呭湪 "windows" 6.1 鍙婃洿楂樼増鏈?涓婂彈鏀寔銆?(https://learn.microsoft.com/dotnet/fundamentals/code-analysis/quality-rules/ca1416) [D:\workspace\ScreenTimeController\ScreenTimeController.csproj]
D:\workspace\ScreenTimeController\SettingsForm.cs(542,17): warning CA1416: 鍙湪鎵€鏈夊钩鍙颁笂璁块棶姝よ皟鐢ㄧ珯鐐广€?NumericUpDown.Minimum" 浠呭湪 "windows" 6.1 鍙婃洿楂樼増鏈?涓婂彈鏀寔銆?(https://learn.microsoft.com/dotnet/fundamentals/code-analysis/quality-rules/ca1416) [D:\workspace\ScreenTimeController\ScreenTimeController.csproj]
D:\workspace\ScreenTimeController\SettingsForm.cs(198,17): warning CA1416: 鍙湪鎵€鏈夊钩鍙颁笂璁块棶姝よ皟鐢ㄧ珯鐐广€?Label.TextAlign" 浠呭湪 "windows" 6.1 鍙婃洿楂樼増鏈?涓婂彈鏀寔銆?(https://learn.microsoft.com/dotnet/fundamentals/code-analysis/quality-rules/ca1416) [D:\workspace\ScreenTimeController\ScreenTimeController.csproj]
D:\workspace\ScreenTimeController\SettingsForm.cs(256,17): warning CA1416: 鍙湪鎵€鏈夊钩鍙颁笂璁块棶姝よ皟鐢ㄧ珯鐐广€?Control.Margin" 浠呭湪 "windows" 6.1 鍙婃洿楂樼増鏈?涓婂彈鏀寔銆?(https://learn.microsoft.com/dotnet/fundamentals/code-analysis/quality-rules/ca1416) [D:\workspace\ScreenTimeController\ScreenTimeController.csproj]
D:\workspace\ScreenTimeController\SettingsForm.cs(381,26): warning CA1416: 鍙湪鎵€鏈夊钩鍙颁笂璁块棶姝よ皟鐢ㄧ珯鐐广€?Padding" 浠呭湪 "windows" 6.1 鍙婃洿楂樼増鏈?涓婂彈鏀寔銆?(https://learn.microsoft.com/dotnet/fundamentals/code-analysis/quality-rules/ca1416) [D:\workspace\ScreenTimeController\ScreenTimeController.csproj]
D:\workspace\ScreenTimeController\SettingsForm.cs(515,26): warning CA1416: 鍙湪鎵€鏈夊钩鍙颁笂璁块棶姝よ皟鐢ㄧ珯鐐广€?Padding" 浠呭湪 "windows" 6.1 鍙婃洿楂樼増鏈?涓婂彈鏀寔銆?(https://learn.microsoft.com/dotnet/fundamentals/code-analysis/quality-rules/ca1416) [D:\workspace\ScreenTimeController\ScreenTimeController.csproj]
D:\workspace\ScreenTimeController\SettingsForm.cs(265,17): warning CA1416: 鍙湪鎵€鏈夊钩鍙颁笂璁块棶姝よ皟鐢ㄧ珯鐐广€?Control.Margin" 浠呭湪 "windows" 6.1 鍙婃洿楂樼増鏈?涓婂彈鏀寔銆?(https://learn.microsoft.com/dotnet/fundamentals/code-analysis/quality-rules/ca1416) [D:\workspace\ScreenTimeController\ScreenTimeController.csproj]
D:\workspace\ScreenTimeController\SettingsForm.cs(273,24): warning CA1416: 鍙湪鎵€鏈夊钩鍙颁笂璁块棶姝よ皟鐢ㄧ珯鐐广€?Font" 浠呭湪 "windows" 6.1 鍙婃洿楂樼増鏈?涓婂彈鏀寔銆?(https://learn.microsoft.com/dotnet/fundamentals/code-analysis/quality-rules/ca1416) [D:\workspace\ScreenTimeController\ScreenTimeController.csproj]
D:\workspace\ScreenTimeController\SettingsForm.cs(492,17): warning CA1416: 鍙湪鎵€鏈夊钩鍙颁笂璁块棶姝よ皟鐢ㄧ珯鐐广€?Control.Enabled" 浠呭湪 "windows" 6.1 鍙婃洿楂樼増鏈?涓婂彈鏀寔銆?(https://learn.microsoft.com/dotnet/fundamentals/code-analysis/quality-rules/ca1416) [D:\workspace\ScreenTimeController\ScreenTimeController.csproj]
D:\workspace\ScreenTimeController\SettingsForm.cs(341,29): warning CA1416: 鍙湪鎵€鏈夊钩鍙颁笂璁块棶姝よ皟鐢ㄧ珯鐐广€?ContentAlignment.MiddleLeft" 浠呭湪 "windows" 6.1 鍙婃洿楂樼増鏈?涓婂彈鏀寔銆?(https://learn.microsoft.com/dotnet/fundamentals/code-analysis/quality-rules/ca1416) [D:\workspace\ScreenTimeController\ScreenTimeController.csproj]
D:\workspace\ScreenTimeController\SettingsForm.cs(252,17): warning CA1416: 鍙湪鎵€鏈夊钩鍙颁笂璁块棶姝よ皟鐢ㄧ珯鐐广€?Control.Enabled" 浠呭湪 "windows" 6.1 鍙婃洿楂樼増鏈?涓婂彈鏀寔銆?(https://learn.microsoft.com/dotnet/fundamentals/code-analysis/quality-rules/ca1416) [D:\workspace\ScreenTimeController\ScreenTimeController.csproj]
D:\workspace\ScreenTimeController\SettingsForm.cs(263,17): warning CA1416: 鍙湪鎵€鏈夊钩鍙颁笂璁块棶姝よ皟鐢ㄧ珯鐐广€?Control.Font" 浠呭湪 "windows" 6.1 鍙婃洿楂樼増鏈?涓婂彈鏀寔銆?(https://learn.microsoft.com/dotnet/fundamentals/code-analysis/quality-rules/ca1416) [D:\workspace\ScreenTimeController\ScreenTimeController.csproj]
D:\workspace\ScreenTimeController\SettingsForm.cs(267,13): warning CA1416: 鍙湪鎵€鏈夊钩鍙颁笂璁块棶姝よ皟鐢ㄧ珯鐐广€?TableLayoutControlCollection.Add(Control, int, int)" 浠呭湪 "windows" 6.1 鍙婃洿楂樼増鏈?涓婂彈鏀寔銆?(https://learn.microsoft.com/dotnet/fundamentals/code-analysis/quality-rules/ca1416) [D:\workspace\ScreenTimeController\ScreenTimeController.csproj]
D:\workspace\ScreenTimeController\SettingsForm.cs(350,17): warning CA1416: 鍙湪鎵€鏈夊钩鍙颁笂璁块棶姝よ皟鐢ㄧ珯鐐广€?NumericUpDown.Minimum" 浠呭湪 "windows" 6.1 鍙婃洿楂樼増鏈?涓婂彈鏀寔銆?(https://learn.microsoft.com/dotnet/fundamentals/code-analysis/quality-rules/ca1416) [D:\workspace\ScreenTimeController\ScreenTimeController.csproj]
D:\workspace\ScreenTimeController\SettingsForm.cs(392,13): warning CA1416: 鍙湪鎵€鏈夊钩鍙颁笂璁块棶姝よ皟鐢ㄧ珯鐐广€?TableLayoutPanel.Controls" 浠呭湪 "windows" 6.1 鍙婃洿楂樼増鏈?涓婂彈鏀寔銆?(https://learn.microsoft.com/dotnet/fundamentals/code-analysis/quality-rules/ca1416) [D:\workspace\ScreenTimeController\ScreenTimeController.csproj]
D:\workspace\ScreenTimeController\SettingsForm.cs(370,17): warning CA1416: 鍙湪鎵€鏈夊钩鍙颁笂璁块棶姝よ皟鐢ㄧ珯鐐广€?Label.TextAlign" 浠呭湪 "windows" 6.1 鍙婃洿楂樼増鏈?涓婂彈鏀寔銆?(https://learn.microsoft.com/dotnet/fundamentals/code-analysis/quality-rules/ca1416) [D:\workspace\ScreenTimeController\ScreenTimeController.csproj]
D:\workspace\ScreenTimeController\SettingsForm.cs(255,17): warning CA1416: 鍙湪鎵€鏈夊钩鍙颁笂璁块棶姝よ皟鐢ㄧ珯鐐广€?Control.Font" 浠呭湪 "windows" 6.1 鍙婃洿楂樼増鏈?涓婂彈鏀寔銆?(https://learn.microsoft.com/dotnet/fundamentals/code-analysis/quality-rules/ca1416) [D:\workspace\ScreenTimeController\ScreenTimeController.csproj]
D:\workspace\ScreenTimeController\SettingsForm.cs(182,47): warning CA1416: 鍙湪鎵€鏈夊钩鍙颁笂璁块棶姝よ皟鐢ㄧ珯鐐广€?ColumnStyle" 浠呭湪 "windows" 6.1 鍙婃洿楂樼増鏈?涓婂彈鏀寔銆?(https://learn.microsoft.com/dotnet/fundamentals/code-analysis/quality-rules/ca1416) [D:\workspace\ScreenTimeController\ScreenTimeController.csproj]
D:\workspace\ScreenTimeController\SettingsForm.cs(551,24): warning CA1416: 鍙湪鎵€鏈夊钩鍙颁笂璁块棶姝よ皟鐢ㄧ珯鐐广€?Font" 浠呭湪 "windows" 6.1 鍙婃洿楂樼増鏈?涓婂彈鏀寔銆?(https://learn.microsoft.com/dotnet/fundamentals/code-analysis/quality-rules/ca1416) [D:\workspace\ScreenTimeController\ScreenTimeController.csproj]
D:\workspace\ScreenTimeController\SettingsForm.cs(178,17): warning CA1416: 鍙湪鎵€鏈夊钩鍙颁笂璁块棶姝よ皟鐢ㄧ珯鐐广€?TableLayoutPanel.RowCount" 浠呭湪 "windows" 6.1 鍙婃洿楂樼増鏈?涓婂彈鏀寔銆?(https://learn.microsoft.com/dotnet/fundamentals/code-analysis/quality-rules/ca1416) [D:\workspace\ScreenTimeController\ScreenTimeController.csproj]
D:\workspace\ScreenTimeController\SettingsForm.cs(308,35): warning CA1416: 鍙湪鎵€鏈夊钩鍙颁笂璁块棶姝よ皟鐢ㄧ珯鐐广€?Label" 浠呭湪 "windows" 6.1 鍙婃洿楂樼増鏈?涓婂彈鏀寔銆?(https://learn.microsoft.com/dotnet/fundamentals/code-analysis/quality-rules/ca1416) [D:\workspace\ScreenTimeController\ScreenTimeController.csproj]
D:\workspace\ScreenTimeController\SettingsForm.cs(529,35): warning CA1416: 鍙湪鎵€鏈夊钩鍙颁笂璁块棶姝よ皟鐢ㄧ珯鐐广€?Label" 浠呭湪 "windows" 6.1 鍙婃洿楂樼増鏈?涓婂彈鏀寔銆?(https://learn.microsoft.com/dotnet/fundamentals/code-analysis/quality-rules/ca1416) [D:\workspace\ScreenTimeController\ScreenTimeController.csproj]
D:\workspace\ScreenTimeController\SettingsForm.cs(390,17): warning CA1416: 鍙湪鎵€鏈夊钩鍙颁笂璁块棶姝よ皟鐢ㄧ珯鐐广€?Control.Margin" 浠呭湪 "windows" 6.1 鍙婃洿楂樼増鏈?涓婂彈鏀寔銆?(https://learn.microsoft.com/dotnet/fundamentals/code-analysis/quality-rules/ca1416) [D:\workspace\ScreenTimeController\ScreenTimeController.csproj]
D:\workspace\ScreenTimeController\SettingsForm.cs(397,17): warning CA1416: 鍙湪鎵€鏈夊钩鍙颁笂璁块棶姝よ皟鐢ㄧ珯鐐广€?NumericUpDown.Maximum" 浠呭湪 "windows" 6.1 鍙婃洿楂樼増鏈?涓婂彈鏀寔銆?(https://learn.microsoft.com/dotnet/fundamentals/code-analysis/quality-rules/ca1416) [D:\workspace\ScreenTimeController\ScreenTimeController.csproj]
D:\workspace\ScreenTimeController\SettingsForm.cs(565,17): warning CA1416: 鍙湪鎵€鏈夊钩鍙颁笂璁块棶姝よ皟鐢ㄧ珯鐐广€?Control.Location" 浠呭湪 "windows" 6.1 鍙婃洿楂樼増鏈?涓婂彈鏀寔銆?(https://learn.microsoft.com/dotnet/fundamentals/code-analysis/quality-rules/ca1416) [D:\workspace\ScreenTimeController\ScreenTimeController.csproj]
D:\workspace\ScreenTimeController\SettingsForm.cs(427,17): warning CA1416: 鍙湪鎵€鏈夊钩鍙颁笂璁块棶姝よ皟鐢ㄧ珯鐐广€?NumericUpDown.Minimum" 浠呭湪 "windows" 6.1 鍙婃洿楂樼増鏈?涓婂彈鏀寔銆?(https://learn.microsoft.com/dotnet/fundamentals/code-analysis/quality-rules/ca1416) [D:\workspace\ScreenTimeController\ScreenTimeController.csproj]
D:\workspace\ScreenTimeController\SettingsForm.cs(207,29): warning CA1416: 鍙湪鎵€鏈夊钩鍙颁笂璁块棶姝よ皟鐢ㄧ珯鐐广€?ContentAlignment.MiddleCenter" 浠呭湪 "windows" 6.1 鍙婃洿楂樼増鏈?涓婂彈鏀寔銆?(https://learn.microsoft.com/dotnet/fundamentals/code-analysis/quality-rules/ca1416) [D:\workspace\ScreenTimeController\ScreenTimeController.csproj]
D:\workspace\ScreenTimeController\SettingsForm.cs(540,17): warning CA1416: 鍙湪鎵€鏈夊钩鍙颁笂璁块棶姝よ皟鐢ㄧ珯鐐广€?Control.Enabled" 浠呭湪 "windows" 6.1 鍙婃洿楂樼増鏈?涓婂彈鏀寔銆?(https://learn.microsoft.com/dotnet/fundamentals/code-analysis/quality-rules/ca1416) [D:\workspace\ScreenTimeController\ScreenTimeController.csproj]
D:\workspace\ScreenTimeController\SettingsForm.cs(359,17): warning CA1416: 鍙湪鎵€鏈夊钩鍙颁笂璁块棶姝よ皟鐢ㄧ珯鐐广€?Control.Font" 浠呭湪 "windows" 6.1 鍙婃洿楂樼増鏈?涓婂彈鏀寔銆?(https://learn.microsoft.com/dotnet/fundamentals/code-analysis/quality-rules/ca1416) [D:\workspace\ScreenTimeController\ScreenTimeController.csproj]
D:\workspace\ScreenTimeController\SettingsForm.cs(245,29): warning CA1416: 鍙湪鎵€鏈夊钩鍙颁笂璁块棶姝よ皟鐢ㄧ珯鐐广€?ContentAlignment.MiddleLeft" 浠呭湪 "windows" 6.1 鍙婃洿楂樼増鏈?涓婂彈鏀寔銆?(https://learn.microsoft.com/dotnet/fundamentals/code-analysis/quality-rules/ca1416) [D:\workspace\ScreenTimeController\ScreenTimeController.csproj]

鐢熸垚澶辫触銆?

D:\workspace\ScreenTimeController\ChangePasswordForm.cs(17,16): warning CS8618: 鍦ㄩ€€鍑烘瀯閫犲嚱鏁版椂锛屼笉鍙负 null 鐨?瀛楁 "_label1" 蹇呴』鍖呭惈闈?null 鍊笺€傝鑰冭檻娣诲姞 "required" 淇グ绗︽垨灏嗚 瀛楁 澹版槑涓哄彲涓?null銆?[D:\workspace\ScreenTimeController\ScreenTimeController.csproj]
D:\workspace\ScreenTimeController\ChangePasswordForm.cs(17,16): warning CS8618: 鍦ㄩ€€鍑烘瀯閫犲嚱鏁版椂锛屼笉鍙负 null 鐨?瀛楁 "_label2" 蹇呴』鍖呭惈闈?null 鍊笺€傝鑰冭檻娣诲姞 "required" 淇グ绗︽垨灏嗚 瀛楁 澹版槑涓哄彲涓?null銆?[D:\workspace\ScreenTimeController\ScreenTimeController.csproj]
D:\workspace\ScreenTimeController\ChangePasswordForm.cs(17,16): warning CS8618: 鍦ㄩ€€鍑烘瀯閫犲嚱鏁版椂锛屼笉鍙负 null 鐨?瀛楁 "_textBoxNewPassword" 蹇呴』鍖呭惈闈?null 鍊笺€傝鑰冭檻娣诲姞 "required" 淇グ绗︽垨灏嗚 瀛楁 澹版槑涓哄彲涓?null銆?[D:\workspace\ScreenTimeController\ScreenTimeController.csproj]
D:\workspace\ScreenTimeController\ChangePasswordForm.cs(17,16): warning CS8618: 鍦ㄩ€€鍑烘瀯閫犲嚱鏁版椂锛屼笉鍙负 null 鐨?瀛楁 "_textBoxConfirmPassword" 蹇呴』鍖呭惈闈?null 鍊笺€傝鑰冭檻娣诲姞 "required" 淇グ绗︽垨灏嗚 瀛楁 澹版槑涓哄彲涓?null銆?[D:\workspace\ScreenTimeController\ScreenTimeController.csproj]
D:\workspace\ScreenTimeController\ChangePasswordForm.cs(17,16): warning CS8618: 鍦ㄩ€€鍑烘瀯閫犲嚱鏁版椂锛屼笉鍙负 null 鐨?瀛楁 "_buttonOK" 蹇呴』鍖呭惈闈?null 鍊笺€傝鑰冭檻娣诲姞 "required" 淇グ绗︽垨灏嗚 瀛楁 澹版槑涓哄彲涓?null銆?[D:\workspace\ScreenTimeController\ScreenTimeController.csproj]
D:\workspace\ScreenTimeController\ChangePasswordForm.cs(17,16): warning CS8618: 鍦ㄩ€€鍑烘瀯閫犲嚱鏁版椂锛屼笉鍙负 null 鐨?瀛楁 "_buttonCancel" 蹇呴』鍖呭惈闈?null 鍊笺€傝鑰冭檻娣诲姞 "required" 淇グ绗︽垨灏嗚 瀛楁 澹版槑涓哄彲涓?null銆?[D:\workspace\ScreenTimeController\ScreenTimeController.csproj]
D:\workspace\ScreenTimeController\ChangePasswordForm.cs(17,16): warning CS8618: 鍦ㄩ€€鍑烘瀯閫犲嚱鏁版椂锛屼笉鍙负 null 鐨?瀛楁 "components" 蹇呴』鍖呭惈闈?null 鍊笺€傝鑰冭檻娣诲姞 "required" 淇グ绗︽垨灏嗚 瀛楁 澹版槑涓哄彲涓?null銆?[D:\workspace\ScreenTimeController\ScreenTimeController.csproj]
D:\workspace\ScreenTimeController\PasswordForm.cs(15,16): warning CS8618: 鍦ㄩ€€鍑烘瀯閫犲嚱鏁版椂锛屼笉鍙负 null 鐨?灞炴€?"Password" 蹇呴』鍖呭惈闈?null 鍊笺€傝鑰冭檻娣诲姞 "required" 淇グ绗︽垨灏嗚 灞炴€?澹版槑涓哄彲涓?null銆?[D:\workspace\ScreenTimeController\ScreenTimeController.csproj]
D:\workspace\ScreenTimeController\PasswordForm.cs(15,16): warning CS8618: 鍦ㄩ€€鍑烘瀯閫犲嚱鏁版椂锛屼笉鍙负 null 鐨?瀛楁 "_label1" 蹇呴』鍖呭惈闈?null 鍊笺€傝鑰冭檻娣诲姞 "required" 淇グ绗︽垨灏嗚 瀛楁 澹版槑涓哄彲涓?null銆?[D:\workspace\ScreenTimeController\ScreenTimeController.csproj]
D:\workspace\ScreenTimeController\PasswordForm.cs(15,16): warning CS8618: 鍦ㄩ€€鍑烘瀯閫犲嚱鏁版椂锛屼笉鍙负 null 鐨?瀛楁 "_textBoxPassword" 蹇呴』鍖呭惈闈?null 鍊笺€傝鑰冭檻娣诲姞 "required" 淇グ绗︽垨灏嗚 瀛楁 澹版槑涓哄彲涓?null銆?[D:\workspace\ScreenTimeController\ScreenTimeController.csproj]
D:\workspace\ScreenTimeController\PasswordForm.cs(15,16): warning CS8618: 鍦ㄩ€€鍑烘瀯閫犲嚱鏁版椂锛屼笉鍙负 null 鐨?瀛楁 "_buttonOK" 蹇呴』鍖呭惈闈?null 鍊笺€傝鑰冭檻娣诲姞 "required" 淇グ绗︽垨灏嗚 瀛楁 澹版槑涓哄彲涓?null銆?[D:\workspace\ScreenTimeController\ScreenTimeController.csproj]
D:\workspace\ScreenTimeController\PasswordForm.cs(15,16): warning CS8618: 鍦ㄩ€€鍑烘瀯閫犲嚱鏁版椂锛屼笉鍙负 null 鐨?瀛楁 "_buttonCancel" 蹇呴』鍖呭惈闈?null 鍊笺€傝鑰冭檻娣诲姞 "required" 淇グ绗︽垨灏嗚 瀛楁 澹版槑涓哄彲涓?null銆?[D:\workspace\ScreenTimeController\ScreenTimeController.csproj]
D:\workspace\ScreenTimeController\PasswordForm.cs(15,16): warning CS8618: 鍦ㄩ€€鍑烘瀯閫犲嚱鏁版椂锛屼笉鍙负 null 鐨?瀛楁 "components" 蹇呴』鍖呭惈闈?null 鍊笺€傝鑰冭檻娣诲姞 "required" 淇グ绗︽垨灏嗚 瀛楁 澹版槑涓哄彲涓?null銆?[D:\workspace\ScreenTimeController\ScreenTimeController.csproj]
D:\workspace\ScreenTimeController\SettingsForm.cs(60,16): warning CS8618: 鍦ㄩ€€鍑烘瀯閫犲嚱鏁版椂锛屼笉鍙负 null 鐨?瀛楁 "_labelSunday" 蹇呴』鍖呭惈闈?null 鍊笺€傝鑰冭檻娣诲姞 "required" 淇グ绗︽垨灏嗚 瀛楁 澹版槑涓哄彲涓?null銆?[D:\workspace\ScreenTimeController\ScreenTimeController.csproj]
D:\workspace\ScreenTimeController\SettingsForm.cs(60,16): warning CS8618: 鍦ㄩ€€鍑烘瀯閫犲嚱鏁版椂锛屼笉鍙负 null 鐨?瀛楁 "_numericUpDownSundayHours" 蹇呴』鍖呭惈闈?null 鍊笺€傝鑰冭檻娣诲姞 "required" 淇グ绗︽垨灏嗚 瀛楁 澹版槑涓哄彲涓?null銆?[D:\workspace\ScreenTimeController\ScreenTimeController.csproj]
D:\workspace\ScreenTimeController\SettingsForm.cs(60,16): warning CS8618: 鍦ㄩ€€鍑烘瀯閫犲嚱鏁版椂锛屼笉鍙负 null 鐨?瀛楁 "_numericUpDownSundayMinutes" 蹇呴』鍖呭惈闈?null 鍊笺€傝鑰冭檻娣诲姞 "required" 淇グ绗︽垨灏嗚 瀛楁 澹版槑涓哄彲涓?null銆?[D:\workspace\ScreenTimeController\ScreenTimeController.csproj]
D:\workspace\ScreenTimeController\SettingsForm.cs(60,16): warning CS8618: 鍦ㄩ€€鍑烘瀯閫犲嚱鏁版椂锛屼笉鍙负 null 鐨?瀛楁 "_labelSundayHours" 蹇呴』鍖呭惈闈?null 鍊笺€傝鑰冭檻娣诲姞 "required" 淇グ绗︽垨灏嗚 瀛楁 澹版槑涓哄彲涓?null銆?[D:\workspace\ScreenTimeController\ScreenTimeController.csproj]
D:\workspace\ScreenTimeController\SettingsForm.cs(60,16): warning CS8618: 鍦ㄩ€€鍑烘瀯閫犲嚱鏁版椂锛屼笉鍙负 null 鐨?瀛楁 "_labelSundayMinutes" 蹇呴』鍖呭惈闈?null 鍊笺€傝鑰冭檻娣诲姞 "required" 淇グ绗︽垨灏嗚 瀛楁 澹版槑涓哄彲涓?null銆?[D:\workspace\ScreenTimeController\ScreenTimeController.csproj]
D:\workspace\ScreenTimeController\SettingsForm.cs(60,16): warning CS8618: 鍦ㄩ€€鍑烘瀯閫犲嚱鏁版椂锛屼笉鍙负 null 鐨?瀛楁 "_labelMonday" 蹇呴』鍖呭惈闈?null 鍊笺€傝鑰冭檻娣诲姞 "required" 淇グ绗︽垨灏嗚 瀛楁 澹版槑涓哄彲涓?null銆?[D:\workspace\ScreenTimeController\ScreenTimeController.csproj]
D:\workspace\ScreenTimeController\SettingsForm.cs(60,16): warning CS8618: 鍦ㄩ€€鍑烘瀯閫犲嚱鏁版椂锛屼笉鍙负 null 鐨?瀛楁 "_numericUpDownMondayHours" 蹇呴』鍖呭惈闈?null 鍊笺€傝鑰冭檻娣诲姞 "required" 淇グ绗︽垨灏嗚 瀛楁 澹版槑涓哄彲涓?null銆?[D:\workspace\ScreenTimeController\ScreenTimeController.csproj]
D:\workspace\ScreenTimeController\SettingsForm.cs(60,16): warning CS8618: 鍦ㄩ€€鍑烘瀯閫犲嚱鏁版椂锛屼笉鍙负 null 鐨?瀛楁 "_numericUpDownMondayMinutes" 蹇呴』鍖呭惈闈?null 鍊笺€傝鑰冭檻娣诲姞 "required" 淇グ绗︽垨灏嗚 瀛楁 澹版槑涓哄彲涓?null銆?[D:\workspace\ScreenTimeController\ScreenTimeController.csproj]
D:\workspace\ScreenTimeController\SettingsForm.cs(60,16): warning CS8618: 鍦ㄩ€€鍑烘瀯閫犲嚱鏁版椂锛屼笉鍙负 null 鐨?瀛楁 "_labelMondayHours" 蹇呴』鍖呭惈闈?null 鍊笺€傝鑰冭檻娣诲姞 "required" 淇グ绗︽垨灏嗚 瀛楁 澹版槑涓哄彲涓?null銆?[D:\workspace\ScreenTimeController\ScreenTimeController.csproj]
D:\workspace\ScreenTimeController\SettingsForm.cs(60,16): warning CS8618: 鍦ㄩ€€鍑烘瀯閫犲嚱鏁版椂锛屼笉鍙负 null 鐨?瀛楁 "_labelMondayMinutes" 蹇呴』鍖呭惈闈?null 鍊笺€傝鑰冭檻娣诲姞 "required" 淇グ绗︽垨灏嗚 瀛楁 澹版槑涓哄彲涓?null銆?[D:\workspace\ScreenTimeController\ScreenTimeController.csproj]
D:\workspace\ScreenTimeController\SettingsForm.cs(60,16): warning CS8618: 鍦ㄩ€€鍑烘瀯閫犲嚱鏁版椂锛屼笉鍙负 null 鐨?瀛楁 "_labelTuesday" 蹇呴』鍖呭惈闈?null 鍊笺€傝鑰冭檻娣诲姞 "required" 淇グ绗︽垨灏嗚 瀛楁 澹版槑涓哄彲涓?null銆?[D:\workspace\ScreenTimeController\ScreenTimeController.csproj]
D:\workspace\ScreenTimeController\SettingsForm.cs(60,16): warning CS8618: 鍦ㄩ€€鍑烘瀯閫犲嚱鏁版椂锛屼笉鍙负 null 鐨?瀛楁 "_numericUpDownTuesdayHours" 蹇呴』鍖呭惈闈?null 鍊笺€傝鑰冭檻娣诲姞 "required" 淇グ绗︽垨灏嗚 瀛楁 澹版槑涓哄彲涓?null銆?[D:\workspace\ScreenTimeController\ScreenTimeController.csproj]
D:\workspace\ScreenTimeController\SettingsForm.cs(60,16): warning CS8618: 鍦ㄩ€€鍑烘瀯閫犲嚱鏁版椂锛屼笉鍙负 null 鐨?瀛楁 "_numericUpDownTuesdayMinutes" 蹇呴』鍖呭惈闈?null 鍊笺€傝鑰冭檻娣诲姞 "required" 淇グ绗︽垨灏嗚 瀛楁 澹版槑涓哄彲涓?null銆?[D:\workspace\ScreenTimeController\ScreenTimeController.csproj]
D:\workspace\ScreenTimeController\SettingsForm.cs(60,16): warning CS8618: 鍦ㄩ€€鍑烘瀯閫犲嚱鏁版椂锛屼笉鍙负 null 鐨?瀛楁 "_labelTuesdayHours" 蹇呴』鍖呭惈闈?null 鍊笺€傝鑰冭檻娣诲姞 "required" 淇グ绗︽垨灏嗚 瀛楁 澹版槑涓哄彲涓?null銆?[D:\workspace\ScreenTimeController\ScreenTimeController.csproj]
D:\workspace\ScreenTimeController\SettingsForm.cs(60,16): warning CS8618: 鍦ㄩ€€鍑烘瀯閫犲嚱鏁版椂锛屼笉鍙负 null 鐨?瀛楁 "_labelTuesdayMinutes" 蹇呴』鍖呭惈闈?null 鍊笺€傝鑰冭檻娣诲姞 "required" 淇グ绗︽垨灏嗚 瀛楁 澹版槑涓哄彲涓?null銆?[D:\workspace\ScreenTimeController\ScreenTimeController.csproj]
D:\workspace\ScreenTimeController\SettingsForm.cs(60,16): warning CS8618: 鍦ㄩ€€鍑烘瀯閫犲嚱鏁版椂锛屼笉鍙负 null 鐨?瀛楁 "_labelWednesday" 蹇呴』鍖呭惈闈?null 鍊笺€傝鑰冭檻娣诲姞 "required" 淇グ绗︽垨灏嗚 瀛楁 澹版槑涓哄彲涓?null銆?[D:\workspace\ScreenTimeController\ScreenTimeController.csproj]
D:\workspace\ScreenTimeController\SettingsForm.cs(60,16): warning CS8618: 鍦ㄩ€€鍑烘瀯閫犲嚱鏁版椂锛屼笉鍙负 null 鐨?瀛楁 "_numericUpDownWednesdayHours" 蹇呴』鍖呭惈闈?null 鍊笺€傝鑰冭檻娣诲姞 "required" 淇グ绗︽垨灏嗚 瀛楁 澹版槑涓哄彲涓?null銆?[D:\workspace\ScreenTimeController\ScreenTimeController.csproj]
D:\workspace\ScreenTimeController\SettingsForm.cs(60,16): warning CS8618: 鍦ㄩ€€鍑烘瀯閫犲嚱鏁版椂锛屼笉鍙负 null 鐨?瀛楁 "_numericUpDownWednesdayMinutes" 蹇呴』鍖呭惈闈?null 鍊笺€傝鑰冭檻娣诲姞 "required" 淇グ绗︽垨灏嗚 瀛楁 澹版槑涓哄彲涓?null銆?[D:\workspace\ScreenTimeController\ScreenTimeController.csproj]
D:\workspace\ScreenTimeController\SettingsForm.cs(60,16): warning CS8618: 鍦ㄩ€€鍑烘瀯閫犲嚱鏁版椂锛屼笉鍙负 null 鐨?瀛楁 "_labelWednesdayHours" 蹇呴』鍖呭惈闈?null 鍊笺€傝鑰冭檻娣诲姞 "required" 淇グ绗︽垨灏嗚 瀛楁 澹版槑涓哄彲涓?null銆?[D:\workspace\ScreenTimeController\ScreenTimeController.csproj]
D:\workspace\ScreenTimeController\SettingsForm.cs(60,16): warning CS8618: 鍦ㄩ€€鍑烘瀯閫犲嚱鏁版椂锛屼笉鍙负 null 鐨?瀛楁 "_labelWednesdayMinutes" 蹇呴』鍖呭惈闈?null 鍊笺€傝鑰冭檻娣诲姞 "required" 淇グ绗︽垨灏嗚 瀛楁 澹版槑涓哄彲涓?null銆?[D:\workspace\ScreenTimeController\ScreenTimeController.csproj]
D:\workspace\ScreenTimeController\SettingsForm.cs(60,16): warning CS8618: 鍦ㄩ€€鍑烘瀯閫犲嚱鏁版椂锛屼笉鍙负 null 鐨?瀛楁 "_labelThursday" 蹇呴』鍖呭惈闈?null 鍊笺€傝鑰冭檻娣诲姞 "required" 淇グ绗︽垨灏嗚 瀛楁 澹版槑涓哄彲涓?null銆?[D:\workspace\ScreenTimeController\ScreenTimeController.csproj]
D:\workspace\ScreenTimeController\SettingsForm.cs(60,16): warning CS8618: 鍦ㄩ€€鍑烘瀯閫犲嚱鏁版椂锛屼笉鍙负 null 鐨?瀛楁 "_numericUpDownThursdayHours" 蹇呴』鍖呭惈闈?null 鍊笺€傝鑰冭檻娣诲姞 "required" 淇グ绗︽垨灏嗚 瀛楁 澹版槑涓哄彲涓?null銆?[D:\workspace\ScreenTimeController\ScreenTimeController.csproj]
D:\workspace\ScreenTimeController\SettingsForm.cs(60,16): warning CS8618: 鍦ㄩ€€鍑烘瀯閫犲嚱鏁版椂锛屼笉鍙负 null 鐨?瀛楁 "_numericUpDownThursdayMinutes" 蹇呴』鍖呭惈闈?null 鍊笺€傝鑰冭檻娣诲姞 "required" 淇グ绗︽垨灏嗚 瀛楁 澹版槑涓哄彲涓?null銆?[D:\workspace\ScreenTimeController\ScreenTimeController.csproj]
D:\workspace\ScreenTimeController\SettingsForm.cs(60,16): warning CS8618: 鍦ㄩ€€鍑烘瀯閫犲嚱鏁版椂锛屼笉鍙负 null 鐨?瀛楁 "_labelThursdayHours" 蹇呴』鍖呭惈闈?null 鍊笺€傝鑰冭檻娣诲姞 "required" 淇グ绗︽垨灏嗚 瀛楁 澹版槑涓哄彲涓?null銆?[D:\workspace\ScreenTimeController\ScreenTimeController.csproj]
D:\workspace\ScreenTimeController\SettingsForm.cs(60,16): warning CS8618: 鍦ㄩ€€鍑烘瀯閫犲嚱鏁版椂锛屼笉鍙负 null 鐨?瀛楁 "_labelThursdayMinutes" 蹇呴』鍖呭惈闈?null 鍊笺€傝鑰冭檻娣诲姞 "required" 淇グ绗︽垨灏嗚 瀛楁 澹版槑涓哄彲涓?null銆?[D:\workspace\ScreenTimeController\ScreenTimeController.csproj]
D:\workspace\ScreenTimeController\SettingsForm.cs(60,16): warning CS8618: 鍦ㄩ€€鍑烘瀯閫犲嚱鏁版椂锛屼笉鍙负 null 鐨?瀛楁 "_labelFriday" 蹇呴』鍖呭惈闈?null 鍊笺€傝鑰冭檻娣诲姞 "required" 淇グ绗︽垨灏嗚 瀛楁 澹版槑涓哄彲涓?null銆?[D:\workspace\ScreenTimeController\ScreenTimeController.csproj]
D:\workspace\ScreenTimeController\SettingsForm.cs(60,16): warning CS8618: 鍦ㄩ€€鍑烘瀯閫犲嚱鏁版椂锛屼笉鍙负 null 鐨?瀛楁 "_numericUpDownFridayHours" 蹇呴』鍖呭惈闈?null 鍊笺€傝鑰冭檻娣诲姞 "required" 淇グ绗︽垨灏嗚 瀛楁 澹版槑涓哄彲涓?null銆?[D:\workspace\ScreenTimeController\ScreenTimeController.csproj]
D:\workspace\ScreenTimeController\SettingsForm.cs(60,16): warning CS8618: 鍦ㄩ€€鍑烘瀯閫犲嚱鏁版椂锛屼笉鍙负 null 鐨?瀛楁 "_numericUpDownFridayMinutes" 蹇呴』鍖呭惈闈?null 鍊笺€傝鑰冭檻娣诲姞 "required" 淇グ绗︽垨灏嗚 瀛楁 澹版槑涓哄彲涓?null銆?[D:\workspace\ScreenTimeController\ScreenTimeController.csproj]
D:\workspace\ScreenTimeController\SettingsForm.cs(60,16): warning CS8618: 鍦ㄩ€€鍑烘瀯閫犲嚱鏁版椂锛屼笉鍙负 null 鐨?瀛楁 "_labelFridayHours" 蹇呴』鍖呭惈闈?null 鍊笺€傝鑰冭檻娣诲姞 "required" 淇グ绗︽垨灏嗚 瀛楁 澹版槑涓哄彲涓?null銆?[D:\workspace\ScreenTimeController\ScreenTimeController.csproj]
D:\workspace\ScreenTimeController\SettingsForm.cs(60,16): warning CS8618: 鍦ㄩ€€鍑烘瀯閫犲嚱鏁版椂锛屼笉鍙负 null 鐨?瀛楁 "_labelFridayMinutes" 蹇呴』鍖呭惈闈?null 鍊笺€傝鑰冭檻娣诲姞 "required" 淇グ绗︽垨灏嗚 瀛楁 澹版槑涓哄彲涓?null銆?[D:\workspace\ScreenTimeController\ScreenTimeController.csproj]
D:\workspace\ScreenTimeController\SettingsForm.cs(60,16): warning CS8618: 鍦ㄩ€€鍑烘瀯閫犲嚱鏁版椂锛屼笉鍙负 null 鐨?瀛楁 "_labelSaturday" 蹇呴』鍖呭惈闈?null 鍊笺€傝鑰冭檻娣诲姞 "required" 淇グ绗︽垨灏嗚 瀛楁 澹版槑涓哄彲涓?null銆?[D:\workspace\ScreenTimeController\ScreenTimeController.csproj]
D:\workspace\ScreenTimeController\SettingsForm.cs(60,16): warning CS8618: 鍦ㄩ€€鍑烘瀯閫犲嚱鏁版椂锛屼笉鍙负 null 鐨?瀛楁 "_numericUpDownSaturdayHours" 蹇呴』鍖呭惈闈?null 鍊笺€傝鑰冭檻娣诲姞 "required" 淇グ绗︽垨灏嗚 瀛楁 澹版槑涓哄彲涓?null銆?[D:\workspace\ScreenTimeController\ScreenTimeController.csproj]
D:\workspace\ScreenTimeController\SettingsForm.cs(60,16): warning CS8618: 鍦ㄩ€€鍑烘瀯閫犲嚱鏁版椂锛屼笉鍙负 null 鐨?瀛楁 "_numericUpDownSaturdayMinutes" 蹇呴』鍖呭惈闈?null 鍊笺€傝鑰冭檻娣诲姞 "required" 淇グ绗︽垨灏嗚 瀛楁 澹版槑涓哄彲涓?null銆?[D:\workspace\ScreenTimeController\ScreenTimeController.csproj]
D:\workspace\ScreenTimeController\SettingsForm.cs(60,16): warning CS8618: 鍦ㄩ€€鍑烘瀯閫犲嚱鏁版椂锛屼笉鍙负 null 鐨?瀛楁 "_labelSaturdayHours" 蹇呴』鍖呭惈闈?null 鍊笺€傝鑰冭檻娣诲姞 "required" 淇グ绗︽垨灏嗚 瀛楁 澹版槑涓哄彲涓?null銆?[D:\workspace\ScreenTimeController\ScreenTimeController.csproj]
D:\workspace\ScreenTimeController\SettingsForm.cs(60,16): warning CS8618: 鍦ㄩ€€鍑烘瀯閫犲嚱鏁版椂锛屼笉鍙负 null 鐨?瀛楁 "_labelSaturdayMinutes" 蹇呴』鍖呭惈闈?null 鍊笺€傝鑰冭檻娣诲姞 "required" 淇グ绗︽垨灏嗚 瀛楁 澹版槑涓哄彲涓?null銆?[D:\workspace\ScreenTimeController\ScreenTimeController.csproj]
D:\workspace\ScreenTimeController\SettingsForm.cs(60,16): warning CS8618: 鍦ㄩ€€鍑烘瀯閫犲嚱鏁版椂锛屼笉鍙负 null 鐨?瀛楁 "_buttonOK" 蹇呴』鍖呭惈闈?null 鍊笺€傝鑰冭檻娣诲姞 "required" 淇グ绗︽垨灏嗚 瀛楁 澹版槑涓哄彲涓?null銆?[D:\workspace\ScreenTimeController\ScreenTimeController.csproj]
D:\workspace\ScreenTimeController\SettingsForm.cs(60,16): warning CS8618: 鍦ㄩ€€鍑烘瀯閫犲嚱鏁版椂锛屼笉鍙负 null 鐨?瀛楁 "_buttonCancel" 蹇呴』鍖呭惈闈?null 鍊笺€傝鑰冭檻娣诲姞 "required" 淇グ绗︽垨灏嗚 瀛楁 澹版槑涓哄彲涓?null銆?[D:\workspace\ScreenTimeController\ScreenTimeController.csproj]
D:\workspace\ScreenTimeController\SettingsForm.cs(60,16): warning CS8618: 鍦ㄩ€€鍑烘瀯閫犲嚱鏁版椂锛屼笉鍙负 null 鐨?瀛楁 "_buttonChangePassword" 蹇呴』鍖呭惈闈?null 鍊笺€傝鑰冭檻娣诲姞 "required" 淇グ绗︽垨灏嗚 瀛楁 澹版槑涓哄彲涓?null銆?[D:\workspace\ScreenTimeController\ScreenTimeController.csproj]
D:\workspace\ScreenTimeController\SettingsForm.cs(60,16): warning CS8618: 鍦ㄩ€€鍑烘瀯閫犲嚱鏁版椂锛屼笉鍙负 null 鐨?瀛楁 "_buttonApplyToAll" 蹇呴』鍖呭惈闈?null 鍊笺€傝鑰冭檻娣诲姞 "required" 淇グ绗︽垨灏嗚 瀛楁 澹版槑涓哄彲涓?null銆?[D:\workspace\ScreenTimeController\ScreenTimeController.csproj]
D:\workspace\ScreenTimeController\SettingsForm.cs(60,16): warning CS8618: 鍦ㄩ€€鍑烘瀯閫犲嚱鏁版椂锛屼笉鍙负 null 鐨?瀛楁 "components" 蹇呴』鍖呭惈闈?null 鍊笺€傝鑰冭檻娣诲姞 "required" 淇グ绗︽垨灏嗚 瀛楁 澹版槑涓哄彲涓?null銆?[D:\workspace\ScreenTimeController\ScreenTimeController.csproj]
D:\workspace\ScreenTimeController\TestTrayApp.cs(21,49): warning CS8622: 鈥渧oid TestTrayApp.OnShowClick(object sender, EventArgs e)鈥濈殑鍙傛暟鈥渟ender鈥濈被鍨嬩腑寮曠敤绫诲瀷鐨勪负 Null 鎬т笌鐩爣濮旀墭鈥淓ventHandler鈥濅笉鍖归厤(鍙兘鏄敱浜庝负 Null 鎬х壒鎬?銆?[D:\workspace\ScreenTimeController\ScreenTimeController.csproj]
D:\workspace\ScreenTimeController\TestTrayApp.cs(22,49): warning CS8622: 鈥渧oid TestTrayApp.OnExitClick(object sender, EventArgs e)鈥濈殑鍙傛暟鈥渟ender鈥濈被鍨嬩腑寮曠敤绫诲瀷鐨勪负 Null 鎬т笌鐩爣濮旀墭鈥淓ventHandler鈥濅笉鍖归厤(鍙兘鏄敱浜庝负 Null 鎬х壒鎬?銆?[D:\workspace\ScreenTimeController\ScreenTimeController.csproj]
D:\workspace\ScreenTimeController\TimeTracker.cs(27,43): warning CS8604: 鈥淒irectoryInfo Directory.CreateDirectory(string path)鈥濅腑鐨勫舰鍙傗€減ath鈥濆彲鑳戒紶鍏?null 寮曠敤瀹炲弬銆?[D:\workspace\ScreenTimeController\ScreenTimeController.csproj]
D:\workspace\ScreenTimeController\WindowHelper.cs(24,28): warning CS8603: 鍙兘杩斿洖 null 寮曠敤銆?[D:\workspace\ScreenTimeController\ScreenTimeController.csproj]
D:\workspace\ScreenTimeController\WindowHelper.cs(32,24): warning CS8603: 鍙兘杩斿洖 null 寮曠敤銆?[D:\workspace\ScreenTimeController\ScreenTimeController.csproj]
D:\workspace\ScreenTimeController\SettingsManager.cs(86,16): warning CS8618: 鍦ㄩ€€鍑烘瀯閫犲嚱鏁版椂锛屼笉鍙负 null 鐨?瀛楁 "_passwordHash" 蹇呴』鍖呭惈闈?null 鍊笺€傝鑰冭檻娣诲姞 "required" 淇グ绗︽垨灏嗚 瀛楁 澹版槑涓哄彲涓?null銆?[D:\workspace\ScreenTimeController\ScreenTimeController.csproj]
D:\workspace\ScreenTimeController\PasswordForm.cs(75,32): warning CS8622: 鈥渧oid PasswordForm.OnOKClick(object sender, EventArgs e)鈥濈殑鍙傛暟鈥渟ender鈥濈被鍨嬩腑寮曠敤绫诲瀷鐨勪负 Null 鎬т笌鐩爣濮旀墭鈥淓ventHandler鈥濅笉鍖归厤(鍙兘鏄敱浜庝负 Null 鎬х壒鎬?銆?[D:\workspace\ScreenTimeController\ScreenTimeController.csproj]
D:\workspace\ScreenTimeController\PasswordForm.cs(89,36): warning CS8622: 鈥渧oid PasswordForm.OnCancelClick(object sender, EventArgs e)鈥濈殑鍙傛暟鈥渟ender鈥濈被鍨嬩腑寮曠敤绫诲瀷鐨勪负 Null 鎬т笌鐩爣濮旀墭鈥淓ventHandler鈥濅笉鍖归厤(鍙兘鏄敱浜庝负 Null 鎬х壒鎬?銆?[D:\workspace\ScreenTimeController\ScreenTimeController.csproj]
D:\workspace\ScreenTimeController\SettingsManager.cs(98,43): warning CS8604: 鈥淒irectoryInfo Directory.CreateDirectory(string path)鈥濅腑鐨勫舰鍙傗€減ath鈥濆彲鑳戒紶鍏?null 寮曠敤瀹炲弬銆?[D:\workspace\ScreenTimeController\ScreenTimeController.csproj]
D:\workspace\ScreenTimeController\MainForm.cs(39,53): warning CS8622: 鈥渧oid MainForm.OnShowClick(object sender, EventArgs e)鈥濈殑鍙傛暟鈥渟ender鈥濈被鍨嬩腑寮曠敤绫诲瀷鐨勪负 Null 鎬т笌鐩爣濮旀墭鈥淓ventHandler鈥濅笉鍖归厤(鍙兘鏄敱浜庝负 Null 鎬х壒鎬?銆?[D:\workspace\ScreenTimeController\ScreenTimeController.csproj]
D:\workspace\ScreenTimeController\MainForm.cs(40,57): warning CS8622: 鈥渧oid MainForm.OnSettingsClick(object sender, EventArgs e)鈥濈殑鍙傛暟鈥渟ender鈥濈被鍨嬩腑寮曠敤绫诲瀷鐨勪负 Null 鎬т笌鐩爣濮旀墭鈥淓ventHandler鈥濅笉鍖归厤(鍙兘鏄敱浜庝负 Null 鎬х壒鎬?銆?[D:\workspace\ScreenTimeController\ScreenTimeController.csproj]
D:\workspace\ScreenTimeController\MainForm.cs(41,53): warning CS8622: 鈥渧oid MainForm.OnExitClick(object sender, EventArgs e)鈥濈殑鍙傛暟鈥渟ender鈥濈被鍨嬩腑寮曠敤绫诲瀷鐨勪负 Null 鎬т笌鐩爣濮旀墭鈥淓ventHandler鈥濅笉鍖归厤(鍙兘鏄敱浜庝负 Null 鎬х壒鎬?銆?[D:\workspace\ScreenTimeController\ScreenTimeController.csproj]
D:\workspace\ScreenTimeController\MainForm.cs(57,40): warning CS8622: 鈥渧oid MainForm.OnCheckTimerElapsed(object sender, ElapsedEventArgs e)鈥濈殑鍙傛暟鈥渟ender鈥濈被鍨嬩腑寮曠敤绫诲瀷鐨勪负 Null 鎬т笌鐩爣濮旀墭鈥淓lapsedEventHandler鈥濅笉鍖归厤(鍙兘鏄敱浜庝负 Null 鎬х壒鎬?銆?[D:\workspace\ScreenTimeController\ScreenTimeController.csproj]
D:\workspace\ScreenTimeController\MainForm.cs(61,47): warning CS8622: 鈥渧oid MainForm.OnNotificationTimerElapsed(object sender, ElapsedEventArgs e)鈥濈殑鍙傛暟鈥渟ender鈥濈被鍨嬩腑寮曠敤绫诲瀷鐨勪负 Null 鎬т笌鐩爣濮旀墭鈥淓lapsedEventHandler鈥濅笉鍖归厤(鍙兘鏄敱浜庝负 Null 鎬х壒鎬?銆?[D:\workspace\ScreenTimeController\ScreenTimeController.csproj]
D:\workspace\ScreenTimeController\MainForm.cs(66,36): warning CS8622: 鈥渧oid MainForm.OnUiTimerElapsed(object sender, ElapsedEventArgs e)鈥濈殑鍙傛暟鈥渟ender鈥濈被鍨嬩腑寮曠敤绫诲瀷鐨勪负 Null 鎬т笌鐩爣濮旀墭鈥淓lapsedEventHandler鈥濅笉鍖归厤(鍙兘鏄敱浜庝负 Null 鎬х壒鎬?銆?[D:\workspace\ScreenTimeController\ScreenTimeController.csproj]
D:\workspace\ScreenTimeController\MainForm.cs(24,16): warning CS8618: 鍦ㄩ€€鍑烘瀯閫犲嚱鏁版椂锛屼笉鍙负 null 鐨?瀛楁 "_checkTimer" 蹇呴』鍖呭惈闈?null 鍊笺€傝鑰冭檻娣诲姞 "required" 淇グ绗︽垨灏嗚 瀛楁 澹版槑涓哄彲涓?null銆?[D:\workspace\ScreenTimeController\ScreenTimeController.csproj]
D:\workspace\ScreenTimeController\MainForm.cs(24,16): warning CS8618: 鍦ㄩ€€鍑烘瀯閫犲嚱鏁版椂锛屼笉鍙负 null 鐨?瀛楁 "_notificationTimer" 蹇呴』鍖呭惈闈?null 鍊笺€傝鑰冭檻娣诲姞 "required" 淇グ绗︽垨灏嗚 瀛楁 澹版槑涓哄彲涓?null銆?[D:\workspace\ScreenTimeController\ScreenTimeController.csproj]
D:\workspace\ScreenTimeController\MainForm.cs(24,16): warning CS8618: 鍦ㄩ€€鍑烘瀯閫犲嚱鏁版椂锛屼笉鍙负 null 鐨?瀛楁 "_timeTracker" 蹇呴』鍖呭惈闈?null 鍊笺€傝鑰冭檻娣诲姞 "required" 淇グ绗︽垨灏嗚 瀛楁 澹版槑涓哄彲涓?null銆?[D:\workspace\ScreenTimeController\ScreenTimeController.csproj]
D:\workspace\ScreenTimeController\MainForm.cs(24,16): warning CS8618: 鍦ㄩ€€鍑烘瀯閫犲嚱鏁版椂锛屼笉鍙负 null 鐨?瀛楁 "_settingsManager" 蹇呴』鍖呭惈闈?null 鍊笺€傝鑰冭檻娣诲姞 "required" 淇グ绗︽垨灏嗚 瀛楁 澹版槑涓哄彲涓?null銆?[D:\workspace\ScreenTimeController\ScreenTimeController.csproj]
D:\workspace\ScreenTimeController\MainForm.cs(24,16): warning CS8618: 鍦ㄩ€€鍑烘瀯閫犲嚱鏁版椂锛屼笉鍙负 null 鐨?瀛楁 "_notifyIcon" 蹇呴』鍖呭惈闈?null 鍊笺€傝鑰冭檻娣诲姞 "required" 淇グ绗︽垨灏嗚 瀛楁 澹版槑涓哄彲涓?null銆?[D:\workspace\ScreenTimeController\ScreenTimeController.csproj]
D:\workspace\ScreenTimeController\MainForm.cs(24,16): warning CS8618: 鍦ㄩ€€鍑烘瀯閫犲嚱鏁版椂锛屼笉鍙负 null 鐨?瀛楁 "_statusLabel" 蹇呴』鍖呭惈闈?null 鍊笺€傝鑰冭檻娣诲姞 "required" 淇グ绗︽垨灏嗚 瀛楁 澹版槑涓哄彲涓?null銆?[D:\workspace\ScreenTimeController\ScreenTimeController.csproj]
D:\workspace\ScreenTimeController\MainForm.cs(24,16): warning CS8618: 鍦ㄩ€€鍑烘瀯閫犲嚱鏁版椂锛屼笉鍙负 null 鐨?瀛楁 "_usageLabel" 蹇呴』鍖呭惈闈?null 鍊笺€傝鑰冭檻娣诲姞 "required" 淇グ绗︽垨灏嗚 瀛楁 澹版槑涓哄彲涓?null銆?[D:\workspace\ScreenTimeController\ScreenTimeController.csproj]
D:\workspace\ScreenTimeController\MainForm.cs(24,16): warning CS8618: 鍦ㄩ€€鍑烘瀯閫犲嚱鏁版椂锛屼笉鍙负 null 鐨?瀛楁 "_limitLabel" 蹇呴』鍖呭惈闈?null 鍊笺€傝鑰冭檻娣诲姞 "required" 淇グ绗︽垨灏嗚 瀛楁 澹版槑涓哄彲涓?null銆?[D:\workspace\ScreenTimeController\ScreenTimeController.csproj]
D:\workspace\ScreenTimeController\MainForm.cs(24,16): warning CS8618: 鍦ㄩ€€鍑烘瀯閫犲嚱鏁版椂锛屼笉鍙负 null 鐨?瀛楁 "_remainingLabel" 蹇呴』鍖呭惈闈?null 鍊笺€傝鑰冭檻娣诲姞 "required" 淇グ绗︽垨灏嗚 瀛楁 澹版槑涓哄彲涓?null銆?[D:\workspace\ScreenTimeController\ScreenTimeController.csproj]
D:\workspace\ScreenTimeController\MainForm.cs(24,16): warning CS8618: 鍦ㄩ€€鍑烘瀯閫犲嚱鏁版椂锛屼笉鍙负 null 鐨?瀛楁 "_settingsButton" 蹇呴』鍖呭惈闈?null 鍊笺€傝鑰冭檻娣诲姞 "required" 淇グ绗︽垨灏嗚 瀛楁 澹版槑涓哄彲涓?null銆?[D:\workspace\ScreenTimeController\ScreenTimeController.csproj]
D:\workspace\ScreenTimeController\MainForm.cs(24,16): warning CS8618: 鍦ㄩ€€鍑烘瀯閫犲嚱鏁版椂锛屼笉鍙负 null 鐨?瀛楁 "_exitButton" 蹇呴』鍖呭惈闈?null 鍊笺€傝鑰冭檻娣诲姞 "required" 淇グ绗︽垨灏嗚 瀛楁 澹版槑涓哄彲涓?null銆?[D:\workspace\ScreenTimeController\ScreenTimeController.csproj]
D:\workspace\ScreenTimeController\MainForm.cs(24,16): warning CS8618: 鍦ㄩ€€鍑烘瀯閫犲嚱鏁版椂锛屼笉鍙负 null 鐨?瀛楁 "components" 蹇呴』鍖呭惈闈?null 鍊笺€傝鑰冭檻娣诲姞 "required" 淇グ绗︽垨灏嗚 瀛楁 澹版槑涓哄彲涓?null銆?[D:\workspace\ScreenTimeController\ScreenTimeController.csproj]
D:\workspace\ScreenTimeController\ChangePasswordForm.cs(104,32): warning CS8622: 鈥渧oid ChangePasswordForm.OnOKClick(object sender, EventArgs e)鈥濈殑鍙傛暟鈥渟ender鈥濈被鍨嬩腑寮曠敤绫诲瀷鐨勪负 Null 鎬т笌鐩爣濮旀墭鈥淓ventHandler鈥濅笉鍖归厤(鍙兘鏄敱浜庝负 Null 鎬х壒鎬?銆?[D:\workspace\ScreenTimeController\ScreenTimeController.csproj]
D:\workspace\ScreenTimeController\ChangePasswordForm.cs(118,36): warning CS8622: 鈥渧oid ChangePasswordForm.OnCancelClick(object sender, EventArgs e)鈥濈殑鍙傛暟鈥渟ender鈥濈被鍨嬩腑寮曠敤绫诲瀷鐨勪负 Null 鎬т笌鐩爣濮旀墭鈥淓ventHandler鈥濅笉鍖归厤(鍙兘鏄敱浜庝负 Null 鎬х壒鎬?銆?[D:\workspace\ScreenTimeController\ScreenTimeController.csproj]
D:\workspace\ScreenTimeController\MainForm.cs(154,38): warning CS8622: 鈥渧oid MainForm.OnSettingsClick(object sender, EventArgs e)鈥濈殑鍙傛暟鈥渟ender鈥濈被鍨嬩腑寮曠敤绫诲瀷鐨勪负 Null 鎬т笌鐩爣濮旀墭鈥淓ventHandler鈥濅笉鍖归厤(鍙兘鏄敱浜庝负 Null 鎬х壒鎬?銆?[D:\workspace\ScreenTimeController\ScreenTimeController.csproj]
D:\workspace\ScreenTimeController\MainForm.cs(169,34): warning CS8622: 鈥渧oid MainForm.OnExitClick(object sender, EventArgs e)鈥濈殑鍙傛暟鈥渟ender鈥濈被鍨嬩腑寮曠敤绫诲瀷鐨勪负 Null 鎬т笌鐩爣濮旀墭鈥淓ventHandler鈥濅笉鍖归厤(鍙兘鏄敱浜庝负 Null 鎬х壒鎬?銆?[D:\workspace\ScreenTimeController\ScreenTimeController.csproj]
D:\workspace\ScreenTimeController\MainForm.cs(198,30): warning CS0168: 澹版槑浜嗗彉閲忊€渆x鈥濓紝浣嗕粠鏈娇鐢ㄨ繃 [D:\workspace\ScreenTimeController\ScreenTimeController.csproj]
D:\workspace\ScreenTimeController\MainForm.cs(239,30): warning CS0168: 澹版槑浜嗗彉閲忊€渆x鈥濓紝浣嗕粠鏈娇鐢ㄨ繃 [D:\workspace\ScreenTimeController\ScreenTimeController.csproj]
D:\workspace\ScreenTimeController\MainForm.cs(255,30): warning CS0168: 澹版槑浜嗗彉閲忊€渆x鈥濓紝浣嗕粠鏈娇鐢ㄨ繃 [D:\workspace\ScreenTimeController\ScreenTimeController.csproj]
D:\workspace\ScreenTimeController\SettingsForm.cs(572,40): warning CS8622: 鈥渧oid SettingsForm.OnApplyToAllClick(object sender, EventArgs e)鈥濈殑鍙傛暟鈥渟ender鈥濈被鍨嬩腑寮曠敤绫诲瀷鐨勪负 Null 鎬т笌鐩爣濮旀墭鈥淓ventHandler鈥濅笉鍖归厤(鍙兘鏄敱浜庝负 Null 鎬х壒鎬?銆?[D:\workspace\ScreenTimeController\ScreenTimeController.csproj]
D:\workspace\ScreenTimeController\SettingsForm.cs(588,44): warning CS8622: 鈥渧oid SettingsForm.OnChangePasswordClick(object sender, EventArgs e)鈥濈殑鍙傛暟鈥渟ender鈥濈被鍨嬩腑寮曠敤绫诲瀷鐨勪负 Null 鎬т笌鐩爣濮旀墭鈥淓ventHandler鈥濅笉鍖归厤(鍙兘鏄敱浜庝负 Null 鎬х壒鎬?銆?[D:\workspace\ScreenTimeController\ScreenTimeController.csproj]
D:\workspace\ScreenTimeController\SettingsForm.cs(604,32): warning CS8622: 鈥渧oid SettingsForm.OnOKClick(object sender, EventArgs e)鈥濈殑鍙傛暟鈥渟ender鈥濈被鍨嬩腑寮曠敤绫诲瀷鐨勪负 Null 鎬т笌鐩爣濮旀墭鈥淓ventHandler鈥濅笉鍖归厤(鍙兘鏄敱浜庝负 Null 鎬х壒鎬?銆?[D:\workspace\ScreenTimeController\ScreenTimeController.csproj]
D:\workspace\ScreenTimeController\SettingsForm.cs(619,36): warning CS8622: 鈥渧oid SettingsForm.OnCancelClick(object sender, EventArgs e)鈥濈殑鍙傛暟鈥渟ender鈥濈被鍨嬩腑寮曠敤绫诲瀷鐨勪负 Null 鎬т笌鐩爣濮旀墭鈥淓ventHandler鈥濅笉鍖归厤(鍙兘鏄敱浜庝负 Null 鎬х壒鎬?銆?[D:\workspace\ScreenTimeController\ScreenTimeController.csproj]
D:\workspace\ScreenTimeController\PasswordForm.cs(29,13): warning CA1416: 鍙湪鎵€鏈夊钩鍙颁笂璁块棶姝よ皟鐢ㄧ珯鐐广€?Form.DialogResult" 浠呭湪 "windows" 6.1 鍙婃洿楂樼増鏈?涓婂彈鏀寔銆?(https://learn.microsoft.com/dotnet/fundamentals/code-analysis/quality-rules/ca1416) [D:\workspace\ScreenTimeController\ScreenTimeController.csproj]
D:\workspace\ScreenTimeController\PasswordForm.cs(23,13): warning CA1416: 鍙湪鎵€鏈夊钩鍙颁笂璁块棶姝よ皟鐢ㄧ珯鐐广€?Form.DialogResult" 浠呭湪 "windows" 6.1 鍙婃洿楂樼増鏈?涓婂彈鏀寔銆?(https://learn.microsoft.com/dotnet/fundamentals/code-analysis/quality-rules/ca1416) [D:\workspace\ScreenTimeController\ScreenTimeController.csproj]
D:\workspace\ScreenTimeController\PasswordForm.cs(23,28): warning CA1416: 鍙湪鎵€鏈夊钩鍙颁笂璁块棶姝よ皟鐢ㄧ珯鐐广€?DialogResult.OK" 浠呭湪 "windows" 6.1 鍙婃洿楂樼増鏈?涓婂彈鏀寔銆?(https://learn.microsoft.com/dotnet/fundamentals/code-analysis/quality-rules/ca1416) [D:\workspace\ScreenTimeController\ScreenTimeController.csproj]
D:\workspace\ScreenTimeController\PasswordForm.cs(29,28): warning CA1416: 鍙湪鎵€鏈夊钩鍙颁笂璁块棶姝よ皟鐢ㄧ珯鐐广€?DialogResult.Cancel" 浠呭湪 "windows" 6.1 鍙婃洿楂樼増鏈?涓婂彈鏀寔銆?(https://learn.microsoft.com/dotnet/fundamentals/code-analysis/quality-rules/ca1416) [D:\workspace\ScreenTimeController\ScreenTimeController.csproj]
D:\workspace\ScreenTimeController\PasswordForm.cs(24,13): warning CA1416: 鍙湪鎵€鏈夊钩鍙颁笂璁块棶姝よ皟鐢ㄧ珯鐐广€?Form.Close()" 浠呭湪 "windows" 6.1 鍙婃洿楂樼増鏈?涓婂彈鏀寔銆?(https://learn.microsoft.com/dotnet/fundamentals/code-analysis/quality-rules/ca1416) [D:\workspace\ScreenTimeController\ScreenTimeController.csproj]
D:\workspace\ScreenTimeController\PasswordForm.cs(30,13): warning CA1416: 鍙湪鎵€鏈夊钩鍙颁笂璁块棶姝よ皟鐢ㄧ珯鐐广€?Form.Close()" 浠呭湪 "windows" 6.1 鍙婃洿楂樼増鏈?涓婂彈鏀寔銆?(https://learn.microsoft.com/dotnet/fundamentals/code-analysis/quality-rules/ca1416) [D:\workspace\ScreenTimeController\ScreenTimeController.csproj]
D:\workspace\ScreenTimeController\PasswordForm.cs(22,24): warning CA1416: 鍙湪鎵€鏈夊钩鍙颁笂璁块棶姝よ皟鐢ㄧ珯鐐广€?TextBox.Text" 浠呭湪 "windows" 6.1 鍙婃洿楂樼増鏈?涓婂彈鏀寔銆?(https://learn.microsoft.com/dotnet/fundamentals/code-analysis/quality-rules/ca1416) [D:\workspace\ScreenTimeController\ScreenTimeController.csproj]
D:\workspace\ScreenTimeController\TestTrayApp.cs(37,13): warning CA1416: 鍙湪鎵€鏈夊钩鍙颁笂璁块棶姝よ皟鐢ㄧ珯鐐广€?Form.Activate()" 浠呭湪 "windows" 6.1 鍙婃洿楂樼増鏈?涓婂彈鏀寔銆?(https://learn.microsoft.com/dotnet/fundamentals/code-analysis/quality-rules/ca1416) [D:\workspace\ScreenTimeController\ScreenTimeController.csproj]
D:\workspace\ScreenTimeController\TestTrayApp.cs(35,27): warning CA1416: 鍙湪鎵€鏈夊钩鍙颁笂璁块棶姝よ皟鐢ㄧ珯鐐广€?FormWindowState.Normal" 浠呭湪 "windows" 6.1 鍙婃洿楂樼増鏈?涓婂彈鏀寔銆?(https://learn.microsoft.com/dotnet/fundamentals/code-analysis/quality-rules/ca1416) [D:\workspace\ScreenTimeController\ScreenTimeController.csproj]
D:\workspace\ScreenTimeController\TestTrayApp.cs(36,13): warning CA1416: 鍙湪鎵€鏈夊钩鍙颁笂璁块棶姝よ皟鐢ㄧ珯鐐广€?Form.ShowInTaskbar" 浠呭湪 "windows" 6.1 鍙婃洿楂樼増鏈?涓婂彈鏀寔銆?(https://learn.microsoft.com/dotnet/fundamentals/code-analysis/quality-rules/ca1416) [D:\workspace\ScreenTimeController\ScreenTimeController.csproj]
D:\workspace\ScreenTimeController\TestTrayApp.cs(35,13): warning CA1416: 鍙湪鎵€鏈夊钩鍙颁笂璁块棶姝よ皟鐢ㄧ珯鐐广€?Form.WindowState" 浠呭湪 "windows" 6.1 鍙婃洿楂樼増鏈?涓婂彈鏀寔銆?(https://learn.microsoft.com/dotnet/fundamentals/code-analysis/quality-rules/ca1416) [D:\workspace\ScreenTimeController\ScreenTimeController.csproj]
D:\workspace\ScreenTimeController\TestTrayApp.cs(42,13): warning CA1416: 鍙湪鎵€鏈夊钩鍙颁笂璁块棶姝よ皟鐢ㄧ珯鐐广€?NotifyIcon.Visible" 浠呭湪 "windows" 6.1 鍙婃洿楂樼増鏈?涓婂彈鏀寔銆?(https://learn.microsoft.com/dotnet/fundamentals/code-analysis/quality-rules/ca1416) [D:\workspace\ScreenTimeController\ScreenTimeController.csproj]
D:\workspace\ScreenTimeController\TestTrayApp.cs(43,13): warning CA1416: 鍙湪鎵€鏈夊钩鍙颁笂璁块棶姝よ皟鐢ㄧ珯鐐广€?Application.Exit()" 浠呭湪 "windows" 6.1 鍙婃洿楂樼増鏈?涓婂彈鏀寔銆?(https://learn.microsoft.com/dotnet/fundamentals/code-analysis/quality-rules/ca1416) [D:\workspace\ScreenTimeController\ScreenTimeController.csproj]
D:\workspace\ScreenTimeController\TestTrayApp.cs(51,17): warning CA1416: 鍙湪鎵€鏈夊钩鍙颁笂璁块棶姝よ皟鐢ㄧ珯鐐广€?Form.WindowState" 浠呭湪 "windows" 6.1 鍙婃洿楂樼増鏈?涓婂彈鏀寔銆?(https://learn.microsoft.com/dotnet/fundamentals/code-analysis/quality-rules/ca1416) [D:\workspace\ScreenTimeController\ScreenTimeController.csproj]
D:\workspace\ScreenTimeController\TestTrayApp.cs(48,17): warning CA1416: 鍙湪鎵€鏈夊钩鍙颁笂璁块棶姝よ皟鐢ㄧ珯鐐广€?FormClosingEventArgs.CloseReason" 浠呭湪 "windows" 6.1 鍙婃洿楂樼増鏈?涓婂彈鏀寔銆?(https://learn.microsoft.com/dotnet/fundamentals/code-analysis/quality-rules/ca1416) [D:\workspace\ScreenTimeController\ScreenTimeController.csproj]
D:\workspace\ScreenTimeController\TestTrayApp.cs(52,17): warning CA1416: 鍙湪鎵€鏈夊钩鍙颁笂璁块棶姝よ皟鐢ㄧ珯鐐广€?Form.ShowInTaskbar" 浠呭湪 "windows" 6.1 鍙婃洿楂樼増鏈?涓婂彈鏀寔銆?(https://learn.microsoft.com/dotnet/fundamentals/code-analysis/quality-rules/ca1416) [D:\workspace\ScreenTimeController\ScreenTimeController.csproj]
D:\workspace\ScreenTimeController\TestTrayApp.cs(51,31): warning CA1416: 鍙湪鎵€鏈夊钩鍙颁笂璁块棶姝よ皟鐢ㄧ珯鐐广€?FormWindowState.Minimized" 浠呭湪 "windows" 6.1 鍙婃洿楂樼増鏈?涓婂彈鏀寔銆?(https://learn.microsoft.com/dotnet/fundamentals/code-analysis/quality-rules/ca1416) [D:\workspace\ScreenTimeController\ScreenTimeController.csproj]
D:\workspace\ScreenTimeController\TestTrayApp.cs(54,13): warning CA1416: 鍙湪鎵€鏈夊钩鍙颁笂璁块棶姝よ皟鐢ㄧ珯鐐广€?Form.OnFormClosing(FormClosingEventArgs)" 浠呭湪 "windows" 6.1 鍙婃洿楂樼増鏈?涓婂彈鏀寔銆?(https://learn.microsoft.com/dotnet/fundamentals/code-analysis/quality-rules/ca1416) [D:\workspace\ScreenTimeController\ScreenTimeController.csproj]
D:\workspace\ScreenTimeController\SettingsForm.cs(89,13): warning CA1416: 鍙湪鎵€鏈夊钩鍙颁笂璁块棶姝よ皟鐢ㄧ珯鐐广€?NumericUpDown.Value" 浠呭湪 "windows" 6.1 鍙婃洿楂樼増鏈?涓婂彈鏀寔銆?(https://learn.microsoft.com/dotnet/fundamentals/code-analysis/quality-rules/ca1416) [D:\workspace\ScreenTimeController\ScreenTimeController.csproj]
D:\workspace\ScreenTimeController\SettingsForm.cs(85,13): warning CA1416: 鍙湪鎵€鏈夊钩鍙颁笂璁块棶姝よ皟鐢ㄧ珯鐐广€?NumericUpDown.Value" 浠呭湪 "windows" 6.1 鍙婃洿楂樼増鏈?涓婂彈鏀寔銆?(https://learn.microsoft.com/dotnet/fundamentals/code-analysis/quality-rules/ca1416) [D:\workspace\ScreenTimeController\ScreenTimeController.csproj]
D:\workspace\ScreenTimeController\SettingsForm.cs(97,13): warning CA1416: 鍙湪鎵€鏈夊钩鍙颁笂璁块棶姝よ皟鐢ㄧ珯鐐广€?NumericUpDown.Value" 浠呭湪 "windows" 6.1 鍙婃洿楂樼増鏈?涓婂彈鏀寔銆?(https://learn.microsoft.com/dotnet/fundamentals/code-analysis/quality-rules/ca1416) [D:\workspace\ScreenTimeController\ScreenTimeController.csproj]
D:\workspace\ScreenTimeController\SettingsForm.cs(84,13): warning CA1416: 鍙湪鎵€鏈夊钩鍙颁笂璁块棶姝よ皟鐢ㄧ珯鐐广€?NumericUpDown.Value" 浠呭湪 "windows" 6.1 鍙婃洿楂樼増鏈?涓婂彈鏀寔銆?(https://learn.microsoft.com/dotnet/fundamentals/code-analysis/quality-rules/ca1416) [D:\workspace\ScreenTimeController\ScreenTimeController.csproj]
D:\workspace\ScreenTimeController\SettingsForm.cs(73,13): warning CA1416: 鍙湪鎵€鏈夊钩鍙颁笂璁块棶姝よ皟鐢ㄧ珯鐐广€?NumericUpDown.Value" 浠呭湪 "windows" 6.1 鍙婃洿楂樼増鏈?涓婂彈鏀寔銆?(https://learn.microsoft.com/dotnet/fundamentals/code-analysis/quality-rules/ca1416) [D:\workspace\ScreenTimeController\ScreenTimeController.csproj]
D:\workspace\ScreenTimeController\SettingsForm.cs(80,13): warning CA1416: 鍙湪鎵€鏈夊钩鍙颁笂璁块棶姝よ皟鐢ㄧ珯鐐广€?NumericUpDown.Value" 浠呭湪 "windows" 6.1 鍙婃洿楂樼増鏈?涓婂彈鏀寔銆?(https://learn.microsoft.com/dotnet/fundamentals/code-analysis/quality-rules/ca1416) [D:\workspace\ScreenTimeController\ScreenTimeController.csproj]
D:\workspace\ScreenTimeController\SettingsForm.cs(93,13): warning CA1416: 鍙湪鎵€鏈夊钩鍙颁笂璁块棶姝よ皟鐢ㄧ珯鐐广€?NumericUpDown.Value" 浠呭湪 "windows" 6.1 鍙婃洿楂樼増鏈?涓婂彈鏀寔銆?(https://learn.microsoft.com/dotnet/fundamentals/code-analysis/quality-rules/ca1416) [D:\workspace\ScreenTimeController\ScreenTimeController.csproj]
D:\workspace\ScreenTimeController\SettingsForm.cs(88,13): warning CA1416: 鍙湪鎵€鏈夊钩鍙颁笂璁块棶姝よ皟鐢ㄧ珯鐐广€?NumericUpDown.Value" 浠呭湪 "windows" 6.1 鍙婃洿楂樼増鏈?涓婂彈鏀寔銆?(https://learn.microsoft.com/dotnet/fundamentals/code-analysis/quality-rules/ca1416) [D:\workspace\ScreenTimeController\ScreenTimeController.csproj]
D:\workspace\ScreenTimeController\SettingsForm.cs(72,13): warning CA1416: 鍙湪鎵€鏈夊钩鍙颁笂璁块棶姝よ皟鐢ㄧ珯鐐广€?NumericUpDown.Value" 浠呭湪 "windows" 6.1 鍙婃洿楂樼増鏈?涓婂彈鏀寔銆?(https://learn.microsoft.com/dotnet/fundamentals/code-analysis/quality-rules/ca1416) [D:\workspace\ScreenTimeController\ScreenTimeController.csproj]
D:\workspace\ScreenTimeController\SettingsForm.cs(76,13): warning CA1416: 鍙湪鎵€鏈夊钩鍙颁笂璁块棶姝よ皟鐢ㄧ珯鐐广€?NumericUpDown.Value" 浠呭湪 "windows" 6.1 鍙婃洿楂樼増鏈?涓婂彈鏀寔銆?(https://learn.microsoft.com/dotnet/fundamentals/code-analysis/quality-rules/ca1416) [D:\workspace\ScreenTimeController\ScreenTimeController.csproj]
D:\workspace\ScreenTimeController\SettingsForm.cs(92,13): warning CA1416: 鍙湪鎵€鏈夊钩鍙颁笂璁块棶姝よ皟鐢ㄧ珯鐐广€?NumericUpDown.Value" 浠呭湪 "windows" 6.1 鍙婃洿楂樼増鏈?涓婂彈鏀寔銆?(https://learn.microsoft.com/dotnet/fundamentals/code-analysis/quality-rules/ca1416) [D:\workspace\ScreenTimeController\ScreenTimeController.csproj]
D:\workspace\ScreenTimeController\SettingsForm.cs(81,13): warning CA1416: 鍙湪鎵€鏈夊钩鍙颁笂璁块棶姝よ皟鐢ㄧ珯鐐广€?NumericUpDown.Value" 浠呭湪 "windows" 6.1 鍙婃洿楂樼増鏈?涓婂彈鏀寔銆?(https://learn.microsoft.com/dotnet/fundamentals/code-analysis/quality-rules/ca1416) [D:\workspace\ScreenTimeController\ScreenTimeController.csproj]
D:\workspace\ScreenTimeController\SettingsForm.cs(77,13): warning CA1416: 鍙湪鎵€鏈夊钩鍙颁笂璁块棶姝よ皟鐢ㄧ珯鐐广€?NumericUpDown.Value" 浠呭湪 "windows" 6.1 鍙婃洿楂樼増鏈?涓婂彈鏀寔銆?(https://learn.microsoft.com/dotnet/fundamentals/code-analysis/quality-rules/ca1416) [D:\workspace\ScreenTimeController\ScreenTimeController.csproj]
D:\workspace\ScreenTimeController\SettingsForm.cs(96,13): warning CA1416: 鍙湪鎵€鏈夊钩鍙颁笂璁块棶姝よ皟鐢ㄧ珯鐐广€?NumericUpDown.Value" 浠呭湪 "windows" 6.1 鍙婃洿楂樼増鏈?涓婂彈鏀寔銆?(https://learn.microsoft.com/dotnet/fundamentals/code-analysis/quality-rules/ca1416) [D:\workspace\ScreenTimeController\ScreenTimeController.csproj]
D:\workspace\ScreenTimeController\ChangePasswordForm.cs(25,17): warning CA1416: 鍙湪鎵€鏈夊钩鍙颁笂璁块棶姝よ皟鐢ㄧ珯鐐广€?TextBox.Text" 浠呭湪 "windows" 6.1 鍙婃洿楂樼増鏈?涓婂彈鏀寔銆?(https://learn.microsoft.com/dotnet/fundamentals/code-analysis/quality-rules/ca1416) [D:\workspace\ScreenTimeController\ScreenTimeController.csproj]
D:\workspace\ScreenTimeController\ChangePasswordForm.cs(27,89): warning CA1416: 鍙湪鎵€鏈夊钩鍙颁笂璁块棶姝よ皟鐢ㄧ珯鐐广€?MessageBoxButtons.OK" 浠呭湪 "windows" 6.1 鍙婃洿楂樼増鏈?涓婂彈鏀寔銆?(https://learn.microsoft.com/dotnet/fundamentals/code-analysis/quality-rules/ca1416) [D:\workspace\ScreenTimeController\ScreenTimeController.csproj]
D:\workspace\ScreenTimeController\ChangePasswordForm.cs(31,42): warning CA1416: 鍙湪鎵€鏈夊钩鍙颁笂璁块棶姝よ皟鐢ㄧ珯鐐广€?TextBox.Text" 浠呭湪 "windows" 6.1 鍙婃洿楂樼増鏈?涓婂彈鏀寔銆?(https://learn.microsoft.com/dotnet/fundamentals/code-analysis/quality-rules/ca1416) [D:\workspace\ScreenTimeController\ScreenTimeController.csproj]
D:\workspace\ScreenTimeController\ChangePasswordForm.cs(27,17): warning CA1416: 鍙湪鎵€鏈夊钩鍙颁笂璁块棶姝よ皟鐢ㄧ珯鐐广€?MessageBox.Show(string?, string?, MessageBoxButtons, MessageBoxIcon)" 浠呭湪 "windows" 6.1 鍙婃洿楂樼増鏈?涓婂彈鏀寔銆?(https://learn.microsoft.com/dotnet/fundamentals/code-analysis/quality-rules/ca1416) [D:\workspace\ScreenTimeController\ScreenTimeController.csproj]
D:\workspace\ScreenTimeController\ChangePasswordForm.cs(33,74): warning CA1416: 鍙湪鎵€鏈夊钩鍙颁笂璁块棶姝よ皟鐢ㄧ珯鐐广€?MessageBoxButtons.OK" 浠呭湪 "windows" 6.1 鍙婃洿楂樼増鏈?涓婂彈鏀寔銆?(https://learn.microsoft.com/dotnet/fundamentals/code-analysis/quality-rules/ca1416) [D:\workspace\ScreenTimeController\ScreenTimeController.csproj]
D:\workspace\ScreenTimeController\ChangePasswordForm.cs(35,13): warning CA1416: 鍙湪鎵€鏈夊钩鍙颁笂璁块棶姝よ皟鐢ㄧ珯鐐广€?Form.Close()" 浠呭湪 "windows" 6.1 鍙婃洿楂樼増鏈?涓婂彈鏀寔銆?(https://learn.microsoft.com/dotnet/fundamentals/code-analysis/quality-rules/ca1416) [D:\workspace\ScreenTimeController\ScreenTimeController.csproj]
D:\workspace\ScreenTimeController\ChangePasswordForm.cs(34,28): warning CA1416: 鍙湪鎵€鏈夊钩鍙颁笂璁块棶姝よ皟鐢ㄧ珯鐐广€?DialogResult.OK" 浠呭湪 "windows" 6.1 鍙婃洿楂樼増鏈?涓婂彈鏀寔銆?(https://learn.microsoft.com/dotnet/fundamentals/code-analysis/quality-rules/ca1416) [D:\workspace\ScreenTimeController\ScreenTimeController.csproj]
D:\workspace\ScreenTimeController\ChangePasswordForm.cs(27,111): warning CA1416: 鍙湪鎵€鏈夊钩鍙颁笂璁块棶姝よ皟鐢ㄧ珯鐐广€?MessageBoxIcon.Error" 浠呭湪 "windows" 6.1 鍙婃洿楂樼増鏈?涓婂彈鏀寔銆?(https://learn.microsoft.com/dotnet/fundamentals/code-analysis/quality-rules/ca1416) [D:\workspace\ScreenTimeController\ScreenTimeController.csproj]
D:\workspace\ScreenTimeController\ChangePasswordForm.cs(33,13): warning CA1416: 鍙湪鎵€鏈夊钩鍙颁笂璁块棶姝よ皟鐢ㄧ珯鐐广€?MessageBox.Show(string?, string?, MessageBoxButtons, MessageBoxIcon)" 浠呭湪 "windows" 6.1 鍙婃洿楂樼増鏈?涓婂彈鏀寔銆?(https://learn.microsoft.com/dotnet/fundamentals/code-analysis/quality-rules/ca1416) [D:\workspace\ScreenTimeController\ScreenTimeController.csproj]
D:\workspace\ScreenTimeController\ChangePasswordForm.cs(25,45): warning CA1416: 鍙湪鎵€鏈夊钩鍙颁笂璁块棶姝よ皟鐢ㄧ珯鐐广€?TextBox.Text" 浠呭湪 "windows" 6.1 鍙婃洿楂樼増鏈?涓婂彈鏀寔銆?(https://learn.microsoft.com/dotnet/fundamentals/code-analysis/quality-rules/ca1416) [D:\workspace\ScreenTimeController\ScreenTimeController.csproj]
D:\workspace\ScreenTimeController\ChangePasswordForm.cs(33,96): warning CA1416: 鍙湪鎵€鏈夊钩鍙颁笂璁块棶姝よ皟鐢ㄧ珯鐐广€?MessageBoxIcon.Information" 浠呭湪 "windows" 6.1 鍙婃洿楂樼増鏈?涓婂彈鏀寔銆?(https://learn.microsoft.com/dotnet/fundamentals/code-analysis/quality-rules/ca1416) [D:\workspace\ScreenTimeController\ScreenTimeController.csproj]
D:\workspace\ScreenTimeController\ChangePasswordForm.cs(34,13): warning CA1416: 鍙湪鎵€鏈夊钩鍙颁笂璁块棶姝よ皟鐢ㄧ珯鐐广€?Form.DialogResult" 浠呭湪 "windows" 6.1 鍙婃洿楂樼増鏈?涓婂彈鏀寔銆?(https://learn.microsoft.com/dotnet/fundamentals/code-analysis/quality-rules/ca1416) [D:\workspace\ScreenTimeController\ScreenTimeController.csproj]
D:\workspace\ScreenTimeController\ChangePasswordForm.cs(40,28): warning CA1416: 鍙湪鎵€鏈夊钩鍙颁笂璁块棶姝よ皟鐢ㄧ珯鐐广€?DialogResult.Cancel" 浠呭湪 "windows" 6.1 鍙婃洿楂樼増鏈?涓婂彈鏀寔銆?(https://learn.microsoft.com/dotnet/fundamentals/code-analysis/quality-rules/ca1416) [D:\workspace\ScreenTimeController\ScreenTimeController.csproj]
D:\workspace\ScreenTimeController\ChangePasswordForm.cs(41,13): warning CA1416: 鍙湪鎵€鏈夊钩鍙颁笂璁块棶姝よ皟鐢ㄧ珯鐐广€?Form.Close()" 浠呭湪 "windows" 6.1 鍙婃洿楂樼増鏈?涓婂彈鏀寔銆?(https://learn.microsoft.com/dotnet/fundamentals/code-analysis/quality-rules/ca1416) [D:\workspace\ScreenTimeController\ScreenTimeController.csproj]
D:\workspace\ScreenTimeController\ChangePasswordForm.cs(40,13): warning CA1416: 鍙湪鎵€鏈夊钩鍙颁笂璁块棶姝よ皟鐢ㄧ珯鐐广€?Form.DialogResult" 浠呭湪 "windows" 6.1 鍙婃洿楂樼増鏈?涓婂彈鏀寔銆?(https://learn.microsoft.com/dotnet/fundamentals/code-analysis/quality-rules/ca1416) [D:\workspace\ScreenTimeController\ScreenTimeController.csproj]
D:\workspace\ScreenTimeController\SimpleTrayApp.cs(30,115): warning CA1416: 鍙湪鎵€鏈夊钩鍙颁笂璁块棶姝よ皟鐢ㄧ珯鐐广€?ToolTipIcon.Info" 浠呭湪 "windows" 6.1 鍙婃洿楂樼増鏈?涓婂彈鏀寔銆?(https://learn.microsoft.com/dotnet/fundamentals/code-analysis/quality-rules/ca1416) [D:\workspace\ScreenTimeController\ScreenTimeController.csproj]
D:\workspace\ScreenTimeController\SimpleTrayApp.cs(27,13): warning CA1416: 鍙湪鎵€鏈夊钩鍙颁笂璁块棶姝よ皟鐢ㄧ珯鐐广€?NotifyIcon.ContextMenuStrip" 浠呭湪 "windows" 6.1 鍙婃洿楂樼増鏈?涓婂彈鏀寔銆?(https://learn.microsoft.com/dotnet/fundamentals/code-analysis/quality-rules/ca1416) [D:\workspace\ScreenTimeController\ScreenTimeController.csproj]
D:\workspace\ScreenTimeController\TestTrayApp.cs(26,114): warning CA1416: 鍙湪鎵€鏈夊钩鍙颁笂璁块棶姝よ皟鐢ㄧ珯鐐广€?ToolTipIcon.Info" 浠呭湪 "windows" 6.1 鍙婃洿楂樼増鏈?涓婂彈鏀寔銆?(https://learn.microsoft.com/dotnet/fundamentals/code-analysis/quality-rules/ca1416) [D:\workspace\ScreenTimeController\ScreenTimeController.csproj]
D:\workspace\ScreenTimeController\SimpleTrayApp.cs(33,13): warning CA1416: 鍙湪鎵€鏈夊钩鍙颁笂璁块棶姝よ皟鐢ㄧ珯鐐广€?Application.Run()" 浠呭湪 "windows" 6.1 鍙婃洿楂樼増鏈?涓婂彈鏀寔銆?(https://learn.microsoft.com/dotnet/fundamentals/code-analysis/quality-rules/ca1416) [D:\workspace\ScreenTimeController\ScreenTimeController.csproj]
D:\workspace\ScreenTimeController\TestTrayApp.cs(59,13): warning CA1416: 鍙湪鎵€鏈夊钩鍙颁笂璁块棶姝よ皟鐢ㄧ珯鐐广€?Application.EnableVisualStyles()" 浠呭湪 "windows" 6.1 鍙婃洿楂樼増鏈?涓婂彈鏀寔銆?(https://learn.microsoft.com/dotnet/fundamentals/code-analysis/quality-rules/ca1416) [D:\workspace\ScreenTimeController\ScreenTimeController.csproj]
D:\workspace\ScreenTimeController\TestTrayApp.cs(60,13): warning CA1416: 鍙湪鎵€鏈夊钩鍙颁笂璁块棶姝よ皟鐢ㄧ珯鐐广€?Application.SetCompatibleTextRenderingDefault(bool)" 浠呭湪 "windows" 6.1 鍙婃洿楂樼増鏈?涓婂彈鏀寔銆?(https://learn.microsoft.com/dotnet/fundamentals/code-analysis/quality-rules/ca1416) [D:\workspace\ScreenTimeController\ScreenTimeController.csproj]
D:\workspace\ScreenTimeController\TestTrayApp.cs(61,13): warning CA1416: 鍙湪鎵€鏈夊钩鍙颁笂璁块棶姝よ皟鐢ㄧ珯鐐广€?Application.Run(Form)" 浠呭湪 "windows" 6.1 鍙婃洿楂樼増鏈?涓婂彈鏀寔銆?(https://learn.microsoft.com/dotnet/fundamentals/code-analysis/quality-rules/ca1416) [D:\workspace\ScreenTimeController\ScreenTimeController.csproj]
D:\workspace\ScreenTimeController\TestTrayApp.cs(20,31): warning CA1416: 鍙湪鎵€鏈夊钩鍙颁笂璁块棶姝よ皟鐢ㄧ珯鐐广€?ContextMenuStrip" 浠呭湪 "windows" 6.1 鍙婃洿楂樼増鏈?涓婂彈鏀寔銆?(https://learn.microsoft.com/dotnet/fundamentals/code-analysis/quality-rules/ca1416) [D:\workspace\ScreenTimeController\ScreenTimeController.csproj]
D:\workspace\ScreenTimeController\TestTrayApp.cs(30,13): warning CA1416: 鍙湪鎵€鏈夊钩鍙颁笂璁块棶姝よ皟鐢ㄧ珯鐐广€?Form.ShowInTaskbar" 浠呭湪 "windows" 6.1 鍙婃洿楂樼増鏈?涓婂彈鏀寔銆?(https://learn.microsoft.com/dotnet/fundamentals/code-analysis/quality-rules/ca1416) [D:\workspace\ScreenTimeController\ScreenTimeController.csproj]
D:\workspace\ScreenTimeController\TestTrayApp.cs(15,17): warning CA1416: 鍙湪鎵€鏈夊钩鍙颁笂璁块棶姝よ皟鐢ㄧ珯鐐广€?NotifyIcon.Text" 浠呭湪 "windows" 6.1 鍙婃洿楂樼増鏈?涓婂彈鏀寔銆?(https://learn.microsoft.com/dotnet/fundamentals/code-analysis/quality-rules/ca1416) [D:\workspace\ScreenTimeController\ScreenTimeController.csproj]
D:\workspace\ScreenTimeController\TestTrayApp.cs(29,13): warning CA1416: 鍙湪鎵€鏈夊钩鍙颁笂璁块棶姝よ皟鐢ㄧ珯鐐广€?Form.WindowState" 浠呭湪 "windows" 6.1 鍙婃洿楂樼増鏈?涓婂彈鏀寔銆?(https://learn.microsoft.com/dotnet/fundamentals/code-analysis/quality-rules/ca1416) [D:\workspace\ScreenTimeController\ScreenTimeController.csproj]
D:\workspace\ScreenTimeController\TestTrayApp.cs(21,13): warning CA1416: 鍙湪鎵€鏈夊钩鍙颁笂璁块棶姝よ皟鐢ㄧ珯鐐广€?ToolStripItemCollection.Add(string?, Image?, EventHandler?)" 浠呭湪 "windows" 6.1 鍙婃洿楂樼増鏈?涓婂彈鏀寔銆?(https://learn.microsoft.com/dotnet/fundamentals/code-analysis/quality-rules/ca1416) [D:\workspace\ScreenTimeController\ScreenTimeController.csproj]
D:\workspace\ScreenTimeController\TestTrayApp.cs(22,13): warning CA1416: 鍙湪鎵€鏈夊钩鍙颁笂璁块棶姝よ皟鐢ㄧ珯鐐广€?ToolStrip.Items" 浠呭湪 "windows" 6.1 鍙婃洿楂樼増鏈?涓婂彈鏀寔銆?(https://learn.microsoft.com/dotnet/fundamentals/code-analysis/quality-rules/ca1416) [D:\workspace\ScreenTimeController\ScreenTimeController.csproj]
D:\workspace\ScreenTimeController\TestTrayApp.cs(23,13): warning CA1416: 鍙湪鎵€鏈夊钩鍙颁笂璁块棶姝よ皟鐢ㄧ珯鐐广€?NotifyIcon.ContextMenuStrip" 浠呭湪 "windows" 6.1 鍙婃洿楂樼増鏈?涓婂彈鏀寔銆?(https://learn.microsoft.com/dotnet/fundamentals/code-analysis/quality-rules/ca1416) [D:\workspace\ScreenTimeController\ScreenTimeController.csproj]
D:\workspace\ScreenTimeController\TestTrayApp.cs(26,13): warning CA1416: 鍙湪鎵€鏈夊钩鍙颁笂璁块棶姝よ皟鐢ㄧ珯鐐广€?NotifyIcon.ShowBalloonTip(int, string, string, ToolTipIcon)" 浠呭湪 "windows" 6.1 鍙婃洿楂樼増鏈?涓婂彈鏀寔銆?(https://learn.microsoft.com/dotnet/fundamentals/code-analysis/quality-rules/ca1416) [D:\workspace\ScreenTimeController\ScreenTimeController.csproj]
D:\workspace\ScreenTimeController\TestTrayApp.cs(13,27): warning CA1416: 鍙湪鎵€鏈夊钩鍙颁笂璁块棶姝よ皟鐢ㄧ珯鐐广€?NotifyIcon" 浠呭湪 "windows" 6.1 鍙婃洿楂樼増鏈?涓婂彈鏀寔銆?(https://learn.microsoft.com/dotnet/fundamentals/code-analysis/quality-rules/ca1416) [D:\workspace\ScreenTimeController\ScreenTimeController.csproj]
D:\workspace\ScreenTimeController\TestTrayApp.cs(21,13): warning CA1416: 鍙湪鎵€鏈夊钩鍙颁笂璁块棶姝よ皟鐢ㄧ珯鐐广€?ToolStrip.Items" 浠呭湪 "windows" 6.1 鍙婃洿楂樼増鏈?涓婂彈鏀寔銆?(https://learn.microsoft.com/dotnet/fundamentals/code-analysis/quality-rules/ca1416) [D:\workspace\ScreenTimeController\ScreenTimeController.csproj]
D:\workspace\ScreenTimeController\TestTrayApp.cs(29,27): warning CA1416: 鍙湪鎵€鏈夊钩鍙颁笂璁块棶姝よ皟鐢ㄧ珯鐐广€?FormWindowState.Minimized" 浠呭湪 "windows" 6.1 鍙婃洿楂樼増鏈?涓婂彈鏀寔銆?(https://learn.microsoft.com/dotnet/fundamentals/code-analysis/quality-rules/ca1416) [D:\workspace\ScreenTimeController\ScreenTimeController.csproj]
D:\workspace\ScreenTimeController\TestTrayApp.cs(16,17): warning CA1416: 鍙湪鎵€鏈夊钩鍙颁笂璁块棶姝よ皟鐢ㄧ珯鐐广€?NotifyIcon.Visible" 浠呭湪 "windows" 6.1 鍙婃洿楂樼増鏈?涓婂彈鏀寔銆?(https://learn.microsoft.com/dotnet/fundamentals/code-analysis/quality-rules/ca1416) [D:\workspace\ScreenTimeController\ScreenTimeController.csproj]
D:\workspace\ScreenTimeController\TestTrayApp.cs(22,13): warning CA1416: 鍙湪鎵€鏈夊钩鍙颁笂璁块棶姝よ皟鐢ㄧ珯鐐广€?ToolStripItemCollection.Add(string?, Image?, EventHandler?)" 浠呭湪 "windows" 6.1 鍙婃洿楂樼増鏈?涓婂彈鏀寔銆?(https://learn.microsoft.com/dotnet/fundamentals/code-analysis/quality-rules/ca1416) [D:\workspace\ScreenTimeController\ScreenTimeController.csproj]
D:\workspace\ScreenTimeController\SimpleTrayApp.cs(24,17): warning CA1416: 鍙湪鎵€鏈夊钩鍙颁笂璁块棶姝よ皟鐢ㄧ珯鐐广€?NotifyIcon.Visible" 浠呭湪 "windows" 6.1 鍙婃洿楂樼増鏈?涓婂彈鏀寔銆?(https://learn.microsoft.com/dotnet/fundamentals/code-analysis/quality-rules/ca1416) [D:\workspace\ScreenTimeController\ScreenTimeController.csproj]
D:\workspace\ScreenTimeController\SimpleTrayApp.cs(12,13): warning CA1416: 鍙湪鎵€鏈夊钩鍙颁笂璁块棶姝よ皟鐢ㄧ珯鐐广€?Application.SetCompatibleTextRenderingDefault(bool)" 浠呭湪 "windows" 6.1 鍙婃洿楂樼増鏈?涓婂彈鏀寔銆?(https://learn.microsoft.com/dotnet/fundamentals/code-analysis/quality-rules/ca1416) [D:\workspace\ScreenTimeController\ScreenTimeController.csproj]
D:\workspace\ScreenTimeController\SimpleTrayApp.cs(23,13): warning CA1416: 鍙湪鎵€鏈夊钩鍙颁笂璁块棶姝よ皟鐢ㄧ珯鐐广€?ToolStrip.Items" 浠呭湪 "windows" 6.1 鍙婃洿楂樼増鏈?涓婂彈鏀寔銆?(https://learn.microsoft.com/dotnet/fundamentals/code-analysis/quality-rules/ca1416) [D:\workspace\ScreenTimeController\ScreenTimeController.csproj]
D:\workspace\ScreenTimeController\SimpleTrayApp.cs(17,17): warning CA1416: 鍙湪鎵€鏈夊钩鍙颁笂璁块棶姝よ皟鐢ㄧ珯鐐广€?NotifyIcon.Text" 浠呭湪 "windows" 6.1 鍙婃洿楂樼増鏈?涓婂彈鏀寔銆?(https://learn.microsoft.com/dotnet/fundamentals/code-analysis/quality-rules/ca1416) [D:\workspace\ScreenTimeController\ScreenTimeController.csproj]
D:\workspace\ScreenTimeController\SimpleTrayApp.cs(22,44): warning CA1416: 鍙湪鎵€鏈夊钩鍙颁笂璁块棶姝よ皟鐢ㄧ珯鐐广€?ContextMenuStrip" 浠呭湪 "windows" 6.1 鍙婃洿楂樼増鏈?涓婂彈鏀寔銆?(https://learn.microsoft.com/dotnet/fundamentals/code-analysis/quality-rules/ca1416) [D:\workspace\ScreenTimeController\ScreenTimeController.csproj]
D:\workspace\ScreenTimeController\SimpleTrayApp.cs(18,17): warning CA1416: 鍙湪鎵€鏈夊钩鍙颁笂璁块棶姝よ皟鐢ㄧ珯鐐广€?NotifyIcon.Visible" 浠呭湪 "windows" 6.1 鍙婃洿楂樼増鏈?涓婂彈鏀寔銆?(https://learn.microsoft.com/dotnet/fundamentals/code-analysis/quality-rules/ca1416) [D:\workspace\ScreenTimeController\ScreenTimeController.csproj]
D:\workspace\ScreenTimeController\SimpleTrayApp.cs(15,37): warning CA1416: 鍙湪鎵€鏈夊钩鍙颁笂璁块棶姝よ皟鐢ㄧ珯鐐广€?NotifyIcon" 浠呭湪 "windows" 6.1 鍙婃洿楂樼増鏈?涓婂彈鏀寔銆?(https://learn.microsoft.com/dotnet/fundamentals/code-analysis/quality-rules/ca1416) [D:\workspace\ScreenTimeController\ScreenTimeController.csproj]
D:\workspace\ScreenTimeController\SimpleTrayApp.cs(11,13): warning CA1416: 鍙湪鎵€鏈夊钩鍙颁笂璁块棶姝よ皟鐢ㄧ珯鐐广€?Application.EnableVisualStyles()" 浠呭湪 "windows" 6.1 鍙婃洿楂樼増鏈?涓婂彈鏀寔銆?(https://learn.microsoft.com/dotnet/fundamentals/code-analysis/quality-rules/ca1416) [D:\workspace\ScreenTimeController\ScreenTimeController.csproj]
D:\workspace\ScreenTimeController\SimpleTrayApp.cs(25,17): warning CA1416: 鍙湪鎵€鏈夊钩鍙颁笂璁块棶姝よ皟鐢ㄧ珯鐐广€?Application.Exit()" 浠呭湪 "windows" 6.1 鍙婃洿楂樼増鏈?涓婂彈鏀寔銆?(https://learn.microsoft.com/dotnet/fundamentals/code-analysis/quality-rules/ca1416) [D:\workspace\ScreenTimeController\ScreenTimeController.csproj]
D:\workspace\ScreenTimeController\SimpleTrayApp.cs(23,13): warning CA1416: 鍙湪鎵€鏈夊钩鍙颁笂璁块棶姝よ皟鐢ㄧ珯鐐广€?ToolStripItemCollection.Add(string?, Image?, EventHandler?)" 浠呭湪 "windows" 6.1 鍙婃洿楂樼増鏈?涓婂彈鏀寔銆?(https://learn.microsoft.com/dotnet/fundamentals/code-analysis/quality-rules/ca1416) [D:\workspace\ScreenTimeController\ScreenTimeController.csproj]
D:\workspace\ScreenTimeController\SimpleTrayApp.cs(30,13): warning CA1416: 鍙湪鎵€鏈夊钩鍙颁笂璁块棶姝よ皟鐢ㄧ珯鐐广€?NotifyIcon.ShowBalloonTip(int, string, string, ToolTipIcon)" 浠呭湪 "windows" 6.1 鍙婃洿楂樼増鏈?涓婂彈鏀寔銆?(https://learn.microsoft.com/dotnet/fundamentals/code-analysis/quality-rules/ca1416) [D:\workspace\ScreenTimeController\ScreenTimeController.csproj]
D:\workspace\ScreenTimeController\Program.cs(22,17): warning CA1416: 鍙湪鎵€鏈夊钩鍙颁笂璁块棶姝よ皟鐢ㄧ珯鐐广€?Application.Run(Form)" 浠呭湪 "windows" 6.1 鍙婃洿楂樼増鏈?涓婂彈鏀寔銆?(https://learn.microsoft.com/dotnet/fundamentals/code-analysis/quality-rules/ca1416) [D:\workspace\ScreenTimeController\ScreenTimeController.csproj]
D:\workspace\ScreenTimeController\Program.cs(16,17): warning CA1416: 鍙湪鎵€鏈夊钩鍙颁笂璁块棶姝よ皟鐢ㄧ珯鐐广€?Application.SetCompatibleTextRenderingDefault(bool)" 浠呭湪 "windows" 6.1 鍙婃洿楂樼増鏈?涓婂彈鏀寔銆?(https://learn.microsoft.com/dotnet/fundamentals/code-analysis/quality-rules/ca1416) [D:\workspace\ScreenTimeController\ScreenTimeController.csproj]
D:\workspace\ScreenTimeController\Program.cs(15,17): warning CA1416: 鍙湪鎵€鏈夊钩鍙颁笂璁块棶姝よ皟鐢ㄧ珯鐐广€?Application.EnableVisualStyles()" 浠呭湪 "windows" 6.1 鍙婃洿楂樼増鏈?涓婂彈鏀寔銆?(https://learn.microsoft.com/dotnet/fundamentals/code-analysis/quality-rules/ca1416) [D:\workspace\ScreenTimeController\ScreenTimeController.csproj]
D:\workspace\ScreenTimeController\SettingsForm.cs(119,32): warning CA1416: 鍙湪鎵€鏈夊钩鍙颁笂璁块棶姝よ皟鐢ㄧ珯鐐广€?DialogResult.Cancel" 浠呭湪 "windows" 6.1 鍙婃洿楂樼増鏈?涓婂彈鏀寔銆?(https://learn.microsoft.com/dotnet/fundamentals/code-analysis/quality-rules/ca1416) [D:\workspace\ScreenTimeController\ScreenTimeController.csproj]
D:\workspace\ScreenTimeController\SettingsForm.cs(103,17): warning CA1416: 鍙湪鎵€鏈夊钩鍙颁笂璁块棶姝よ皟鐢ㄧ珯鐐广€?Form.ShowDialog()" 浠呭湪 "windows" 6.1 鍙婃洿楂樼増鏈?涓婂彈鏀寔銆?(https://learn.microsoft.com/dotnet/fundamentals/code-analysis/quality-rules/ca1416) [D:\workspace\ScreenTimeController\ScreenTimeController.csproj]
D:\workspace\ScreenTimeController\SettingsForm.cs(113,21): warning CA1416: 鍙湪鎵€鏈夊钩鍙颁笂璁块棶姝よ皟鐢ㄧ珯鐐广€?Form.DialogResult" 浠呭湪 "windows" 6.1 鍙婃洿楂樼増鏈?涓婂彈鏀寔銆?(https://learn.microsoft.com/dotnet/fundamentals/code-analysis/quality-rules/ca1416) [D:\workspace\ScreenTimeController\ScreenTimeController.csproj]
D:\workspace\ScreenTimeController\SettingsForm.cs(114,21): warning CA1416: 鍙湪鎵€鏈夊钩鍙颁笂璁块棶姝よ皟鐢ㄧ珯鐐广€?Form.Close()" 浠呭湪 "windows" 6.1 鍙婃洿楂樼増鏈?涓婂彈鏀寔銆?(https://learn.microsoft.com/dotnet/fundamentals/code-analysis/quality-rules/ca1416) [D:\workspace\ScreenTimeController\ScreenTimeController.csproj]
D:\workspace\ScreenTimeController\SettingsForm.cs(120,17): warning CA1416: 鍙湪鎵€鏈夊钩鍙颁笂璁块棶姝よ皟鐢ㄧ珯鐐广€?Form.Close()" 浠呭湪 "windows" 6.1 鍙婃洿楂樼増鏈?涓婂彈鏀寔銆?(https://learn.microsoft.com/dotnet/fundamentals/code-analysis/quality-rules/ca1416) [D:\workspace\ScreenTimeController\ScreenTimeController.csproj]
D:\workspace\ScreenTimeController\SettingsForm.cs(112,97): warning CA1416: 鍙湪鎵€鏈夊钩鍙颁笂璁块棶姝よ皟鐢ㄧ珯鐐广€?MessageBoxButtons.OK" 浠呭湪 "windows" 6.1 鍙婃洿楂樼増鏈?涓婂彈鏀寔銆?(https://learn.microsoft.com/dotnet/fundamentals/code-analysis/quality-rules/ca1416) [D:\workspace\ScreenTimeController\ScreenTimeController.csproj]
D:\workspace\ScreenTimeController\SettingsForm.cs(112,21): warning CA1416: 鍙湪鎵€鏈夊钩鍙颁笂璁块棶姝よ皟鐢ㄧ珯鐐广€?MessageBox.Show(string?, string?, MessageBoxButtons, MessageBoxIcon)" 浠呭湪 "windows" 6.1 鍙婃洿楂樼増鏈?涓婂彈鏀寔銆?(https://learn.microsoft.com/dotnet/fundamentals/code-analysis/quality-rules/ca1416) [D:\workspace\ScreenTimeController\ScreenTimeController.csproj]
D:\workspace\ScreenTimeController\SettingsForm.cs(112,119): warning CA1416: 鍙湪鎵€鏈夊钩鍙颁笂璁块棶姝よ皟鐢ㄧ珯鐐广€?MessageBoxIcon.Error" 浠呭湪 "windows" 6.1 鍙婃洿楂樼増鏈?涓婂彈鏀寔銆?(https://learn.microsoft.com/dotnet/fundamentals/code-analysis/quality-rules/ca1416) [D:\workspace\ScreenTimeController\ScreenTimeController.csproj]
D:\workspace\ScreenTimeController\SettingsForm.cs(119,17): warning CA1416: 鍙湪鎵€鏈夊钩鍙颁笂璁块棶姝よ皟鐢ㄧ珯鐐广€?Form.DialogResult" 浠呭湪 "windows" 6.1 鍙婃洿楂樼増鏈?涓婂彈鏀寔銆?(https://learn.microsoft.com/dotnet/fundamentals/code-analysis/quality-rules/ca1416) [D:\workspace\ScreenTimeController\ScreenTimeController.csproj]
D:\workspace\ScreenTimeController\SettingsForm.cs(113,36): warning CA1416: 鍙湪鎵€鏈夊钩鍙颁笂璁块棶姝よ皟鐢ㄧ珯鐐广€?DialogResult.Cancel" 浠呭湪 "windows" 6.1 鍙婃洿楂樼増鏈?涓婂彈鏀寔銆?(https://learn.microsoft.com/dotnet/fundamentals/code-analysis/quality-rules/ca1416) [D:\workspace\ScreenTimeController\ScreenTimeController.csproj]
D:\workspace\ScreenTimeController\SettingsForm.cs(156,13): warning CA1416: 鍙湪鎵€鏈夊钩鍙颁笂璁块棶姝よ皟鐢ㄧ珯鐐广€?Control.Enabled" 浠呭湪 "windows" 6.1 鍙婃洿楂樼増鏈?涓婂彈鏀寔銆?(https://learn.microsoft.com/dotnet/fundamentals/code-analysis/quality-rules/ca1416) [D:\workspace\ScreenTimeController\ScreenTimeController.csproj]
D:\workspace\ScreenTimeController\SettingsForm.cs(151,13): warning CA1416: 鍙湪鎵€鏈夊钩鍙颁笂璁块棶姝よ皟鐢ㄧ珯鐐广€?Control.Enabled" 浠呭湪 "windows" 6.1 鍙婃洿楂樼増鏈?涓婂彈鏀寔銆?(https://learn.microsoft.com/dotnet/fundamentals/code-analysis/quality-rules/ca1416) [D:\workspace\ScreenTimeController\ScreenTimeController.csproj]
D:\workspace\ScreenTimeController\PasswordForm.cs(51,17): warning CA1416: 鍙湪鎵€鏈夊钩鍙颁笂璁块棶姝よ皟鐢ㄧ珯鐐广€?Label.AutoSize" 浠呭湪 "windows" 6.1 鍙婃洿楂樼増鏈?涓婂彈鏀寔銆?(https://learn.microsoft.com/dotnet/fundamentals/code-analysis/quality-rules/ca1416) [D:\workspace\ScreenTimeController\ScreenTimeController.csproj]
D:\workspace\ScreenTimeController\SettingsForm.cs(136,13): warning CA1416: 鍙湪鎵€鏈夊钩鍙颁笂璁块棶姝よ皟鐢ㄧ珯鐐广€?Control.Enabled" 浠呭湪 "windows" 6.1 鍙婃洿楂樼増鏈?涓婂彈鏀寔銆?(https://learn.microsoft.com/dotnet/fundamentals/code-analysis/quality-rules/ca1416) [D:\workspace\ScreenTimeController\ScreenTimeController.csproj]
D:\workspace\ScreenTimeController\PasswordForm.cs(83,17): warning CA1416: 鍙湪鎵€鏈夊钩鍙颁笂璁块棶姝よ皟鐢ㄧ珯鐐广€?Control.Size" 浠呭湪 "windows" 6.1 鍙婃洿楂樼増鏈?涓婂彈鏀寔銆?(https://learn.microsoft.com/dotnet/fundamentals/code-analysis/quality-rules/ca1416) [D:\workspace\ScreenTimeController\ScreenTimeController.csproj]
D:\workspace\ScreenTimeController\SettingsForm.cs(147,13): warning CA1416: 鍙湪鎵€鏈夊钩鍙颁笂璁块棶姝よ皟鐢ㄧ珯鐐广€?Control.Enabled" 浠呭湪 "windows" 6.1 鍙婃洿楂樼増鏈?涓婂彈鏀寔銆?(https://learn.microsoft.com/dotnet/fundamentals/code-analysis/quality-rules/ca1416) [D:\workspace\ScreenTimeController\ScreenTimeController.csproj]
D:\workspace\ScreenTimeController\SettingsForm.cs(127,13): warning CA1416: 鍙湪鎵€鏈夊钩鍙颁笂璁块棶姝よ皟鐢ㄧ珯鐐广€?Control.Enabled" 浠呭湪 "windows" 6.1 鍙婃洿楂樼増鏈?涓婂彈鏀寔銆?(https://learn.microsoft.com/dotnet/fundamentals/code-analysis/quality-rules/ca1416) [D:\workspace\ScreenTimeController\ScreenTimeController.csproj]
D:\workspace\ScreenTimeController\PasswordForm.cs(38,13): warning CA1416: 鍙湪鎵€鏈夊钩鍙颁笂璁块棶姝よ皟鐢ㄧ珯鐐广€?Form.Text" 浠呭湪 "windows" 6.1 鍙婃洿楂樼増鏈?涓婂彈鏀寔銆?(https://learn.microsoft.com/dotnet/fundamentals/code-analysis/quality-rules/ca1416) [D:\workspace\ScreenTimeController\ScreenTimeController.csproj]
D:\workspace\ScreenTimeController\SettingsForm.cs(144,13): warning CA1416: 鍙湪鎵€鏈夊钩鍙颁笂璁块棶姝よ皟鐢ㄧ珯鐐广€?Control.Enabled" 浠呭湪 "windows" 6.1 鍙婃洿楂樼増鏈?涓婂彈鏀寔銆?(https://learn.microsoft.com/dotnet/fundamentals/code-analysis/quality-rules/ca1416) [D:\workspace\ScreenTimeController\ScreenTimeController.csproj]
D:\workspace\ScreenTimeController\PasswordForm.cs(76,13): warning CA1416: 鍙湪鎵€鏈夊钩鍙颁笂璁块棶姝よ皟鐢ㄧ珯鐐广€?Control.ControlCollection.Add(Control?)" 浠呭湪 "windows" 6.1 鍙婃洿楂樼増鏈?涓婂彈鏀寔銆?(https://learn.microsoft.com/dotnet/fundamentals/code-analysis/quality-rules/ca1416) [D:\workspace\ScreenTimeController\ScreenTimeController.csproj]
D:\workspace\ScreenTimeController\SettingsForm.cs(148,13): warning CA1416: 鍙湪鎵€鏈夊钩鍙颁笂璁块棶姝よ皟鐢ㄧ珯鐐广€?Control.Enabled" 浠呭湪 "windows" 6.1 鍙婃洿楂樼増鏈?涓婂彈鏀寔銆?(https://learn.microsoft.com/dotnet/fundamentals/code-analysis/quality-rules/ca1416) [D:\workspace\ScreenTimeController\ScreenTimeController.csproj]
D:\workspace\ScreenTimeController\SettingsForm.cs(143,13): warning CA1416: 鍙湪鎵€鏈夊钩鍙颁笂璁块棶姝よ皟鐢ㄧ珯鐐广€?Control.Enabled" 浠呭湪 "windows" 6.1 鍙婃洿楂樼増鏈?涓婂彈鏀寔銆?(https://learn.microsoft.com/dotnet/fundamentals/code-analysis/quality-rules/ca1416) [D:\workspace\ScreenTimeController\ScreenTimeController.csproj]
D:\workspace\ScreenTimeController\SettingsForm.cs(128,13): warning CA1416: 鍙湪鎵€鏈夊钩鍙颁笂璁块棶姝よ皟鐢ㄧ珯鐐广€?Control.Enabled" 浠呭湪 "windows" 6.1 鍙婃洿楂樼増鏈?涓婂彈鏀寔銆?(https://learn.microsoft.com/dotnet/fundamentals/code-analysis/quality-rules/ca1416) [D:\workspace\ScreenTimeController\ScreenTimeController.csproj]
D:\workspace\ScreenTimeController\PasswordForm.cs(68,17): warning CA1416: 鍙湪鎵€鏈夊钩鍙颁笂璁块棶姝よ皟鐢ㄧ珯鐐广€?Control.Location" 浠呭湪 "windows" 6.1 鍙婃洿楂樼増鏈?涓婂彈鏀寔銆?(https://learn.microsoft.com/dotnet/fundamentals/code-analysis/quality-rules/ca1416) [D:\workspace\ScreenTimeController\ScreenTimeController.csproj]
D:\workspace\ScreenTimeController\SettingsForm.cs(152,13): warning CA1416: 鍙湪鎵€鏈夊钩鍙颁笂璁块棶姝よ皟鐢ㄧ珯鐐广€?Control.Enabled" 浠呭湪 "windows" 6.1 鍙婃洿楂樼増鏈?涓婂彈鏀寔銆?(https://learn.microsoft.com/dotnet/fundamentals/code-analysis/quality-rules/ca1416) [D:\workspace\ScreenTimeController\ScreenTimeController.csproj]
D:\workspace\ScreenTimeController\SettingsForm.cs(131,13): warning CA1416: 鍙湪鎵€鏈夊钩鍙颁笂璁块棶姝よ皟鐢ㄧ珯鐐广€?Control.Enabled" 浠呭湪 "windows" 6.1 鍙婃洿楂樼増鏈?涓婂彈鏀寔銆?(https://learn.microsoft.com/dotnet/fundamentals/code-analysis/quality-rules/ca1416) [D:\workspace\ScreenTimeController\ScreenTimeController.csproj]
D:\workspace\ScreenTimeController\PasswordForm.cs(57,17): warning CA1416: 鍙湪鎵€鏈夊钩鍙颁笂璁块棶姝よ皟鐢ㄧ珯鐐广€?TextBox.PasswordChar" 浠呭湪 "windows" 6.1 鍙婃洿楂樼増鏈?涓婂彈鏀寔銆?(https://learn.microsoft.com/dotnet/fundamentals/code-analysis/quality-rules/ca1416) [D:\workspace\ScreenTimeController\ScreenTimeController.csproj]
D:\workspace\ScreenTimeController\SettingsForm.cs(139,13): warning CA1416: 鍙湪鎵€鏈夊钩鍙颁笂璁块棶姝よ皟鐢ㄧ珯鐐广€?Control.Enabled" 浠呭湪 "windows" 6.1 鍙婃洿楂樼増鏈?涓婂彈鏀寔銆?(https://learn.microsoft.com/dotnet/fundamentals/code-analysis/quality-rules/ca1416) [D:\workspace\ScreenTimeController\ScreenTimeController.csproj]
D:\workspace\ScreenTimeController\SettingsForm.cs(157,13): warning CA1416: 鍙湪鎵€鏈夊钩鍙颁笂璁块棶姝よ皟鐢ㄧ珯鐐广€?Control.Enabled" 浠呭湪 "windows" 6.1 鍙婃洿楂樼増鏈?涓婂彈鏀寔銆?(https://learn.microsoft.com/dotnet/fundamentals/code-analysis/quality-rules/ca1416) [D:\workspace\ScreenTimeController\ScreenTimeController.csproj]
D:\workspace\ScreenTimeController\PasswordForm.cs(55,32): warning CA1416: 鍙湪鎵€鏈夊钩鍙颁笂璁块棶姝よ皟鐢ㄧ珯鐐广€?TextBox" 浠呭湪 "windows" 6.1 鍙婃洿楂樼増鏈?涓婂彈鏀寔銆?(https://learn.microsoft.com/dotnet/fundamentals/code-analysis/quality-rules/ca1416) [D:\workspace\ScreenTimeController\ScreenTimeController.csproj]
D:\workspace\ScreenTimeController\SettingsForm.cs(140,13): warning CA1416: 鍙湪鎵€鏈夊钩鍙颁笂璁块棶姝よ皟鐢ㄧ珯鐐广€?Control.Enabled" 浠呭湪 "windows" 6.1 鍙婃洿楂樼増鏈?涓婂彈鏀寔銆?(https://learn.microsoft.com/dotnet/fundamentals/code-analysis/quality-rules/ca1416) [D:\workspace\ScreenTimeController\ScreenTimeController.csproj]
D:\workspace\ScreenTimeController\PasswordForm.cs(88,13): warning CA1416: 鍙湪鎵€鏈夊钩鍙颁笂璁块棶姝よ皟鐢ㄧ珯鐐广€?FlatButtonAppearance.BorderSize" 浠呭湪 "windows" 6.1 鍙婃洿楂樼増鏈?涓婂彈鏀寔銆?(https://learn.microsoft.com/dotnet/fundamentals/code-analysis/quality-rules/ca1416) [D:\workspace\ScreenTimeController\ScreenTimeController.csproj]
D:\workspace\ScreenTimeController\SettingsForm.cs(132,13): warning CA1416: 鍙湪鎵€鏈夊钩鍙颁笂璁块棶姝よ皟鐢ㄧ珯鐐广€?Control.Enabled" 浠呭湪 "windows" 6.1 鍙婃洿楂樼増鏈?涓婂彈鏀寔銆?(https://learn.microsoft.com/dotnet/fundamentals/code-analysis/quality-rules/ca1416) [D:\workspace\ScreenTimeController\ScreenTimeController.csproj]
D:\workspace\ScreenTimeController\SettingsForm.cs(155,13): warning CA1416: 鍙湪鎵€鏈夊钩鍙颁笂璁块棶姝よ皟鐢ㄧ珯鐐广€?Control.Enabled" 浠呭湪 "windows" 6.1 鍙婃洿楂樼増鏈?涓婂彈鏀寔銆?(https://learn.microsoft.com/dotnet/fundamentals/code-analysis/quality-rules/ca1416) [D:\workspace\ScreenTimeController\ScreenTimeController.csproj]
D:\workspace\ScreenTimeController\PasswordForm.cs(67,24): warning CA1416: 鍙湪鎵€鏈夊钩鍙颁笂璁块棶姝よ皟鐢ㄧ珯鐐广€?Font" 浠呭湪 "windows" 6.1 鍙婃洿楂樼増鏈?涓婂彈鏀寔銆?(https://learn.microsoft.com/dotnet/fundamentals/code-analysis/quality-rules/ca1416) [D:\workspace\ScreenTimeController\ScreenTimeController.csproj]
D:\workspace\ScreenTimeController\SettingsForm.cs(135,13): warning CA1416: 鍙湪鎵€鏈夊钩鍙颁笂璁块棶姝よ皟鐢ㄧ珯鐐广€?Control.Enabled" 浠呭湪 "windows" 6.1 鍙婃洿楂樼増鏈?涓婂彈鏀寔銆?(https://learn.microsoft.com/dotnet/fundamentals/code-analysis/quality-rules/ca1416) [D:\workspace\ScreenTimeController\ScreenTimeController.csproj]
D:\workspace\ScreenTimeController\PasswordForm.cs(78,29): warning CA1416: 鍙湪鎵€鏈夊钩鍙颁笂璁块棶姝よ皟鐢ㄧ珯鐐广€?Button" 浠呭湪 "windows" 6.1 鍙婃洿楂樼増鏈?涓婂彈鏀寔銆?(https://learn.microsoft.com/dotnet/fundamentals/code-analysis/quality-rules/ca1416) [D:\workspace\ScreenTimeController\ScreenTimeController.csproj]
D:\workspace\ScreenTimeController\PasswordForm.cs(41,13): warning CA1416: 鍙湪鎵€鏈夊钩鍙颁笂璁块棶姝よ皟鐢ㄧ珯鐐广€?Form.MinimizeBox" 浠呭湪 "windows" 6.1 鍙婃洿楂樼増鏈?涓婂彈鏀寔銆?(https://learn.microsoft.com/dotnet/fundamentals/code-analysis/quality-rules/ca1416) [D:\workspace\ScreenTimeController\ScreenTimeController.csproj]
D:\workspace\ScreenTimeController\PasswordForm.cs(53,13): warning CA1416: 鍙湪鎵€鏈夊钩鍙颁笂璁块棶姝よ皟鐢ㄧ珯鐐广€?Control.Controls" 浠呭湪 "windows" 6.1 鍙婃洿楂樼増鏈?涓婂彈鏀寔銆?(https://learn.microsoft.com/dotnet/fundamentals/code-analysis/quality-rules/ca1416) [D:\workspace\ScreenTimeController\ScreenTimeController.csproj]
D:\workspace\ScreenTimeController\PasswordForm.cs(53,13): warning CA1416: 鍙湪鎵€鏈夊钩鍙颁笂璁块棶姝よ皟鐢ㄧ珯鐐广€?Control.ControlCollection.Add(Control?)" 浠呭湪 "windows" 6.1 鍙婃洿楂樼増鏈?涓婂彈鏀寔銆?(https://learn.microsoft.com/dotnet/fundamentals/code-analysis/quality-rules/ca1416) [D:\workspace\ScreenTimeController\ScreenTimeController.csproj]
D:\workspace\ScreenTimeController\PasswordForm.cs(60,24): warning CA1416: 鍙湪鎵€鏈夊钩鍙颁笂璁块棶姝よ皟鐢ㄧ珯鐐广€?Font" 浠呭湪 "windows" 6.1 鍙婃洿楂樼増鏈?涓婂彈鏀寔銆?(https://learn.microsoft.com/dotnet/fundamentals/code-analysis/quality-rules/ca1416) [D:\workspace\ScreenTimeController\ScreenTimeController.csproj]
D:\workspace\ScreenTimeController\PasswordForm.cs(49,49): warning CA1416: 鍙湪鎵€鏈夊钩鍙颁笂璁块棶姝よ皟鐢ㄧ珯鐐广€?FontStyle.Bold" 浠呭湪 "windows" 6.1 鍙婃洿楂樼増鏈?涓婂彈鏀寔銆?(https://learn.microsoft.com/dotnet/fundamentals/code-analysis/quality-rules/ca1416) [D:\workspace\ScreenTimeController\ScreenTimeController.csproj]
D:\workspace\ScreenTimeController\PasswordForm.cs(50,17): warning CA1416: 鍙湪鎵€鏈夊钩鍙颁笂璁块棶姝よ皟鐢ㄧ珯鐐广€?Control.Location" 浠呭湪 "windows" 6.1 鍙婃洿楂樼増鏈?涓婂彈鏀寔銆?(https://learn.microsoft.com/dotnet/fundamentals/code-analysis/quality-rules/ca1416) [D:\workspace\ScreenTimeController\ScreenTimeController.csproj]
D:\workspace\ScreenTimeController\PasswordForm.cs(66,17): warning CA1416: 鍙湪鎵€鏈夊钩鍙颁笂璁块棶姝よ皟鐢ㄧ珯鐐广€?ButtonBase.Text" 浠呭湪 "windows" 6.1 鍙婃洿楂樼増鏈?涓婂彈鏀寔銆?(https://learn.microsoft.com/dotnet/fundamentals/code-analysis/quality-rules/ca1416) [D:\workspace\ScreenTimeController\ScreenTimeController.csproj]
D:\workspace\ScreenTimeController\PasswordForm.cs(69,17): warning CA1416: 鍙湪鎵€鏈夊钩鍙颁笂璁块棶姝よ皟鐢ㄧ珯鐐广€?Control.Size" 浠呭湪 "windows" 6.1 鍙婃洿楂樼増鏈?涓婂彈鏀寔銆?(https://learn.microsoft.com/dotnet/fundamentals/code-analysis/quality-rules/ca1416) [D:\workspace\ScreenTimeController\ScreenTimeController.csproj]
D:\workspace\ScreenTimeController\PasswordForm.cs(59,17): warning CA1416: 鍙湪鎵€鏈夊钩鍙颁笂璁块棶姝よ皟鐢ㄧ珯鐐广€?Control.Size" 浠呭湪 "windows" 6.1 鍙婃洿楂樼増鏈?涓婂彈鏀寔銆?(https://learn.microsoft.com/dotnet/fundamentals/code-analysis/quality-rules/ca1416) [D:\workspace\ScreenTimeController\ScreenTimeController.csproj]
D:\workspace\ScreenTimeController\PasswordForm.cs(89,13): warning CA1416: 鍙湪鎵€鏈夊钩鍙颁笂璁块棶姝よ皟鐢ㄧ珯鐐广€?Control.Click" 浠呭湪 "windows" 6.1 鍙婃洿楂樼増鏈?涓婂彈鏀寔銆?(https://learn.microsoft.com/dotnet/fundamentals/code-analysis/quality-rules/ca1416) [D:\workspace\ScreenTimeController\ScreenTimeController.csproj]
D:\workspace\ScreenTimeController\PasswordForm.cs(82,17): warning CA1416: 鍙湪鎵€鏈夊钩鍙颁笂璁块棶姝よ皟鐢ㄧ珯鐐广€?Control.Location" 浠呭湪 "windows" 6.1 鍙婃洿楂樼増鏈?涓婂彈鏀寔銆?(https://learn.microsoft.com/dotnet/fundamentals/code-analysis/quality-rules/ca1416) [D:\workspace\ScreenTimeController\ScreenTimeController.csproj]
D:\workspace\ScreenTimeController\PasswordForm.cs(67,17): warning CA1416: 鍙湪鎵€鏈夊钩鍙颁笂璁块棶姝よ皟鐢ㄧ珯鐐广€?Control.Font" 浠呭湪 "windows" 6.1 鍙婃洿楂樼増鏈?涓婂彈鏀寔銆?(https://learn.microsoft.com/dotnet/fundamentals/code-analysis/quality-rules/ca1416) [D:\workspace\ScreenTimeController\ScreenTimeController.csproj]
D:\workspace\ScreenTimeController\PasswordForm.cs(74,13): warning CA1416: 鍙湪鎵€鏈夊钩鍙颁笂璁块棶姝よ皟鐢ㄧ珯鐐广€?ButtonBase.FlatAppearance" 浠呭湪 "windows" 6.1 鍙婃洿楂樼増鏈?涓婂彈鏀寔銆?(https://learn.microsoft.com/dotnet/fundamentals/code-analysis/quality-rules/ca1416) [D:\workspace\ScreenTimeController\ScreenTimeController.csproj]
D:\workspace\ScreenTimeController\PasswordForm.cs(74,13): warning CA1416: 鍙湪鎵€鏈夊钩鍙颁笂璁块棶姝よ皟鐢ㄧ珯鐐广€?FlatButtonAppearance.BorderSize" 浠呭湪 "windows" 6.1 鍙婃洿楂樼増鏈?涓婂彈鏀寔銆?(https://learn.microsoft.com/dotnet/fundamentals/code-analysis/quality-rules/ca1416) [D:\workspace\ScreenTimeController\ScreenTimeController.csproj]
D:\workspace\ScreenTimeController\PasswordForm.cs(71,17): warning CA1416: 鍙湪鎵€鏈夊钩鍙颁笂璁块棶姝よ皟鐢ㄧ珯鐐广€?Control.ForeColor" 浠呭湪 "windows" 6.1 鍙婃洿楂樼増鏈?涓婂彈鏀寔銆?(https://learn.microsoft.com/dotnet/fundamentals/code-analysis/quality-rules/ca1416) [D:\workspace\ScreenTimeController\ScreenTimeController.csproj]
D:\workspace\ScreenTimeController\PasswordForm.cs(90,13): warning CA1416: 鍙湪鎵€鏈夊钩鍙颁笂璁块棶姝よ皟鐢ㄧ珯鐐广€?Control.ControlCollection.Add(Control?)" 浠呭湪 "windows" 6.1 鍙婃洿楂樼増鏈?涓婂彈鏀寔銆?(https://learn.microsoft.com/dotnet/fundamentals/code-analysis/quality-rules/ca1416) [D:\workspace\ScreenTimeController\ScreenTimeController.csproj]
D:\workspace\ScreenTimeController\PasswordForm.cs(60,17): warning CA1416: 鍙湪鎵€鏈夊钩鍙颁笂璁块棶姝よ皟鐢ㄧ珯鐐广€?Control.Font" 浠呭湪 "windows" 6.1 鍙婃洿楂樼増鏈?涓婂彈鏀寔銆?(https://learn.microsoft.com/dotnet/fundamentals/code-analysis/quality-rules/ca1416) [D:\workspace\ScreenTimeController\ScreenTimeController.csproj]
D:\workspace\ScreenTimeController\PasswordForm.cs(81,17): warning CA1416: 鍙湪鎵€鏈夊钩鍙颁笂璁块棶姝よ皟鐢ㄧ珯鐐广€?Control.Font" 浠呭湪 "windows" 6.1 鍙婃洿楂樼増鏈?涓婂彈鏀寔銆?(https://learn.microsoft.com/dotnet/fundamentals/code-analysis/quality-rules/ca1416) [D:\workspace\ScreenTimeController\ScreenTimeController.csproj]
D:\workspace\ScreenTimeController\PasswordForm.cs(46,23): warning CA1416: 鍙湪鎵€鏈夊钩鍙颁笂璁块棶姝よ皟鐢ㄧ珯鐐广€?Label" 浠呭湪 "windows" 6.1 鍙婃洿楂樼増鏈?涓婂彈鏀寔銆?(https://learn.microsoft.com/dotnet/fundamentals/code-analysis/quality-rules/ca1416) [D:\workspace\ScreenTimeController\ScreenTimeController.csproj]
D:\workspace\ScreenTimeController\PasswordForm.cs(81,24): warning CA1416: 鍙湪鎵€鏈夊钩鍙颁笂璁块棶姝よ皟鐢ㄧ珯鐐广€?Font" 浠呭湪 "windows" 6.1 鍙婃洿楂樼増鏈?涓婂彈鏀寔銆?(https://learn.microsoft.com/dotnet/fundamentals/code-analysis/quality-rules/ca1416) [D:\workspace\ScreenTimeController\ScreenTimeController.csproj]
D:\workspace\ScreenTimeController\PasswordForm.cs(70,17): warning CA1416: 鍙湪鎵€鏈夊钩鍙颁笂璁块棶姝よ皟鐢ㄧ珯鐐广€?ButtonBase.BackColor" 浠呭湪 "windows" 6.1 鍙婃洿楂樼増鏈?涓婂彈鏀寔銆?(https://learn.microsoft.com/dotnet/fundamentals/code-analysis/quality-rules/ca1416) [D:\workspace\ScreenTimeController\ScreenTimeController.csproj]
D:\workspace\ScreenTimeController\PasswordForm.cs(49,24): warning CA1416: 鍙湪鎵€鏈夊钩鍙颁笂璁块棶姝よ皟鐢ㄧ珯鐐广€?Font" 浠呭湪 "windows" 6.1 鍙婃洿楂樼増鏈?涓婂彈鏀寔銆?(https://learn.microsoft.com/dotnet/fundamentals/code-analysis/quality-rules/ca1416) [D:\workspace\ScreenTimeController\ScreenTimeController.csproj]
D:\workspace\ScreenTimeController\PasswordForm.cs(48,17): warning CA1416: 鍙湪鎵€鏈夊钩鍙颁笂璁块棶姝よ皟鐢ㄧ珯鐐广€?Label.Text" 浠呭湪 "windows" 6.1 鍙婃洿楂樼増鏈?涓婂彈鏀寔銆?(https://learn.microsoft.com/dotnet/fundamentals/code-analysis/quality-rules/ca1416) [D:\workspace\ScreenTimeController\ScreenTimeController.csproj]
D:\workspace\ScreenTimeController\PasswordForm.cs(76,13): warning CA1416: 鍙湪鎵€鏈夊钩鍙颁笂璁块棶姝よ皟鐢ㄧ珯鐐广€?Control.Controls" 浠呭湪 "windows" 6.1 鍙婃洿楂樼増鏈?涓婂彈鏀寔銆?(https://learn.microsoft.com/dotnet/fundamentals/code-analysis/quality-rules/ca1416) [D:\workspace\ScreenTimeController\ScreenTimeController.csproj]
D:\workspace\ScreenTimeController\PasswordForm.cs(43,13): warning CA1416: 鍙湪鎵€鏈夊钩鍙颁笂璁块棶姝よ皟鐢ㄧ珯鐐广€?Form.BackColor" 浠呭湪 "windows" 6.1 鍙婃洿楂樼増鏈?涓婂彈鏀寔銆?(https://learn.microsoft.com/dotnet/fundamentals/code-analysis/quality-rules/ca1416) [D:\workspace\ScreenTimeController\ScreenTimeController.csproj]
D:\workspace\ScreenTimeController\PasswordForm.cs(39,36): warning CA1416: 鍙湪鎵€鏈夊钩鍙颁笂璁块棶姝よ皟鐢ㄧ珯鐐广€?FormBorderStyle.FixedSingle" 浠呭湪 "windows" 6.1 鍙婃洿楂樼増鏈?涓婂彈鏀寔銆?(https://learn.microsoft.com/dotnet/fundamentals/code-analysis/quality-rules/ca1416) [D:\workspace\ScreenTimeController\ScreenTimeController.csproj]
D:\workspace\ScreenTimeController\PasswordForm.cs(40,13): warning CA1416: 鍙湪鎵€鏈夊钩鍙颁笂璁块棶姝よ皟鐢ㄧ珯鐐广€?Form.MaximizeBox" 浠呭湪 "windows" 6.1 鍙婃洿楂樼増鏈?涓婂彈鏀寔銆?(https://learn.microsoft.com/dotnet/fundamentals/code-analysis/quality-rules/ca1416) [D:\workspace\ScreenTimeController\ScreenTimeController.csproj]
D:\workspace\ScreenTimeController\PasswordForm.cs(72,29): warning CA1416: 鍙湪鎵€鏈夊钩鍙颁笂璁块棶姝よ皟鐢ㄧ珯鐐广€?FlatStyle.Flat" 浠呭湪 "windows" 6.1 鍙婃洿楂樼増鏈?涓婂彈鏀寔銆?(https://learn.microsoft.com/dotnet/fundamentals/code-analysis/quality-rules/ca1416) [D:\workspace\ScreenTimeController\ScreenTimeController.csproj]
D:\workspace\ScreenTimeController\PasswordForm.cs(80,17): warning CA1416: 鍙湪鎵€鏈夊钩鍙颁笂璁块棶姝よ皟鐢ㄧ珯鐐广€?ButtonBase.Text" 浠呭湪 "windows" 6.1 鍙婃洿楂樼増鏈?涓婂彈鏀寔銆?(https://learn.microsoft.com/dotnet/fundamentals/code-analysis/quality-rules/ca1416) [D:\workspace\ScreenTimeController\ScreenTimeController.csproj]
D:\workspace\ScreenTimeController\PasswordForm.cs(86,17): warning CA1416: 鍙湪鎵€鏈夊钩鍙颁笂璁块棶姝よ皟鐢ㄧ珯鐐广€?ButtonBase.FlatStyle" 浠呭湪 "windows" 6.1 鍙婃洿楂樼増鏈?涓婂彈鏀寔銆?(https://learn.microsoft.com/dotnet/fundamentals/code-analysis/quality-rules/ca1416) [D:\workspace\ScreenTimeController\ScreenTimeController.csproj]
D:\workspace\ScreenTimeController\PasswordForm.cs(36,34): warning CA1416: 鍙湪鎵€鏈夊钩鍙颁笂璁块棶姝よ皟鐢ㄧ珯鐐广€?AutoScaleMode.Font" 浠呭湪 "windows" 6.1 鍙婃洿楂樼増鏈?涓婂彈鏀寔銆?(https://learn.microsoft.com/dotnet/fundamentals/code-analysis/quality-rules/ca1416) [D:\workspace\ScreenTimeController\ScreenTimeController.csproj]
D:\workspace\ScreenTimeController\PasswordForm.cs(75,13): warning CA1416: 鍙湪鎵€鏈夊钩鍙颁笂璁块棶姝よ皟鐢ㄧ珯鐐广€?Control.Click" 浠呭湪 "windows" 6.1 鍙婃洿楂樼増鏈?涓婂彈鏀寔銆?(https://learn.microsoft.com/dotnet/fundamentals/code-analysis/quality-rules/ca1416) [D:\workspace\ScreenTimeController\ScreenTimeController.csproj]
D:\workspace\ScreenTimeController\PasswordForm.cs(86,29): warning CA1416: 鍙湪鎵€鏈夊钩鍙颁笂璁块棶姝よ皟鐢ㄧ珯鐐广€?FlatStyle.Flat" 浠呭湪 "windows" 6.1 鍙婃洿楂樼増鏈?涓婂彈鏀寔銆?(https://learn.microsoft.com/dotnet/fundamentals/code-analysis/quality-rules/ca1416) [D:\workspace\ScreenTimeController\ScreenTimeController.csproj]
D:\workspace\ScreenTimeController\PasswordForm.cs(49,17): warning CA1416: 鍙湪鎵€鏈夊钩鍙颁笂璁块棶姝よ皟鐢ㄧ珯鐐广€?Control.Font" 浠呭湪 "windows" 6.1 鍙婃洿楂樼増鏈?涓婂彈鏀寔銆?(https://learn.microsoft.com/dotnet/fundamentals/code-analysis/quality-rules/ca1416) [D:\workspace\ScreenTimeController\ScreenTimeController.csproj]
D:\workspace\ScreenTimeController\PasswordForm.cs(36,13): warning CA1416: 鍙湪鎵€鏈夊钩鍙颁笂璁块棶姝よ皟鐢ㄧ珯鐐广€?ContainerControl.AutoScaleMode" 浠呭湪 "windows" 6.1 鍙婃洿楂樼増鏈?涓婂彈鏀寔銆?(https://learn.microsoft.com/dotnet/fundamentals/code-analysis/quality-rules/ca1416) [D:\workspace\ScreenTimeController\ScreenTimeController.csproj]
D:\workspace\ScreenTimeController\PasswordForm.cs(39,13): warning CA1416: 鍙湪鎵€鏈夊钩鍙颁笂璁块棶姝よ皟鐢ㄧ珯鐐广€?Form.FormBorderStyle" 浠呭湪 "windows" 6.1 鍙婃洿楂樼増鏈?涓婂彈鏀寔銆?(https://learn.microsoft.com/dotnet/fundamentals/code-analysis/quality-rules/ca1416) [D:\workspace\ScreenTimeController\ScreenTimeController.csproj]
D:\workspace\ScreenTimeController\PasswordForm.cs(72,17): warning CA1416: 鍙湪鎵€鏈夊钩鍙颁笂璁块棶姝よ皟鐢ㄧ珯鐐广€?ButtonBase.FlatStyle" 浠呭湪 "windows" 6.1 鍙婃洿楂樼増鏈?涓婂彈鏀寔銆?(https://learn.microsoft.com/dotnet/fundamentals/code-analysis/quality-rules/ca1416) [D:\workspace\ScreenTimeController\ScreenTimeController.csproj]
D:\workspace\ScreenTimeController\PasswordForm.cs(88,13): warning CA1416: 鍙湪鎵€鏈夊钩鍙颁笂璁块棶姝よ皟鐢ㄧ珯鐐广€?ButtonBase.FlatAppearance" 浠呭湪 "windows" 6.1 鍙婃洿楂樼増鏈?涓婂彈鏀寔銆?(https://learn.microsoft.com/dotnet/fundamentals/code-analysis/quality-rules/ca1416) [D:\workspace\ScreenTimeController\ScreenTimeController.csproj]
D:\workspace\ScreenTimeController\PasswordForm.cs(64,25): warning CA1416: 鍙湪鎵€鏈夊钩鍙颁笂璁块棶姝よ皟鐢ㄧ珯鐐广€?Button" 浠呭湪 "windows" 6.1 鍙婃洿楂樼増鏈?涓婂彈鏀寔銆?(https://learn.microsoft.com/dotnet/fundamentals/code-analysis/quality-rules/ca1416) [D:\workspace\ScreenTimeController\ScreenTimeController.csproj]
D:\workspace\ScreenTimeController\PasswordForm.cs(42,34): warning CA1416: 鍙湪鎵€鏈夊钩鍙颁笂璁块棶姝よ皟鐢ㄧ珯鐐广€?FormStartPosition.CenterScreen" 浠呭湪 "windows" 6.1 鍙婃洿楂樼増鏈?涓婂彈鏀寔銆?(https://learn.microsoft.com/dotnet/fundamentals/code-analysis/quality-rules/ca1416) [D:\workspace\ScreenTimeController\ScreenTimeController.csproj]
D:\workspace\ScreenTimeController\PasswordForm.cs(62,13): warning CA1416: 鍙湪鎵€鏈夊钩鍙颁笂璁块棶姝よ皟鐢ㄧ珯鐐广€?Control.ControlCollection.Add(Control?)" 浠呭湪 "windows" 6.1 鍙婃洿楂樼増鏈?涓婂彈鏀寔銆?(https://learn.microsoft.com/dotnet/fundamentals/code-analysis/quality-rules/ca1416) [D:\workspace\ScreenTimeController\ScreenTimeController.csproj]
D:\workspace\ScreenTimeController\PasswordForm.cs(90,13): warning CA1416: 鍙湪鎵€鏈夊钩鍙颁笂璁块棶姝よ皟鐢ㄧ珯鐐广€?Control.Controls" 浠呭湪 "windows" 6.1 鍙婃洿楂樼増鏈?涓婂彈鏀寔銆?(https://learn.microsoft.com/dotnet/fundamentals/code-analysis/quality-rules/ca1416) [D:\workspace\ScreenTimeController\ScreenTimeController.csproj]
D:\workspace\ScreenTimeController\PasswordForm.cs(37,13): warning CA1416: 鍙湪鎵€鏈夊钩鍙颁笂璁块棶姝よ皟鐢ㄧ珯鐐广€?Form.ClientSize" 浠呭湪 "windows" 6.1 鍙婃洿楂樼増鏈?涓婂彈鏀寔銆?(https://learn.microsoft.com/dotnet/fundamentals/code-analysis/quality-rules/ca1416) [D:\workspace\ScreenTimeController\ScreenTimeController.csproj]
D:\workspace\ScreenTimeController\PasswordForm.cs(58,17): warning CA1416: 鍙湪鎵€鏈夊钩鍙颁笂璁块棶姝よ皟鐢ㄧ珯鐐广€?Control.Location" 浠呭湪 "windows" 6.1 鍙婃洿楂樼増鏈?涓婂彈鏀寔銆?(https://learn.microsoft.com/dotnet/fundamentals/code-analysis/quality-rules/ca1416) [D:\workspace\ScreenTimeController\ScreenTimeController.csproj]
D:\workspace\ScreenTimeController\PasswordForm.cs(84,17): warning CA1416: 鍙湪鎵€鏈夊钩鍙颁笂璁块棶姝よ皟鐢ㄧ珯鐐广€?ButtonBase.BackColor" 浠呭湪 "windows" 6.1 鍙婃洿楂樼増鏈?涓婂彈鏀寔銆?(https://learn.microsoft.com/dotnet/fundamentals/code-analysis/quality-rules/ca1416) [D:\workspace\ScreenTimeController\ScreenTimeController.csproj]
D:\workspace\ScreenTimeController\PasswordForm.cs(85,17): warning CA1416: 鍙湪鎵€鏈夊钩鍙颁笂璁块棶姝よ皟鐢ㄧ珯鐐广€?Control.ForeColor" 浠呭湪 "windows" 6.1 鍙婃洿楂樼増鏈?涓婂彈鏀寔銆?(https://learn.microsoft.com/dotnet/fundamentals/code-analysis/quality-rules/ca1416) [D:\workspace\ScreenTimeController\ScreenTimeController.csproj]
D:\workspace\ScreenTimeController\PasswordForm.cs(62,13): warning CA1416: 鍙湪鎵€鏈夊钩鍙颁笂璁块棶姝よ皟鐢ㄧ珯鐐广€?Control.Controls" 浠呭湪 "windows" 6.1 鍙婃洿楂樼増鏈?涓婂彈鏀寔銆?(https://learn.microsoft.com/dotnet/fundamentals/code-analysis/quality-rules/ca1416) [D:\workspace\ScreenTimeController\ScreenTimeController.csproj]
D:\workspace\ScreenTimeController\PasswordForm.cs(42,13): warning CA1416: 鍙湪鎵€鏈夊钩鍙颁笂璁块棶姝よ皟鐢ㄧ珯鐐广€?Form.StartPosition" 浠呭湪 "windows" 6.1 鍙婃洿楂樼増鏈?涓婂彈鏀寔銆?(https://learn.microsoft.com/dotnet/fundamentals/code-analysis/quality-rules/ca1416) [D:\workspace\ScreenTimeController\ScreenTimeController.csproj]
D:\workspace\ScreenTimeController\MainForm.cs(33,21): warning CA1416: 鍙湪鎵€鏈夊钩鍙颁笂璁块棶姝よ皟鐢ㄧ珯鐐广€?NotifyIcon.Text" 浠呭湪 "windows" 6.1 鍙婃洿楂樼増鏈?涓婂彈鏀寔銆?(https://learn.microsoft.com/dotnet/fundamentals/code-analysis/quality-rules/ca1416) [D:\workspace\ScreenTimeController\ScreenTimeController.csproj]
D:\workspace\ScreenTimeController\MainForm.cs(34,21): warning CA1416: 鍙湪鎵€鏈夊钩鍙颁笂璁块棶姝よ皟鐢ㄧ珯鐐广€?NotifyIcon.Visible" 浠呭湪 "windows" 6.1 鍙婃洿楂樼増鏈?涓婂彈鏀寔銆?(https://learn.microsoft.com/dotnet/fundamentals/code-analysis/quality-rules/ca1416) [D:\workspace\ScreenTimeController\ScreenTimeController.csproj]
D:\workspace\ScreenTimeController\MainForm.cs(41,17): warning CA1416: 鍙湪鎵€鏈夊钩鍙颁笂璁块棶姝よ皟鐢ㄧ珯鐐广€?ToolStripItemCollection.Add(string?, Image?, EventHandler?)" 浠呭湪 "windows" 6.1 鍙婃洿楂樼増鏈?涓婂彈鏀寔銆?(https://learn.microsoft.com/dotnet/fundamentals/code-analysis/quality-rules/ca1416) [D:\workspace\ScreenTimeController\ScreenTimeController.csproj]
D:\workspace\ScreenTimeController\MainForm.cs(45,17): warning CA1416: 鍙湪鎵€鏈夊钩鍙颁笂璁块棶姝よ皟鐢ㄧ珯鐐广€?NotifyIcon.ShowBalloonTip(int, string, string, ToolTipIcon)" 浠呭湪 "windows" 6.1 鍙婃洿楂樼増鏈?涓婂彈鏀寔銆?(https://learn.microsoft.com/dotnet/fundamentals/code-analysis/quality-rules/ca1416) [D:\workspace\ScreenTimeController\ScreenTimeController.csproj]
D:\workspace\ScreenTimeController\MainForm.cs(38,35): warning CA1416: 鍙湪鎵€鏈夊钩鍙颁笂璁块棶姝よ皟鐢ㄧ珯鐐广€?ContextMenuStrip" 浠呭湪 "windows" 6.1 鍙婃洿楂樼増鏈?涓婂彈鏀寔銆?(https://learn.microsoft.com/dotnet/fundamentals/code-analysis/quality-rules/ca1416) [D:\workspace\ScreenTimeController\ScreenTimeController.csproj]
D:\workspace\ScreenTimeController\MainForm.cs(45,103): warning CA1416: 鍙湪鎵€鏈夊钩鍙颁笂璁块棶姝よ皟鐢ㄧ珯鐐广€?ToolTipIcon.Info" 浠呭湪 "windows" 6.1 鍙婃洿楂樼増鏈?涓婂彈鏀寔銆?(https://learn.microsoft.com/dotnet/fundamentals/code-analysis/quality-rules/ca1416) [D:\workspace\ScreenTimeController\ScreenTimeController.csproj]
D:\workspace\ScreenTimeController\MainForm.cs(39,17): warning CA1416: 鍙湪鎵€鏈夊钩鍙颁笂璁块棶姝よ皟鐢ㄧ珯鐐广€?ToolStrip.Items" 浠呭湪 "windows" 6.1 鍙婃洿楂樼増鏈?涓婂彈鏀寔銆?(https://learn.microsoft.com/dotnet/fundamentals/code-analysis/quality-rules/ca1416) [D:\workspace\ScreenTimeController\ScreenTimeController.csproj]
D:\workspace\ScreenTimeController\MainForm.cs(41,17): warning CA1416: 鍙湪鎵€鏈夊钩鍙颁笂璁块棶姝よ皟鐢ㄧ珯鐐广€?ToolStrip.Items" 浠呭湪 "windows" 6.1 鍙婃洿楂樼増鏈?涓婂彈鏀寔銆?(https://learn.microsoft.com/dotnet/fundamentals/code-analysis/quality-rules/ca1416) [D:\workspace\ScreenTimeController\ScreenTimeController.csproj]
D:\workspace\ScreenTimeController\MainForm.cs(40,17): warning CA1416: 鍙湪鎵€鏈夊钩鍙颁笂璁块棶姝よ皟鐢ㄧ珯鐐广€?ToolStrip.Items" 浠呭湪 "windows" 6.1 鍙婃洿楂樼増鏈?涓婂彈鏀寔銆?(https://learn.microsoft.com/dotnet/fundamentals/code-analysis/quality-rules/ca1416) [D:\workspace\ScreenTimeController\ScreenTimeController.csproj]
D:\workspace\ScreenTimeController\MainForm.cs(84,21): warning CA1416: 鍙湪鎵€鏈夊钩鍙颁笂璁块棶姝よ皟鐢ㄧ珯鐐广€?NotifyIcon.ShowBalloonTip(int, string, string, ToolTipIcon)" 浠呭湪 "windows" 6.1 鍙婃洿楂樼増鏈?涓婂彈鏀寔銆?(https://learn.microsoft.com/dotnet/fundamentals/code-analysis/quality-rules/ca1416) [D:\workspace\ScreenTimeController\ScreenTimeController.csproj]
D:\workspace\ScreenTimeController\MainForm.cs(40,17): warning CA1416: 鍙湪鎵€鏈夊钩鍙颁笂璁块棶姝よ皟鐢ㄧ珯鐐广€?ToolStripItemCollection.Add(string?, Image?, EventHandler?)" 浠呭湪 "windows" 6.1 鍙婃洿楂樼増鏈?涓婂彈鏀寔銆?(https://learn.microsoft.com/dotnet/fundamentals/code-analysis/quality-rules/ca1416) [D:\workspace\ScreenTimeController\ScreenTimeController.csproj]
D:\workspace\ScreenTimeController\MainForm.cs(84,126): warning CA1416: 鍙湪鎵€鏈夊钩鍙颁笂璁块棶姝よ皟鐢ㄧ珯鐐广€?ToolTipIcon.Error" 浠呭湪 "windows" 6.1 鍙婃洿楂樼増鏈?涓婂彈鏀寔銆?(https://learn.microsoft.com/dotnet/fundamentals/code-analysis/quality-rules/ca1416) [D:\workspace\ScreenTimeController\ScreenTimeController.csproj]
D:\workspace\ScreenTimeController\MainForm.cs(74,17): warning CA1416: 鍙湪鎵€鏈夊钩鍙颁笂璁块棶姝よ皟鐢ㄧ珯鐐广€?Form.ShowInTaskbar" 浠呭湪 "windows" 6.1 鍙婃洿楂樼増鏈?涓婂彈鏀寔銆?(https://learn.microsoft.com/dotnet/fundamentals/code-analysis/quality-rules/ca1416) [D:\workspace\ScreenTimeController\ScreenTimeController.csproj]
D:\workspace\ScreenTimeController\MainForm.cs(70,127): warning CA1416: 鍙湪鎵€鏈夊钩鍙颁笂璁块棶姝よ皟鐢ㄧ珯鐐广€?ToolTipIcon.Info" 浠呭湪 "windows" 6.1 鍙婃洿楂樼増鏈?涓婂彈鏀寔銆?(https://learn.microsoft.com/dotnet/fundamentals/code-analysis/quality-rules/ca1416) [D:\workspace\ScreenTimeController\ScreenTimeController.csproj]
D:\workspace\ScreenTimeController\MainForm.cs(31,31): warning CA1416: 鍙湪鎵€鏈夊钩鍙颁笂璁块棶姝よ皟鐢ㄧ珯鐐广€?NotifyIcon" 浠呭湪 "windows" 6.1 鍙婃洿楂樼増鏈?涓婂彈鏀寔銆?(https://learn.microsoft.com/dotnet/fundamentals/code-analysis/quality-rules/ca1416) [D:\workspace\ScreenTimeController\ScreenTimeController.csproj]
D:\workspace\ScreenTimeController\MainForm.cs(79,128): warning CA1416: 鍙湪鎵€鏈夊钩鍙颁笂璁块棶姝よ皟鐢ㄧ珯鐐广€?MessageBoxIcon.Error" 浠呭湪 "windows" 6.1 鍙婃洿楂樼増鏈?涓婂彈鏀寔銆?(https://learn.microsoft.com/dotnet/fundamentals/code-analysis/quality-rules/ca1416) [D:\workspace\ScreenTimeController\ScreenTimeController.csproj]
D:\workspace\ScreenTimeController\MainForm.cs(39,17): warning CA1416: 鍙湪鎵€鏈夊钩鍙颁笂璁块棶姝よ皟鐢ㄧ珯鐐广€?ToolStripItemCollection.Add(string?, Image?, EventHandler?)" 浠呭湪 "windows" 6.1 鍙婃洿楂樼増鏈?涓婂彈鏀寔銆?(https://learn.microsoft.com/dotnet/fundamentals/code-analysis/quality-rules/ca1416) [D:\workspace\ScreenTimeController\ScreenTimeController.csproj]
D:\workspace\ScreenTimeController\MainForm.cs(79,106): warning CA1416: 鍙湪鎵€鏈夊钩鍙颁笂璁块棶姝よ皟鐢ㄧ珯鐐广€?MessageBoxButtons.OK" 浠呭湪 "windows" 6.1 鍙婃洿楂樼増鏈?涓婂彈鏀寔銆?(https://learn.microsoft.com/dotnet/fundamentals/code-analysis/quality-rules/ca1416) [D:\workspace\ScreenTimeController\ScreenTimeController.csproj]
D:\workspace\ScreenTimeController\MainForm.cs(70,17): warning CA1416: 鍙湪鎵€鏈夊钩鍙颁笂璁块棶姝よ皟鐢ㄧ珯鐐广€?NotifyIcon.ShowBalloonTip(int, string, string, ToolTipIcon)" 浠呭湪 "windows" 6.1 鍙婃洿楂樼増鏈?涓婂彈鏀寔銆?(https://learn.microsoft.com/dotnet/fundamentals/code-analysis/quality-rules/ca1416) [D:\workspace\ScreenTimeController\ScreenTimeController.csproj]
D:\workspace\ScreenTimeController\MainForm.cs(42,17): warning CA1416: 鍙湪鎵€鏈夊钩鍙颁笂璁块棶姝よ皟鐢ㄧ珯鐐广€?NotifyIcon.ContextMenuStrip" 浠呭湪 "windows" 6.1 鍙婃洿楂樼増鏈?涓婂彈鏀寔銆?(https://learn.microsoft.com/dotnet/fundamentals/code-analysis/quality-rules/ca1416) [D:\workspace\ScreenTimeController\ScreenTimeController.csproj]
D:\workspace\ScreenTimeController\MainForm.cs(73,31): warning CA1416: 鍙湪鎵€鏈夊钩鍙颁笂璁块棶姝よ皟鐢ㄧ珯鐐广€?FormWindowState.Minimized" 浠呭湪 "windows" 6.1 鍙婃洿楂樼増鏈?涓婂彈鏀寔銆?(https://learn.microsoft.com/dotnet/fundamentals/code-analysis/quality-rules/ca1416) [D:\workspace\ScreenTimeController\ScreenTimeController.csproj]
D:\workspace\ScreenTimeController\MainForm.cs(86,17): warning CA1416: 鍙湪鎵€鏈夊钩鍙颁笂璁块棶姝よ皟鐢ㄧ珯鐐广€?Application.Exit()" 浠呭湪 "windows" 6.1 鍙婃洿楂樼増鏈?涓婂彈鏀寔銆?(https://learn.microsoft.com/dotnet/fundamentals/code-analysis/quality-rules/ca1416) [D:\workspace\ScreenTimeController\ScreenTimeController.csproj]
D:\workspace\ScreenTimeController\MainForm.cs(73,17): warning CA1416: 鍙湪鎵€鏈夊钩鍙颁笂璁块棶姝よ皟鐢ㄧ珯鐐广€?Form.WindowState" 浠呭湪 "windows" 6.1 鍙婃洿楂樼増鏈?涓婂彈鏀寔銆?(https://learn.microsoft.com/dotnet/fundamentals/code-analysis/quality-rules/ca1416) [D:\workspace\ScreenTimeController\ScreenTimeController.csproj]
D:\workspace\ScreenTimeController\MainForm.cs(83,21): warning CA1416: 鍙湪鎵€鏈夊钩鍙颁笂璁块棶姝よ皟鐢ㄧ珯鐐广€?NotifyIcon.Visible" 浠呭湪 "windows" 6.1 鍙婃洿楂樼増鏈?涓婂彈鏀寔銆?(https://learn.microsoft.com/dotnet/fundamentals/code-analysis/quality-rules/ca1416) [D:\workspace\ScreenTimeController\ScreenTimeController.csproj]
D:\workspace\ScreenTimeController\MainForm.cs(79,17): warning CA1416: 鍙湪鎵€鏈夊钩鍙颁笂璁块棶姝よ皟鐢ㄧ珯鐐广€?MessageBox.Show(string?, string?, MessageBoxButtons, MessageBoxIcon)" 浠呭湪 "windows" 6.1 鍙婃洿楂樼増鏈?涓婂彈鏀寔銆?(https://learn.microsoft.com/dotnet/fundamentals/code-analysis/quality-rules/ca1416) [D:\workspace\ScreenTimeController\ScreenTimeController.csproj]
D:\workspace\ScreenTimeController\MainForm.cs(135,17): warning CA1416: 鍙湪鎵€鏈夊钩鍙颁笂璁块棶姝よ皟鐢ㄧ珯鐐广€?Label.Text" 浠呭湪 "windows" 6.1 鍙婃洿楂樼増鏈?涓婂彈鏀寔銆?(https://learn.microsoft.com/dotnet/fundamentals/code-analysis/quality-rules/ca1416) [D:\workspace\ScreenTimeController\ScreenTimeController.csproj]
D:\workspace\ScreenTimeController\MainForm.cs(168,13): warning CA1416: 鍙湪鎵€鏈夊钩鍙颁笂璁块棶姝よ皟鐢ㄧ珯鐐广€?ButtonBase.FlatAppearance" 浠呭湪 "windows" 6.1 鍙婃洿楂樼増鏈?涓婂彈鏀寔銆?(https://learn.microsoft.com/dotnet/fundamentals/code-analysis/quality-rules/ca1416) [D:\workspace\ScreenTimeController\ScreenTimeController.csproj]
D:\workspace\ScreenTimeController\MainForm.cs(133,31): warning CA1416: 鍙湪鎵€鏈夊钩鍙颁笂璁块棶姝よ皟鐢ㄧ珯鐐广€?Label" 浠呭湪 "windows" 6.1 鍙婃洿楂樼増鏈?涓婂彈鏀寔銆?(https://learn.microsoft.com/dotnet/fundamentals/code-analysis/quality-rules/ca1416) [D:\workspace\ScreenTimeController\ScreenTimeController.csproj]
D:\workspace\ScreenTimeController\MainForm.cs(170,13): warning CA1416: 鍙湪鎵€鏈夊钩鍙颁笂璁块棶姝よ皟鐢ㄧ珯鐐广€?Control.ControlCollection.Add(Control?)" 浠呭湪 "windows" 6.1 鍙婃洿楂樼増鏈?涓婂彈鏀寔銆?(https://learn.microsoft.com/dotnet/fundamentals/code-analysis/quality-rules/ca1416) [D:\workspace\ScreenTimeController\ScreenTimeController.csproj]
D:\workspace\ScreenTimeController\MainForm.cs(137,17): warning CA1416: 鍙湪鎵€鏈夊钩鍙颁笂璁块棶姝よ皟鐢ㄧ珯鐐广€?Control.Location" 浠呭湪 "windows" 6.1 鍙婃洿楂樼増鏈?涓婂彈鏀寔銆?(https://learn.microsoft.com/dotnet/fundamentals/code-analysis/quality-rules/ca1416) [D:\workspace\ScreenTimeController\ScreenTimeController.csproj]
D:\workspace\ScreenTimeController\MainForm.cs(161,17): warning CA1416: 鍙湪鎵€鏈夊钩鍙颁笂璁块棶姝よ皟鐢ㄧ珯鐐广€?Control.Font" 浠呭湪 "windows" 6.1 鍙婃洿楂樼増鏈?涓婂彈鏀寔銆?(https://learn.microsoft.com/dotnet/fundamentals/code-analysis/quality-rules/ca1416) [D:\workspace\ScreenTimeController\ScreenTimeController.csproj]
D:\workspace\ScreenTimeController\MainForm.cs(140,13): warning CA1416: 鍙湪鎵€鏈夊钩鍙颁笂璁块棶姝よ皟鐢ㄧ珯鐐广€?Control.ControlCollection.Add(Control?)" 浠呭湪 "windows" 6.1 鍙婃洿楂樼増鏈?涓婂彈鏀寔銆?(https://learn.microsoft.com/dotnet/fundamentals/code-analysis/quality-rules/ca1416) [D:\workspace\ScreenTimeController\ScreenTimeController.csproj]
D:\workspace\ScreenTimeController\ChangePasswordForm.cs(73,13): warning CA1416: 鍙湪鎵€鏈夊钩鍙颁笂璁块棶姝よ皟鐢ㄧ珯鐐广€?Control.Controls" 浠呭湪 "windows" 6.1 鍙婃洿楂樼増鏈?涓婂彈鏀寔銆?(https://learn.microsoft.com/dotnet/fundamentals/code-analysis/quality-rules/ca1416) [D:\workspace\ScreenTimeController\ScreenTimeController.csproj]
D:\workspace\ScreenTimeController\MainForm.cs(108,17): warning CA1416: 鍙湪鎵€鏈夊钩鍙颁笂璁块棶姝よ皟鐢ㄧ珯鐐广€?Label.AutoSize" 浠呭湪 "windows" 6.1 鍙婃洿楂樼増鏈?涓婂彈鏀寔銆?(https://learn.microsoft.com/dotnet/fundamentals/code-analysis/quality-rules/ca1416) [D:\workspace\ScreenTimeController\ScreenTimeController.csproj]
D:\workspace\ScreenTimeController\ChangePasswordForm.cs(98,17): warning CA1416: 鍙湪鎵€鏈夊钩鍙颁笂璁块棶姝よ皟鐢ㄧ珯鐐广€?Control.Size" 浠呭湪 "windows" 6.1 鍙婃洿楂樼増鏈?涓婂彈鏀寔銆?(https://learn.microsoft.com/dotnet/fundamentals/code-analysis/quality-rules/ca1416) [D:\workspace\ScreenTimeController\ScreenTimeController.csproj]
D:\workspace\ScreenTimeController\ChangePasswordForm.cs(60,17): warning CA1416: 鍙湪鎵€鏈夊钩鍙颁笂璁块棶姝よ皟鐢ㄧ珯鐐广€?Control.Font" 浠呭湪 "windows" 6.1 鍙婃洿楂樼増鏈?涓婂彈鏀寔銆?(https://learn.microsoft.com/dotnet/fundamentals/code-analysis/quality-rules/ca1416) [D:\workspace\ScreenTimeController\ScreenTimeController.csproj]
D:\workspace\ScreenTimeController\MainForm.cs(98,34): warning CA1416: 鍙湪鎵€鏈夊钩鍙颁笂璁块棶姝よ皟鐢ㄧ珯鐐广€?FormStartPosition.CenterScreen" 浠呭湪 "windows" 6.1 鍙婃洿楂樼増鏈?涓婂彈鏀寔銆?(https://learn.microsoft.com/dotnet/fundamentals/code-analysis/quality-rules/ca1416) [D:\workspace\ScreenTimeController\ScreenTimeController.csproj]
D:\workspace\ScreenTimeController\ChangePasswordForm.cs(104,13): warning CA1416: 鍙湪鎵€鏈夊钩鍙颁笂璁块棶姝よ皟鐢ㄧ珯鐐广€?Control.Click" 浠呭湪 "windows" 6.1 鍙婃洿楂樼増鏈?涓婂彈鏀寔銆?(https://learn.microsoft.com/dotnet/fundamentals/code-analysis/quality-rules/ca1416) [D:\workspace\ScreenTimeController\ScreenTimeController.csproj]
D:\workspace\ScreenTimeController\ChangePasswordForm.cs(61,17): warning CA1416: 鍙湪鎵€鏈夊钩鍙颁笂璁块棶姝よ皟鐢ㄧ珯鐐广€?Control.Location" 浠呭湪 "windows" 6.1 鍙婃洿楂樼増鏈?涓婂彈鏀寔銆?(https://learn.microsoft.com/dotnet/fundamentals/code-analysis/quality-rules/ca1416) [D:\workspace\ScreenTimeController\ScreenTimeController.csproj]
D:\workspace\ScreenTimeController\MainForm.cs(161,24): warning CA1416: 鍙湪鎵€鏈夊钩鍙颁笂璁块棶姝よ皟鐢ㄧ珯鐐广€?Font" 浠呭湪 "windows" 6.1 鍙婃洿楂樼増鏈?涓婂彈鏀寔銆?(https://learn.microsoft.com/dotnet/fundamentals/code-analysis/quality-rules/ca1416) [D:\workspace\ScreenTimeController\ScreenTimeController.csproj]
D:\workspace\ScreenTimeController\ChangePasswordForm.cs(117,13): warning CA1416: 鍙湪鎵€鏈夊钩鍙颁笂璁块棶姝よ皟鐢ㄧ珯鐐广€?FlatButtonAppearance.BorderSize" 浠呭湪 "windows" 6.1 鍙婃洿楂樼増鏈?涓婂彈鏀寔銆?(https://learn.microsoft.com/dotnet/fundamentals/code-analysis/quality-rules/ca1416) [D:\workspace\ScreenTimeController\ScreenTimeController.csproj]
D:\workspace\ScreenTimeController\ChangePasswordForm.cs(96,24): warning CA1416: 鍙湪鎵€鏈夊钩鍙颁笂璁块棶姝よ皟鐢ㄧ珯鐐广€?Font" 浠呭湪 "windows" 6.1 鍙婃洿楂樼増鏈?涓婂彈鏀寔銆?(https://learn.microsoft.com/dotnet/fundamentals/code-analysis/quality-rules/ca1416) [D:\workspace\ScreenTimeController\ScreenTimeController.csproj]
D:\workspace\ScreenTimeController\ChangePasswordForm.cs(69,17): warning CA1416: 鍙湪鎵€鏈夊钩鍙颁笂璁块棶姝よ皟鐢ㄧ珯鐐广€?Control.Location" 浠呭湪 "windows" 6.1 鍙婃洿楂樼増鏈?涓婂彈鏀寔銆?(https://learn.microsoft.com/dotnet/fundamentals/code-analysis/quality-rules/ca1416) [D:\workspace\ScreenTimeController\ScreenTimeController.csproj]
D:\workspace\ScreenTimeController\ChangePasswordForm.cs(79,17): warning CA1416: 鍙湪鎵€鏈夊钩鍙颁笂璁块棶姝よ皟鐢ㄧ珯鐐广€?Control.Location" 浠呭湪 "windows" 6.1 鍙婃洿楂樼増鏈?涓婂彈鏀寔銆?(https://learn.microsoft.com/dotnet/fundamentals/code-analysis/quality-rules/ca1416) [D:\workspace\ScreenTimeController\ScreenTimeController.csproj]
D:\workspace\ScreenTimeController\MainForm.cs(151,29): warning CA1416: 鍙湪鎵€鏈夊钩鍙颁笂璁块棶姝よ皟鐢ㄧ珯鐐广€?FlatStyle.Flat" 浠呭湪 "windows" 6.1 鍙婃洿楂樼増鏈?涓婂彈鏀寔銆?(https://learn.microsoft.com/dotnet/fundamentals/code-analysis/quality-rules/ca1416) [D:\workspace\ScreenTimeController\ScreenTimeController.csproj]
D:\workspace\ScreenTimeController\ChangePasswordForm.cs(105,13): warning CA1416: 鍙湪鎵€鏈夊钩鍙颁笂璁块棶姝よ皟鐢ㄧ珯鐐广€?Control.ControlCollection.Add(Control?)" 浠呭湪 "windows" 6.1 鍙婃洿楂樼増鏈?涓婂彈鏀寔銆?(https://learn.microsoft.com/dotnet/fundamentals/code-analysis/quality-rules/ca1416) [D:\workspace\ScreenTimeController\ScreenTimeController.csproj]
D:\workspace\ScreenTimeController\ChangePasswordForm.cs(114,17): warning CA1416: 鍙湪鎵€鏈夊钩鍙颁笂璁块棶姝よ皟鐢ㄧ珯鐐广€?Control.ForeColor" 浠呭湪 "windows" 6.1 鍙婃洿楂樼増鏈?涓婂彈鏀寔銆?(https://learn.microsoft.com/dotnet/fundamentals/code-analysis/quality-rules/ca1416) [D:\workspace\ScreenTimeController\ScreenTimeController.csproj]
D:\workspace\ScreenTimeController\MainForm.cs(136,24): warning CA1416: 鍙湪鎵€鏈夊钩鍙颁笂璁块棶姝よ皟鐢ㄧ珯鐐广€?Font" 浠呭湪 "windows" 6.1 鍙婃洿楂樼増鏈?涓婂彈鏀寔銆?(https://learn.microsoft.com/dotnet/fundamentals/code-analysis/quality-rules/ca1416) [D:\workspace\ScreenTimeController\ScreenTimeController.csproj]
D:\workspace\ScreenTimeController\ChangePasswordForm.cs(89,24): warning CA1416: 鍙湪鎵€鏈夊钩鍙颁笂璁块棶姝よ皟鐢ㄧ珯鐐广€?Font" 浠呭湪 "windows" 6.1 鍙婃洿楂樼増鏈?涓婂彈鏀寔銆?(https://learn.microsoft.com/dotnet/fundamentals/code-analysis/quality-rules/ca1416) [D:\workspace\ScreenTimeController\ScreenTimeController.csproj]
D:\workspace\ScreenTimeController\MainForm.cs(153,13): warning CA1416: 鍙湪鎵€鏈夊钩鍙颁笂璁块棶姝よ皟鐢ㄧ珯鐐广€?FlatButtonAppearance.BorderSize" 浠呭湪 "windows" 6.1 鍙婃洿楂樼増鏈?涓婂彈鏀寔銆?(https://learn.microsoft.com/dotnet/fundamentals/code-analysis/quality-rules/ca1416) [D:\workspace\ScreenTimeController\ScreenTimeController.csproj]
D:\workspace\ScreenTimeController\ChangePasswordForm.cs(91,13): warning CA1416: 鍙湪鎵€鏈夊钩鍙颁笂璁块棶姝よ皟鐢ㄧ珯鐐广€?Control.ControlCollection.Add(Control?)" 浠呭湪 "windows" 6.1 鍙婃洿楂樼増鏈?涓婂彈鏀寔銆?(https://learn.microsoft.com/dotnet/fundamentals/code-analysis/quality-rules/ca1416) [D:\workspace\ScreenTimeController\ScreenTimeController.csproj]
D:\workspace\ScreenTimeController\MainForm.cs(150,17): warning CA1416: 鍙湪鎵€鏈夊钩鍙颁笂璁块棶姝よ皟鐢ㄧ珯鐐广€?Control.ForeColor" 浠呭湪 "windows" 6.1 鍙婃洿楂樼増鏈?涓婂彈鏀寔銆?(https://learn.microsoft.com/dotnet/fundamentals/code-analysis/quality-rules/ca1416) [D:\workspace\ScreenTimeController\ScreenTimeController.csproj]
D:\workspace\ScreenTimeController\ChangePasswordForm.cs(99,17): warning CA1416: 鍙湪鎵€鏈夊钩鍙颁笂璁块棶姝よ皟鐢ㄧ珯鐐广€?ButtonBase.BackColor" 浠呭湪 "windows" 6.1 鍙婃洿楂樼増鏈?涓婂彈鏀寔銆?(https://learn.microsoft.com/dotnet/fundamentals/code-analysis/quality-rules/ca1416) [D:\workspace\ScreenTimeController\ScreenTimeController.csproj]
D:\workspace\ScreenTimeController\ChangePasswordForm.cs(64,13): warning CA1416: 鍙湪鎵€鏈夊钩鍙颁笂璁块棶姝よ皟鐢ㄧ珯鐐广€?Control.Controls" 浠呭湪 "windows" 6.1 鍙婃洿楂樼増鏈?涓婂彈鏀寔銆?(https://learn.microsoft.com/dotnet/fundamentals/code-analysis/quality-rules/ca1416) [D:\workspace\ScreenTimeController\ScreenTimeController.csproj]
D:\workspace\ScreenTimeController\MainForm.cs(165,17): warning CA1416: 鍙湪鎵€鏈夊钩鍙颁笂璁块棶姝よ皟鐢ㄧ珯鐐广€?Control.ForeColor" 浠呭湪 "windows" 6.1 鍙婃洿楂樼増鏈?涓婂彈鏀寔銆?(https://learn.microsoft.com/dotnet/fundamentals/code-analysis/quality-rules/ca1416) [D:\workspace\ScreenTimeController\ScreenTimeController.csproj]
D:\workspace\ScreenTimeController\ChangePasswordForm.cs(75,23): warning CA1416: 鍙湪鎵€鏈夊钩鍙颁笂璁块棶姝よ皟鐢ㄧ珯鐐广€?Label" 浠呭湪 "windows" 6.1 鍙婃洿楂樼増鏈?涓婂彈鏀寔銆?(https://learn.microsoft.com/dotnet/fundamentals/code-analysis/quality-rules/ca1416) [D:\workspace\ScreenTimeController\ScreenTimeController.csproj]
D:\workspace\ScreenTimeController\ChangePasswordForm.cs(48,13): warning CA1416: 鍙湪鎵€鏈夊钩鍙颁笂璁块棶姝よ皟鐢ㄧ珯鐐广€?Form.ClientSize" 浠呭湪 "windows" 6.1 鍙婃洿楂樼増鏈?涓婂彈鏀寔銆?(https://learn.microsoft.com/dotnet/fundamentals/code-analysis/quality-rules/ca1416) [D:\workspace\ScreenTimeController\ScreenTimeController.csproj]
D:\workspace\ScreenTimeController\MainForm.cs(170,13): warning CA1416: 鍙湪鎵€鏈夊钩鍙颁笂璁块棶姝よ皟鐢ㄧ珯鐐广€?Control.Controls" 浠呭湪 "windows" 6.1 鍙婃洿楂樼増鏈?涓婂彈鏀寔銆?(https://learn.microsoft.com/dotnet/fundamentals/code-analysis/quality-rules/ca1416) [D:\workspace\ScreenTimeController\ScreenTimeController.csproj]
D:\workspace\ScreenTimeController\ChangePasswordForm.cs(101,29): warning CA1416: 鍙湪鎵€鏈夊钩鍙颁笂璁块棶姝よ皟鐢ㄧ珯鐐广€?FlatStyle.Flat" 浠呭湪 "windows" 6.1 鍙婃洿楂樼増鏈?涓婂彈鏀寔銆?(https://learn.microsoft.com/dotnet/fundamentals/code-analysis/quality-rules/ca1416) [D:\workspace\ScreenTimeController\ScreenTimeController.csproj]
D:\workspace\ScreenTimeController\MainForm.cs(160,17): warning CA1416: 鍙湪鎵€鏈夊钩鍙颁笂璁块棶姝よ皟鐢ㄧ珯鐐广€?ButtonBase.Text" 浠呭湪 "windows" 6.1 鍙婃洿楂樼増鏈?涓婂彈鏀寔銆?(https://learn.microsoft.com/dotnet/fundamentals/code-analysis/quality-rules/ca1416) [D:\workspace\ScreenTimeController\ScreenTimeController.csproj]
D:\workspace\ScreenTimeController\ChangePasswordForm.cs(60,49): warning CA1416: 鍙湪鎵€鏈夊钩鍙颁笂璁块棶姝よ皟鐢ㄧ珯鐐广€?FontStyle.Bold" 浠呭湪 "windows" 6.1 鍙婃洿楂樼増鏈?涓婂彈鏀寔銆?(https://learn.microsoft.com/dotnet/fundamentals/code-analysis/quality-rules/ca1416) [D:\workspace\ScreenTimeController\ScreenTimeController.csproj]
D:\workspace\ScreenTimeController\MainForm.cs(118,17): warning CA1416: 鍙湪鎵€鏈夊钩鍙颁笂璁块棶姝よ皟鐢ㄧ珯鐐广€?Label.AutoSize" 浠呭湪 "windows" 6.1 鍙婃洿楂樼増鏈?涓婂彈鏀寔銆?(https://learn.microsoft.com/dotnet/fundamentals/code-analysis/quality-rules/ca1416) [D:\workspace\ScreenTimeController\ScreenTimeController.csproj]
D:\workspace\ScreenTimeController\ChangePasswordForm.cs(115,29): warning CA1416: 鍙湪鎵€鏈夊钩鍙颁笂璁块棶姝よ皟鐢ㄧ珯鐐广€?FlatStyle.Flat" 浠呭湪 "windows" 6.1 鍙婃洿楂樼増鏈?涓婂彈鏀寔銆?(https://learn.microsoft.com/dotnet/fundamentals/code-analysis/quality-rules/ca1416) [D:\workspace\ScreenTimeController\ScreenTimeController.csproj]
D:\workspace\ScreenTimeController\MainForm.cs(138,17): warning CA1416: 鍙湪鎵€鏈夊钩鍙颁笂璁块棶姝よ皟鐢ㄧ珯鐐广€?Label.AutoSize" 浠呭湪 "windows" 6.1 鍙婃洿楂樼増鏈?涓婂彈鏀寔銆?(https://learn.microsoft.com/dotnet/fundamentals/code-analysis/quality-rules/ca1416) [D:\workspace\ScreenTimeController\ScreenTimeController.csproj]
D:\workspace\ScreenTimeController\MainForm.cs(126,17): warning CA1416: 鍙湪鎵€鏈夊钩鍙颁笂璁块棶姝よ皟鐢ㄧ珯鐐广€?Control.Font" 浠呭湪 "windows" 6.1 鍙婃洿楂樼増鏈?涓婂彈鏀寔銆?(https://learn.microsoft.com/dotnet/fundamentals/code-analysis/quality-rules/ca1416) [D:\workspace\ScreenTimeController\ScreenTimeController.csproj]
D:\workspace\ScreenTimeController\ChangePasswordForm.cs(71,24): warning CA1416: 鍙湪鎵€鏈夊钩鍙颁笂璁块棶姝よ皟鐢ㄧ珯鐐广€?Font" 浠呭湪 "windows" 6.1 鍙婃洿楂樼増鏈?涓婂彈鏀寔銆?(https://learn.microsoft.com/dotnet/fundamentals/code-analysis/quality-rules/ca1416) [D:\workspace\ScreenTimeController\ScreenTimeController.csproj]
D:\workspace\ScreenTimeController\MainForm.cs(164,17): warning CA1416: 鍙湪鎵€鏈夊钩鍙颁笂璁块棶姝よ皟鐢ㄧ珯鐐广€?ButtonBase.BackColor" 浠呭湪 "windows" 6.1 鍙婃洿楂樼増鏈?涓婂彈鏀寔銆?(https://learn.microsoft.com/dotnet/fundamentals/code-analysis/quality-rules/ca1416) [D:\workspace\ScreenTimeController\ScreenTimeController.csproj]
D:\workspace\ScreenTimeController\ChangePasswordForm.cs(71,17): warning CA1416: 鍙湪鎵€鏈夊钩鍙颁笂璁块棶姝よ皟鐢ㄧ珯鐐广€?Control.Font" 浠呭湪 "windows" 6.1 鍙婃洿楂樼増鏈?涓婂彈鏀寔銆?(https://learn.microsoft.com/dotnet/fundamentals/code-analysis/quality-rules/ca1416) [D:\workspace\ScreenTimeController\ScreenTimeController.csproj]
D:\workspace\ScreenTimeController\ChangePasswordForm.cs(78,24): warning CA1416: 鍙湪鎵€鏈夊钩鍙颁笂璁块棶姝よ皟鐢ㄧ珯鐐广€?Font" 浠呭湪 "windows" 6.1 鍙婃洿楂樼増鏈?涓婂彈鏀寔銆?(https://learn.microsoft.com/dotnet/fundamentals/code-analysis/quality-rules/ca1416) [D:\workspace\ScreenTimeController\ScreenTimeController.csproj]
D:\workspace\ScreenTimeController\MainForm.cs(147,17): warning CA1416: 鍙湪鎵€鏈夊钩鍙颁笂璁块棶姝よ皟鐢ㄧ珯鐐广€?Control.Location" 浠呭湪 "windows" 6.1 鍙婃洿楂樼増鏈?涓婂彈鏀寔銆?(https://learn.microsoft.com/dotnet/fundamentals/code-analysis/quality-rules/ca1416) [D:\workspace\ScreenTimeController\ScreenTimeController.csproj]
D:\workspace\ScreenTimeController\MainForm.cs(146,24): warning CA1416: 鍙湪鎵€鏈夊钩鍙颁笂璁块棶姝よ皟鐢ㄧ珯鐐广€?Font" 浠呭湪 "windows" 6.1 鍙婃洿楂樼増鏈?涓婂彈鏀寔銆?(https://learn.microsoft.com/dotnet/fundamentals/code-analysis/quality-rules/ca1416) [D:\workspace\ScreenTimeController\ScreenTimeController.csproj]
D:\workspace\ScreenTimeController\ChangePasswordForm.cs(66,35): warning CA1416: 鍙湪鎵€鏈夊钩鍙颁笂璁块棶姝よ皟鐢ㄧ珯鐐广€?TextBox" 浠呭湪 "windows" 6.1 鍙婃洿楂樼増鏈?涓婂彈鏀寔銆?(https://learn.microsoft.com/dotnet/fundamentals/code-analysis/quality-rules/ca1416) [D:\workspace\ScreenTimeController\ScreenTimeController.csproj]
D:\workspace\ScreenTimeController\MainForm.cs(125,17): warning CA1416: 鍙湪鎵€鏈夊钩鍙颁笂璁块棶姝よ皟鐢ㄧ珯鐐广€?Label.Text" 浠呭湪 "windows" 6.1 鍙婃洿楂樼増鏈?涓婂彈鏀寔銆?(https://learn.microsoft.com/dotnet/fundamentals/code-analysis/quality-rules/ca1416) [D:\workspace\ScreenTimeController\ScreenTimeController.csproj]
D:\workspace\ScreenTimeController\ChangePasswordForm.cs(103,13): warning CA1416: 鍙湪鎵€鏈夊钩鍙颁笂璁块棶姝よ皟鐢ㄧ珯鐐广€?FlatButtonAppearance.BorderSize" 浠呭湪 "windows" 6.1 鍙婃洿楂樼増鏈?涓婂彈鏀寔銆?(https://learn.microsoft.com/dotnet/fundamentals/code-analysis/quality-rules/ca1416) [D:\workspace\ScreenTimeController\ScreenTimeController.csproj]
D:\workspace\ScreenTimeController\MainForm.cs(169,13): warning CA1416: 鍙湪鎵€鏈夊钩鍙颁笂璁块棶姝よ皟鐢ㄧ珯鐐广€?Control.Click" 浠呭湪 "windows" 6.1 鍙婃洿楂樼増鏈?涓婂彈鏀寔銆?(https://learn.microsoft.com/dotnet/fundamentals/code-analysis/quality-rules/ca1416) [D:\workspace\ScreenTimeController\ScreenTimeController.csproj]
D:\workspace\ScreenTimeController\ChangePasswordForm.cs(64,13): warning CA1416: 鍙湪鎵€鏈夊钩鍙颁笂璁块棶姝よ皟鐢ㄧ珯鐐广€?Control.ControlCollection.Add(Control?)" 浠呭湪 "windows" 6.1 鍙婃洿楂樼増鏈?涓婂彈鏀寔銆?(https://learn.microsoft.com/dotnet/fundamentals/code-analysis/quality-rules/ca1416) [D:\workspace\ScreenTimeController\ScreenTimeController.csproj]
D:\workspace\ScreenTimeController\ChangePasswordForm.cs(113,17): warning CA1416: 鍙湪鎵€鏈夊钩鍙颁笂璁块棶姝よ皟鐢ㄧ珯鐐广€?ButtonBase.BackColor" 浠呭湪 "windows" 6.1 鍙婃洿楂樼増鏈?涓婂彈鏀寔銆?(https://learn.microsoft.com/dotnet/fundamentals/code-analysis/quality-rules/ca1416) [D:\workspace\ScreenTimeController\ScreenTimeController.csproj]
D:\workspace\ScreenTimeController\MainForm.cs(95,13): warning CA1416: 鍙湪鎵€鏈夊钩鍙颁笂璁块棶姝よ皟鐢ㄧ珯鐐广€?Form.FormBorderStyle" 浠呭湪 "windows" 6.1 鍙婃洿楂樼増鏈?涓婂彈鏀寔銆?(https://learn.microsoft.com/dotnet/fundamentals/code-analysis/quality-rules/ca1416) [D:\workspace\ScreenTimeController\ScreenTimeController.csproj]
D:\workspace\ScreenTimeController\ChangePasswordForm.cs(78,49): warning CA1416: 鍙湪鎵€鏈夊钩鍙颁笂璁块棶姝よ皟鐢ㄧ珯鐐广€?FontStyle.Bold" 浠呭湪 "windows" 6.1 鍙婃洿楂樼増鏈?涓婂彈鏀寔銆?(https://learn.microsoft.com/dotnet/fundamentals/code-analysis/quality-rules/ca1416) [D:\workspace\ScreenTimeController\ScreenTimeController.csproj]
D:\workspace\ScreenTimeController\MainForm.cs(116,17): warning CA1416: 鍙湪鎵€鏈夊钩鍙颁笂璁块棶姝よ皟鐢ㄧ珯鐐广€?Control.Font" 浠呭湪 "windows" 6.1 鍙婃洿楂樼増鏈?涓婂彈鏀寔銆?(https://learn.microsoft.com/dotnet/fundamentals/code-analysis/quality-rules/ca1416) [D:\workspace\ScreenTimeController\ScreenTimeController.csproj]
D:\workspace\ScreenTimeController\MainForm.cs(166,17): warning CA1416: 鍙湪鎵€鏈夊钩鍙颁笂璁块棶姝よ皟鐢ㄧ珯鐐广€?ButtonBase.FlatStyle" 浠呭湪 "windows" 6.1 鍙婃洿楂樼増鏈?涓婂彈鏀寔銆?(https://learn.microsoft.com/dotnet/fundamentals/code-analysis/quality-rules/ca1416) [D:\workspace\ScreenTimeController\ScreenTimeController.csproj]
D:\workspace\ScreenTimeController\ChangePasswordForm.cs(60,24): warning CA1416: 鍙湪鎵€鏈夊钩鍙颁笂璁块棶姝よ皟鐢ㄧ珯鐐广€?Font" 浠呭湪 "windows" 6.1 鍙婃洿楂樼増鏈?涓婂彈鏀寔銆?(https://learn.microsoft.com/dotnet/fundamentals/code-analysis/quality-rules/ca1416) [D:\workspace\ScreenTimeController\ScreenTimeController.csproj]
D:\workspace\ScreenTimeController\ChangePasswordForm.cs(95,17): warning CA1416: 鍙湪鎵€鏈夊钩鍙颁笂璁块棶姝よ皟鐢ㄧ珯鐐广€?ButtonBase.Text" 浠呭湪 "windows" 6.1 鍙婃洿楂樼増鏈?涓婂彈鏀寔銆?(https://learn.microsoft.com/dotnet/fundamentals/code-analysis/quality-rules/ca1416) [D:\workspace\ScreenTimeController\ScreenTimeController.csproj]
D:\workspace\ScreenTimeController\ChangePasswordForm.cs(49,13): warning CA1416: 鍙湪鎵€鏈夊钩鍙颁笂璁块棶姝よ皟鐢ㄧ珯鐐广€?Form.Text" 浠呭湪 "windows" 6.1 鍙婃洿楂樼増鏈?涓婂彈鏀寔銆?(https://learn.microsoft.com/dotnet/fundamentals/code-analysis/quality-rules/ca1416) [D:\workspace\ScreenTimeController\ScreenTimeController.csproj]
D:\workspace\ScreenTimeController\MainForm.cs(130,13): warning CA1416: 鍙湪鎵€鏈夊钩鍙颁笂璁块棶姝よ皟鐢ㄧ珯鐐广€?Control.Controls" 浠呭湪 "windows" 6.1 鍙婃洿楂樼増鏈?涓婂彈鏀寔銆?(https://learn.microsoft.com/dotnet/fundamentals/code-analysis/quality-rules/ca1416) [D:\workspace\ScreenTimeController\ScreenTimeController.csproj]
D:\workspace\ScreenTimeController\MainForm.cs(126,24): warning CA1416: 鍙湪鎵€鏈夊钩鍙颁笂璁块棶姝よ皟鐢ㄧ珯鐐广€?Font" 浠呭湪 "windows" 6.1 鍙婃洿楂樼増鏈?涓婂彈鏀寔銆?(https://learn.microsoft.com/dotnet/fundamentals/code-analysis/quality-rules/ca1416) [D:\workspace\ScreenTimeController\ScreenTimeController.csproj]
D:\workspace\ScreenTimeController\ChangePasswordForm.cs(52,13): warning CA1416: 鍙湪鎵€鏈夊钩鍙颁笂璁块棶姝よ皟鐢ㄧ珯鐐广€?Form.MinimizeBox" 浠呭湪 "windows" 6.1 鍙婃洿楂樼増鏈?涓婂彈鏀寔銆?(https://learn.microsoft.com/dotnet/fundamentals/code-analysis/quality-rules/ca1416) [D:\workspace\ScreenTimeController\ScreenTimeController.csproj]
D:\workspace\ScreenTimeController\ChangePasswordForm.cs(107,29): warning CA1416: 鍙湪鎵€鏈夊钩鍙颁笂璁块棶姝よ皟鐢ㄧ珯鐐广€?Button" 浠呭湪 "windows" 6.1 鍙婃洿楂樼増鏈?涓婂彈鏀寔銆?(https://learn.microsoft.com/dotnet/fundamentals/code-analysis/quality-rules/ca1416) [D:\workspace\ScreenTimeController\ScreenTimeController.csproj]
D:\workspace\ScreenTimeController\MainForm.cs(106,17): warning CA1416: 鍙湪鎵€鏈夊钩鍙颁笂璁块棶姝よ皟鐢ㄧ珯鐐广€?Control.ForeColor" 浠呭湪 "windows" 6.1 鍙婃洿楂樼増鏈?涓婂彈鏀寔銆?(https://learn.microsoft.com/dotnet/fundamentals/code-analysis/quality-rules/ca1416) [D:\workspace\ScreenTimeController\ScreenTimeController.csproj]
D:\workspace\ScreenTimeController\ChangePasswordForm.cs(115,17): warning CA1416: 鍙湪鎵€鏈夊钩鍙颁笂璁块棶姝よ皟鐢ㄧ珯鐐广€?ButtonBase.FlatStyle" 浠呭湪 "windows" 6.1 鍙婃洿楂樼増鏈?涓婂彈鏀寔銆?(https://learn.microsoft.com/dotnet/fundamentals/code-analysis/quality-rules/ca1416) [D:\workspace\ScreenTimeController\ScreenTimeController.csproj]
D:\workspace\ScreenTimeController\MainForm.cs(201,17): warning CA1416: 鍙湪鎵€鏈夊钩鍙颁笂璁块棶姝よ皟鐢ㄧ珯鐐广€?Label.Text" 浠呭湪 "windows" 6.1 鍙婃洿楂樼増鏈?涓婂彈鏀寔銆?(https://learn.microsoft.com/dotnet/fundamentals/code-analysis/quality-rules/ca1416) [D:\workspace\ScreenTimeController\ScreenTimeController.csproj]
D:\workspace\ScreenTimeController\ChangePasswordForm.cs(97,17): warning CA1416: 鍙湪鎵€鏈夊钩鍙颁笂璁块棶姝よ皟鐢ㄧ珯鐐广€?Control.Location" 浠呭湪 "windows" 6.1 鍙婃洿楂樼増鏈?涓婂彈鏀寔銆?(https://learn.microsoft.com/dotnet/fundamentals/code-analysis/quality-rules/ca1416) [D:\workspace\ScreenTimeController\ScreenTimeController.csproj]
D:\workspace\ScreenTimeController\MainForm.cs(196,17): warning CA1416: 鍙湪鎵€鏈夊钩鍙颁笂璁块棶姝よ皟鐢ㄧ珯鐐广€?Label.Text" 浠呭湪 "windows" 6.1 鍙婃洿楂樼増鏈?涓婂彈鏀寔銆?(https://learn.microsoft.com/dotnet/fundamentals/code-analysis/quality-rules/ca1416) [D:\workspace\ScreenTimeController\ScreenTimeController.csproj]
D:\workspace\ScreenTimeController\ChangePasswordForm.cs(50,36): warning CA1416: 鍙湪鎵€鏈夊钩鍙颁笂璁块棶姝よ皟鐢ㄧ珯鐐广€?FormBorderStyle.FixedSingle" 浠呭湪 "windows" 6.1 鍙婃洿楂樼増鏈?涓婂彈鏀寔銆?(https://learn.microsoft.com/dotnet/fundamentals/code-analysis/quality-rules/ca1416) [D:\workspace\ScreenTimeController\ScreenTimeController.csproj]
D:\workspace\ScreenTimeController\MainForm.cs(104,17): warning CA1416: 鍙湪鎵€鏈夊钩鍙颁笂璁块棶姝よ皟鐢ㄧ珯鐐广€?Label.Text" 浠呭湪 "windows" 6.1 鍙婃洿楂樼増鏈?涓婂彈鏀寔銆?(https://learn.microsoft.com/dotnet/fundamentals/code-analysis/quality-rules/ca1416) [D:\workspace\ScreenTimeController\ScreenTimeController.csproj]
D:\workspace\ScreenTimeController\MainForm.cs(180,17): warning CA1416: 鍙湪鎵€鏈夊钩鍙颁笂璁块棶姝よ皟鐢ㄧ珯鐐广€?Control.Invoke(Action)" 浠呭湪 "windows" 6.1 鍙婃洿楂樼増鏈?涓婂彈鏀寔銆?(https://learn.microsoft.com/dotnet/fundamentals/code-analysis/quality-rules/ca1416) [D:\workspace\ScreenTimeController\ScreenTimeController.csproj]
D:\workspace\ScreenTimeController\MainForm.cs(136,17): warning CA1416: 鍙湪鎵€鏈夊钩鍙颁笂璁块棶姝よ皟鐢ㄧ珯鐐广€?Control.Font" 浠呭湪 "windows" 6.1 鍙婃洿楂樼増鏈?涓婂彈鏀寔銆?(https://learn.microsoft.com/dotnet/fundamentals/code-analysis/quality-rules/ca1416) [D:\workspace\ScreenTimeController\ScreenTimeController.csproj]
D:\workspace\ScreenTimeController\ChangePasswordForm.cs(82,13): warning CA1416: 鍙湪鎵€鏈夊钩鍙颁笂璁块棶姝よ皟鐢ㄧ珯鐐广€?Control.Controls" 浠呭湪 "windows" 6.1 鍙婃洿楂樼増鏈?涓婂彈鏀寔銆?(https://learn.microsoft.com/dotnet/fundamentals/code-analysis/quality-rules/ca1416) [D:\workspace\ScreenTimeController\ScreenTimeController.csproj]
D:\workspace\ScreenTimeController\MainForm.cs(148,17): warning CA1416: 鍙湪鎵€鏈夊钩鍙颁笂璁块棶姝よ皟鐢ㄧ珯鐐广€?Control.Size" 浠呭湪 "windows" 6.1 鍙婃洿楂樼増鏈?涓婂彈鏀寔銆?(https://learn.microsoft.com/dotnet/fundamentals/code-analysis/quality-rules/ca1416) [D:\workspace\ScreenTimeController\ScreenTimeController.csproj]
D:\workspace\ScreenTimeController\MainForm.cs(178,17): warning CA1416: 鍙湪鎵€鏈夊钩鍙颁笂璁块棶姝よ皟鐢ㄧ珯鐐广€?Control.InvokeRequired" 浠呭湪 "windows" 6.1 鍙婃洿楂樼増鏈?涓婂彈鏀寔銆?(https://learn.microsoft.com/dotnet/fundamentals/code-analysis/quality-rules/ca1416) [D:\workspace\ScreenTimeController\ScreenTimeController.csproj]
D:\workspace\ScreenTimeController\MainForm.cs(203,17): warning CA1416: 鍙湪鎵€鏈夊钩鍙颁笂璁块棶姝よ皟鐢ㄧ珯鐐广€?Label.Text" 浠呭湪 "windows" 6.1 鍙婃洿楂樼増鏈?涓婂彈鏀寔銆?(https://learn.microsoft.com/dotnet/fundamentals/code-analysis/quality-rules/ca1416) [D:\workspace\ScreenTimeController\ScreenTimeController.csproj]
D:\workspace\ScreenTimeController\ChangePasswordForm.cs(119,13): warning CA1416: 鍙湪鎵€鏈夊钩鍙颁笂璁块棶姝よ皟鐢ㄧ珯鐐广€?Control.ControlCollection.Add(Control?)" 浠呭湪 "windows" 6.1 鍙婃洿楂樼増鏈?涓婂彈鏀寔銆?(https://learn.microsoft.com/dotnet/fundamentals/code-analysis/quality-rules/ca1416) [D:\workspace\ScreenTimeController\ScreenTimeController.csproj]
D:\workspace\ScreenTimeController\MainForm.cs(193,17): warning CA1416: 鍙湪鎵€鏈夊钩鍙颁笂璁块棶姝よ皟鐢ㄧ珯鐐广€?Label.Text" 浠呭湪 "windows" 6.1 鍙婃洿楂樼増鏈?涓婂彈鏀寔銆?(https://learn.microsoft.com/dotnet/fundamentals/code-analysis/quality-rules/ca1416) [D:\workspace\ScreenTimeController\ScreenTimeController.csproj]
D:\workspace\ScreenTimeController\MainForm.cs(110,13): warning CA1416: 鍙湪鎵€鏈夊钩鍙颁笂璁块棶姝よ皟鐢ㄧ珯鐐广€?Control.ControlCollection.Add(Control?)" 浠呭湪 "windows" 6.1 鍙婃洿楂樼増鏈?涓婂彈鏀寔銆?(https://learn.microsoft.com/dotnet/fundamentals/code-analysis/quality-rules/ca1416) [D:\workspace\ScreenTimeController\ScreenTimeController.csproj]
D:\workspace\ScreenTimeController\MainForm.cs(192,17): warning CA1416: 鍙湪鎵€鏈夊钩鍙颁笂璁块棶姝よ皟鐢ㄧ珯鐐广€?Label.Text" 浠呭湪 "windows" 6.1 鍙婃洿楂樼増鏈?涓婂彈鏀寔銆?(https://learn.microsoft.com/dotnet/fundamentals/code-analysis/quality-rules/ca1416) [D:\workspace\ScreenTimeController\ScreenTimeController.csproj]
D:\workspace\ScreenTimeController\MainForm.cs(202,17): warning CA1416: 鍙湪鎵€鏈夊钩鍙颁笂璁块棶姝よ皟鐢ㄧ珯鐐广€?Label.Text" 浠呭湪 "windows" 6.1 鍙婃洿楂樼増鏈?涓婂彈鏀寔銆?(https://learn.microsoft.com/dotnet/fundamentals/code-analysis/quality-rules/ca1416) [D:\workspace\ScreenTimeController\ScreenTimeController.csproj]
D:\workspace\ScreenTimeController\MainForm.cs(162,17): warning CA1416: 鍙湪鎵€鏈夊钩鍙颁笂璁块棶姝よ皟鐢ㄧ珯鐐广€?Control.Location" 浠呭湪 "windows" 6.1 鍙婃洿楂樼増鏈?涓婂彈鏀寔銆?(https://learn.microsoft.com/dotnet/fundamentals/code-analysis/quality-rules/ca1416) [D:\workspace\ScreenTimeController\ScreenTimeController.csproj]
D:\workspace\ScreenTimeController\MainForm.cs(154,13): warning CA1416: 鍙湪鎵€鏈夊钩鍙颁笂璁块棶姝よ皟鐢ㄧ珯鐐广€?Control.Click" 浠呭湪 "windows" 6.1 鍙婃洿楂樼増鏈?涓婂彈鏀寔銆?(https://learn.microsoft.com/dotnet/fundamentals/code-analysis/quality-rules/ca1416) [D:\workspace\ScreenTimeController\ScreenTimeController.csproj]
D:\workspace\ScreenTimeController\MainForm.cs(153,13): warning CA1416: 鍙湪鎵€鏈夊钩鍙颁笂璁块棶姝よ皟鐢ㄧ珯鐐广€?ButtonBase.FlatAppearance" 浠呭湪 "windows" 6.1 鍙婃洿楂樼増鏈?涓婂彈鏀寔銆?(https://learn.microsoft.com/dotnet/fundamentals/code-analysis/quality-rules/ca1416) [D:\workspace\ScreenTimeController\ScreenTimeController.csproj]
D:\workspace\ScreenTimeController\MainForm.cs(146,17): warning CA1416: 鍙湪鎵€鏈夊钩鍙颁笂璁块棶姝よ皟鐢ㄧ珯鐐广€?Control.Font" 浠呭湪 "windows" 6.1 鍙婃洿楂樼増鏈?涓婂彈鏀寔銆?(https://learn.microsoft.com/dotnet/fundamentals/code-analysis/quality-rules/ca1416) [D:\workspace\ScreenTimeController\ScreenTimeController.csproj]
D:\workspace\ScreenTimeController\ChangePasswordForm.cs(53,13): warning CA1416: 鍙湪鎵€鏈夊钩鍙颁笂璁块棶姝よ皟鐢ㄧ珯鐐广€?Form.StartPosition" 浠呭湪 "windows" 6.1 鍙婃洿楂樼増鏈?涓婂彈鏀寔銆?(https://learn.microsoft.com/dotnet/fundamentals/code-analysis/quality-rules/ca1416) [D:\workspace\ScreenTimeController\ScreenTimeController.csproj]
D:\workspace\ScreenTimeController\MainForm.cs(128,17): warning CA1416: 鍙湪鎵€鏈夊钩鍙颁笂璁块棶姝よ皟鐢ㄧ珯鐐广€?Label.AutoSize" 浠呭湪 "windows" 6.1 鍙婃洿楂樼増鏈?涓婂彈鏀寔銆?(https://learn.microsoft.com/dotnet/fundamentals/code-analysis/quality-rules/ca1416) [D:\workspace\ScreenTimeController\ScreenTimeController.csproj]
D:\workspace\ScreenTimeController\MainForm.cs(94,13): warning CA1416: 鍙湪鎵€鏈夊钩鍙颁笂璁块棶姝よ皟鐢ㄧ珯鐐广€?Form.ClientSize" 浠呭湪 "windows" 6.1 鍙婃洿楂樼増鏈?涓婂彈鏀寔銆?(https://learn.microsoft.com/dotnet/fundamentals/code-analysis/quality-rules/ca1416) [D:\workspace\ScreenTimeController\ScreenTimeController.csproj]
D:\workspace\ScreenTimeController\MainForm.cs(143,31): warning CA1416: 鍙湪鎵€鏈夊钩鍙颁笂璁块棶姝よ皟鐢ㄧ珯鐐广€?Button" 浠呭湪 "windows" 6.1 鍙婃洿楂樼増鏈?涓婂彈鏀寔銆?(https://learn.microsoft.com/dotnet/fundamentals/code-analysis/quality-rules/ca1416) [D:\workspace\ScreenTimeController\ScreenTimeController.csproj]
D:\workspace\ScreenTimeController\MainForm.cs(127,17): warning CA1416: 鍙湪鎵€鏈夊钩鍙颁笂璁块棶姝よ皟鐢ㄧ珯鐐广€?Control.Location" 浠呭湪 "windows" 6.1 鍙婃洿楂樼増鏈?涓婂彈鏀寔銆?(https://learn.microsoft.com/dotnet/fundamentals/code-analysis/quality-rules/ca1416) [D:\workspace\ScreenTimeController\ScreenTimeController.csproj]
D:\workspace\ScreenTimeController\MainForm.cs(98,13): warning CA1416: 鍙湪鎵€鏈夊钩鍙颁笂璁块棶姝よ皟鐢ㄧ珯鐐广€?Form.StartPosition" 浠呭湪 "windows" 6.1 鍙婃洿楂樼増鏈?涓婂彈鏀寔銆?(https://learn.microsoft.com/dotnet/fundamentals/code-analysis/quality-rules/ca1416) [D:\workspace\ScreenTimeController\ScreenTimeController.csproj]
D:\workspace\ScreenTimeController\MainForm.cs(105,49): warning CA1416: 鍙湪鎵€鏈夊钩鍙颁笂璁块棶姝よ皟鐢ㄧ珯鐐广€?FontStyle.Bold" 浠呭湪 "windows" 6.1 鍙婃洿楂樼増鏈?涓婂彈鏀寔銆?(https://learn.microsoft.com/dotnet/fundamentals/code-analysis/quality-rules/ca1416) [D:\workspace\ScreenTimeController\ScreenTimeController.csproj]
D:\workspace\ScreenTimeController\MainForm.cs(113,27): warning CA1416: 鍙湪鎵€鏈夊钩鍙颁笂璁块棶姝よ皟鐢ㄧ珯鐐广€?Label" 浠呭湪 "windows" 6.1 鍙婃洿楂樼増鏈?涓婂彈鏀寔銆?(https://learn.microsoft.com/dotnet/fundamentals/code-analysis/quality-rules/ca1416) [D:\workspace\ScreenTimeController\ScreenTimeController.csproj]
D:\workspace\ScreenTimeController\MainForm.cs(99,13): warning CA1416: 鍙湪鎵€鏈夊钩鍙颁笂璁块棶姝よ皟鐢ㄧ珯鐐广€?Form.BackColor" 浠呭湪 "windows" 6.1 鍙婃洿楂樼増鏈?涓婂彈鏀寔銆?(https://learn.microsoft.com/dotnet/fundamentals/code-analysis/quality-rules/ca1416) [D:\workspace\ScreenTimeController\ScreenTimeController.csproj]
D:\workspace\ScreenTimeController\ChangePasswordForm.cs(80,17): warning CA1416: 鍙湪鎵€鏈夊钩鍙颁笂璁块棶姝よ皟鐢ㄧ珯鐐广€?Label.AutoSize" 浠呭湪 "windows" 6.1 鍙婃洿楂樼増鏈?涓婂彈鏀寔銆?(https://learn.microsoft.com/dotnet/fundamentals/code-analysis/quality-rules/ca1416) [D:\workspace\ScreenTimeController\ScreenTimeController.csproj]
D:\workspace\ScreenTimeController\MainForm.cs(168,13): warning CA1416: 鍙湪鎵€鏈夊钩鍙颁笂璁块棶姝よ皟鐢ㄧ珯鐐广€?FlatButtonAppearance.BorderSize" 浠呭湪 "windows" 6.1 鍙婃洿楂樼増鏈?涓婂彈鏀寔銆?(https://learn.microsoft.com/dotnet/fundamentals/code-analysis/quality-rules/ca1416) [D:\workspace\ScreenTimeController\ScreenTimeController.csproj]
D:\workspace\ScreenTimeController\MainForm.cs(155,13): warning CA1416: 鍙湪鎵€鏈夊钩鍙颁笂璁块棶姝よ皟鐢ㄧ珯鐐广€?Control.Controls" 浠呭湪 "windows" 6.1 鍙婃洿楂樼増鏈?涓婂彈鏀寔銆?(https://learn.microsoft.com/dotnet/fundamentals/code-analysis/quality-rules/ca1416) [D:\workspace\ScreenTimeController\ScreenTimeController.csproj]
D:\workspace\ScreenTimeController\MainForm.cs(93,13): warning CA1416: 鍙湪鎵€鏈夊钩鍙颁笂璁块棶姝よ皟鐢ㄧ珯鐐广€?Form.Text" 浠呭湪 "windows" 6.1 鍙婃洿楂樼増鏈?涓婂彈鏀寔銆?(https://learn.microsoft.com/dotnet/fundamentals/code-analysis/quality-rules/ca1416) [D:\workspace\ScreenTimeController\ScreenTimeController.csproj]
D:\workspace\ScreenTimeController\MainForm.cs(117,17): warning CA1416: 鍙湪鎵€鏈夊钩鍙颁笂璁块棶姝よ皟鐢ㄧ珯鐐广€?Control.Location" 浠呭湪 "windows" 6.1 鍙婃洿楂樼増鏈?涓婂彈鏀寔銆?(https://learn.microsoft.com/dotnet/fundamentals/code-analysis/quality-rules/ca1416) [D:\workspace\ScreenTimeController\ScreenTimeController.csproj]
D:\workspace\ScreenTimeController\MainForm.cs(116,24): warning CA1416: 鍙湪鎵€鏈夊钩鍙颁笂璁块棶姝よ皟鐢ㄧ珯鐐广€?Font" 浠呭湪 "windows" 6.1 鍙婃洿楂樼増鏈?涓婂彈鏀寔銆?(https://learn.microsoft.com/dotnet/fundamentals/code-analysis/quality-rules/ca1416) [D:\workspace\ScreenTimeController\ScreenTimeController.csproj]
D:\workspace\ScreenTimeController\MainForm.cs(107,17): warning CA1416: 鍙湪鎵€鏈夊钩鍙颁笂璁块棶姝よ皟鐢ㄧ珯鐐广€?Control.Location" 浠呭湪 "windows" 6.1 鍙婃洿楂樼増鏈?涓婂彈鏀寔銆?(https://learn.microsoft.com/dotnet/fundamentals/code-analysis/quality-rules/ca1416) [D:\workspace\ScreenTimeController\ScreenTimeController.csproj]
D:\workspace\ScreenTimeController\MainForm.cs(102,28): warning CA1416: 鍙湪鎵€鏈夊钩鍙颁笂璁块棶姝よ皟鐢ㄧ珯鐐广€?Label" 浠呭湪 "windows" 6.1 鍙婃洿楂樼増鏈?涓婂彈鏀寔銆?(https://learn.microsoft.com/dotnet/fundamentals/code-analysis/quality-rules/ca1416) [D:\workspace\ScreenTimeController\ScreenTimeController.csproj]
D:\workspace\ScreenTimeController\MainForm.cs(123,27): warning CA1416: 鍙湪鎵€鏈夊钩鍙颁笂璁块棶姝よ皟鐢ㄧ珯鐐广€?Label" 浠呭湪 "windows" 6.1 鍙婃洿楂樼増鏈?涓婂彈鏀寔銆?(https://learn.microsoft.com/dotnet/fundamentals/code-analysis/quality-rules/ca1416) [D:\workspace\ScreenTimeController\ScreenTimeController.csproj]
D:\workspace\ScreenTimeController\MainForm.cs(155,13): warning CA1416: 鍙湪鎵€鏈夊钩鍙颁笂璁块棶姝よ皟鐢ㄧ珯鐐广€?Control.ControlCollection.Add(Control?)" 浠呭湪 "windows" 6.1 鍙婃洿楂樼増鏈?涓婂彈鏀寔銆?(https://learn.microsoft.com/dotnet/fundamentals/code-analysis/quality-rules/ca1416) [D:\workspace\ScreenTimeController\ScreenTimeController.csproj]
D:\workspace\ScreenTimeController\ChangePasswordForm.cs(93,25): warning CA1416: 鍙湪鎵€鏈夊钩鍙颁笂璁块棶姝よ皟鐢ㄧ珯鐐广€?Button" 浠呭湪 "windows" 6.1 鍙婃洿楂樼増鏈?涓婂彈鏀寔銆?(https://learn.microsoft.com/dotnet/fundamentals/code-analysis/quality-rules/ca1416) [D:\workspace\ScreenTimeController\ScreenTimeController.csproj]
D:\workspace\ScreenTimeController\MainForm.cs(97,13): warning CA1416: 鍙湪鎵€鏈夊钩鍙颁笂璁块棶姝よ皟鐢ㄧ珯鐐广€?Form.MinimizeBox" 浠呭湪 "windows" 6.1 鍙婃洿楂樼増鏈?涓婂彈鏀寔銆?(https://learn.microsoft.com/dotnet/fundamentals/code-analysis/quality-rules/ca1416) [D:\workspace\ScreenTimeController\ScreenTimeController.csproj]
D:\workspace\ScreenTimeController\MainForm.cs(149,17): warning CA1416: 鍙湪鎵€鏈夊钩鍙颁笂璁块棶姝よ皟鐢ㄧ珯鐐广€?ButtonBase.BackColor" 浠呭湪 "windows" 6.1 鍙婃洿楂樼増鏈?涓婂彈鏀寔銆?(https://learn.microsoft.com/dotnet/fundamentals/code-analysis/quality-rules/ca1416) [D:\workspace\ScreenTimeController\ScreenTimeController.csproj]
D:\workspace\ScreenTimeController\MainForm.cs(120,13): warning CA1416: 鍙湪鎵€鏈夊钩鍙颁笂璁块棶姝よ皟鐢ㄧ珯鐐广€?Control.ControlCollection.Add(Control?)" 浠呭湪 "windows" 6.1 鍙婃洿楂樼増鏈?涓婂彈鏀寔銆?(https://learn.microsoft.com/dotnet/fundamentals/code-analysis/quality-rules/ca1416) [D:\workspace\ScreenTimeController\ScreenTimeController.csproj]
D:\workspace\ScreenTimeController\MainForm.cs(145,17): warning CA1416: 鍙湪鎵€鏈夊钩鍙颁笂璁块棶姝よ皟鐢ㄧ珯鐐广€?ButtonBase.Text" 浠呭湪 "windows" 6.1 鍙婃洿楂樼増鏈?涓婂彈鏀寔銆?(https://learn.microsoft.com/dotnet/fundamentals/code-analysis/quality-rules/ca1416) [D:\workspace\ScreenTimeController\ScreenTimeController.csproj]
D:\workspace\ScreenTimeController\MainForm.cs(110,13): warning CA1416: 鍙湪鎵€鏈夊钩鍙颁笂璁块棶姝よ皟鐢ㄧ珯鐐广€?Control.Controls" 浠呭湪 "windows" 6.1 鍙婃洿楂樼増鏈?涓婂彈鏀寔銆?(https://learn.microsoft.com/dotnet/fundamentals/code-analysis/quality-rules/ca1416) [D:\workspace\ScreenTimeController\ScreenTimeController.csproj]
D:\workspace\ScreenTimeController\ChangePasswordForm.cs(88,17): warning CA1416: 鍙湪鎵€鏈夊钩鍙颁笂璁块棶姝よ皟鐢ㄧ珯鐐广€?Control.Size" 浠呭湪 "windows" 6.1 鍙婃洿楂樼増鏈?涓婂彈鏀寔銆?(https://learn.microsoft.com/dotnet/fundamentals/code-analysis/quality-rules/ca1416) [D:\workspace\ScreenTimeController\ScreenTimeController.csproj]
D:\workspace\ScreenTimeController\MainForm.cs(120,13): warning CA1416: 鍙湪鎵€鏈夊钩鍙颁笂璁块棶姝よ皟鐢ㄧ珯鐐广€?Control.Controls" 浠呭湪 "windows" 6.1 鍙婃洿楂樼増鏈?涓婂彈鏀寔銆?(https://learn.microsoft.com/dotnet/fundamentals/code-analysis/quality-rules/ca1416) [D:\workspace\ScreenTimeController\ScreenTimeController.csproj]
D:\workspace\ScreenTimeController\MainForm.cs(163,17): warning CA1416: 鍙湪鎵€鏈夊钩鍙颁笂璁块棶姝よ皟鐢ㄧ珯鐐广€?Control.Size" 浠呭湪 "windows" 6.1 鍙婃洿楂樼増鏈?涓婂彈鏀寔銆?(https://learn.microsoft.com/dotnet/fundamentals/code-analysis/quality-rules/ca1416) [D:\workspace\ScreenTimeController\ScreenTimeController.csproj]
D:\workspace\ScreenTimeController\ChangePasswordForm.cs(57,23): warning CA1416: 鍙湪鎵€鏈夊钩鍙颁笂璁块棶姝よ皟鐢ㄧ珯鐐广€?Label" 浠呭湪 "windows" 6.1 鍙婃洿楂樼増鏈?涓婂彈鏀寔銆?(https://learn.microsoft.com/dotnet/fundamentals/code-analysis/quality-rules/ca1416) [D:\workspace\ScreenTimeController\ScreenTimeController.csproj]
D:\workspace\ScreenTimeController\MainForm.cs(105,24): warning CA1416: 鍙湪鎵€鏈夊钩鍙颁笂璁块棶姝よ皟鐢ㄧ珯鐐广€?Font" 浠呭湪 "windows" 6.1 鍙婃洿楂樼増鏈?涓婂彈鏀寔銆?(https://learn.microsoft.com/dotnet/fundamentals/code-analysis/quality-rules/ca1416) [D:\workspace\ScreenTimeController\ScreenTimeController.csproj]
D:\workspace\ScreenTimeController\MainForm.cs(115,17): warning CA1416: 鍙湪鎵€鏈夊钩鍙颁笂璁块棶姝よ皟鐢ㄧ珯鐐广€?Label.Text" 浠呭湪 "windows" 6.1 鍙婃洿楂樼増鏈?涓婂彈鏀寔銆?(https://learn.microsoft.com/dotnet/fundamentals/code-analysis/quality-rules/ca1416) [D:\workspace\ScreenTimeController\ScreenTimeController.csproj]
D:\workspace\ScreenTimeController\MainForm.cs(151,17): warning CA1416: 鍙湪鎵€鏈夊钩鍙颁笂璁块棶姝よ皟鐢ㄧ珯鐐广€?ButtonBase.FlatStyle" 浠呭湪 "windows" 6.1 鍙婃洿楂樼増鏈?涓婂彈鏀寔銆?(https://learn.microsoft.com/dotnet/fundamentals/code-analysis/quality-rules/ca1416) [D:\workspace\ScreenTimeController\ScreenTimeController.csproj]
D:\workspace\ScreenTimeController\MainForm.cs(130,13): warning CA1416: 鍙湪鎵€鏈夊钩鍙颁笂璁块棶姝よ皟鐢ㄧ珯鐐广€?Control.ControlCollection.Add(Control?)" 浠呭湪 "windows" 6.1 鍙婃洿楂樼増鏈?涓婂彈鏀寔銆?(https://learn.microsoft.com/dotnet/fundamentals/code-analysis/quality-rules/ca1416) [D:\workspace\ScreenTimeController\ScreenTimeController.csproj]
D:\workspace\ScreenTimeController\MainForm.cs(166,29): warning CA1416: 鍙湪鎵€鏈夊钩鍙颁笂璁块棶姝よ皟鐢ㄧ珯鐐广€?FlatStyle.Flat" 浠呭湪 "windows" 6.1 鍙婃洿楂樼増鏈?涓婂彈鏀寔銆?(https://learn.microsoft.com/dotnet/fundamentals/code-analysis/quality-rules/ca1416) [D:\workspace\ScreenTimeController\ScreenTimeController.csproj]
D:\workspace\ScreenTimeController\MainForm.cs(140,13): warning CA1416: 鍙湪鎵€鏈夊钩鍙颁笂璁块棶姝よ皟鐢ㄧ珯鐐广€?Control.Controls" 浠呭湪 "windows" 6.1 鍙婃洿楂樼増鏈?涓婂彈鏀寔銆?(https://learn.microsoft.com/dotnet/fundamentals/code-analysis/quality-rules/ca1416) [D:\workspace\ScreenTimeController\ScreenTimeController.csproj]
D:\workspace\ScreenTimeController\MainForm.cs(105,17): warning CA1416: 鍙湪鎵€鏈夊钩鍙颁笂璁块棶姝よ皟鐢ㄧ珯鐐广€?Control.Font" 浠呭湪 "windows" 6.1 鍙婃洿楂樼増鏈?涓婂彈鏀寔銆?(https://learn.microsoft.com/dotnet/fundamentals/code-analysis/quality-rules/ca1416) [D:\workspace\ScreenTimeController\ScreenTimeController.csproj]
D:\workspace\ScreenTimeController\ChangePasswordForm.cs(112,17): warning CA1416: 鍙湪鎵€鏈夊钩鍙颁笂璁块棶姝よ皟鐢ㄧ珯鐐广€?Control.Size" 浠呭湪 "windows" 6.1 鍙婃洿楂樼増鏈?涓婂彈鏀寔銆?(https://learn.microsoft.com/dotnet/fundamentals/code-analysis/quality-rules/ca1416) [D:\workspace\ScreenTimeController\ScreenTimeController.csproj]
D:\workspace\ScreenTimeController\MainForm.cs(96,13): warning CA1416: 鍙湪鎵€鏈夊钩鍙颁笂璁块棶姝よ皟鐢ㄧ珯鐐广€?Form.MaximizeBox" 浠呭湪 "windows" 6.1 鍙婃洿楂樼増鏈?涓婂彈鏀寔銆?(https://learn.microsoft.com/dotnet/fundamentals/code-analysis/quality-rules/ca1416) [D:\workspace\ScreenTimeController\ScreenTimeController.csproj]
D:\workspace\ScreenTimeController\ChangePasswordForm.cs(77,17): warning CA1416: 鍙湪鎵€鏈夊钩鍙颁笂璁块棶姝よ皟鐢ㄧ珯鐐广€?Label.Text" 浠呭湪 "windows" 6.1 鍙婃洿楂樼増鏈?涓婂彈鏀寔銆?(https://learn.microsoft.com/dotnet/fundamentals/code-analysis/quality-rules/ca1416) [D:\workspace\ScreenTimeController\ScreenTimeController.csproj]
D:\workspace\ScreenTimeController\ChangePasswordForm.cs(54,13): warning CA1416: 鍙湪鎵€鏈夊钩鍙颁笂璁块棶姝よ皟鐢ㄧ珯鐐广€?Form.BackColor" 浠呭湪 "windows" 6.1 鍙婃洿楂樼増鏈?涓婂彈鏀寔銆?(https://learn.microsoft.com/dotnet/fundamentals/code-analysis/quality-rules/ca1416) [D:\workspace\ScreenTimeController\ScreenTimeController.csproj]
D:\workspace\ScreenTimeController\ChangePasswordForm.cs(119,13): warning CA1416: 鍙湪鎵€鏈夊钩鍙颁笂璁块棶姝よ皟鐢ㄧ珯鐐广€?Control.Controls" 浠呭湪 "windows" 6.1 鍙婃洿楂樼増鏈?涓婂彈鏀寔銆?(https://learn.microsoft.com/dotnet/fundamentals/code-analysis/quality-rules/ca1416) [D:\workspace\ScreenTimeController\ScreenTimeController.csproj]
D:\workspace\ScreenTimeController\ChangePasswordForm.cs(86,17): warning CA1416: 鍙湪鎵€鏈夊钩鍙颁笂璁块棶姝よ皟鐢ㄧ珯鐐广€?TextBox.PasswordChar" 浠呭湪 "windows" 6.1 鍙婃洿楂樼増鏈?涓婂彈鏀寔銆?(https://learn.microsoft.com/dotnet/fundamentals/code-analysis/quality-rules/ca1416) [D:\workspace\ScreenTimeController\ScreenTimeController.csproj]
D:\workspace\ScreenTimeController\MainForm.cs(270,13): warning CA1416: 鍙湪鎵€鏈夊钩鍙颁笂璁块棶姝よ皟鐢ㄧ珯鐐广€?NotifyIcon.ShowBalloonTip(int, string, string, ToolTipIcon)" 浠呭湪 "windows" 6.1 鍙婃洿楂樼増鏈?涓婂彈鏀寔銆?(https://learn.microsoft.com/dotnet/fundamentals/code-analysis/quality-rules/ca1416) [D:\workspace\ScreenTimeController\ScreenTimeController.csproj]
D:\workspace\ScreenTimeController\ChangePasswordForm.cs(111,17): warning CA1416: 鍙湪鎵€鏈夊钩鍙颁笂璁块棶姝よ皟鐢ㄧ珯鐐广€?Control.Location" 浠呭湪 "windows" 6.1 鍙婃洿楂樼増鏈?涓婂彈鏀寔銆?(https://learn.microsoft.com/dotnet/fundamentals/code-analysis/quality-rules/ca1416) [D:\workspace\ScreenTimeController\ScreenTimeController.csproj]
D:\workspace\ScreenTimeController\MainForm.cs(270,113): warning CA1416: 鍙湪鎵€鏈夊钩鍙颁笂璁块棶姝よ皟鐢ㄧ珯鐐广€?ToolTipIcon.Warning" 浠呭湪 "windows" 6.1 鍙婃洿楂樼増鏈?涓婂彈鏀寔銆?(https://learn.microsoft.com/dotnet/fundamentals/code-analysis/quality-rules/ca1416) [D:\workspace\ScreenTimeController\ScreenTimeController.csproj]
D:\workspace\ScreenTimeController\ChangePasswordForm.cs(62,17): warning CA1416: 鍙湪鎵€鏈夊钩鍙颁笂璁块棶姝よ皟鐢ㄧ珯鐐广€?Label.AutoSize" 浠呭湪 "windows" 6.1 鍙婃洿楂樼増鏈?涓婂彈鏀寔銆?(https://learn.microsoft.com/dotnet/fundamentals/code-analysis/quality-rules/ca1416) [D:\workspace\ScreenTimeController\ScreenTimeController.csproj]
D:\workspace\ScreenTimeController\MainForm.cs(275,13): warning CA1416: 鍙湪鎵€鏈夊钩鍙颁笂璁块棶姝よ皟鐢ㄧ珯鐐广€?NotifyIcon.ShowBalloonTip(int, string, string, ToolTipIcon)" 浠呭湪 "windows" 6.1 鍙婃洿楂樼増鏈?涓婂彈鏀寔銆?(https://learn.microsoft.com/dotnet/fundamentals/code-analysis/quality-rules/ca1416) [D:\workspace\ScreenTimeController\ScreenTimeController.csproj]
D:\workspace\ScreenTimeController\ChangePasswordForm.cs(89,17): warning CA1416: 鍙湪鎵€鏈夊钩鍙颁笂璁块棶姝よ皟鐢ㄧ珯鐐广€?Control.Font" 浠呭湪 "windows" 6.1 鍙婃洿楂樼増鏈?涓婂彈鏀寔銆?(https://learn.microsoft.com/dotnet/fundamentals/code-analysis/quality-rules/ca1416) [D:\workspace\ScreenTimeController\ScreenTimeController.csproj]
D:\workspace\ScreenTimeController\MainForm.cs(275,63): warning CA1416: 鍙湪鎵€鏈夊钩鍙颁笂璁块棶姝よ皟鐢ㄧ珯鐐广€?ToolTipIcon.Info" 浠呭湪 "windows" 6.1 鍙婃洿楂樼増鏈?涓婂彈鏀寔銆?(https://learn.microsoft.com/dotnet/fundamentals/code-analysis/quality-rules/ca1416) [D:\workspace\ScreenTimeController\ScreenTimeController.csproj]
D:\workspace\ScreenTimeController\ChangePasswordForm.cs(101,17): warning CA1416: 鍙湪鎵€鏈夊钩鍙颁笂璁块棶姝よ皟鐢ㄧ珯鐐广€?ButtonBase.FlatStyle" 浠呭湪 "windows" 6.1 鍙婃洿楂樼増鏈?涓婂彈鏀寔銆?(https://learn.microsoft.com/dotnet/fundamentals/code-analysis/quality-rules/ca1416) [D:\workspace\ScreenTimeController\ScreenTimeController.csproj]
D:\workspace\ScreenTimeController\ChangePasswordForm.cs(47,13): warning CA1416: 鍙湪鎵€鏈夊钩鍙颁笂璁块棶姝よ皟鐢ㄧ珯鐐广€?ContainerControl.AutoScaleMode" 浠呭湪 "windows" 6.1 鍙婃洿楂樼増鏈?涓婂彈鏀寔銆?(https://learn.microsoft.com/dotnet/fundamentals/code-analysis/quality-rules/ca1416) [D:\workspace\ScreenTimeController\ScreenTimeController.csproj]
D:\workspace\ScreenTimeController\ChangePasswordForm.cs(109,17): warning CA1416: 鍙湪鎵€鏈夊钩鍙颁笂璁块棶姝よ皟鐢ㄧ珯鐐广€?ButtonBase.Text" 浠呭湪 "windows" 6.1 鍙婃洿楂樼増鏈?涓婂彈鏀寔銆?(https://learn.microsoft.com/dotnet/fundamentals/code-analysis/quality-rules/ca1416) [D:\workspace\ScreenTimeController\ScreenTimeController.csproj]
D:\workspace\ScreenTimeController\ChangePasswordForm.cs(73,13): warning CA1416: 鍙湪鎵€鏈夊钩鍙颁笂璁块棶姝よ皟鐢ㄧ珯鐐广€?Control.ControlCollection.Add(Control?)" 浠呭湪 "windows" 6.1 鍙婃洿楂樼増鏈?涓婂彈鏀寔銆?(https://learn.microsoft.com/dotnet/fundamentals/code-analysis/quality-rules/ca1416) [D:\workspace\ScreenTimeController\ScreenTimeController.csproj]
D:\workspace\ScreenTimeController\ChangePasswordForm.cs(70,17): warning CA1416: 鍙湪鎵€鏈夊钩鍙颁笂璁块棶姝よ皟鐢ㄧ珯鐐广€?Control.Size" 浠呭湪 "windows" 6.1 鍙婃洿楂樼増鏈?涓婂彈鏀寔銆?(https://learn.microsoft.com/dotnet/fundamentals/code-analysis/quality-rules/ca1416) [D:\workspace\ScreenTimeController\ScreenTimeController.csproj]
D:\workspace\ScreenTimeController\ChangePasswordForm.cs(117,13): warning CA1416: 鍙湪鎵€鏈夊钩鍙颁笂璁块棶姝よ皟鐢ㄧ珯鐐广€?ButtonBase.FlatAppearance" 浠呭湪 "windows" 6.1 鍙婃洿楂樼増鏈?涓婂彈鏀寔銆?(https://learn.microsoft.com/dotnet/fundamentals/code-analysis/quality-rules/ca1416) [D:\workspace\ScreenTimeController\ScreenTimeController.csproj]
D:\workspace\ScreenTimeController\ChangePasswordForm.cs(96,17): warning CA1416: 鍙湪鎵€鏈夊钩鍙颁笂璁块棶姝よ皟鐢ㄧ珯鐐广€?Control.Font" 浠呭湪 "windows" 6.1 鍙婃洿楂樼増鏈?涓婂彈鏀寔銆?(https://learn.microsoft.com/dotnet/fundamentals/code-analysis/quality-rules/ca1416) [D:\workspace\ScreenTimeController\ScreenTimeController.csproj]
D:\workspace\ScreenTimeController\MainForm.cs(158,27): warning CA1416: 鍙湪鎵€鏈夊钩鍙颁笂璁块棶姝よ皟鐢ㄧ珯鐐广€?Button" 浠呭湪 "windows" 6.1 鍙婃洿楂樼増鏈?涓婂彈鏀寔銆?(https://learn.microsoft.com/dotnet/fundamentals/code-analysis/quality-rules/ca1416) [D:\workspace\ScreenTimeController\ScreenTimeController.csproj]
D:\workspace\ScreenTimeController\ChangePasswordForm.cs(53,34): warning CA1416: 鍙湪鎵€鏈夊钩鍙颁笂璁块棶姝よ皟鐢ㄧ珯鐐广€?FormStartPosition.CenterScreen" 浠呭湪 "windows" 6.1 鍙婃洿楂樼増鏈?涓婂彈鏀寔銆?(https://learn.microsoft.com/dotnet/fundamentals/code-analysis/quality-rules/ca1416) [D:\workspace\ScreenTimeController\ScreenTimeController.csproj]
D:\workspace\ScreenTimeController\ChangePasswordForm.cs(51,13): warning CA1416: 鍙湪鎵€鏈夊钩鍙颁笂璁块棶姝よ皟鐢ㄧ珯鐐广€?Form.MaximizeBox" 浠呭湪 "windows" 6.1 鍙婃洿楂樼増鏈?涓婂彈鏀寔銆?(https://learn.microsoft.com/dotnet/fundamentals/code-analysis/quality-rules/ca1416) [D:\workspace\ScreenTimeController\ScreenTimeController.csproj]
D:\workspace\ScreenTimeController\MainForm.cs(280,27): warning CA1416: 鍙湪鎵€鏈夊钩鍙颁笂璁块棶姝よ皟鐢ㄧ珯鐐广€?FormWindowState.Normal" 浠呭湪 "windows" 6.1 鍙婃洿楂樼増鏈?涓婂彈鏀寔銆?(https://learn.microsoft.com/dotnet/fundamentals/code-analysis/quality-rules/ca1416) [D:\workspace\ScreenTimeController\ScreenTimeController.csproj]
D:\workspace\ScreenTimeController\ChangePasswordForm.cs(105,13): warning CA1416: 鍙湪鎵€鏈夊钩鍙颁笂璁块棶姝よ皟鐢ㄧ珯鐐广€?Control.Controls" 浠呭湪 "windows" 6.1 鍙婃洿楂樼増鏈?涓婂彈鏀寔銆?(https://learn.microsoft.com/dotnet/fundamentals/code-analysis/quality-rules/ca1416) [D:\workspace\ScreenTimeController\ScreenTimeController.csproj]
D:\workspace\ScreenTimeController\MainForm.cs(281,13): warning CA1416: 鍙湪鎵€鏈夊钩鍙颁笂璁块棶姝よ皟鐢ㄧ珯鐐广€?Form.ShowInTaskbar" 浠呭湪 "windows" 6.1 鍙婃洿楂樼増鏈?涓婂彈鏀寔銆?(https://learn.microsoft.com/dotnet/fundamentals/code-analysis/quality-rules/ca1416) [D:\workspace\ScreenTimeController\ScreenTimeController.csproj]
D:\workspace\ScreenTimeController\MainForm.cs(282,13): warning CA1416: 鍙湪鎵€鏈夊钩鍙颁笂璁块棶姝よ皟鐢ㄧ珯鐐广€?Form.Activate()" 浠呭湪 "windows" 6.1 鍙婃洿楂樼増鏈?涓婂彈鏀寔銆?(https://learn.microsoft.com/dotnet/fundamentals/code-analysis/quality-rules/ca1416) [D:\workspace\ScreenTimeController\ScreenTimeController.csproj]
D:\workspace\ScreenTimeController\ChangePasswordForm.cs(47,34): warning CA1416: 鍙湪鎵€鏈夊钩鍙颁笂璁块棶姝よ皟鐢ㄧ珯鐐广€?AutoScaleMode.Font" 浠呭湪 "windows" 6.1 鍙婃洿楂樼増鏈?涓婂彈鏀寔銆?(https://learn.microsoft.com/dotnet/fundamentals/code-analysis/quality-rules/ca1416) [D:\workspace\ScreenTimeController\ScreenTimeController.csproj]
D:\workspace\ScreenTimeController\MainForm.cs(280,13): warning CA1416: 鍙湪鎵€鏈夊钩鍙颁笂璁块棶姝よ皟鐢ㄧ珯鐐广€?Form.WindowState" 浠呭湪 "windows" 6.1 鍙婃洿楂樼増鏈?涓婂彈鏀寔銆?(https://learn.microsoft.com/dotnet/fundamentals/code-analysis/quality-rules/ca1416) [D:\workspace\ScreenTimeController\ScreenTimeController.csproj]
D:\workspace\ScreenTimeController\ChangePasswordForm.cs(82,13): warning CA1416: 鍙湪鎵€鏈夊钩鍙颁笂璁块棶姝よ皟鐢ㄧ珯鐐广€?Control.ControlCollection.Add(Control?)" 浠呭湪 "windows" 6.1 鍙婃洿楂樼増鏈?涓婂彈鏀寔銆?(https://learn.microsoft.com/dotnet/fundamentals/code-analysis/quality-rules/ca1416) [D:\workspace\ScreenTimeController\ScreenTimeController.csproj]
D:\workspace\ScreenTimeController\ChangePasswordForm.cs(78,17): warning CA1416: 鍙湪鎵€鏈夊钩鍙颁笂璁块棶姝よ皟鐢ㄧ珯鐐广€?Control.Font" 浠呭湪 "windows" 6.1 鍙婃洿楂樼増鏈?涓婂彈鏀寔銆?(https://learn.microsoft.com/dotnet/fundamentals/code-analysis/quality-rules/ca1416) [D:\workspace\ScreenTimeController\ScreenTimeController.csproj]
D:\workspace\ScreenTimeController\ChangePasswordForm.cs(100,17): warning CA1416: 鍙湪鎵€鏈夊钩鍙颁笂璁块棶姝よ皟鐢ㄧ珯鐐广€?Control.ForeColor" 浠呭湪 "windows" 6.1 鍙婃洿楂樼増鏈?涓婂彈鏀寔銆?(https://learn.microsoft.com/dotnet/fundamentals/code-analysis/quality-rules/ca1416) [D:\workspace\ScreenTimeController\ScreenTimeController.csproj]
D:\workspace\ScreenTimeController\ChangePasswordForm.cs(110,24): warning CA1416: 鍙湪鎵€鏈夊钩鍙颁笂璁块棶姝よ皟鐢ㄧ珯鐐广€?Font" 浠呭湪 "windows" 6.1 鍙婃洿楂樼増鏈?涓婂彈鏀寔銆?(https://learn.microsoft.com/dotnet/fundamentals/code-analysis/quality-rules/ca1416) [D:\workspace\ScreenTimeController\ScreenTimeController.csproj]
D:\workspace\ScreenTimeController\ChangePasswordForm.cs(118,13): warning CA1416: 鍙湪鎵€鏈夊钩鍙颁笂璁块棶姝よ皟鐢ㄧ珯鐐广€?Control.Click" 浠呭湪 "windows" 6.1 鍙婃洿楂樼増鏈?涓婂彈鏀寔銆?(https://learn.microsoft.com/dotnet/fundamentals/code-analysis/quality-rules/ca1416) [D:\workspace\ScreenTimeController\ScreenTimeController.csproj]
D:\workspace\ScreenTimeController\ChangePasswordForm.cs(68,17): warning CA1416: 鍙湪鎵€鏈夊钩鍙颁笂璁块棶姝よ皟鐢ㄧ珯鐐广€?TextBox.PasswordChar" 浠呭湪 "windows" 6.1 鍙婃洿楂樼増鏈?涓婂彈鏀寔銆?(https://learn.microsoft.com/dotnet/fundamentals/code-analysis/quality-rules/ca1416) [D:\workspace\ScreenTimeController\ScreenTimeController.csproj]
D:\workspace\ScreenTimeController\ChangePasswordForm.cs(50,13): warning CA1416: 鍙湪鎵€鏈夊钩鍙颁笂璁块棶姝よ皟鐢ㄧ珯鐐广€?Form.FormBorderStyle" 浠呭湪 "windows" 6.1 鍙婃洿楂樼増鏈?涓婂彈鏀寔銆?(https://learn.microsoft.com/dotnet/fundamentals/code-analysis/quality-rules/ca1416) [D:\workspace\ScreenTimeController\ScreenTimeController.csproj]
D:\workspace\ScreenTimeController\ChangePasswordForm.cs(59,17): warning CA1416: 鍙湪鎵€鏈夊钩鍙颁笂璁块棶姝よ皟鐢ㄧ珯鐐广€?Label.Text" 浠呭湪 "windows" 6.1 鍙婃洿楂樼増鏈?涓婂彈鏀寔銆?(https://learn.microsoft.com/dotnet/fundamentals/code-analysis/quality-rules/ca1416) [D:\workspace\ScreenTimeController\ScreenTimeController.csproj]
D:\workspace\ScreenTimeController\ChangePasswordForm.cs(110,17): warning CA1416: 鍙湪鎵€鏈夊钩鍙颁笂璁块棶姝よ皟鐢ㄧ珯鐐广€?Control.Font" 浠呭湪 "windows" 6.1 鍙婃洿楂樼増鏈?涓婂彈鏀寔銆?(https://learn.microsoft.com/dotnet/fundamentals/code-analysis/quality-rules/ca1416) [D:\workspace\ScreenTimeController\ScreenTimeController.csproj]
D:\workspace\ScreenTimeController\ChangePasswordForm.cs(84,39): warning CA1416: 鍙湪鎵€鏈夊钩鍙颁笂璁块棶姝よ皟鐢ㄧ珯鐐广€?TextBox" 浠呭湪 "windows" 6.1 鍙婃洿楂樼増鏈?涓婂彈鏀寔銆?(https://learn.microsoft.com/dotnet/fundamentals/code-analysis/quality-rules/ca1416) [D:\workspace\ScreenTimeController\ScreenTimeController.csproj]
D:\workspace\ScreenTimeController\ChangePasswordForm.cs(103,13): warning CA1416: 鍙湪鎵€鏈夊钩鍙颁笂璁块棶姝よ皟鐢ㄧ珯鐐广€?ButtonBase.FlatAppearance" 浠呭湪 "windows" 6.1 鍙婃洿楂樼増鏈?涓婂彈鏀寔銆?(https://learn.microsoft.com/dotnet/fundamentals/code-analysis/quality-rules/ca1416) [D:\workspace\ScreenTimeController\ScreenTimeController.csproj]
D:\workspace\ScreenTimeController\ChangePasswordForm.cs(91,13): warning CA1416: 鍙湪鎵€鏈夊钩鍙颁笂璁块棶姝よ皟鐢ㄧ珯鐐广€?Control.Controls" 浠呭湪 "windows" 6.1 鍙婃洿楂樼増鏈?涓婂彈鏀寔銆?(https://learn.microsoft.com/dotnet/fundamentals/code-analysis/quality-rules/ca1416) [D:\workspace\ScreenTimeController\ScreenTimeController.csproj]
D:\workspace\ScreenTimeController\ChangePasswordForm.cs(87,17): warning CA1416: 鍙湪鎵€鏈夊钩鍙颁笂璁块棶姝よ皟鐢ㄧ珯鐐广€?Control.Location" 浠呭湪 "windows" 6.1 鍙婃洿楂樼増鏈?涓婂彈鏀寔銆?(https://learn.microsoft.com/dotnet/fundamentals/code-analysis/quality-rules/ca1416) [D:\workspace\ScreenTimeController\ScreenTimeController.csproj]
D:\workspace\ScreenTimeController\MainForm.cs(95,36): warning CA1416: 鍙湪鎵€鏈夊钩鍙颁笂璁块棶姝よ皟鐢ㄧ珯鐐广€?FormBorderStyle.FixedSingle" 浠呭湪 "windows" 6.1 鍙婃洿楂樼増鏈?涓婂彈鏀寔銆?(https://learn.microsoft.com/dotnet/fundamentals/code-analysis/quality-rules/ca1416) [D:\workspace\ScreenTimeController\ScreenTimeController.csproj]
D:\workspace\ScreenTimeController\MainForm.cs(292,13): warning CA1416: 鍙湪鎵€鏈夊钩鍙颁笂璁块棶姝よ皟鐢ㄧ珯鐐广€?NotifyIcon.Visible" 浠呭湪 "windows" 6.1 鍙婃洿楂樼増鏈?涓婂彈鏀寔銆?(https://learn.microsoft.com/dotnet/fundamentals/code-analysis/quality-rules/ca1416) [D:\workspace\ScreenTimeController\ScreenTimeController.csproj]
D:\workspace\ScreenTimeController\MainForm.cs(295,13): warning CA1416: 鍙湪鎵€鏈夊钩鍙颁笂璁块棶姝よ皟鐢ㄧ珯鐐广€?Application.Exit()" 浠呭湪 "windows" 6.1 鍙婃洿楂樼増鏈?涓婂彈鏀寔銆?(https://learn.microsoft.com/dotnet/fundamentals/code-analysis/quality-rules/ca1416) [D:\workspace\ScreenTimeController\ScreenTimeController.csproj]
D:\workspace\ScreenTimeController\MainForm.cs(301,17): warning CA1416: 鍙湪鎵€鏈夊钩鍙颁笂璁块棶姝よ皟鐢ㄧ珯鐐广€?Form.ShowDialog()" 浠呭湪 "windows" 6.1 鍙婃洿楂樼増鏈?涓婂彈鏀寔銆?(https://learn.microsoft.com/dotnet/fundamentals/code-analysis/quality-rules/ca1416) [D:\workspace\ScreenTimeController\ScreenTimeController.csproj]
D:\workspace\ScreenTimeController\MainForm.cs(314,17): warning CA1416: 鍙湪鎵€鏈夊钩鍙颁笂璁块棶姝よ皟鐢ㄧ珯鐐广€?Form.WindowState" 浠呭湪 "windows" 6.1 鍙婃洿楂樼増鏈?涓婂彈鏀寔銆?(https://learn.microsoft.com/dotnet/fundamentals/code-analysis/quality-rules/ca1416) [D:\workspace\ScreenTimeController\ScreenTimeController.csproj]
D:\workspace\ScreenTimeController\MainForm.cs(314,31): warning CA1416: 鍙湪鎵€鏈夊钩鍙颁笂璁块棶姝よ皟鐢ㄧ珯鐐广€?FormWindowState.Minimized" 浠呭湪 "windows" 6.1 鍙婃洿楂樼増鏈?涓婂彈鏀寔銆?(https://learn.microsoft.com/dotnet/fundamentals/code-analysis/quality-rules/ca1416) [D:\workspace\ScreenTimeController\ScreenTimeController.csproj]
D:\workspace\ScreenTimeController\MainForm.cs(315,17): warning CA1416: 鍙湪鎵€鏈夊钩鍙颁笂璁块棶姝よ皟鐢ㄧ珯鐐广€?Form.ShowInTaskbar" 浠呭湪 "windows" 6.1 鍙婃洿楂樼増鏈?涓婂彈鏀寔銆?(https://learn.microsoft.com/dotnet/fundamentals/code-analysis/quality-rules/ca1416) [D:\workspace\ScreenTimeController\ScreenTimeController.csproj]
D:\workspace\ScreenTimeController\MainForm.cs(311,17): warning CA1416: 鍙湪鎵€鏈夊钩鍙颁笂璁块棶姝よ皟鐢ㄧ珯鐐广€?FormClosingEventArgs.CloseReason" 浠呭湪 "windows" 6.1 鍙婃洿楂樼増鏈?涓婂彈鏀寔銆?(https://learn.microsoft.com/dotnet/fundamentals/code-analysis/quality-rules/ca1416) [D:\workspace\ScreenTimeController\ScreenTimeController.csproj]
D:\workspace\ScreenTimeController\MainForm.cs(317,13): warning CA1416: 鍙湪鎵€鏈夊钩鍙颁笂璁块棶姝よ皟鐢ㄧ珯鐐广€?Form.OnFormClosing(FormClosingEventArgs)" 浠呭湪 "windows" 6.1 鍙婃洿楂樼増鏈?涓婂彈鏀寔銆?(https://learn.microsoft.com/dotnet/fundamentals/code-analysis/quality-rules/ca1416) [D:\workspace\ScreenTimeController\ScreenTimeController.csproj]
D:\workspace\ScreenTimeController\MainForm.cs(330,13): warning CA1416: 鍙湪鎵€鏈夊钩鍙颁笂璁块棶姝よ皟鐢ㄧ珯鐐广€?Control.Name" 浠呭湪 "windows" 6.1 鍙婃洿楂樼増鏈?涓婂彈鏀寔銆?(https://learn.microsoft.com/dotnet/fundamentals/code-analysis/quality-rules/ca1416) [D:\workspace\ScreenTimeController\ScreenTimeController.csproj]
D:\workspace\ScreenTimeController\MainForm.cs(328,34): warning CA1416: 鍙湪鎵€鏈夊钩鍙颁笂璁块棶姝よ皟鐢ㄧ珯鐐广€?AutoScaleMode.Font" 浠呭湪 "windows" 6.1 鍙婃洿楂樼増鏈?涓婂彈鏀寔銆?(https://learn.microsoft.com/dotnet/fundamentals/code-analysis/quality-rules/ca1416) [D:\workspace\ScreenTimeController\ScreenTimeController.csproj]
D:\workspace\ScreenTimeController\MainForm.cs(329,13): warning CA1416: 鍙湪鎵€鏈夊钩鍙颁笂璁块棶姝よ皟鐢ㄧ珯鐐广€?Form.ClientSize" 浠呭湪 "windows" 6.1 鍙婃洿楂樼増鏈?涓婂彈鏀寔銆?(https://learn.microsoft.com/dotnet/fundamentals/code-analysis/quality-rules/ca1416) [D:\workspace\ScreenTimeController\ScreenTimeController.csproj]
D:\workspace\ScreenTimeController\MainForm.cs(332,13): warning CA1416: 鍙湪鎵€鏈夊钩鍙颁笂璁块棶姝よ皟鐢ㄧ珯鐐广€?Control.ResumeLayout(bool)" 浠呭湪 "windows" 6.1 鍙婃洿楂樼増鏈?涓婂彈鏀寔銆?(https://learn.microsoft.com/dotnet/fundamentals/code-analysis/quality-rules/ca1416) [D:\workspace\ScreenTimeController\ScreenTimeController.csproj]
D:\workspace\ScreenTimeController\MainForm.cs(328,13): warning CA1416: 鍙湪鎵€鏈夊钩鍙颁笂璁块棶姝よ皟鐢ㄧ珯鐐广€?ContainerControl.AutoScaleMode" 浠呭湪 "windows" 6.1 鍙婃洿楂樼増鏈?涓婂彈鏀寔銆?(https://learn.microsoft.com/dotnet/fundamentals/code-analysis/quality-rules/ca1416) [D:\workspace\ScreenTimeController\ScreenTimeController.csproj]
D:\workspace\ScreenTimeController\MainForm.cs(331,13): warning CA1416: 鍙湪鎵€鏈夊钩鍙颁笂璁块棶姝よ皟鐢ㄧ珯鐐广€?Form.Text" 浠呭湪 "windows" 6.1 鍙婃洿楂樼増鏈?涓婂彈鏀寔銆?(https://learn.microsoft.com/dotnet/fundamentals/code-analysis/quality-rules/ca1416) [D:\workspace\ScreenTimeController\ScreenTimeController.csproj]
D:\workspace\ScreenTimeController\SettingsForm.cs(669,28): warning CA1416: 鍙湪鎵€鏈夊钩鍙颁笂璁块棶姝よ皟鐢ㄧ珯鐐广€?DialogResult.Cancel" 浠呭湪 "windows" 6.1 鍙婃洿楂樼増鏈?涓婂彈鏀寔銆?(https://learn.microsoft.com/dotnet/fundamentals/code-analysis/quality-rules/ca1416) [D:\workspace\ScreenTimeController\ScreenTimeController.csproj]
D:\workspace\ScreenTimeController\SettingsForm.cs(670,13): warning CA1416: 鍙湪鎵€鏈夊钩鍙颁笂璁块棶姝よ皟鐢ㄧ珯鐐广€?Form.Close()" 浠呭湪 "windows" 6.1 鍙婃洿楂樼増鏈?涓婂彈鏀寔銆?(https://learn.microsoft.com/dotnet/fundamentals/code-analysis/quality-rules/ca1416) [D:\workspace\ScreenTimeController\ScreenTimeController.csproj]
D:\workspace\ScreenTimeController\SettingsForm.cs(669,13): warning CA1416: 鍙湪鎵€鏈夊钩鍙颁笂璁块棶姝よ皟鐢ㄧ珯鐐广€?Form.DialogResult" 浠呭湪 "windows" 6.1 鍙婃洿楂樼増鏈?涓婂彈鏀寔銆?(https://learn.microsoft.com/dotnet/fundamentals/code-analysis/quality-rules/ca1416) [D:\workspace\ScreenTimeController\ScreenTimeController.csproj]
D:\workspace\ScreenTimeController\SettingsForm.cs(676,13): warning CA1416: 鍙湪鎵€鏈夊钩鍙颁笂璁块棶姝よ皟鐢ㄧ珯鐐广€?Form.ShowDialog()" 浠呭湪 "windows" 6.1 鍙婃洿楂樼増鏈?涓婂彈鏀寔銆?(https://learn.microsoft.com/dotnet/fundamentals/code-analysis/quality-rules/ca1416) [D:\workspace\ScreenTimeController\ScreenTimeController.csproj]
D:\workspace\ScreenTimeController\SettingsForm.cs(649,44): warning CA1416: 鍙湪鎵€鏈夊钩鍙颁笂璁块棶姝よ皟鐢ㄧ珯鐐广€?NumericUpDown.Value" 浠呭湪 "windows" 6.1 鍙婃洿楂樼増鏈?涓婂彈鏀寔銆?(https://learn.microsoft.com/dotnet/fundamentals/code-analysis/quality-rules/ca1416) [D:\workspace\ScreenTimeController\ScreenTimeController.csproj]
D:\workspace\ScreenTimeController\SettingsForm.cs(659,44): warning CA1416: 鍙湪鎵€鏈夊钩鍙颁笂璁块棶姝よ皟鐢ㄧ珯鐐广€?NumericUpDown.Value" 浠呭湪 "windows" 6.1 鍙婃洿楂樼増鏈?涓婂彈鏀寔銆?(https://learn.microsoft.com/dotnet/fundamentals/code-analysis/quality-rules/ca1416) [D:\workspace\ScreenTimeController\ScreenTimeController.csproj]
D:\workspace\ScreenTimeController\SettingsForm.cs(663,17): warning CA1416: 鍙湪鎵€鏈夊钩鍙颁笂璁块棶姝よ皟鐢ㄧ珯鐐广€?Form.Close()" 浠呭湪 "windows" 6.1 鍙婃洿楂樼増鏈?涓婂彈鏀寔銆?(https://learn.microsoft.com/dotnet/fundamentals/code-analysis/quality-rules/ca1416) [D:\workspace\ScreenTimeController\ScreenTimeController.csproj]
D:\workspace\ScreenTimeController\SettingsForm.cs(648,42): warning CA1416: 鍙湪鎵€鏈夊钩鍙颁笂璁块棶姝よ皟鐢ㄧ珯鐐广€?NumericUpDown.Value" 浠呭湪 "windows" 6.1 鍙婃洿楂樼増鏈?涓婂彈鏀寔銆?(https://learn.microsoft.com/dotnet/fundamentals/code-analysis/quality-rules/ca1416) [D:\workspace\ScreenTimeController\ScreenTimeController.csproj]
D:\workspace\ScreenTimeController\SettingsForm.cs(644,45): warning CA1416: 鍙湪鎵€鏈夊钩鍙颁笂璁块棶姝よ皟鐢ㄧ珯鐐广€?NumericUpDown.Value" 浠呭湪 "windows" 6.1 鍙婃洿楂樼増鏈?涓婂彈鏀寔銆?(https://learn.microsoft.com/dotnet/fundamentals/code-analysis/quality-rules/ca1416) [D:\workspace\ScreenTimeController\ScreenTimeController.csproj]
D:\workspace\ScreenTimeController\SettingsForm.cs(662,17): warning CA1416: 鍙湪鎵€鏈夊钩鍙颁笂璁块棶姝よ皟鐢ㄧ珯鐐广€?Form.DialogResult" 浠呭湪 "windows" 6.1 鍙婃洿楂樼増鏈?涓婂彈鏀寔銆?(https://learn.microsoft.com/dotnet/fundamentals/code-analysis/quality-rules/ca1416) [D:\workspace\ScreenTimeController\ScreenTimeController.csproj]
D:\workspace\ScreenTimeController\SettingsForm.cs(662,32): warning CA1416: 鍙湪鎵€鏈夊钩鍙颁笂璁块棶姝よ皟鐢ㄧ珯鐐广€?DialogResult.OK" 浠呭湪 "windows" 6.1 鍙婃洿楂樼増鏈?涓婂彈鏀寔銆?(https://learn.microsoft.com/dotnet/fundamentals/code-analysis/quality-rules/ca1416) [D:\workspace\ScreenTimeController\ScreenTimeController.csproj]
D:\workspace\ScreenTimeController\SettingsForm.cs(633,40): warning CA1416: 鍙湪鎵€鏈夊钩鍙颁笂璁块棶姝よ皟鐢ㄧ珯鐐广€?NumericUpDown.Value" 浠呭湪 "windows" 6.1 鍙婃洿楂樼増鏈?涓婂彈鏀寔銆?(https://learn.microsoft.com/dotnet/fundamentals/code-analysis/quality-rules/ca1416) [D:\workspace\ScreenTimeController\ScreenTimeController.csproj]
D:\workspace\ScreenTimeController\SettingsForm.cs(654,42): warning CA1416: 鍙湪鎵€鏈夊钩鍙颁笂璁块棶姝よ皟鐢ㄧ珯鐐广€?NumericUpDown.Value" 浠呭湪 "windows" 6.1 鍙婃洿楂樼増鏈?涓婂彈鏀寔銆?(https://learn.microsoft.com/dotnet/fundamentals/code-analysis/quality-rules/ca1416) [D:\workspace\ScreenTimeController\ScreenTimeController.csproj]
D:\workspace\ScreenTimeController\SettingsForm.cs(639,43): warning CA1416: 鍙湪鎵€鏈夊钩鍙颁笂璁块棶姝よ皟鐢ㄧ珯鐐广€?NumericUpDown.Value" 浠呭湪 "windows" 6.1 鍙婃洿楂樼増鏈?涓婂彈鏀寔銆?(https://learn.microsoft.com/dotnet/fundamentals/code-analysis/quality-rules/ca1416) [D:\workspace\ScreenTimeController\ScreenTimeController.csproj]
D:\workspace\ScreenTimeController\SettingsForm.cs(634,42): warning CA1416: 鍙湪鎵€鏈夊钩鍙颁笂璁块棶姝よ皟鐢ㄧ珯鐐广€?NumericUpDown.Value" 浠呭湪 "windows" 6.1 鍙婃洿楂樼増鏈?涓婂彈鏀寔銆?(https://learn.microsoft.com/dotnet/fundamentals/code-analysis/quality-rules/ca1416) [D:\workspace\ScreenTimeController\ScreenTimeController.csproj]
D:\workspace\ScreenTimeController\SettingsForm.cs(658,42): warning CA1416: 鍙湪鎵€鏈夊钩鍙颁笂璁块棶姝よ皟鐢ㄧ珯鐐广€?NumericUpDown.Value" 浠呭湪 "windows" 6.1 鍙婃洿楂樼増鏈?涓婂彈鏀寔銆?(https://learn.microsoft.com/dotnet/fundamentals/code-analysis/quality-rules/ca1416) [D:\workspace\ScreenTimeController\ScreenTimeController.csproj]
D:\workspace\ScreenTimeController\SettingsForm.cs(629,42): warning CA1416: 鍙湪鎵€鏈夊钩鍙颁笂璁块棶姝よ皟鐢ㄧ珯鐐广€?NumericUpDown.Value" 浠呭湪 "windows" 6.1 鍙婃洿楂樼増鏈?涓婂彈鏀寔銆?(https://learn.microsoft.com/dotnet/fundamentals/code-analysis/quality-rules/ca1416) [D:\workspace\ScreenTimeController\ScreenTimeController.csproj]
D:\workspace\ScreenTimeController\SettingsForm.cs(628,40): warning CA1416: 鍙湪鎵€鏈夊钩鍙颁笂璁块棶姝よ皟鐢ㄧ珯鐐广€?NumericUpDown.Value" 浠呭湪 "windows" 6.1 鍙婃洿楂樼増鏈?涓婂彈鏀寔銆?(https://learn.microsoft.com/dotnet/fundamentals/code-analysis/quality-rules/ca1416) [D:\workspace\ScreenTimeController\ScreenTimeController.csproj]
D:\workspace\ScreenTimeController\SettingsForm.cs(653,40): warning CA1416: 鍙湪鎵€鏈夊钩鍙颁笂璁块棶姝よ皟鐢ㄧ珯鐐广€?NumericUpDown.Value" 浠呭湪 "windows" 6.1 鍙婃洿楂樼増鏈?涓婂彈鏀寔銆?(https://learn.microsoft.com/dotnet/fundamentals/code-analysis/quality-rules/ca1416) [D:\workspace\ScreenTimeController\ScreenTimeController.csproj]
D:\workspace\ScreenTimeController\SettingsForm.cs(643,43): warning CA1416: 鍙湪鎵€鏈夊钩鍙颁笂璁块棶姝よ皟鐢ㄧ珯鐐广€?NumericUpDown.Value" 浠呭湪 "windows" 6.1 鍙婃洿楂樼増鏈?涓婂彈鏀寔銆?(https://learn.microsoft.com/dotnet/fundamentals/code-analysis/quality-rules/ca1416) [D:\workspace\ScreenTimeController\ScreenTimeController.csproj]
D:\workspace\ScreenTimeController\SettingsForm.cs(638,41): warning CA1416: 鍙湪鎵€鏈夊钩鍙颁笂璁块棶姝よ皟鐢ㄧ珯鐐广€?NumericUpDown.Value" 浠呭湪 "windows" 6.1 鍙婃洿楂樼増鏈?涓婂彈鏀寔銆?(https://learn.microsoft.com/dotnet/fundamentals/code-analysis/quality-rules/ca1416) [D:\workspace\ScreenTimeController\ScreenTimeController.csproj]
D:\workspace\ScreenTimeController\SettingsForm.cs(701,13): warning CA1416: 鍙湪鎵€鏈夊钩鍙颁笂璁块棶姝よ皟鐢ㄧ珯鐐广€?NumericUpDown.Value" 浠呭湪 "windows" 6.1 鍙婃洿楂樼増鏈?涓婂彈鏀寔銆?(https://learn.microsoft.com/dotnet/fundamentals/code-analysis/quality-rules/ca1416) [D:\workspace\ScreenTimeController\ScreenTimeController.csproj]
D:\workspace\ScreenTimeController\SettingsForm.cs(699,13): warning CA1416: 鍙湪鎵€鏈夊钩鍙颁笂璁块棶姝よ皟鐢ㄧ珯鐐广€?NumericUpDown.Value" 浠呭湪 "windows" 6.1 鍙婃洿楂樼増鏈?涓婂彈鏀寔銆?(https://learn.microsoft.com/dotnet/fundamentals/code-analysis/quality-rules/ca1416) [D:\workspace\ScreenTimeController\ScreenTimeController.csproj]
D:\workspace\ScreenTimeController\SettingsForm.cs(692,13): warning CA1416: 鍙湪鎵€鏈夊钩鍙颁笂璁块棶姝よ皟鐢ㄧ珯鐐广€?NumericUpDown.Value" 浠呭湪 "windows" 6.1 鍙婃洿楂樼増鏈?涓婂彈鏀寔銆?(https://learn.microsoft.com/dotnet/fundamentals/code-analysis/quality-rules/ca1416) [D:\workspace\ScreenTimeController\ScreenTimeController.csproj]
D:\workspace\ScreenTimeController\SettingsForm.cs(686,13): warning CA1416: 鍙湪鎵€鏈夊钩鍙颁笂璁块棶姝よ皟鐢ㄧ珯鐐广€?NumericUpDown.Value" 浠呭湪 "windows" 6.1 鍙婃洿楂樼増鏈?涓婂彈鏀寔銆?(https://learn.microsoft.com/dotnet/fundamentals/code-analysis/quality-rules/ca1416) [D:\workspace\ScreenTimeController\ScreenTimeController.csproj]
D:\workspace\ScreenTimeController\SettingsForm.cs(698,13): warning CA1416: 鍙湪鎵€鏈夊钩鍙颁笂璁块棶姝よ皟鐢ㄧ珯鐐广€?NumericUpDown.Value" 浠呭湪 "windows" 6.1 鍙婃洿楂樼増鏈?涓婂彈鏀寔銆?(https://learn.microsoft.com/dotnet/fundamentals/code-analysis/quality-rules/ca1416) [D:\workspace\ScreenTimeController\ScreenTimeController.csproj]
D:\workspace\ScreenTimeController\SettingsForm.cs(689,13): warning CA1416: 鍙湪鎵€鏈夊钩鍙颁笂璁块棶姝よ皟鐢ㄧ珯鐐广€?NumericUpDown.Value" 浠呭湪 "windows" 6.1 鍙婃洿楂樼増鏈?涓婂彈鏀寔銆?(https://learn.microsoft.com/dotnet/fundamentals/code-analysis/quality-rules/ca1416) [D:\workspace\ScreenTimeController\ScreenTimeController.csproj]
D:\workspace\ScreenTimeController\SettingsForm.cs(695,13): warning CA1416: 鍙湪鎵€鏈夊钩鍙颁笂璁块棶姝よ皟鐢ㄧ珯鐐广€?NumericUpDown.Value" 浠呭湪 "windows" 6.1 鍙婃洿楂樼増鏈?涓婂彈鏀寔銆?(https://learn.microsoft.com/dotnet/fundamentals/code-analysis/quality-rules/ca1416) [D:\workspace\ScreenTimeController\ScreenTimeController.csproj]
D:\workspace\ScreenTimeController\SettingsForm.cs(687,13): warning CA1416: 鍙湪鎵€鏈夊钩鍙颁笂璁块棶姝よ皟鐢ㄧ珯鐐广€?NumericUpDown.Value" 浠呭湪 "windows" 6.1 鍙婃洿楂樼増鏈?涓婂彈鏀寔銆?(https://learn.microsoft.com/dotnet/fundamentals/code-analysis/quality-rules/ca1416) [D:\workspace\ScreenTimeController\ScreenTimeController.csproj]
D:\workspace\ScreenTimeController\SettingsForm.cs(696,13): warning CA1416: 鍙湪鎵€鏈夊钩鍙颁笂璁块棶姝よ皟鐢ㄧ珯鐐广€?NumericUpDown.Value" 浠呭湪 "windows" 6.1 鍙婃洿楂樼増鏈?涓婂彈鏀寔銆?(https://learn.microsoft.com/dotnet/fundamentals/code-analysis/quality-rules/ca1416) [D:\workspace\ScreenTimeController\ScreenTimeController.csproj]
D:\workspace\ScreenTimeController\SettingsForm.cs(682,30): warning CA1416: 鍙湪鎵€鏈夊钩鍙颁笂璁块棶姝よ皟鐢ㄧ珯鐐广€?NumericUpDown.Value" 浠呭湪 "windows" 6.1 鍙婃洿楂樼増鏈?涓婂彈鏀寔銆?(https://learn.microsoft.com/dotnet/fundamentals/code-analysis/quality-rules/ca1416) [D:\workspace\ScreenTimeController\ScreenTimeController.csproj]
D:\workspace\ScreenTimeController\SettingsForm.cs(690,13): warning CA1416: 鍙湪鎵€鏈夊钩鍙颁笂璁块棶姝よ皟鐢ㄧ珯鐐广€?NumericUpDown.Value" 浠呭湪 "windows" 6.1 鍙婃洿楂樼増鏈?涓婂彈鏀寔銆?(https://learn.microsoft.com/dotnet/fundamentals/code-analysis/quality-rules/ca1416) [D:\workspace\ScreenTimeController\ScreenTimeController.csproj]
D:\workspace\ScreenTimeController\SettingsForm.cs(683,32): warning CA1416: 鍙湪鎵€鏈夊钩鍙颁笂璁块棶姝よ皟鐢ㄧ珯鐐广€?NumericUpDown.Value" 浠呭湪 "windows" 6.1 鍙婃洿楂樼増鏈?涓婂彈鏀寔銆?(https://learn.microsoft.com/dotnet/fundamentals/code-analysis/quality-rules/ca1416) [D:\workspace\ScreenTimeController\ScreenTimeController.csproj]
D:\workspace\ScreenTimeController\SettingsForm.cs(693,13): warning CA1416: 鍙湪鎵€鏈夊钩鍙颁笂璁块棶姝よ皟鐢ㄧ珯鐐广€?NumericUpDown.Value" 浠呭湪 "windows" 6.1 鍙婃洿楂樼増鏈?涓婂彈鏀寔銆?(https://learn.microsoft.com/dotnet/fundamentals/code-analysis/quality-rules/ca1416) [D:\workspace\ScreenTimeController\ScreenTimeController.csproj]
D:\workspace\ScreenTimeController\SettingsForm.cs(702,13): warning CA1416: 鍙湪鎵€鏈夊钩鍙颁笂璁块棶姝よ皟鐢ㄧ珯鐐广€?NumericUpDown.Value" 浠呭湪 "windows" 6.1 鍙婃洿楂樼増鏈?涓婂彈鏀寔銆?(https://learn.microsoft.com/dotnet/fundamentals/code-analysis/quality-rules/ca1416) [D:\workspace\ScreenTimeController\ScreenTimeController.csproj]
D:\workspace\ScreenTimeController\SettingsForm.cs(363,13): warning CA1416: 鍙湪鎵€鏈夊钩鍙颁笂璁块棶姝よ皟鐢ㄧ珯鐐广€?TableLayoutPanel.Controls" 浠呭湪 "windows" 6.1 鍙婃洿楂樼増鏈?涓婂彈鏀寔銆?(https://learn.microsoft.com/dotnet/fundamentals/code-analysis/quality-rules/ca1416) [D:\workspace\ScreenTimeController\ScreenTimeController.csproj]
D:\workspace\ScreenTimeController\SettingsForm.cs(216,29): warning CA1416: 鍙湪鎵€鏈夊钩鍙颁笂璁块棶姝よ皟鐢ㄧ珯鐐广€?ContentAlignment.MiddleCenter" 浠呭湪 "windows" 6.1 鍙婃洿楂樼増鏈?涓婂彈鏀寔銆?(https://learn.microsoft.com/dotnet/fundamentals/code-analysis/quality-rules/ca1416) [D:\workspace\ScreenTimeController\ScreenTimeController.csproj]
D:\workspace\ScreenTimeController\SettingsForm.cs(163,34): warning CA1416: 鍙湪鎵€鏈夊钩鍙颁笂璁块棶姝よ皟鐢ㄧ珯鐐广€?AutoScaleMode.Font" 浠呭湪 "windows" 6.1 鍙婃洿楂樼増鏈?涓婂彈鏀寔銆?(https://learn.microsoft.com/dotnet/fundamentals/code-analysis/quality-rules/ca1416) [D:\workspace\ScreenTimeController\ScreenTimeController.csproj]
D:\workspace\ScreenTimeController\SettingsForm.cs(563,17): warning CA1416: 鍙湪鎵€鏈夊钩鍙颁笂璁块棶姝よ皟鐢ㄧ珯鐐广€?ButtonBase.Text" 浠呭湪 "windows" 6.1 鍙婃洿楂樼増鏈?涓婂彈鏀寔銆?(https://learn.microsoft.com/dotnet/fundamentals/code-analysis/quality-rules/ca1416) [D:\workspace\ScreenTimeController\ScreenTimeController.csproj]
D:\workspace\ScreenTimeController\SettingsForm.cs(522,17): warning CA1416: 鍙湪鎵€鏈夊钩鍙颁笂璁块棶姝よ皟鐢ㄧ珯鐐广€?NumericUpDown.Maximum" 浠呭湪 "windows" 6.1 鍙婃洿楂樼増鏈?涓婂彈鏀寔銆?(https://learn.microsoft.com/dotnet/fundamentals/code-analysis/quality-rules/ca1416) [D:\workspace\ScreenTimeController\ScreenTimeController.csproj]
D:\workspace\ScreenTimeController\SettingsForm.cs(301,17): warning CA1416: 鍙湪鎵€鏈夊钩鍙颁笂璁块棶姝よ皟鐢ㄧ珯鐐广€?NumericUpDown.Maximum" 浠呭湪 "windows" 6.1 鍙婃洿楂樼増鏈?涓婂彈鏀寔銆?(https://learn.microsoft.com/dotnet/fundamentals/code-analysis/quality-rules/ca1416) [D:\workspace\ScreenTimeController\ScreenTimeController.csproj]
D:\workspace\ScreenTimeController\SettingsForm.cs(243,17): warning CA1416: 鍙湪鎵€鏈夊钩鍙颁笂璁块棶姝よ皟鐢ㄧ珯鐐广€?Label.Text" 浠呭湪 "windows" 6.1 鍙婃洿楂樼増鏈?涓婂彈鏀寔銆?(https://learn.microsoft.com/dotnet/fundamentals/code-analysis/quality-rules/ca1416) [D:\workspace\ScreenTimeController\ScreenTimeController.csproj]
D:\workspace\ScreenTimeController\SettingsForm.cs(464,17): warning CA1416: 鍙湪鎵€鏈夊钩鍙颁笂璁块棶姝よ皟鐢ㄧ珯鐐广€?Label.Text" 浠呭湪 "windows" 6.1 鍙婃洿楂樼増鏈?涓婂彈鏀寔銆?(https://learn.microsoft.com/dotnet/fundamentals/code-analysis/quality-rules/ca1416) [D:\workspace\ScreenTimeController\ScreenTimeController.csproj]
D:\workspace\ScreenTimeController\SettingsForm.cs(392,13): warning CA1416: 鍙湪鎵€鏈夊钩鍙颁笂璁块棶姝よ皟鐢ㄧ珯鐐广€?TableLayoutControlCollection.Add(Control, int, int)" 浠呭湪 "windows" 6.1 鍙婃洿楂樼増鏈?涓婂彈鏀寔銆?(https://learn.microsoft.com/dotnet/fundamentals/code-analysis/quality-rules/ca1416) [D:\workspace\ScreenTimeController\ScreenTimeController.csproj]
D:\workspace\ScreenTimeController\SettingsForm.cs(292,24): warning CA1416: 鍙湪鎵€鏈夊钩鍙颁笂璁块棶姝よ皟鐢ㄧ珯鐐广€?Font" 浠呭湪 "windows" 6.1 鍙婃洿楂樼増鏈?涓婂彈鏀寔銆?(https://learn.microsoft.com/dotnet/fundamentals/code-analysis/quality-rules/ca1416) [D:\workspace\ScreenTimeController\ScreenTimeController.csproj]
D:\workspace\ScreenTimeController\SettingsForm.cs(186,47): warning CA1416: 鍙湪鎵€鏈夊钩鍙颁笂璁块棶姝よ皟鐢ㄧ珯鐐广€?ColumnStyle" 浠呭湪 "windows" 6.1 鍙婃洿楂樼増鏈?涓婂彈鏀寔銆?(https://learn.microsoft.com/dotnet/fundamentals/code-analysis/quality-rules/ca1416) [D:\workspace\ScreenTimeController\ScreenTimeController.csproj]
D:\workspace\ScreenTimeController\SettingsForm.cs(348,17): warning CA1416: 鍙湪鎵€鏈夊钩鍙颁笂璁块棶姝よ皟鐢ㄧ珯鐐广€?Control.Enabled" 浠呭湪 "windows" 6.1 鍙婃洿楂樼増鏈?涓婂彈鏀寔銆?(https://learn.microsoft.com/dotnet/fundamentals/code-analysis/quality-rules/ca1416) [D:\workspace\ScreenTimeController\ScreenTimeController.csproj]
D:\workspace\ScreenTimeController\SettingsForm.cs(552,17): warning CA1416: 鍙湪鎵€鏈夊钩鍙颁笂璁块棶姝よ皟鐢ㄧ珯鐐广€?Label.TextAlign" 浠呭湪 "windows" 6.1 鍙婃洿楂樼増鏈?涓婂彈鏀寔銆?(https://learn.microsoft.com/dotnet/fundamentals/code-analysis/quality-rules/ca1416) [D:\workspace\ScreenTimeController\ScreenTimeController.csproj]
D:\workspace\ScreenTimeController\SettingsForm.cs(320,17): warning CA1416: 鍙湪鎵€鏈夊钩鍙颁笂璁块棶姝よ皟鐢ㄧ珯鐐广€?Label.Text" 浠呭湪 "windows" 6.1 鍙婃洿楂樼増鏈?涓婂彈鏀寔銆?(https://learn.microsoft.com/dotnet/fundamentals/code-analysis/quality-rules/ca1416) [D:\workspace\ScreenTimeController\ScreenTimeController.csproj]
D:\workspace\ScreenTimeController\SettingsForm.cs(163,13): warning CA1416: 鍙湪鎵€鏈夊钩鍙颁笂璁块棶姝よ皟鐢ㄧ珯鐐广€?ContainerControl.AutoScaleMode" 浠呭湪 "windows" 6.1 鍙婃洿楂樼増鏈?涓婂彈鏀寔銆?(https://learn.microsoft.com/dotnet/fundamentals/code-analysis/quality-rules/ca1416) [D:\workspace\ScreenTimeController\ScreenTimeController.csproj]
D:\workspace\ScreenTimeController\SettingsForm.cs(182,13): warning CA1416: 鍙湪鎵€鏈夊钩鍙颁笂璁块棶姝よ皟鐢ㄧ珯鐐广€?TableLayoutPanel.ColumnStyles" 浠呭湪 "windows" 6.1 鍙婃洿楂樼増鏈?涓婂彈鏀寔銆?(https://learn.microsoft.com/dotnet/fundamentals/code-analysis/quality-rules/ca1416) [D:\workspace\ScreenTimeController\ScreenTimeController.csproj]
D:\workspace\ScreenTimeController\SettingsForm.cs(390,26): warning CA1416: 鍙湪鎵€鏈夊钩鍙颁笂璁块棶姝よ皟鐢ㄧ珯鐐广€?Padding" 浠呭湪 "windows" 6.1 鍙婃洿楂樼増鏈?涓婂彈鏀寔銆?(https://learn.microsoft.com/dotnet/fundamentals/code-analysis/quality-rules/ca1416) [D:\workspace\ScreenTimeController\ScreenTimeController.csproj]
D:\workspace\ScreenTimeController\SettingsForm.cs(567,17): warning CA1416: 鍙湪鎵€鏈夊钩鍙颁笂璁块棶姝よ皟鐢ㄧ珯鐐广€?ButtonBase.BackColor" 浠呭湪 "windows" 6.1 鍙婃洿楂樼増鏈?涓婂彈鏀寔銆?(https://learn.microsoft.com/dotnet/fundamentals/code-analysis/quality-rules/ca1416) [D:\workspace\ScreenTimeController\ScreenTimeController.csproj]
D:\workspace\ScreenTimeController\SettingsForm.cs(380,24): warning CA1416: 鍙湪鎵€鏈夊钩鍙颁笂璁块棶姝よ皟鐢ㄧ珯鐐广€?Font" 浠呭湪 "windows" 6.1 鍙婃洿楂樼増鏈?涓婂彈鏀寔銆?(https://learn.microsoft.com/dotnet/fundamentals/code-analysis/quality-rules/ca1416) [D:\workspace\ScreenTimeController\ScreenTimeController.csproj]
D:\workspace\ScreenTimeController\SettingsForm.cs(306,13): warning CA1416: 鍙湪鎵€鏈夊钩鍙颁笂璁块棶姝よ皟鐢ㄧ珯鐐广€?TableLayoutControlCollection.Add(Control, int, int)" 浠呭湪 "windows" 6.1 鍙婃洿楂樼増鏈?涓婂彈鏀寔銆?(https://learn.microsoft.com/dotnet/fundamentals/code-analysis/quality-rules/ca1416) [D:\workspace\ScreenTimeController\ScreenTimeController.csproj]
D:\workspace\ScreenTimeController\SettingsForm.cs(258,13): warning CA1416: 鍙湪鎵€鏈夊钩鍙颁笂璁块棶姝よ皟鐢ㄧ珯鐐广€?TableLayoutPanel.Controls" 浠呭湪 "windows" 6.1 鍙婃洿楂樼増鏈?涓婂彈鏀寔銆?(https://learn.microsoft.com/dotnet/fundamentals/code-analysis/quality-rules/ca1416) [D:\workspace\ScreenTimeController\ScreenTimeController.csproj]
D:\workspace\ScreenTimeController\SettingsForm.cs(476,17): warning CA1416: 鍙湪鎵€鏈夊钩鍙颁笂璁块棶姝よ皟鐢ㄧ珯鐐广€?Control.Font" 浠呭湪 "windows" 6.1 鍙婃洿楂樼増鏈?涓婂彈鏀寔銆?(https://learn.microsoft.com/dotnet/fundamentals/code-analysis/quality-rules/ca1416) [D:\workspace\ScreenTimeController\ScreenTimeController.csproj]
D:\workspace\ScreenTimeController\SettingsForm.cs(379,17): warning CA1416: 鍙湪鎵€鏈夊钩鍙颁笂璁块棶姝よ皟鐢ㄧ珯鐐广€?NumericUpDown.Minimum" 浠呭湪 "windows" 6.1 鍙婃洿楂樼増鏈?涓婂彈鏀寔銆?(https://learn.microsoft.com/dotnet/fundamentals/code-analysis/quality-rules/ca1416) [D:\workspace\ScreenTimeController\ScreenTimeController.csproj]
D:\workspace\ScreenTimeController\SettingsForm.cs(399,17): warning CA1416: 鍙湪鎵€鏈夊钩鍙颁笂璁块棶姝よ皟鐢ㄧ珯鐐广€?Control.Font" 浠呭湪 "windows" 6.1 鍙婃洿楂樼増鏈?涓婂彈鏀寔銆?(https://learn.microsoft.com/dotnet/fundamentals/code-analysis/quality-rules/ca1416) [D:\workspace\ScreenTimeController\ScreenTimeController.csproj]
D:\workspace\ScreenTimeController\SettingsForm.cs(467,26): warning CA1416: 鍙湪鎵€鏈夊钩鍙颁笂璁块棶姝よ皟鐢ㄧ珯鐐广€?Padding" 浠呭湪 "windows" 6.1 鍙婃洿楂樼増鏈?涓婂彈鏀寔銆?(https://learn.microsoft.com/dotnet/fundamentals/code-analysis/quality-rules/ca1416) [D:\workspace\ScreenTimeController\ScreenTimeController.csproj]
D:\workspace\ScreenTimeController\SettingsForm.cs(457,17): warning CA1416: 鍙湪鎵€鏈夊钩鍙颁笂璁块棶姝よ皟鐢ㄧ珯鐐广€?Control.Margin" 浠呭湪 "windows" 6.1 鍙婃洿楂樼増鏈?涓婂彈鏀寔銆?(https://learn.microsoft.com/dotnet/fundamentals/code-analysis/quality-rules/ca1416) [D:\workspace\ScreenTimeController\ScreenTimeController.csproj]
D:\workspace\ScreenTimeController\SettingsForm.cs(302,17): warning CA1416: 鍙湪鎵€鏈夊钩鍙颁笂璁块棶姝よ皟鐢ㄧ珯鐐广€?NumericUpDown.Minimum" 浠呭湪 "windows" 6.1 鍙婃洿楂樼増鏈?涓婂彈鏀寔銆?(https://learn.microsoft.com/dotnet/fundamentals/code-analysis/quality-rules/ca1416) [D:\workspace\ScreenTimeController\ScreenTimeController.csproj]
D:\workspace\ScreenTimeController\SettingsForm.cs(285,26): warning CA1416: 鍙湪鎵€鏈夊钩鍙颁笂璁块棶姝よ皟鐢ㄧ珯鐐广€?Padding" 浠呭湪 "windows" 6.1 鍙婃洿楂樼増鏈?涓婂彈鏀寔銆?(https://learn.microsoft.com/dotnet/fundamentals/code-analysis/quality-rules/ca1416) [D:\workspace\ScreenTimeController\ScreenTimeController.csproj]
D:\workspace\ScreenTimeController\SettingsForm.cs(418,17): warning CA1416: 鍙湪鎵€鏈夊钩鍙颁笂璁块棶姝よ皟鐢ㄧ珯鐐广€?Label.TextAlign" 浠呭湪 "windows" 6.1 鍙婃洿楂樼増鏈?涓婂彈鏀寔銆?(https://learn.microsoft.com/dotnet/fundamentals/code-analysis/quality-rules/ca1416) [D:\workspace\ScreenTimeController\ScreenTimeController.csproj]
D:\workspace\ScreenTimeController\SettingsForm.cs(371,26): warning CA1416: 鍙湪鎵€鏈夊钩鍙颁笂璁块棶姝よ皟鐢ㄧ珯鐐广€?Padding" 浠呭湪 "windows" 6.1 鍙婃洿楂樼増鏈?涓婂彈鏀寔銆?(https://learn.microsoft.com/dotnet/fundamentals/code-analysis/quality-rules/ca1416) [D:\workspace\ScreenTimeController\ScreenTimeController.csproj]
D:\workspace\ScreenTimeController\SettingsForm.cs(510,30): warning CA1416: 鍙湪鎵€鏈夊钩鍙颁笂璁块棶姝よ皟鐢ㄧ珯鐐广€?Label" 浠呭湪 "windows" 6.1 鍙婃洿楂樼増鏈?涓婂彈鏀寔銆?(https://learn.microsoft.com/dotnet/fundamentals/code-analysis/quality-rules/ca1416) [D:\workspace\ScreenTimeController\ScreenTimeController.csproj]
D:\workspace\ScreenTimeController\SettingsForm.cs(465,17): warning CA1416: 鍙湪鎵€鏈夊钩鍙颁笂璁块棶姝よ皟鐢ㄧ珯鐐广€?Control.Font" 浠呭湪 "windows" 6.1 鍙婃洿楂樼増鏈?涓婂彈鏀寔銆?(https://learn.microsoft.com/dotnet/fundamentals/code-analysis/quality-rules/ca1416) [D:\workspace\ScreenTimeController\ScreenTimeController.csproj]
D:\workspace\ScreenTimeController\SettingsForm.cs(298,43): warning CA1416: 鍙湪鎵€鏈夊钩鍙颁笂璁块棶姝よ皟鐢ㄧ珯鐐广€?NumericUpDown" 浠呭湪 "windows" 6.1 鍙婃洿楂樼増鏈?涓婂彈鏀寔銆?(https://learn.microsoft.com/dotnet/fundamentals/code-analysis/quality-rules/ca1416) [D:\workspace\ScreenTimeController\ScreenTimeController.csproj]
D:\workspace\ScreenTimeController\SettingsForm.cs(546,13): warning CA1416: 鍙湪鎵€鏈夊钩鍙颁笂璁块棶姝よ皟鐢ㄧ珯鐐广€?TableLayoutPanel.Controls" 浠呭湪 "windows" 6.1 鍙婃洿楂樼増鏈?涓婂彈鏀寔銆?(https://learn.microsoft.com/dotnet/fundamentals/code-analysis/quality-rules/ca1416) [D:\workspace\ScreenTimeController\ScreenTimeController.csproj]
D:\workspace\ScreenTimeController\SettingsForm.cs(560,33): warning CA1416: 鍙湪鎵€鏈夊钩鍙颁笂璁块棶姝よ皟鐢ㄧ珯鐐广€?Button" 浠呭湪 "windows" 6.1 鍙婃洿楂樼増鏈?涓婂彈鏀寔銆?(https://learn.microsoft.com/dotnet/fundamentals/code-analysis/quality-rules/ca1416) [D:\workspace\ScreenTimeController\ScreenTimeController.csproj]
D:\workspace\ScreenTimeController\SettingsForm.cs(409,26): warning CA1416: 鍙湪鎵€鏈夊钩鍙颁笂璁块棶姝よ皟鐢ㄧ珯鐐广€?Padding" 浠呭湪 "windows" 6.1 鍙婃洿楂樼増鏈?涓婂彈鏀寔銆?(https://learn.microsoft.com/dotnet/fundamentals/code-analysis/quality-rules/ca1416) [D:\workspace\ScreenTimeController\ScreenTimeController.csproj]
D:\workspace\ScreenTimeController\SettingsForm.cs(378,17): warning CA1416: 鍙湪鎵€鏈夊钩鍙颁笂璁块棶姝よ皟鐢ㄧ珯鐐广€?NumericUpDown.Maximum" 浠呭湪 "windows" 6.1 鍙婃洿楂樼増鏈?涓婂彈鏀寔銆?(https://learn.microsoft.com/dotnet/fundamentals/code-analysis/quality-rules/ca1416) [D:\workspace\ScreenTimeController\ScreenTimeController.csproj]
D:\workspace\ScreenTimeController\SettingsForm.cs(303,24): warning CA1416: 鍙湪鎵€鏈夊钩鍙颁笂璁块棶姝よ皟鐢ㄧ珯鐐广€?Font" 浠呭湪 "windows" 6.1 鍙婃洿楂樼増鏈?涓婂彈鏀寔銆?(https://learn.microsoft.com/dotnet/fundamentals/code-analysis/quality-rules/ca1416) [D:\workspace\ScreenTimeController\ScreenTimeController.csproj]
D:\workspace\ScreenTimeController\SettingsForm.cs(471,41): warning CA1416: 鍙湪鎵€鏈夊钩鍙颁笂璁块棶姝よ皟鐢ㄧ珯鐐广€?NumericUpDown" 浠呭湪 "windows" 6.1 鍙婃洿楂樼増鏈?涓婂彈鏀寔銆?(https://learn.microsoft.com/dotnet/fundamentals/code-analysis/quality-rules/ca1416) [D:\workspace\ScreenTimeController\ScreenTimeController.csproj]
D:\workspace\ScreenTimeController\SettingsForm.cs(339,17): warning CA1416: 鍙湪鎵€鏈夊钩鍙颁笂璁块棶姝よ皟鐢ㄧ珯鐐广€?Label.Text" 浠呭湪 "windows" 6.1 鍙婃洿楂樼増鏈?涓婂彈鏀寔銆?(https://learn.microsoft.com/dotnet/fundamentals/code-analysis/quality-rules/ca1416) [D:\workspace\ScreenTimeController\ScreenTimeController.csproj]
D:\workspace\ScreenTimeController\SettingsForm.cs(476,24): warning CA1416: 鍙湪鎵€鏈夊钩鍙颁笂璁块棶姝よ皟鐢ㄧ珯鐐广€?Font" 浠呭湪 "windows" 6.1 鍙婃洿楂樼増鏈?涓婂彈鏀寔銆?(https://learn.microsoft.com/dotnet/fundamentals/code-analysis/quality-rules/ca1416) [D:\workspace\ScreenTimeController\ScreenTimeController.csproj]
D:\workspace\ScreenTimeController\SettingsForm.cs(459,13): warning CA1416: 鍙湪鎵€鏈夊钩鍙颁笂璁块棶姝よ皟鐢ㄧ珯鐐广€?TableLayoutPanel.Controls" 浠呭湪 "windows" 6.1 鍙婃洿楂樼増鏈?涓婂彈鏀寔銆?(https://learn.microsoft.com/dotnet/fundamentals/code-analysis/quality-rules/ca1416) [D:\workspace\ScreenTimeController\ScreenTimeController.csproj]
D:\workspace\ScreenTimeController\SettingsForm.cs(225,17): warning CA1416: 鍙湪鎵€鏈夊钩鍙颁笂璁块棶姝よ皟鐢ㄧ珯鐐广€?Control.Font" 浠呭湪 "windows" 6.1 鍙婃洿楂樼増鏈?涓婂彈鏀寔銆?(https://learn.microsoft.com/dotnet/fundamentals/code-analysis/quality-rules/ca1416) [D:\workspace\ScreenTimeController\ScreenTimeController.csproj]
D:\workspace\ScreenTimeController\SettingsForm.cs(604,13): warning CA1416: 鍙湪鎵€鏈夊钩鍙颁笂璁块棶姝よ皟鐢ㄧ珯鐐广€?Control.Click" 浠呭湪 "windows" 6.1 鍙婃洿楂樼増鏈?涓婂彈鏀寔銆?(https://learn.microsoft.com/dotnet/fundamentals/code-analysis/quality-rules/ca1416) [D:\workspace\ScreenTimeController\ScreenTimeController.csproj]
D:\workspace\ScreenTimeController\SettingsForm.cs(597,17): warning CA1416: 鍙湪鎵€鏈夊钩鍙颁笂璁块棶姝よ皟鐢ㄧ珯鐐广€?Control.Location" 浠呭湪 "windows" 6.1 鍙婃洿楂樼増鏈?涓婂彈鏀寔銆?(https://learn.microsoft.com/dotnet/fundamentals/code-analysis/quality-rules/ca1416) [D:\workspace\ScreenTimeController\ScreenTimeController.csproj]
D:\workspace\ScreenTimeController\SettingsForm.cs(400,26): warning CA1416: 鍙湪鎵€鏈夊钩鍙颁笂璁块棶姝よ皟鐢ㄧ珯鐐广€?Padding" 浠呭湪 "windows" 6.1 鍙婃洿楂樼増鏈?涓婂彈鏀寔銆?(https://learn.microsoft.com/dotnet/fundamentals/code-analysis/quality-rules/ca1416) [D:\workspace\ScreenTimeController\ScreenTimeController.csproj]
D:\workspace\ScreenTimeController\SettingsForm.cs(225,24): warning CA1416: 鍙湪鎵€鏈夊钩鍙颁笂璁块棶姝よ皟鐢ㄧ珯鐐广€?Font" 浠呭湪 "windows" 6.1 鍙婃洿楂樼増鏈?涓婂彈鏀寔銆?(https://learn.microsoft.com/dotnet/fundamentals/code-analysis/quality-rules/ca1416) [D:\workspace\ScreenTimeController\ScreenTimeController.csproj]
D:\workspace\ScreenTimeController\SettingsForm.cs(619,13): warning CA1416: 鍙湪鎵€鏈夊钩鍙颁笂璁块棶姝よ皟鐢ㄧ珯鐐广€?Control.Click" 浠呭湪 "windows" 6.1 鍙婃洿楂樼増鏈?涓婂彈鏀寔銆?(https://learn.microsoft.com/dotnet/fundamentals/code-analysis/quality-rules/ca1416) [D:\workspace\ScreenTimeController\ScreenTimeController.csproj]
D:\workspace\ScreenTimeController\SettingsForm.cs(452,37): warning CA1416: 鍙湪鎵€鏈夊钩鍙颁笂璁块棶姝よ皟鐢ㄧ珯鐐广€?Label" 浠呭湪 "windows" 6.1 鍙婃洿楂樼増鏈?涓婂彈鏀寔銆?(https://learn.microsoft.com/dotnet/fundamentals/code-analysis/quality-rules/ca1416) [D:\workspace\ScreenTimeController\ScreenTimeController.csproj]
D:\workspace\ScreenTimeController\SettingsForm.cs(418,29): warning CA1416: 鍙湪鎵€鏈夊钩鍙颁笂璁块棶姝よ皟鐢ㄧ珯鐐广€?ContentAlignment.MiddleLeft" 浠呭湪 "windows" 6.1 鍙婃洿楂樼増鏈?涓婂彈鏀寔銆?(https://learn.microsoft.com/dotnet/fundamentals/code-analysis/quality-rules/ca1416) [D:\workspace\ScreenTimeController\ScreenTimeController.csproj]
D:\workspace\ScreenTimeController\SettingsForm.cs(620,13): warning CA1416: 鍙湪鎵€鏈夊钩鍙颁笂璁块棶姝よ皟鐢ㄧ珯鐐广€?Control.ControlCollection.Add(Control?)" 浠呭湪 "windows" 6.1 鍙婃洿楂樼増鏈?涓婂彈鏀寔銆?(https://learn.microsoft.com/dotnet/fundamentals/code-analysis/quality-rules/ca1416) [D:\workspace\ScreenTimeController\ScreenTimeController.csproj]
D:\workspace\ScreenTimeController\SettingsForm.cs(614,17): warning CA1416: 鍙湪鎵€鏈夊钩鍙颁笂璁块棶姝よ皟鐢ㄧ珯鐐广€?ButtonBase.BackColor" 浠呭湪 "windows" 6.1 鍙婃洿楂樼増鏈?涓婂彈鏀寔銆?(https://learn.microsoft.com/dotnet/fundamentals/code-analysis/quality-rules/ca1416) [D:\workspace\ScreenTimeController\ScreenTimeController.csproj]
D:\workspace\ScreenTimeController\SettingsForm.cs(226,17): warning CA1416: 鍙湪鎵€鏈夊钩鍙颁笂璁块棶姝よ皟鐢ㄧ珯鐐广€?Label.TextAlign" 浠呭湪 "windows" 6.1 鍙婃洿楂樼増鏈?涓婂彈鏀寔銆?(https://learn.microsoft.com/dotnet/fundamentals/code-analysis/quality-rules/ca1416) [D:\workspace\ScreenTimeController\ScreenTimeController.csproj]
D:\workspace\ScreenTimeController\SettingsForm.cs(615,17): warning CA1416: 鍙湪鎵€鏈夊钩鍙颁笂璁块棶姝よ皟鐢ㄧ珯鐐广€?Control.ForeColor" 浠呭湪 "windows" 6.1 鍙婃洿楂樼増鏈?涓婂彈鏀寔銆?(https://learn.microsoft.com/dotnet/fundamentals/code-analysis/quality-rules/ca1416) [D:\workspace\ScreenTimeController\ScreenTimeController.csproj]
D:\workspace\ScreenTimeController\SettingsForm.cs(184,13): warning CA1416: 鍙湪鎵€鏈夊钩鍙颁笂璁块棶姝よ皟鐢ㄧ珯鐐广€?TableLayoutPanel.ColumnStyles" 浠呭湪 "windows" 6.1 鍙婃洿楂樼増鏈?涓婂彈鏀寔銆?(https://learn.microsoft.com/dotnet/fundamentals/code-analysis/quality-rules/ca1416) [D:\workspace\ScreenTimeController\ScreenTimeController.csproj]
D:\workspace\ScreenTimeController\SettingsForm.cs(369,17): warning CA1416: 鍙湪鎵€鏈夊钩鍙颁笂璁块棶姝よ皟鐢ㄧ珯鐐广€?Control.Font" 浠呭湪 "windows" 6.1 鍙婃洿楂樼増鏈?涓婂彈鏀寔銆?(https://learn.microsoft.com/dotnet/fundamentals/code-analysis/quality-rules/ca1416) [D:\workspace\ScreenTimeController\ScreenTimeController.csproj]
D:\workspace\ScreenTimeController\SettingsForm.cs(371,17): warning CA1416: 鍙湪鎵€鏈夊钩鍙颁笂璁块棶姝よ皟鐢ㄧ珯鐐广€?Control.Margin" 浠呭湪 "windows" 6.1 鍙婃洿楂樼増鏈?涓婂彈鏀寔銆?(https://learn.microsoft.com/dotnet/fundamentals/code-analysis/quality-rules/ca1416) [D:\workspace\ScreenTimeController\ScreenTimeController.csproj]
D:\workspace\ScreenTimeController\SettingsForm.cs(555,13): warning CA1416: 鍙湪鎵€鏈夊钩鍙颁笂璁块棶姝よ皟鐢ㄧ珯鐐广€?TableLayoutControlCollection.Add(Control, int, int)" 浠呭湪 "windows" 6.1 鍙婃洿楂樼増鏈?涓婂彈鏀寔銆?(https://learn.microsoft.com/dotnet/fundamentals/code-analysis/quality-rules/ca1416) [D:\workspace\ScreenTimeController\ScreenTimeController.csproj]
D:\workspace\ScreenTimeController\SettingsForm.cs(488,13): warning CA1416: 鍙湪鎵€鏈夊钩鍙颁笂璁块棶姝よ皟鐢ㄧ珯鐐广€?TableLayoutPanel.Controls" 浠呭湪 "windows" 6.1 鍙婃洿楂樼増鏈?涓婂彈鏀寔銆?(https://learn.microsoft.com/dotnet/fundamentals/code-analysis/quality-rules/ca1416) [D:\workspace\ScreenTimeController\ScreenTimeController.csproj]
D:\workspace\ScreenTimeController\SettingsForm.cs(485,17): warning CA1416: 鍙湪鎵€鏈夊钩鍙颁笂璁块棶姝よ皟鐢ㄧ珯鐐广€?Label.TextAlign" 浠呭湪 "windows" 6.1 鍙婃洿楂樼増鏈?涓婂彈鏀寔銆?(https://learn.microsoft.com/dotnet/fundamentals/code-analysis/quality-rules/ca1416) [D:\workspace\ScreenTimeController\ScreenTimeController.csproj]
D:\workspace\ScreenTimeController\SettingsForm.cs(437,17): warning CA1416: 鍙湪鎵€鏈夊钩鍙颁笂璁块棶姝よ皟鐢ㄧ珯鐐广€?Label.TextAlign" 浠呭湪 "windows" 6.1 鍙婃洿楂樼増鏈?涓婂彈鏀寔銆?(https://learn.microsoft.com/dotnet/fundamentals/code-analysis/quality-rules/ca1416) [D:\workspace\ScreenTimeController\ScreenTimeController.csproj]
D:\workspace\ScreenTimeController\SettingsForm.cs(363,13): warning CA1416: 鍙湪鎵€鏈夊钩鍙颁笂璁块棶姝よ皟鐢ㄧ珯鐐广€?TableLayoutControlCollection.Add(Control, int, int)" 浠呭湪 "windows" 6.1 鍙婃洿楂樼増鏈?涓婂彈鏀寔銆?(https://learn.microsoft.com/dotnet/fundamentals/code-analysis/quality-rules/ca1416) [D:\workspace\ScreenTimeController\ScreenTimeController.csproj]
D:\workspace\ScreenTimeController\SettingsForm.cs(285,17): warning CA1416: 鍙湪鎵€鏈夊钩鍙颁笂璁块棶姝よ皟鐢ㄧ珯鐐广€?Control.Margin" 浠呭湪 "windows" 6.1 鍙婃洿楂樼増鏈?涓婂彈鏀寔銆?(https://learn.microsoft.com/dotnet/fundamentals/code-analysis/quality-rules/ca1416) [D:\workspace\ScreenTimeController\ScreenTimeController.csproj]
D:\workspace\ScreenTimeController\SettingsForm.cs(246,17): warning CA1416: 鍙湪鎵€鏈夊钩鍙颁笂璁块棶姝よ皟鐢ㄧ珯鐐广€?Control.Margin" 浠呭湪 "windows" 6.1 鍙婃洿楂樼増鏈?涓婂彈鏀寔銆?(https://learn.microsoft.com/dotnet/fundamentals/code-analysis/quality-rules/ca1416) [D:\workspace\ScreenTimeController\ScreenTimeController.csproj]
D:\workspace\ScreenTimeController\SettingsForm.cs(488,13): warning CA1416: 鍙湪鎵€鏈夊钩鍙颁笂璁块棶姝よ皟鐢ㄧ珯鐐广€?TableLayoutControlCollection.Add(Control, int, int)" 浠呭湪 "windows" 6.1 鍙婃洿楂樼増鏈?涓婂彈鏀寔銆?(https://learn.microsoft.com/dotnet/fundamentals/code-analysis/quality-rules/ca1416) [D:\workspace\ScreenTimeController\ScreenTimeController.csproj]
D:\workspace\ScreenTimeController\SettingsForm.cs(466,29): warning CA1416: 鍙湪鎵€鏈夊钩鍙颁笂璁块棶姝よ皟鐢ㄧ珯鐐广€?ContentAlignment.MiddleLeft" 浠呭湪 "windows" 6.1 鍙婃洿楂樼増鏈?涓婂彈鏀寔銆?(https://learn.microsoft.com/dotnet/fundamentals/code-analysis/quality-rules/ca1416) [D:\workspace\ScreenTimeController\ScreenTimeController.csproj]
D:\workspace\ScreenTimeController\SettingsForm.cs(294,26): warning CA1416: 鍙湪鎵€鏈夊钩鍙颁笂璁块棶姝よ皟鐢ㄧ珯鐐广€?Padding" 浠呭湪 "windows" 6.1 鍙婃洿楂樼増鏈?涓婂彈鏀寔銆?(https://learn.microsoft.com/dotnet/fundamentals/code-analysis/quality-rules/ca1416) [D:\workspace\ScreenTimeController\ScreenTimeController.csproj]
D:\workspace\ScreenTimeController\SettingsForm.cs(596,24): warning CA1416: 鍙湪鎵€鏈夊钩鍙颁笂璁块棶姝よ皟鐢ㄧ珯鐐广€?Font" 浠呭湪 "windows" 6.1 鍙婃洿楂樼増鏈?涓婂彈鏀寔銆?(https://learn.microsoft.com/dotnet/fundamentals/code-analysis/quality-rules/ca1416) [D:\workspace\ScreenTimeController\ScreenTimeController.csproj]
D:\workspace\ScreenTimeController\SettingsForm.cs(179,17): warning CA1416: 鍙湪鎵€鏈夊钩鍙颁笂璁块棶姝よ皟鐢ㄧ珯鐐广€?Control.BackColor" 浠呭湪 "windows" 6.1 鍙婃洿楂樼増鏈?涓婂彈鏀寔銆?(https://learn.microsoft.com/dotnet/fundamentals/code-analysis/quality-rules/ca1416) [D:\workspace\ScreenTimeController\ScreenTimeController.csproj]
D:\workspace\ScreenTimeController\SettingsForm.cs(287,13): warning CA1416: 鍙湪鎵€鏈夊钩鍙颁笂璁块棶姝よ皟鐢ㄧ珯鐐广€?TableLayoutPanel.Controls" 浠呭湪 "windows" 6.1 鍙婃洿楂樼増鏈?涓婂彈鏀寔銆?(https://learn.microsoft.com/dotnet/fundamentals/code-analysis/quality-rules/ca1416) [D:\workspace\ScreenTimeController\ScreenTimeController.csproj]
D:\workspace\ScreenTimeController\SettingsForm.cs(311,24): warning CA1416: 鍙湪鎵€鏈夊钩鍙颁笂璁块棶姝よ皟鐢ㄧ珯鐐广€?Font" 浠呭湪 "windows" 6.1 鍙婃洿楂樼増鏈?涓婂彈鏀寔銆?(https://learn.microsoft.com/dotnet/fundamentals/code-analysis/quality-rules/ca1416) [D:\workspace\ScreenTimeController\ScreenTimeController.csproj]
D:\workspace\ScreenTimeController\SettingsForm.cs(239,13): warning CA1416: 鍙湪鎵€鏈夊钩鍙颁笂璁块棶姝よ皟鐢ㄧ珯鐐广€?TableLayoutControlCollection.Add(Control, int, int)" 浠呭湪 "windows" 6.1 鍙婃洿楂樼増鏈?涓婂彈鏀寔銆?(https://learn.microsoft.com/dotnet/fundamentals/code-analysis/quality-rules/ca1416) [D:\workspace\ScreenTimeController\ScreenTimeController.csproj]
D:\workspace\ScreenTimeController\SettingsForm.cs(169,13): warning CA1416: 鍙湪鎵€鏈夊钩鍙颁笂璁块棶姝よ皟鐢ㄧ珯鐐广€?Form.StartPosition" 浠呭湪 "windows" 6.1 鍙婃洿楂樼増鏈?涓婂彈鏀寔銆?(https://learn.microsoft.com/dotnet/fundamentals/code-analysis/quality-rules/ca1416) [D:\workspace\ScreenTimeController\ScreenTimeController.csproj]
D:\workspace\ScreenTimeController\SettingsForm.cs(360,17): warning CA1416: 鍙湪鎵€鏈夊钩鍙颁笂璁块棶姝よ皟鐢ㄧ珯鐐广€?Label.TextAlign" 浠呭湪 "windows" 6.1 鍙婃洿楂樼増鏈?涓婂彈鏀寔銆?(https://learn.microsoft.com/dotnet/fundamentals/code-analysis/quality-rules/ca1416) [D:\workspace\ScreenTimeController\ScreenTimeController.csproj]
D:\workspace\ScreenTimeController\SettingsForm.cs(400,17): warning CA1416: 鍙湪鎵€鏈夊钩鍙颁笂璁块棶姝よ皟鐢ㄧ珯鐐广€?Control.Margin" 浠呭湪 "windows" 6.1 鍙婃洿楂樼増鏈?涓婂彈鏀寔銆?(https://learn.microsoft.com/dotnet/fundamentals/code-analysis/quality-rules/ca1416) [D:\workspace\ScreenTimeController\ScreenTimeController.csproj]
D:\workspace\ScreenTimeController\SettingsForm.cs(168,13): warning CA1416: 鍙湪鎵€鏈夊钩鍙颁笂璁块棶姝よ皟鐢ㄧ珯鐐广€?Form.MinimizeBox" 浠呭湪 "windows" 6.1 鍙婃洿楂樼増鏈?涓婂彈鏀寔銆?(https://learn.microsoft.com/dotnet/fundamentals/code-analysis/quality-rules/ca1416) [D:\workspace\ScreenTimeController\ScreenTimeController.csproj]
D:\workspace\ScreenTimeController\SettingsForm.cs(484,24): warning CA1416: 鍙湪鎵€鏈夊钩鍙颁笂璁块棶姝よ皟鐢ㄧ珯鐐广€?Font" 浠呭湪 "windows" 6.1 鍙婃洿楂樼増鏈?涓婂彈鏀寔銆?(https://learn.microsoft.com/dotnet/fundamentals/code-analysis/quality-rules/ca1416) [D:\workspace\ScreenTimeController\ScreenTimeController.csproj]
D:\workspace\ScreenTimeController\SettingsForm.cs(498,13): warning CA1416: 鍙湪鎵€鏈夊钩鍙颁笂璁块棶姝よ皟鐢ㄧ珯鐐广€?TableLayoutControlCollection.Add(Control, int, int)" 浠呭湪 "windows" 6.1 鍙婃洿楂樼増鏈?涓婂彈鏀寔銆?(https://learn.microsoft.com/dotnet/fundamentals/code-analysis/quality-rules/ca1416) [D:\workspace\ScreenTimeController\ScreenTimeController.csproj]
D:\workspace\ScreenTimeController\SettingsForm.cs(490,43): warning CA1416: 鍙湪鎵€鏈夊钩鍙颁笂璁块棶姝よ皟鐢ㄧ珯鐐广€?NumericUpDown" 浠呭湪 "windows" 6.1 鍙婃洿楂樼増鏈?涓婂彈鏀寔銆?(https://learn.microsoft.com/dotnet/fundamentals/code-analysis/quality-rules/ca1416) [D:\workspace\ScreenTimeController\ScreenTimeController.csproj]
D:\workspace\ScreenTimeController\SettingsForm.cs(283,17): warning CA1416: 鍙湪鎵€鏈夊钩鍙颁笂璁块棶姝よ皟鐢ㄧ珯鐐广€?NumericUpDown.Minimum" 浠呭湪 "windows" 6.1 鍙婃洿楂樼増鏈?涓婂彈鏀寔銆?(https://learn.microsoft.com/dotnet/fundamentals/code-analysis/quality-rules/ca1416) [D:\workspace\ScreenTimeController\ScreenTimeController.csproj]
D:\workspace\ScreenTimeController\SettingsForm.cs(366,31): warning CA1416: 鍙湪鎵€鏈夊钩鍙颁笂璁块棶姝よ皟鐢ㄧ珯鐐广€?Label" 浠呭湪 "windows" 6.1 鍙婃洿楂樼増鏈?涓婂彈鏀寔銆?(https://learn.microsoft.com/dotnet/fundamentals/code-analysis/quality-rules/ca1416) [D:\workspace\ScreenTimeController\ScreenTimeController.csproj]
D:\workspace\ScreenTimeController\SettingsForm.cs(197,48): warning CA1416: 鍙湪鎵€鏈夊钩鍙颁笂璁块棶姝よ皟鐢ㄧ珯鐐广€?FontStyle.Bold" 浠呭湪 "windows" 6.1 鍙婃洿楂樼増鏈?涓婂彈鏀寔銆?(https://learn.microsoft.com/dotnet/fundamentals/code-analysis/quality-rules/ca1416) [D:\workspace\ScreenTimeController\ScreenTimeController.csproj]
D:\workspace\ScreenTimeController\SettingsForm.cs(275,26): warning CA1416: 鍙湪鎵€鏈夊钩鍙颁笂璁块棶姝よ皟鐢ㄧ珯鐐广€?Padding" 浠呭湪 "windows" 6.1 鍙婃洿楂樼増鏈?涓婂彈鏀寔銆?(https://learn.microsoft.com/dotnet/fundamentals/code-analysis/quality-rules/ca1416) [D:\workspace\ScreenTimeController\ScreenTimeController.csproj]
D:\workspace\ScreenTimeController\SettingsForm.cs(265,26): warning CA1416: 鍙湪鎵€鏈夊钩鍙颁笂璁块棶姝よ皟鐢ㄧ珯鐐广€?Padding" 浠呭湪 "windows" 6.1 鍙婃洿楂樼増鏈?涓婂彈鏀寔銆?(https://learn.microsoft.com/dotnet/fundamentals/code-analysis/quality-rules/ca1416) [D:\workspace\ScreenTimeController\ScreenTimeController.csproj]
D:\workspace\ScreenTimeController\SettingsForm.cs(333,17): warning CA1416: 鍙湪鎵€鏈夊钩鍙颁笂璁块棶姝よ皟鐢ㄧ珯鐐广€?Control.Margin" 浠呭湪 "windows" 6.1 鍙婃洿楂樼増鏈?涓婂彈鏀寔銆?(https://learn.microsoft.com/dotnet/fundamentals/code-analysis/quality-rules/ca1416) [D:\workspace\ScreenTimeController\ScreenTimeController.csproj]
D:\workspace\ScreenTimeController\SettingsForm.cs(536,13): warning CA1416: 鍙湪鎵€鏈夊钩鍙颁笂璁块棶姝よ皟鐢ㄧ珯鐐广€?TableLayoutControlCollection.Add(Control, int, int)" 浠呭湪 "windows" 6.1 鍙婃洿楂樼増鏈?涓婂彈鏀寔銆?(https://learn.microsoft.com/dotnet/fundamentals/code-analysis/quality-rules/ca1416) [D:\workspace\ScreenTimeController\ScreenTimeController.csproj]
D:\workspace\ScreenTimeController\SettingsForm.cs(287,13): warning CA1416: 鍙湪鎵€鏈夊钩鍙颁笂璁块棶姝よ皟鐢ㄧ珯鐐广€?TableLayoutControlCollection.Add(Control, int, int)" 浠呭湪 "windows" 6.1 鍙婃洿楂樼増鏈?涓婂彈鏀寔銆?(https://learn.microsoft.com/dotnet/fundamentals/code-analysis/quality-rules/ca1416) [D:\workspace\ScreenTimeController\ScreenTimeController.csproj]
D:\workspace\ScreenTimeController\SettingsForm.cs(571,13): warning CA1416: 鍙湪鎵€鏈夊钩鍙颁笂璁块棶姝よ皟鐢ㄧ珯鐐广€?ButtonBase.FlatAppearance" 浠呭湪 "windows" 6.1 鍙婃洿楂樼増鏈?涓婂彈鏀寔銆?(https://learn.microsoft.com/dotnet/fundamentals/code-analysis/quality-rules/ca1416) [D:\workspace\ScreenTimeController\ScreenTimeController.csproj]
D:\workspace\ScreenTimeController\SettingsForm.cs(318,29): warning CA1416: 鍙湪鎵€鏈夊钩鍙颁笂璁块棶姝よ皟鐢ㄧ珯鐐广€?Label" 浠呭湪 "windows" 6.1 鍙婃洿楂樼増鏈?涓婂彈鏀寔銆?(https://learn.microsoft.com/dotnet/fundamentals/code-analysis/quality-rules/ca1416) [D:\workspace\ScreenTimeController\ScreenTimeController.csproj]
D:\workspace\ScreenTimeController\SettingsForm.cs(237,17): warning CA1416: 鍙湪鎵€鏈夊钩鍙颁笂璁块棶姝よ皟鐢ㄧ珯鐐广€?Control.Margin" 浠呭湪 "windows" 6.1 鍙婃洿楂樼増鏈?涓婂彈鏀寔銆?(https://learn.microsoft.com/dotnet/fundamentals/code-analysis/quality-rules/ca1416) [D:\workspace\ScreenTimeController\ScreenTimeController.csproj]
D:\workspace\ScreenTimeController\SettingsForm.cs(455,17): warning CA1416: 鍙湪鎵€鏈夊钩鍙颁笂璁块棶姝よ皟鐢ㄧ珯鐐广€?Control.Font" 浠呭湪 "windows" 6.1 鍙婃洿楂樼増鏈?涓婂彈鏀寔銆?(https://learn.microsoft.com/dotnet/fundamentals/code-analysis/quality-rules/ca1416) [D:\workspace\ScreenTimeController\ScreenTimeController.csproj]
D:\workspace\ScreenTimeController\SettingsForm.cs(212,33): warning CA1416: 鍙湪鎵€鏈夊钩鍙颁笂璁块棶姝よ皟鐢ㄧ珯鐐广€?Label" 浠呭湪 "windows" 6.1 鍙婃洿楂樼増鏈?涓婂彈鏀寔銆?(https://learn.microsoft.com/dotnet/fundamentals/code-analysis/quality-rules/ca1416) [D:\workspace\ScreenTimeController\ScreenTimeController.csproj]
D:\workspace\ScreenTimeController\SettingsForm.cs(184,63): warning CA1416: 鍙湪鎵€鏈夊钩鍙颁笂璁块棶姝よ皟鐢ㄧ珯鐐广€?SizeType.Absolute" 浠呭湪 "windows" 6.1 鍙婃洿楂樼増鏈?涓婂彈鏀寔銆?(https://learn.microsoft.com/dotnet/fundamentals/code-analysis/quality-rules/ca1416) [D:\workspace\ScreenTimeController\ScreenTimeController.csproj]
D:\workspace\ScreenTimeController\SettingsForm.cs(613,17): warning CA1416: 鍙湪鎵€鏈夊钩鍙颁笂璁块棶姝よ皟鐢ㄧ珯鐐广€?Control.Size" 浠呭湪 "windows" 6.1 鍙婃洿楂樼増鏈?涓婂彈鏀寔銆?(https://learn.microsoft.com/dotnet/fundamentals/code-analysis/quality-rules/ca1416) [D:\workspace\ScreenTimeController\ScreenTimeController.csproj]
D:\workspace\ScreenTimeController\SettingsForm.cs(321,24): warning CA1416: 鍙湪鎵€鏈夊钩鍙颁笂璁块棶姝よ皟鐢ㄧ珯鐐广€?Font" 浠呭湪 "windows" 6.1 鍙婃洿楂樼増鏈?涓婂彈鏀寔銆?(https://learn.microsoft.com/dotnet/fundamentals/code-analysis/quality-rules/ca1416) [D:\workspace\ScreenTimeController\ScreenTimeController.csproj]
D:\workspace\ScreenTimeController\SettingsForm.cs(313,17): warning CA1416: 鍙湪鎵€鏈夊钩鍙颁笂璁块棶姝よ皟鐢ㄧ珯鐐广€?Control.Margin" 浠呭湪 "windows" 6.1 鍙婃洿楂樼増鏈?涓婂彈鏀寔銆?(https://learn.microsoft.com/dotnet/fundamentals/code-analysis/quality-rules/ca1416) [D:\workspace\ScreenTimeController\ScreenTimeController.csproj]
D:\workspace\ScreenTimeController\SettingsForm.cs(505,26): warning CA1416: 鍙湪鎵€鏈夊钩鍙颁笂璁块棶姝よ皟鐢ㄧ珯鐐广€?Padding" 浠呭湪 "windows" 6.1 鍙婃洿楂樼増鏈?涓婂彈鏀寔銆?(https://learn.microsoft.com/dotnet/fundamentals/code-analysis/quality-rules/ca1416) [D:\workspace\ScreenTimeController\ScreenTimeController.csproj]
D:\workspace\ScreenTimeController\SettingsForm.cs(236,24): warning CA1416: 鍙湪鎵€鏈夊钩鍙颁笂璁块棶姝よ皟鐢ㄧ珯鐐广€?Font" 浠呭湪 "windows" 6.1 鍙婃洿楂樼増鏈?涓婂彈鏀寔銆?(https://learn.microsoft.com/dotnet/fundamentals/code-analysis/quality-rules/ca1416) [D:\workspace\ScreenTimeController\ScreenTimeController.csproj]
D:\workspace\ScreenTimeController\SettingsForm.cs(544,17): warning CA1416: 鍙湪鎵€鏈夊钩鍙颁笂璁块棶姝よ皟鐢ㄧ珯鐐广€?Control.Margin" 浠呭湪 "windows" 6.1 鍙婃洿楂樼増鏈?涓婂彈鏀寔銆?(https://learn.microsoft.com/dotnet/fundamentals/code-analysis/quality-rules/ca1416) [D:\workspace\ScreenTimeController\ScreenTimeController.csproj]
D:\workspace\ScreenTimeController\SettingsForm.cs(166,13): warning CA1416: 鍙湪鎵€鏈夊钩鍙颁笂璁块棶姝よ皟鐢ㄧ珯鐐广€?Form.FormBorderStyle" 浠呭湪 "windows" 6.1 鍙婃洿楂樼増鏈?涓婂彈鏀寔銆?(https://learn.microsoft.com/dotnet/fundamentals/code-analysis/quality-rules/ca1416) [D:\workspace\ScreenTimeController\ScreenTimeController.csproj]
D:\workspace\ScreenTimeController\SettingsForm.cs(605,13): warning CA1416: 鍙湪鎵€鏈夊钩鍙颁笂璁块棶姝よ皟鐢ㄧ珯鐐广€?Control.ControlCollection.Add(Control?)" 浠呭湪 "windows" 6.1 鍙婃洿楂樼増鏈?涓婂彈鏀寔銆?(https://learn.microsoft.com/dotnet/fundamentals/code-analysis/quality-rules/ca1416) [D:\workspace\ScreenTimeController\ScreenTimeController.csproj]
D:\workspace\ScreenTimeController\SettingsForm.cs(426,17): warning CA1416: 鍙湪鎵€鏈夊钩鍙颁笂璁块棶姝よ皟鐢ㄧ珯鐐广€?NumericUpDown.Maximum" 浠呭湪 "windows" 6.1 鍙婃洿楂樼増鏈?涓婂彈鏀寔銆?(https://learn.microsoft.com/dotnet/fundamentals/code-analysis/quality-rules/ca1416) [D:\workspace\ScreenTimeController\ScreenTimeController.csproj]
D:\workspace\ScreenTimeController\SettingsForm.cs(180,17): warning CA1416: 鍙湪鎵€鏈夊钩鍙颁笂璁块棶姝よ皟鐢ㄧ珯鐐广€?TableLayoutPanel.BorderStyle" 浠呭湪 "windows" 6.1 鍙婃洿楂樼増鏈?涓婂彈鏀寔銆?(https://learn.microsoft.com/dotnet/fundamentals/code-analysis/quality-rules/ca1416) [D:\workspace\ScreenTimeController\ScreenTimeController.csproj]
D:\workspace\ScreenTimeController\SettingsForm.cs(514,17): warning CA1416: 鍙湪鎵€鏈夊钩鍙颁笂璁块棶姝よ皟鐢ㄧ珯鐐广€?Label.TextAlign" 浠呭湪 "windows" 6.1 鍙婃洿楂樼増鏈?涓婂彈鏀寔銆?(https://learn.microsoft.com/dotnet/fundamentals/code-analysis/quality-rules/ca1416) [D:\workspace\ScreenTimeController\ScreenTimeController.csproj]
D:\workspace\ScreenTimeController\SettingsForm.cs(322,17): warning CA1416: 鍙湪鎵€鏈夊钩鍙颁笂璁块棶姝よ皟鐢ㄧ珯鐐广€?Label.TextAlign" 浠呭湪 "windows" 6.1 鍙婃洿楂樼増鏈?涓婂彈鏀寔銆?(https://learn.microsoft.com/dotnet/fundamentals/code-analysis/quality-rules/ca1416) [D:\workspace\ScreenTimeController\ScreenTimeController.csproj]
D:\workspace\ScreenTimeController\SettingsForm.cs(182,63): warning CA1416: 鍙湪鎵€鏈夊钩鍙颁笂璁块棶姝よ皟鐢ㄧ珯鐐广€?SizeType.Absolute" 浠呭湪 "windows" 6.1 鍙婃洿楂樼増鏈?涓婂彈鏀寔銆?(https://learn.microsoft.com/dotnet/fundamentals/code-analysis/quality-rules/ca1416) [D:\workspace\ScreenTimeController\ScreenTimeController.csproj]
D:\workspace\ScreenTimeController\SettingsForm.cs(322,29): warning CA1416: 鍙湪鎵€鏈夊钩鍙颁笂璁块棶姝よ皟鐢ㄧ珯鐐广€?ContentAlignment.MiddleLeft" 浠呭湪 "windows" 6.1 鍙婃洿楂樼増鏈?涓婂彈鏀寔銆?(https://learn.microsoft.com/dotnet/fundamentals/code-analysis/quality-rules/ca1416) [D:\workspace\ScreenTimeController\ScreenTimeController.csproj]
D:\workspace\ScreenTimeController\SettingsForm.cs(564,24): warning CA1416: 鍙湪鎵€鏈夊钩鍙颁笂璁块棶姝よ皟鐢ㄧ珯鐐广€?Font" 浠呭湪 "windows" 6.1 鍙婃洿楂樼増鏈?涓婂彈鏀寔銆?(https://learn.microsoft.com/dotnet/fundamentals/code-analysis/quality-rules/ca1416) [D:\workspace\ScreenTimeController\ScreenTimeController.csproj]
D:\workspace\ScreenTimeController\SettingsForm.cs(173,36): warning CA1416: 鍙湪鎵€鏈夊钩鍙颁笂璁块棶姝よ皟鐢ㄧ珯鐐广€?TableLayoutPanel" 浠呭湪 "windows" 6.1 鍙婃洿楂樼増鏈?涓婂彈鏀寔銆?(https://learn.microsoft.com/dotnet/fundamentals/code-analysis/quality-rules/ca1416) [D:\workspace\ScreenTimeController\ScreenTimeController.csproj]
D:\workspace\ScreenTimeController\SettingsForm.cs(481,33): warning CA1416: 鍙湪鎵€鏈夊钩鍙颁笂璁块棶姝よ皟鐢ㄧ珯鐐广€?Label" 浠呭湪 "windows" 6.1 鍙婃洿楂樼増鏈?涓婂彈鏀寔銆?(https://learn.microsoft.com/dotnet/fundamentals/code-analysis/quality-rules/ca1416) [D:\workspace\ScreenTimeController\ScreenTimeController.csproj]
D:\workspace\ScreenTimeController\SettingsForm.cs(406,17): warning CA1416: 鍙湪鎵€鏈夊钩鍙颁笂璁块棶姝よ皟鐢ㄧ珯鐐广€?Label.Text" 浠呭湪 "windows" 6.1 鍙婃洿楂樼増鏈?涓婂彈鏀寔銆?(https://learn.microsoft.com/dotnet/fundamentals/code-analysis/quality-rules/ca1416) [D:\workspace\ScreenTimeController\ScreenTimeController.csproj]
D:\workspace\ScreenTimeController\SettingsForm.cs(493,17): warning CA1416: 鍙湪鎵€鏈夊钩鍙颁笂璁块棶姝よ皟鐢ㄧ珯鐐广€?NumericUpDown.Maximum" 浠呭湪 "windows" 6.1 鍙婃洿楂樼増鏈?涓婂彈鏀寔銆?(https://learn.microsoft.com/dotnet/fundamentals/code-analysis/quality-rules/ca1416) [D:\workspace\ScreenTimeController\ScreenTimeController.csproj]
D:\workspace\ScreenTimeController\SettingsForm.cs(190,17): warning CA1416: 鍙湪鎵€鏈夊钩鍙颁笂璁块棶姝よ皟鐢ㄧ珯鐐广€?TableLayoutPanel.RowStyles" 浠呭湪 "windows" 6.1 鍙婃洿楂樼増鏈?涓婂彈鏀寔銆?(https://learn.microsoft.com/dotnet/fundamentals/code-analysis/quality-rules/ca1416) [D:\workspace\ScreenTimeController\ScreenTimeController.csproj]
D:\workspace\ScreenTimeController\SettingsForm.cs(185,47): warning CA1416: 鍙湪鎵€鏈夊钩鍙颁笂璁块棶姝よ皟鐢ㄧ珯鐐广€?ColumnStyle" 浠呭湪 "windows" 6.1 鍙婃洿楂樼増鏈?涓婂彈鏀寔銆?(https://learn.microsoft.com/dotnet/fundamentals/code-analysis/quality-rules/ca1416) [D:\workspace\ScreenTimeController\ScreenTimeController.csproj]
D:\workspace\ScreenTimeController\SettingsForm.cs(370,29): warning CA1416: 鍙湪鎵€鏈夊钩鍙颁笂璁块棶姝よ皟鐢ㄧ珯鐐广€?ContentAlignment.MiddleLeft" 浠呭湪 "windows" 6.1 鍙婃洿楂樼増鏈?涓婂彈鏀寔銆?(https://learn.microsoft.com/dotnet/fundamentals/code-analysis/quality-rules/ca1416) [D:\workspace\ScreenTimeController\ScreenTimeController.csproj]
D:\workspace\ScreenTimeController\SettingsForm.cs(201,13): warning CA1416: 鍙湪鎵€鏈夊钩鍙颁笂璁块棶姝よ皟鐢ㄧ珯鐐广€?TableLayoutControlCollection.Add(Control, int, int)" 浠呭湪 "windows" 6.1 鍙婃洿楂樼増鏈?涓婂彈鏀寔銆?(https://learn.microsoft.com/dotnet/fundamentals/code-analysis/quality-rules/ca1416) [D:\workspace\ScreenTimeController\ScreenTimeController.csproj]
D:\workspace\ScreenTimeController\SettingsForm.cs(375,44): warning CA1416: 鍙湪鎵€鏈夊钩鍙颁笂璁块棶姝よ皟鐢ㄧ珯鐐广€?NumericUpDown" 浠呭湪 "windows" 6.1 鍙婃洿楂樼増鏈?涓婂彈鏀寔銆?(https://learn.microsoft.com/dotnet/fundamentals/code-analysis/quality-rules/ca1416) [D:\workspace\ScreenTimeController\ScreenTimeController.csproj]
D:\workspace\ScreenTimeController\SettingsForm.cs(616,29): warning CA1416: 鍙湪鎵€鏈夊钩鍙颁笂璁块棶姝よ皟鐢ㄧ珯鐐广€?FlatStyle.Flat" 浠呭湪 "windows" 6.1 鍙婃洿楂樼増鏈?涓婂彈鏀寔銆?(https://learn.microsoft.com/dotnet/fundamentals/code-analysis/quality-rules/ca1416) [D:\workspace\ScreenTimeController\ScreenTimeController.csproj]
D:\workspace\ScreenTimeController\SettingsForm.cs(538,45): warning CA1416: 鍙湪鎵€鏈夊钩鍙颁笂璁块棶姝よ皟鐢ㄧ珯鐐广€?NumericUpDown" 浠呭湪 "windows" 6.1 鍙婃洿楂樼増鏈?涓婂彈鏀寔銆?(https://learn.microsoft.com/dotnet/fundamentals/code-analysis/quality-rules/ca1416) [D:\workspace\ScreenTimeController\ScreenTimeController.csproj]
D:\workspace\ScreenTimeController\SettingsForm.cs(272,17): warning CA1416: 鍙湪鎵€鏈夊钩鍙颁笂璁块棶姝よ皟鐢ㄧ珯鐐广€?Label.Text" 浠呭湪 "windows" 6.1 鍙婃洿楂樼増鏈?涓婂彈鏀寔銆?(https://learn.microsoft.com/dotnet/fundamentals/code-analysis/quality-rules/ca1416) [D:\workspace\ScreenTimeController\ScreenTimeController.csproj]
D:\workspace\ScreenTimeController\SettingsForm.cs(358,17): warning CA1416: 鍙湪鎵€鏈夊钩鍙颁笂璁块棶姝よ皟鐢ㄧ珯鐐广€?Label.Text" 浠呭湪 "windows" 6.1 鍙婃洿楂樼増鏈?涓婂彈鏀寔銆?(https://learn.microsoft.com/dotnet/fundamentals/code-analysis/quality-rules/ca1416) [D:\workspace\ScreenTimeController\ScreenTimeController.csproj]
D:\workspace\ScreenTimeController\SettingsForm.cs(532,17): warning CA1416: 鍙湪鎵€鏈夊钩鍙颁笂璁块棶姝よ皟鐢ㄧ珯鐐广€?Control.Font" 浠呭湪 "windows" 6.1 鍙婃洿楂樼増鏈?涓婂彈鏀寔銆?(https://learn.microsoft.com/dotnet/fundamentals/code-analysis/quality-rules/ca1416) [D:\workspace\ScreenTimeController\ScreenTimeController.csproj]
D:\workspace\ScreenTimeController\SettingsForm.cs(423,43): warning CA1416: 鍙湪鎵€鏈夊钩鍙颁笂璁块棶姝よ皟鐢ㄧ珯鐐广€?NumericUpDown" 浠呭湪 "windows" 6.1 鍙婃洿楂樼増鏈?涓婂彈鏀寔銆?(https://learn.microsoft.com/dotnet/fundamentals/code-analysis/quality-rules/ca1416) [D:\workspace\ScreenTimeController\ScreenTimeController.csproj]
D:\workspace\ScreenTimeController\SettingsForm.cs(442,45): warning CA1416: 鍙湪鎵€鏈夊钩鍙颁笂璁块棶姝よ皟鐢ㄧ珯鐐广€?NumericUpDown" 浠呭湪 "windows" 6.1 鍙婃洿楂樼増鏈?涓婂彈鏀寔銆?(https://learn.microsoft.com/dotnet/fundamentals/code-analysis/quality-rules/ca1416) [D:\workspace\ScreenTimeController\ScreenTimeController.csproj]
D:\workspace\ScreenTimeController\SettingsForm.cs(477,17): warning CA1416: 鍙湪鎵€鏈夊钩鍙颁笂璁块棶姝よ皟鐢ㄧ珯鐐广€?Control.Margin" 浠呭湪 "windows" 6.1 鍙婃洿楂樼増鏈?涓婂彈鏀寔銆?(https://learn.microsoft.com/dotnet/fundamentals/code-analysis/quality-rules/ca1416) [D:\workspace\ScreenTimeController\ScreenTimeController.csproj]
D:\workspace\ScreenTimeController\SettingsForm.cs(479,13): warning CA1416: 鍙湪鎵€鏈夊钩鍙颁笂璁块棶姝よ皟鐢ㄧ珯鐐广€?TableLayoutControlCollection.Add(Control, int, int)" 浠呭湪 "windows" 6.1 鍙婃洿楂樼増鏈?涓婂彈鏀寔銆?(https://learn.microsoft.com/dotnet/fundamentals/code-analysis/quality-rules/ca1416) [D:\workspace\ScreenTimeController\ScreenTimeController.csproj]
D:\workspace\ScreenTimeController\SettingsForm.cs(408,17): warning CA1416: 鍙湪鎵€鏈夊钩鍙颁笂璁块棶姝よ皟鐢ㄧ珯鐐广€?Label.TextAlign" 浠呭湪 "windows" 6.1 鍙婃洿楂樼増鏈?涓婂彈鏀寔銆?(https://learn.microsoft.com/dotnet/fundamentals/code-analysis/quality-rules/ca1416) [D:\workspace\ScreenTimeController\ScreenTimeController.csproj]
D:\workspace\ScreenTimeController\SettingsForm.cs(527,13): warning CA1416: 鍙湪鎵€鏈夊钩鍙颁笂璁块棶姝よ皟鐢ㄧ珯鐐广€?TableLayoutControlCollection.Add(Control, int, int)" 浠呭湪 "windows" 6.1 鍙婃洿楂樼増鏈?涓婂彈鏀寔銆?(https://learn.microsoft.com/dotnet/fundamentals/code-analysis/quality-rules/ca1416) [D:\workspace\ScreenTimeController\ScreenTimeController.csproj]
D:\workspace\ScreenTimeController\SettingsForm.cs(444,17): warning CA1416: 鍙湪鎵€鏈夊钩鍙颁笂璁块棶姝よ皟鐢ㄧ珯鐐广€?Control.Enabled" 浠呭湪 "windows" 6.1 鍙婃洿楂樼増鏈?涓婂彈鏀寔銆?(https://learn.microsoft.com/dotnet/fundamentals/code-analysis/quality-rules/ca1416) [D:\workspace\ScreenTimeController\ScreenTimeController.csproj]
D:\workspace\ScreenTimeController\SettingsForm.cs(233,17): warning CA1416: 鍙湪鎵€鏈夊钩鍙颁笂璁块棶姝よ皟鐢ㄧ珯鐐广€?Control.Enabled" 浠呭湪 "windows" 6.1 鍙婃洿楂樼増鏈?涓婂彈鏀寔銆?(https://learn.microsoft.com/dotnet/fundamentals/code-analysis/quality-rules/ca1416) [D:\workspace\ScreenTimeController\ScreenTimeController.csproj]
D:\workspace\ScreenTimeController\SettingsForm.cs(342,17): warning CA1416: 鍙湪鎵€鏈夊钩鍙颁笂璁块棶姝よ皟鐢ㄧ珯鐐广€?Control.Margin" 浠呭湪 "windows" 6.1 鍙婃洿楂樼増鏈?涓婂彈鏀寔銆?(https://learn.microsoft.com/dotnet/fundamentals/code-analysis/quality-rules/ca1416) [D:\workspace\ScreenTimeController\ScreenTimeController.csproj]
D:\workspace\ScreenTimeController\SettingsForm.cs(445,17): warning CA1416: 鍙湪鎵€鏈夊钩鍙颁笂璁块棶姝よ皟鐢ㄧ珯鐐广€?NumericUpDown.Maximum" 浠呭湪 "windows" 6.1 鍙婃洿楂樼増鏈?涓婂彈鏀寔銆?(https://learn.microsoft.com/dotnet/fundamentals/code-analysis/quality-rules/ca1416) [D:\workspace\ScreenTimeController\ScreenTimeController.csproj]
D:\workspace\ScreenTimeController\SettingsForm.cs(553,26): warning CA1416: 鍙湪鎵€鏈夊钩鍙颁笂璁块棶姝よ皟鐢ㄧ珯鐐广€?Padding" 浠呭湪 "windows" 6.1 鍙婃洿楂樼増鏈?涓婂彈鏀寔銆?(https://learn.microsoft.com/dotnet/fundamentals/code-analysis/quality-rules/ca1416) [D:\workspace\ScreenTimeController\ScreenTimeController.csproj]
D:\workspace\ScreenTimeController\SettingsForm.cs(456,29): warning CA1416: 鍙湪鎵€鏈夊钩鍙颁笂璁块棶姝よ皟鐢ㄧ珯鐐广€?ContentAlignment.MiddleLeft" 浠呭湪 "windows" 6.1 鍙婃洿楂樼増鏈?涓婂彈鏀寔銆?(https://learn.microsoft.com/dotnet/fundamentals/code-analysis/quality-rules/ca1416) [D:\workspace\ScreenTimeController\ScreenTimeController.csproj]
D:\workspace\ScreenTimeController\SettingsForm.cs(258,13): warning CA1416: 鍙湪鎵€鏈夊钩鍙颁笂璁块棶姝よ皟鐢ㄧ珯鐐广€?TableLayoutControlCollection.Add(Control, int, int)" 浠呭湪 "windows" 6.1 鍙婃洿楂樼増鏈?涓婂彈鏀寔銆?(https://learn.microsoft.com/dotnet/fundamentals/code-analysis/quality-rules/ca1416) [D:\workspace\ScreenTimeController\ScreenTimeController.csproj]
D:\workspace\ScreenTimeController\SettingsForm.cs(354,13): warning CA1416: 鍙湪鎵€鏈夊钩鍙颁笂璁块棶姝よ皟鐢ㄧ珯鐐广€?TableLayoutControlCollection.Add(Control, int, int)" 浠呭湪 "windows" 6.1 鍙婃洿楂樼増鏈?涓婂彈鏀寔銆?(https://learn.microsoft.com/dotnet/fundamentals/code-analysis/quality-rules/ca1416) [D:\workspace\ScreenTimeController\ScreenTimeController.csproj]
D:\workspace\ScreenTimeController\SettingsForm.cs(572,13): warning CA1416: 鍙湪鎵€鏈夊钩鍙颁笂璁块棶姝よ皟鐢ㄧ珯鐐广€?Control.Click" 浠呭湪 "windows" 6.1 鍙婃洿楂樼増鏈?涓婂彈鏀寔銆?(https://learn.microsoft.com/dotnet/fundamentals/code-analysis/quality-rules/ca1416) [D:\workspace\ScreenTimeController\ScreenTimeController.csproj]
D:\workspace\ScreenTimeController\SettingsForm.cs(264,17): warning CA1416: 鍙湪鎵€鏈夊钩鍙颁笂璁块棶姝よ皟鐢ㄧ珯鐐广€?Label.TextAlign" 浠呭湪 "windows" 6.1 鍙婃洿楂樼増鏈?涓婂彈鏀寔銆?(https://learn.microsoft.com/dotnet/fundamentals/code-analysis/quality-rules/ca1416) [D:\workspace\ScreenTimeController\ScreenTimeController.csproj]
D:\workspace\ScreenTimeController\SettingsForm.cs(234,17): warning CA1416: 鍙湪鎵€鏈夊钩鍙颁笂璁块棶姝よ皟鐢ㄧ珯鐐广€?NumericUpDown.Maximum" 浠呭湪 "windows" 6.1 鍙婃洿楂樼増鏈?涓婂彈鏀寔銆?(https://learn.microsoft.com/dotnet/fundamentals/code-analysis/quality-rules/ca1416) [D:\workspace\ScreenTimeController\ScreenTimeController.csproj]
D:\workspace\ScreenTimeController\SettingsForm.cs(359,24): warning CA1416: 鍙湪鎵€鏈夊钩鍙颁笂璁块棶姝よ皟鐢ㄧ珯鐐广€?Font" 浠呭湪 "windows" 6.1 鍙婃洿楂樼増鏈?涓婂彈鏀寔銆?(https://learn.microsoft.com/dotnet/fundamentals/code-analysis/quality-rules/ca1416) [D:\workspace\ScreenTimeController\ScreenTimeController.csproj]
D:\workspace\ScreenTimeController\SettingsForm.cs(323,26): warning CA1416: 鍙湪鎵€鏈夊钩鍙颁笂璁块棶姝よ皟鐢ㄧ珯鐐广€?Padding" 浠呭湪 "windows" 6.1 鍙婃洿楂樼増鏈?涓婂彈鏀寔銆?(https://learn.microsoft.com/dotnet/fundamentals/code-analysis/quality-rules/ca1416) [D:\workspace\ScreenTimeController\ScreenTimeController.csproj]
D:\workspace\ScreenTimeController\SettingsForm.cs(517,13): warning CA1416: 鍙湪鎵€鏈夊钩鍙颁笂璁块棶姝よ皟鐢ㄧ珯鐐广€?TableLayoutPanel.Controls" 浠呭湪 "windows" 6.1 鍙婃洿楂樼増鏈?涓婂彈鏀寔銆?(https://learn.microsoft.com/dotnet/fundamentals/code-analysis/quality-rules/ca1416) [D:\workspace\ScreenTimeController\ScreenTimeController.csproj]
D:\workspace\ScreenTimeController\SettingsForm.cs(190,61): warning CA1416: 鍙湪鎵€鏈夊钩鍙颁笂璁块棶姝よ皟鐢ㄧ珯鐐广€?SizeType.Absolute" 浠呭湪 "windows" 6.1 鍙婃洿楂樼増鏈?涓婂彈鏀寔銆?(https://learn.microsoft.com/dotnet/fundamentals/code-analysis/quality-rules/ca1416) [D:\workspace\ScreenTimeController\ScreenTimeController.csproj]
D:\workspace\ScreenTimeController\SettingsForm.cs(484,17): warning CA1416: 鍙湪鎵€鏈夊钩鍙颁笂璁块棶姝よ皟鐢ㄧ珯鐐广€?Control.Font" 浠呭湪 "windows" 6.1 鍙婃洿楂樼増鏈?涓婂彈鏀寔銆?(https://learn.microsoft.com/dotnet/fundamentals/code-analysis/quality-rules/ca1416) [D:\workspace\ScreenTimeController\ScreenTimeController.csproj]
D:\workspace\ScreenTimeController\SettingsForm.cs(475,17): warning CA1416: 鍙湪鎵€鏈夊钩鍙颁笂璁块棶姝よ皟鐢ㄧ珯鐐广€?NumericUpDown.Minimum" 浠呭湪 "windows" 6.1 鍙婃洿楂樼増鏈?涓婂彈鏀寔銆?(https://learn.microsoft.com/dotnet/fundamentals/code-analysis/quality-rules/ca1416) [D:\workspace\ScreenTimeController\ScreenTimeController.csproj]
D:\workspace\ScreenTimeController\SettingsForm.cs(447,17): warning CA1416: 鍙湪鎵€鏈夊钩鍙颁笂璁块棶姝よ皟鐢ㄧ珯鐐广€?Control.Font" 浠呭湪 "windows" 6.1 鍙婃洿楂樼増鏈?涓婂彈鏀寔銆?(https://learn.microsoft.com/dotnet/fundamentals/code-analysis/quality-rules/ca1416) [D:\workspace\ScreenTimeController\ScreenTimeController.csproj]
D:\workspace\ScreenTimeController\SettingsForm.cs(208,26): warning CA1416: 鍙湪鎵€鏈夊钩鍙颁笂璁块棶姝よ皟鐢ㄧ珯鐐广€?Padding" 浠呭湪 "windows" 6.1 鍙婃洿楂樼増鏈?涓婂彈鏀寔銆?(https://learn.microsoft.com/dotnet/fundamentals/code-analysis/quality-rules/ca1416) [D:\workspace\ScreenTimeController\ScreenTimeController.csproj]
D:\workspace\ScreenTimeController\SettingsForm.cs(194,29): warning CA1416: 鍙湪鎵€鏈夊钩鍙颁笂璁块棶姝よ皟鐢ㄧ珯鐐广€?Label" 浠呭湪 "windows" 6.1 鍙婃洿楂樼増鏈?涓婂彈鏀寔銆?(https://learn.microsoft.com/dotnet/fundamentals/code-analysis/quality-rules/ca1416) [D:\workspace\ScreenTimeController\ScreenTimeController.csproj]
D:\workspace\ScreenTimeController\SettingsForm.cs(396,17): warning CA1416: 鍙湪鎵€鏈夊钩鍙颁笂璁块棶姝よ皟鐢ㄧ珯鐐广€?Control.Enabled" 浠呭湪 "windows" 6.1 鍙婃洿楂樼増鏈?涓婂彈鏀寔銆?(https://learn.microsoft.com/dotnet/fundamentals/code-analysis/quality-rules/ca1416) [D:\workspace\ScreenTimeController\ScreenTimeController.csproj]
D:\workspace\ScreenTimeController\SettingsForm.cs(344,13): warning CA1416: 鍙湪鎵€鏈夊钩鍙颁笂璁块棶姝よ皟鐢ㄧ珯鐐广€?TableLayoutPanel.Controls" 浠呭湪 "windows" 6.1 鍙婃洿楂樼増鏈?涓婂彈鏀寔銆?(https://learn.microsoft.com/dotnet/fundamentals/code-analysis/quality-rules/ca1416) [D:\workspace\ScreenTimeController\ScreenTimeController.csproj]
D:\workspace\ScreenTimeController\SettingsForm.cs(411,13): warning CA1416: 鍙湪鎵€鏈夊钩鍙颁笂璁块棶姝よ皟鐢ㄧ珯鐐广€?TableLayoutPanel.Controls" 浠呭湪 "windows" 6.1 鍙婃洿楂樼増鏈?涓婂彈鏀寔銆?(https://learn.microsoft.com/dotnet/fundamentals/code-analysis/quality-rules/ca1416) [D:\workspace\ScreenTimeController\ScreenTimeController.csproj]
D:\workspace\ScreenTimeController\SettingsForm.cs(580,24): warning CA1416: 鍙湪鎵€鏈夊钩鍙颁笂璁块棶姝よ皟鐢ㄧ珯鐐广€?Font" 浠呭湪 "windows" 6.1 鍙婃洿楂樼増鏈?涓婂彈鏀寔銆?(https://learn.microsoft.com/dotnet/fundamentals/code-analysis/quality-rules/ca1416) [D:\workspace\ScreenTimeController\ScreenTimeController.csproj]
D:\workspace\ScreenTimeController\SettingsForm.cs(229,13): warning CA1416: 鍙湪鎵€鏈夊钩鍙颁笂璁块棶姝よ皟鐢ㄧ珯鐐广€?TableLayoutControlCollection.Add(Control, int, int)" 浠呭湪 "windows" 6.1 鍙婃洿楂樼増鏈?涓婂彈鏀寔銆?(https://learn.microsoft.com/dotnet/fundamentals/code-analysis/quality-rules/ca1416) [D:\workspace\ScreenTimeController\ScreenTimeController.csproj]
D:\workspace\ScreenTimeController\SettingsForm.cs(457,26): warning CA1416: 鍙湪鎵€鏈夊钩鍙颁笂璁块棶姝よ皟鐢ㄧ珯鐐广€?Padding" 浠呭湪 "windows" 6.1 鍙婃洿楂樼増鏈?涓婂彈鏀寔銆?(https://learn.microsoft.com/dotnet/fundamentals/code-analysis/quality-rules/ca1416) [D:\workspace\ScreenTimeController\ScreenTimeController.csproj]
D:\workspace\ScreenTimeController\SettingsForm.cs(568,17): warning CA1416: 鍙湪鎵€鏈夊钩鍙颁笂璁块棶姝よ皟鐢ㄧ珯鐐广€?Control.ForeColor" 浠呭湪 "windows" 6.1 鍙婃洿楂樼増鏈?涓婂彈鏀寔銆?(https://learn.microsoft.com/dotnet/fundamentals/code-analysis/quality-rules/ca1416) [D:\workspace\ScreenTimeController\ScreenTimeController.csproj]
D:\workspace\ScreenTimeController\SettingsForm.cs(244,17): warning CA1416: 鍙湪鎵€鏈夊钩鍙颁笂璁块棶姝よ皟鐢ㄧ珯鐐广€?Control.Font" 浠呭湪 "windows" 6.1 鍙婃洿楂樼増鏈?涓婂彈鏀寔銆?(https://learn.microsoft.com/dotnet/fundamentals/code-analysis/quality-rules/ca1416) [D:\workspace\ScreenTimeController\ScreenTimeController.csproj]
D:\workspace\ScreenTimeController\SettingsForm.cs(534,26): warning CA1416: 鍙湪鎵€鏈夊钩鍙颁笂璁块棶姝よ皟鐢ㄧ珯鐐广€?Padding" 浠呭湪 "windows" 6.1 鍙婃洿楂樼増鏈?涓婂彈鏀寔銆?(https://learn.microsoft.com/dotnet/fundamentals/code-analysis/quality-rules/ca1416) [D:\workspace\ScreenTimeController\ScreenTimeController.csproj]
D:\workspace\ScreenTimeController\SettingsForm.cs(368,17): warning CA1416: 鍙湪鎵€鏈夊钩鍙颁笂璁块棶姝よ皟鐢ㄧ珯鐐广€?Label.Text" 浠呭湪 "windows" 6.1 鍙婃洿楂樼増鏈?涓婂彈鏀寔銆?(https://learn.microsoft.com/dotnet/fundamentals/code-analysis/quality-rules/ca1416) [D:\workspace\ScreenTimeController\ScreenTimeController.csproj]
D:\workspace\ScreenTimeController\SettingsForm.cs(311,17): warning CA1416: 鍙湪鎵€鏈夊钩鍙颁笂璁块棶姝よ皟鐢ㄧ珯鐐广€?Control.Font" 浠呭湪 "windows" 6.1 鍙婃洿楂樼増鏈?涓婂彈鏀寔銆?(https://learn.microsoft.com/dotnet/fundamentals/code-analysis/quality-rules/ca1416) [D:\workspace\ScreenTimeController\ScreenTimeController.csproj]
D:\workspace\ScreenTimeController\SettingsForm.cs(164,13): warning CA1416: 鍙湪鎵€鏈夊钩鍙颁笂璁块棶姝よ皟鐢ㄧ珯鐐广€?Form.ClientSize" 浠呭湪 "windows" 6.1 鍙婃洿楂樼増鏈?涓婂彈鏀寔銆?(https://learn.microsoft.com/dotnet/fundamentals/code-analysis/quality-rules/ca1416) [D:\workspace\ScreenTimeController\ScreenTimeController.csproj]
D:\workspace\ScreenTimeController\SettingsForm.cs(515,17): warning CA1416: 鍙湪鎵€鏈夊钩鍙颁笂璁块棶姝よ皟鐢ㄧ珯鐐广€?Control.Margin" 浠呭湪 "windows" 6.1 鍙婃洿楂樼増鏈?涓婂彈鏀寔銆?(https://learn.microsoft.com/dotnet/fundamentals/code-analysis/quality-rules/ca1416) [D:\workspace\ScreenTimeController\ScreenTimeController.csproj]
D:\workspace\ScreenTimeController\SettingsForm.cs(419,26): warning CA1416: 鍙湪鎵€鏈夊钩鍙颁笂璁块棶姝よ皟鐢ㄧ珯鐐广€?Padding" 浠呭湪 "windows" 6.1 鍙婃洿楂樼増鏈?涓婂彈鏀寔銆?(https://learn.microsoft.com/dotnet/fundamentals/code-analysis/quality-rules/ca1416) [D:\workspace\ScreenTimeController\ScreenTimeController.csproj]
D:\workspace\ScreenTimeController\SettingsForm.cs(428,17): warning CA1416: 鍙湪鎵€鏈夊钩鍙颁笂璁块棶姝よ皟鐢ㄧ珯鐐广€?Control.Font" 浠呭湪 "windows" 6.1 鍙婃洿楂樼増鏈?涓婂彈鏀寔銆?(https://learn.microsoft.com/dotnet/fundamentals/code-analysis/quality-rules/ca1416) [D:\workspace\ScreenTimeController\ScreenTimeController.csproj]
D:\workspace\ScreenTimeController\SettingsForm.cs(532,24): warning CA1416: 鍙湪鎵€鏈夊钩鍙颁笂璁块棶姝よ皟鐢ㄧ珯鐐广€?Font" 浠呭湪 "windows" 6.1 鍙婃洿楂樼増鏈?涓婂彈鏀寔銆?(https://learn.microsoft.com/dotnet/fundamentals/code-analysis/quality-rules/ca1416) [D:\workspace\ScreenTimeController\ScreenTimeController.csproj]
D:\workspace\ScreenTimeController\SettingsForm.cs(557,13): warning CA1416: 鍙湪鎵€鏈夊钩鍙颁笂璁块棶姝よ皟鐢ㄧ珯鐐广€?Control.ControlCollection.Add(Control?)" 浠呭湪 "windows" 6.1 鍙婃洿楂樼増鏈?涓婂彈鏀寔銆?(https://learn.microsoft.com/dotnet/fundamentals/code-analysis/quality-rules/ca1416) [D:\workspace\ScreenTimeController\ScreenTimeController.csproj]
D:\workspace\ScreenTimeController\SettingsForm.cs(618,13): warning CA1416: 鍙湪鎵€鏈夊钩鍙颁笂璁块棶姝よ皟鐢ㄧ珯鐐广€?FlatButtonAppearance.BorderSize" 浠呭湪 "windows" 6.1 鍙婃洿楂樼増鏈?涓婂彈鏀寔銆?(https://learn.microsoft.com/dotnet/fundamentals/code-analysis/quality-rules/ca1416) [D:\workspace\ScreenTimeController\ScreenTimeController.csproj]
D:\workspace\ScreenTimeController\SettingsForm.cs(524,17): warning CA1416: 鍙湪鎵€鏈夊钩鍙颁笂璁块棶姝よ皟鐢ㄧ珯鐐广€?Control.Font" 浠呭湪 "windows" 6.1 鍙婃洿楂樼増鏈?涓婂彈鏀寔銆?(https://learn.microsoft.com/dotnet/fundamentals/code-analysis/quality-rules/ca1416) [D:\workspace\ScreenTimeController\ScreenTimeController.csproj]
D:\workspace\ScreenTimeController\SettingsForm.cs(388,17): warning CA1416: 鍙湪鎵€鏈夊钩鍙颁笂璁块棶姝よ皟鐢ㄧ珯鐐广€?Control.Font" 浠呭湪 "windows" 6.1 鍙婃洿楂樼増鏈?涓婂彈鏀寔銆?(https://learn.microsoft.com/dotnet/fundamentals/code-analysis/quality-rules/ca1416) [D:\workspace\ScreenTimeController\ScreenTimeController.csproj]
D:\workspace\ScreenTimeController\SettingsForm.cs(618,13): warning CA1416: 鍙湪鎵€鏈夊钩鍙颁笂璁块棶姝よ皟鐢ㄧ珯鐐广€?ButtonBase.FlatAppearance" 浠呭湪 "windows" 6.1 鍙婃洿楂樼増鏈?涓婂彈鏀寔銆?(https://learn.microsoft.com/dotnet/fundamentals/code-analysis/quality-rules/ca1416) [D:\workspace\ScreenTimeController\ScreenTimeController.csproj]
D:\workspace\ScreenTimeController\SettingsForm.cs(599,17): warning CA1416: 鍙湪鎵€鏈夊钩鍙颁笂璁块棶姝よ皟鐢ㄧ珯鐐广€?ButtonBase.BackColor" 浠呭湪 "windows" 6.1 鍙婃洿楂樼増鏈?涓婂彈鏀寔銆?(https://learn.microsoft.com/dotnet/fundamentals/code-analysis/quality-rules/ca1416) [D:\workspace\ScreenTimeController\ScreenTimeController.csproj]
D:\workspace\ScreenTimeController\SettingsForm.cs(437,29): warning CA1416: 鍙湪鎵€鏈夊钩鍙颁笂璁块棶姝よ皟鐢ㄧ珯鐐广€?ContentAlignment.MiddleLeft" 浠呭湪 "windows" 6.1 鍙婃洿楂樼増鏈?涓婂彈鏀寔銆?(https://learn.microsoft.com/dotnet/fundamentals/code-analysis/quality-rules/ca1416) [D:\workspace\ScreenTimeController\ScreenTimeController.csproj]
D:\workspace\ScreenTimeController\SettingsForm.cs(447,24): warning CA1416: 鍙湪鎵€鏈夊钩鍙颁笂璁块棶姝よ皟鐢ㄧ珯鐐广€?Font" 浠呭湪 "windows" 6.1 鍙婃洿楂樼増鏈?涓婂彈鏀寔銆?(https://learn.microsoft.com/dotnet/fundamentals/code-analysis/quality-rules/ca1416) [D:\workspace\ScreenTimeController\ScreenTimeController.csproj]
D:\workspace\ScreenTimeController\SettingsForm.cs(566,17): warning CA1416: 鍙湪鎵€鏈夊钩鍙颁笂璁块棶姝よ皟鐢ㄧ珯鐐广€?Control.Size" 浠呭湪 "windows" 6.1 鍙婃洿楂樼増鏈?涓婂彈鏀寔銆?(https://learn.microsoft.com/dotnet/fundamentals/code-analysis/quality-rules/ca1416) [D:\workspace\ScreenTimeController\ScreenTimeController.csproj]
D:\workspace\ScreenTimeController\SettingsForm.cs(210,13): warning CA1416: 鍙湪鎵€鏈夊钩鍙颁笂璁块棶姝よ皟鐢ㄧ珯鐐广€?TableLayoutPanel.Controls" 浠呭湪 "windows" 6.1 鍙婃洿楂樼増鏈?涓婂彈鏀寔銆?(https://learn.microsoft.com/dotnet/fundamentals/code-analysis/quality-rules/ca1416) [D:\workspace\ScreenTimeController\ScreenTimeController.csproj]
D:\workspace\ScreenTimeController\SettingsForm.cs(465,24): warning CA1416: 鍙湪鎵€鏈夊钩鍙颁笂璁块棶姝よ皟鐢ㄧ珯鐐广€?Font" 浠呭湪 "windows" 6.1 鍙婃洿楂樼増鏈?涓婂彈鏀寔銆?(https://learn.microsoft.com/dotnet/fundamentals/code-analysis/quality-rules/ca1416) [D:\workspace\ScreenTimeController\ScreenTimeController.csproj]
D:\workspace\ScreenTimeController\SettingsForm.cs(495,24): warning CA1416: 鍙湪鎵€鏈夊钩鍙颁笂璁块棶姝よ皟鐢ㄧ珯鐐广€?Font" 浠呭湪 "windows" 6.1 鍙婃洿楂樼増鏈?涓婂彈鏀寔銆?(https://learn.microsoft.com/dotnet/fundamentals/code-analysis/quality-rules/ca1416) [D:\workspace\ScreenTimeController\ScreenTimeController.csproj]
D:\workspace\ScreenTimeController\SettingsForm.cs(389,17): warning CA1416: 鍙湪鎵€鏈夊钩鍙颁笂璁块棶姝よ皟鐢ㄧ珯鐐广€?Label.TextAlign" 浠呭湪 "windows" 6.1 鍙婃洿楂樼増鏈?涓婂彈鏀寔銆?(https://learn.microsoft.com/dotnet/fundamentals/code-analysis/quality-rules/ca1416) [D:\workspace\ScreenTimeController\ScreenTimeController.csproj]
D:\workspace\ScreenTimeController\SettingsForm.cs(440,13): warning CA1416: 鍙湪鎵€鏈夊钩鍙颁笂璁块棶姝よ皟鐢ㄧ珯鐐广€?TableLayoutPanel.Controls" 浠呭湪 "windows" 6.1 鍙婃洿楂樼増鏈?涓婂彈鏀寔銆?(https://learn.microsoft.com/dotnet/fundamentals/code-analysis/quality-rules/ca1416) [D:\workspace\ScreenTimeController\ScreenTimeController.csproj]
D:\workspace\ScreenTimeController\SettingsForm.cs(267,13): warning CA1416: 鍙湪鎵€鏈夊钩鍙颁笂璁块棶姝よ皟鐢ㄧ珯鐐广€?TableLayoutPanel.Controls" 浠呭湪 "windows" 6.1 鍙婃洿楂樼増鏈?涓婂彈鏀寔銆?(https://learn.microsoft.com/dotnet/fundamentals/code-analysis/quality-rules/ca1416) [D:\workspace\ScreenTimeController\ScreenTimeController.csproj]
D:\workspace\ScreenTimeController\SettingsForm.cs(389,29): warning CA1416: 鍙湪鎵€鏈夊钩鍙颁笂璁块棶姝よ皟鐢ㄧ珯鐐广€?ContentAlignment.MiddleLeft" 浠呭湪 "windows" 6.1 鍙婃洿楂樼増鏈?涓婂彈鏀寔銆?(https://learn.microsoft.com/dotnet/fundamentals/code-analysis/quality-rules/ca1416) [D:\workspace\ScreenTimeController\ScreenTimeController.csproj]
D:\workspace\ScreenTimeController\SettingsForm.cs(337,34): warning CA1416: 鍙湪鎵€鏈夊钩鍙颁笂璁块棶姝よ皟鐢ㄧ珯鐐广€?Label" 浠呭湪 "windows" 6.1 鍙婃洿楂樼増鏈?涓婂彈鏀寔銆?(https://learn.microsoft.com/dotnet/fundamentals/code-analysis/quality-rules/ca1416) [D:\workspace\ScreenTimeController\ScreenTimeController.csproj]
D:\workspace\ScreenTimeController\SettingsForm.cs(253,17): warning CA1416: 鍙湪鎵€鏈夊钩鍙颁笂璁块棶姝よ皟鐢ㄧ珯鐐广€?NumericUpDown.Maximum" 浠呭湪 "windows" 6.1 鍙婃洿楂樼増鏈?涓婂彈鏀寔銆?(https://learn.microsoft.com/dotnet/fundamentals/code-analysis/quality-rules/ca1416) [D:\workspace\ScreenTimeController\ScreenTimeController.csproj]
D:\workspace\ScreenTimeController\SettingsForm.cs(605,13): warning CA1416: 鍙湪鎵€鏈夊钩鍙颁笂璁块棶姝よ皟鐢ㄧ珯鐐广€?Control.Controls" 浠呭湪 "windows" 6.1 鍙婃洿楂樼増鏈?涓婂彈鏀寔銆?(https://learn.microsoft.com/dotnet/fundamentals/code-analysis/quality-rules/ca1416) [D:\workspace\ScreenTimeController\ScreenTimeController.csproj]
D:\workspace\ScreenTimeController\SettingsForm.cs(175,17): warning CA1416: 鍙湪鎵€鏈夊钩鍙颁笂璁块棶姝よ皟鐢ㄧ珯鐐广€?Control.Location" 浠呭湪 "windows" 6.1 鍙婃洿楂樼増鏈?涓婂彈鏀寔銆?(https://learn.microsoft.com/dotnet/fundamentals/code-analysis/quality-rules/ca1416) [D:\workspace\ScreenTimeController\ScreenTimeController.csproj]
D:\workspace\ScreenTimeController\SettingsForm.cs(274,29): warning CA1416: 鍙湪鎵€鏈夊钩鍙颁笂璁块棶姝よ皟鐢ㄧ珯鐐广€?ContentAlignment.MiddleLeft" 浠呭湪 "windows" 6.1 鍙婃洿楂樼増鏈?涓婂彈鏀寔銆?(https://learn.microsoft.com/dotnet/fundamentals/code-analysis/quality-rules/ca1416) [D:\workspace\ScreenTimeController\ScreenTimeController.csproj]
D:\workspace\ScreenTimeController\SettingsForm.cs(525,17): warning CA1416: 鍙湪鎵€鏈夊钩鍙颁笂璁块棶姝よ皟鐢ㄧ珯鐐广€?Control.Margin" 浠呭湪 "windows" 6.1 鍙婃洿楂樼増鏈?涓婂彈鏀寔銆?(https://learn.microsoft.com/dotnet/fundamentals/code-analysis/quality-rules/ca1416) [D:\workspace\ScreenTimeController\ScreenTimeController.csproj]
D:\workspace\ScreenTimeController\SettingsForm.cs(289,33): warning CA1416: 鍙湪鎵€鏈夊钩鍙颁笂璁块棶姝よ皟鐢ㄧ珯鐐广€?Label" 浠呭湪 "windows" 6.1 鍙婃洿楂樼増鏈?涓婂彈鏀寔銆?(https://learn.microsoft.com/dotnet/fundamentals/code-analysis/quality-rules/ca1416) [D:\workspace\ScreenTimeController\ScreenTimeController.csproj]
D:\workspace\ScreenTimeController\SettingsForm.cs(469,13): warning CA1416: 鍙湪鎵€鏈夊钩鍙颁笂璁块棶姝よ皟鐢ㄧ珯鐐广€?TableLayoutPanel.Controls" 浠呭湪 "windows" 6.1 鍙婃洿楂樼増鏈?涓婂彈鏀寔銆?(https://learn.microsoft.com/dotnet/fundamentals/code-analysis/quality-rules/ca1416) [D:\workspace\ScreenTimeController\ScreenTimeController.csproj]
D:\workspace\ScreenTimeController\SettingsForm.cs(587,13): warning CA1416: 鍙湪鎵€鏈夊钩鍙颁笂璁块棶姝よ皟鐢ㄧ珯鐐广€?FlatButtonAppearance.BorderSize" 浠呭湪 "windows" 6.1 鍙婃洿楂樼増鏈?涓婂彈鏀寔銆?(https://learn.microsoft.com/dotnet/fundamentals/code-analysis/quality-rules/ca1416) [D:\workspace\ScreenTimeController\ScreenTimeController.csproj]
D:\workspace\ScreenTimeController\SettingsForm.cs(185,13): warning CA1416: 鍙湪鎵€鏈夊钩鍙颁笂璁块棶姝よ皟鐢ㄧ珯鐐广€?TableLayoutColumnStyleCollection.Add(ColumnStyle)" 浠呭湪 "windows" 6.1 鍙婃洿楂樼増鏈?涓婂彈鏀寔銆?(https://learn.microsoft.com/dotnet/fundamentals/code-analysis/quality-rules/ca1416) [D:\workspace\ScreenTimeController\ScreenTimeController.csproj]
D:\workspace\ScreenTimeController\SettingsForm.cs(525,26): warning CA1416: 鍙湪鎵€鏈夊钩鍙颁笂璁块棶姝よ皟鐢ㄧ珯鐐广€?Padding" 浠呭湪 "windows" 6.1 鍙婃洿楂樼増鏈?涓婂彈鏀寔銆?(https://learn.microsoft.com/dotnet/fundamentals/code-analysis/quality-rules/ca1416) [D:\workspace\ScreenTimeController\ScreenTimeController.csproj]
D:\workspace\ScreenTimeController\SettingsForm.cs(612,17): warning CA1416: 鍙湪鎵€鏈夊钩鍙颁笂璁块棶姝よ皟鐢ㄧ珯鐐广€?Control.Location" 浠呭湪 "windows" 6.1 鍙婃洿楂樼増鏈?涓婂彈鏀寔銆?(https://learn.microsoft.com/dotnet/fundamentals/code-analysis/quality-rules/ca1416) [D:\workspace\ScreenTimeController\ScreenTimeController.csproj]
D:\workspace\ScreenTimeController\SettingsForm.cs(237,26): warning CA1416: 鍙湪鎵€鏈夊钩鍙颁笂璁块棶姝よ皟鐢ㄧ珯鐐广€?Padding" 浠呭湪 "windows" 6.1 鍙婃洿楂樼増鏈?涓婂彈鏀寔銆?(https://learn.microsoft.com/dotnet/fundamentals/code-analysis/quality-rules/ca1416) [D:\workspace\ScreenTimeController\ScreenTimeController.csproj]
D:\workspace\ScreenTimeController\SettingsForm.cs(446,17): warning CA1416: 鍙湪鎵€鏈夊钩鍙颁笂璁块棶姝よ皟鐢ㄧ珯鐐广€?NumericUpDown.Minimum" 浠呭湪 "windows" 6.1 鍙婃洿楂樼増鏈?涓婂彈鏀寔銆?(https://learn.microsoft.com/dotnet/fundamentals/code-analysis/quality-rules/ca1416) [D:\workspace\ScreenTimeController\ScreenTimeController.csproj]
D:\workspace\ScreenTimeController\SettingsForm.cs(177,17): warning CA1416: 鍙湪鎵€鏈夊钩鍙颁笂璁块棶姝よ皟鐢ㄧ珯鐐广€?TableLayoutPanel.ColumnCount" 浠呭湪 "windows" 6.1 鍙婃洿楂樼増鏈?涓婂彈鏀寔銆?(https://learn.microsoft.com/dotnet/fundamentals/code-analysis/quality-rules/ca1416) [D:\workspace\ScreenTimeController\ScreenTimeController.csproj]
D:\workspace\ScreenTimeController\SettingsForm.cs(236,17): warning CA1416: 鍙湪鎵€鏈夊钩鍙颁笂璁块棶姝よ皟鐢ㄧ珯鐐广€?Control.Font" 浠呭湪 "windows" 6.1 鍙婃洿楂樼増鏈?涓婂彈鏀寔銆?(https://learn.microsoft.com/dotnet/fundamentals/code-analysis/quality-rules/ca1416) [D:\workspace\ScreenTimeController\ScreenTimeController.csproj]
D:\workspace\ScreenTimeController\SettingsForm.cs(414,30): warning CA1416: 鍙湪鎵€鏈夊钩鍙颁笂璁块棶姝よ皟鐢ㄧ珯鐐广€?Label" 浠呭湪 "windows" 6.1 鍙婃洿楂樼増鏈?涓婂彈鏀寔銆?(https://learn.microsoft.com/dotnet/fundamentals/code-analysis/quality-rules/ca1416) [D:\workspace\ScreenTimeController\ScreenTimeController.csproj]
D:\workspace\ScreenTimeController\SettingsForm.cs(402,13): warning CA1416: 鍙湪鎵€鏈夊钩鍙颁笂璁块棶姝よ皟鐢ㄧ珯鐐广€?TableLayoutPanel.Controls" 浠呭湪 "windows" 6.1 鍙婃洿楂樼増鏈?涓婂彈鏀寔銆?(https://learn.microsoft.com/dotnet/fundamentals/code-analysis/quality-rules/ca1416) [D:\workspace\ScreenTimeController\ScreenTimeController.csproj]
D:\workspace\ScreenTimeController\SettingsForm.cs(273,17): warning CA1416: 鍙湪鎵€鏈夊钩鍙颁笂璁块棶姝よ皟鐢ㄧ珯鐐广€?Control.Font" 浠呭湪 "windows" 6.1 鍙婃洿楂樼増鏈?涓婂彈鏀寔銆?(https://learn.microsoft.com/dotnet/fundamentals/code-analysis/quality-rules/ca1416) [D:\workspace\ScreenTimeController\ScreenTimeController.csproj]
D:\workspace\ScreenTimeController\SettingsForm.cs(293,17): warning CA1416: 鍙湪鎵€鏈夊钩鍙颁笂璁块棶姝よ皟鐢ㄧ珯鐐广€?Label.TextAlign" 浠呭湪 "windows" 6.1 鍙婃洿楂樼増鏈?涓婂彈鏀寔銆?(https://learn.microsoft.com/dotnet/fundamentals/code-analysis/quality-rules/ca1416) [D:\workspace\ScreenTimeController\ScreenTimeController.csproj]
D:\workspace\ScreenTimeController\SettingsForm.cs(169,34): warning CA1416: 鍙湪鎵€鏈夊钩鍙颁笂璁块棶姝よ皟鐢ㄧ珯鐐广€?FormStartPosition.CenterScreen" 浠呭湪 "windows" 6.1 鍙婃洿楂樼増鏈?涓婂彈鏀寔銆?(https://learn.microsoft.com/dotnet/fundamentals/code-analysis/quality-rules/ca1416) [D:\workspace\ScreenTimeController\ScreenTimeController.csproj]
D:\workspace\ScreenTimeController\SettingsForm.cs(185,63): warning CA1416: 鍙湪鎵€鏈夊钩鍙颁笂璁块棶姝よ皟鐢ㄧ珯鐐广€?SizeType.Absolute" 浠呭湪 "windows" 6.1 鍙婃洿楂樼増鏈?涓婂彈鏀寔銆?(https://learn.microsoft.com/dotnet/fundamentals/code-analysis/quality-rules/ca1416) [D:\workspace\ScreenTimeController\ScreenTimeController.csproj]
D:\workspace\ScreenTimeController\SettingsForm.cs(219,13): warning CA1416: 鍙湪鎵€鏈夊钩鍙颁笂璁块棶姝よ皟鐢ㄧ珯鐐广€?TableLayoutPanel.Controls" 浠呭湪 "windows" 6.1 鍙婃洿楂樼増鏈?涓婂彈鏀寔銆?(https://learn.microsoft.com/dotnet/fundamentals/code-analysis/quality-rules/ca1416) [D:\workspace\ScreenTimeController\ScreenTimeController.csproj]
D:\workspace\ScreenTimeController\SettingsForm.cs(600,17): warning CA1416: 鍙湪鎵€鏈夊钩鍙颁笂璁块棶姝よ皟鐢ㄧ珯鐐广€?Control.ForeColor" 浠呭湪 "windows" 6.1 鍙婃洿楂樼増鏈?涓婂彈鏀寔銆?(https://learn.microsoft.com/dotnet/fundamentals/code-analysis/quality-rules/ca1416) [D:\workspace\ScreenTimeController\ScreenTimeController.csproj]
D:\workspace\ScreenTimeController\SettingsForm.cs(227,17): warning CA1416: 鍙湪鎵€鏈夊钩鍙颁笂璁块棶姝よ皟鐢ㄧ珯鐐广€?Control.Margin" 浠呭湪 "windows" 6.1 鍙婃洿楂樼増鏈?涓婂彈鏀寔銆?(https://learn.microsoft.com/dotnet/fundamentals/code-analysis/quality-rules/ca1416) [D:\workspace\ScreenTimeController\ScreenTimeController.csproj]
D:\workspace\ScreenTimeController\SettingsForm.cs(373,13): warning CA1416: 鍙湪鎵€鏈夊钩鍙颁笂璁块棶姝よ皟鐢ㄧ珯鐐广€?TableLayoutPanel.Controls" 浠呭湪 "windows" 6.1 鍙婃洿楂樼増鏈?涓婂彈鏀寔銆?(https://learn.microsoft.com/dotnet/fundamentals/code-analysis/quality-rules/ca1416) [D:\workspace\ScreenTimeController\ScreenTimeController.csproj]
D:\workspace\ScreenTimeController\SettingsForm.cs(383,13): warning CA1416: 鍙湪鎵€鏈夊钩鍙颁笂璁块棶姝よ皟鐢ㄧ珯鐐广€?TableLayoutControlCollection.Add(Control, int, int)" 浠呭湪 "windows" 6.1 鍙婃洿楂樼増鏈?涓婂彈鏀寔銆?(https://learn.microsoft.com/dotnet/fundamentals/code-analysis/quality-rules/ca1416) [D:\workspace\ScreenTimeController\ScreenTimeController.csproj]
D:\workspace\ScreenTimeController\SettingsForm.cs(282,17): warning CA1416: 鍙湪鎵€鏈夊钩鍙颁笂璁块棶姝よ皟鐢ㄧ珯鐐广€?NumericUpDown.Maximum" 浠呭湪 "windows" 6.1 鍙婃洿楂樼増鏈?涓婂彈鏀寔銆?(https://learn.microsoft.com/dotnet/fundamentals/code-analysis/quality-rules/ca1416) [D:\workspace\ScreenTimeController\ScreenTimeController.csproj]
D:\workspace\ScreenTimeController\SettingsForm.cs(585,29): warning CA1416: 鍙湪鎵€鏈夊钩鍙颁笂璁块棶姝よ皟鐢ㄧ珯鐐广€?FlatStyle.Flat" 浠呭湪 "windows" 6.1 鍙婃洿楂樼増鏈?涓婂彈鏀寔銆?(https://learn.microsoft.com/dotnet/fundamentals/code-analysis/quality-rules/ca1416) [D:\workspace\ScreenTimeController\ScreenTimeController.csproj]
D:\workspace\ScreenTimeController\SettingsForm.cs(494,17): warning CA1416: 鍙湪鎵€鏈夊钩鍙颁笂璁块棶姝よ皟鐢ㄧ珯鐐广€?NumericUpDown.Minimum" 浠呭湪 "windows" 6.1 鍙婃洿楂樼増鏈?涓婂彈鏀寔銆?(https://learn.microsoft.com/dotnet/fundamentals/code-analysis/quality-rules/ca1416) [D:\workspace\ScreenTimeController\ScreenTimeController.csproj]
D:\workspace\ScreenTimeController\SettingsForm.cs(569,17): warning CA1416: 鍙湪鎵€鏈夊钩鍙颁笂璁块棶姝よ皟鐢ㄧ珯鐐广€?ButtonBase.FlatStyle" 浠呭湪 "windows" 6.1 鍙婃洿楂樼増鏈?涓婂彈鏀寔銆?(https://learn.microsoft.com/dotnet/fundamentals/code-analysis/quality-rules/ca1416) [D:\workspace\ScreenTimeController\ScreenTimeController.csproj]
D:\workspace\ScreenTimeController\SettingsForm.cs(342,26): warning CA1416: 鍙湪鎵€鏈夊钩鍙颁笂璁块棶姝よ皟鐢ㄧ珯鐐广€?Padding" 浠呭湪 "windows" 6.1 鍙婃洿楂樼増鏈?涓婂彈鏀寔銆?(https://learn.microsoft.com/dotnet/fundamentals/code-analysis/quality-rules/ca1416) [D:\workspace\ScreenTimeController\ScreenTimeController.csproj]
D:\workspace\ScreenTimeController\SettingsForm.cs(557,13): warning CA1416: 鍙湪鎵€鏈夊钩鍙颁笂璁块棶姝よ皟鐢ㄧ珯鐐广€?Control.Controls" 浠呭湪 "windows" 6.1 鍙婃洿楂樼増鏈?涓婂彈鏀寔銆?(https://learn.microsoft.com/dotnet/fundamentals/code-analysis/quality-rules/ca1416) [D:\workspace\ScreenTimeController\ScreenTimeController.csproj]
D:\workspace\ScreenTimeController\SettingsForm.cs(304,17): warning CA1416: 鍙湪鎵€鏈夊钩鍙颁笂璁块棶姝よ皟鐢ㄧ珯鐐广€?Control.Margin" 浠呭湪 "windows" 6.1 鍙婃洿楂樼増鏈?涓婂彈鏀寔銆?(https://learn.microsoft.com/dotnet/fundamentals/code-analysis/quality-rules/ca1416) [D:\workspace\ScreenTimeController\ScreenTimeController.csproj]
D:\workspace\ScreenTimeController\SettingsForm.cs(456,17): warning CA1416: 鍙湪鎵€鏈夊钩鍙颁笂璁块棶姝よ皟鐢ㄧ珯鐐广€?Label.TextAlign" 浠呭湪 "windows" 6.1 鍙婃洿楂樼増鏈?涓婂彈鏀寔銆?(https://learn.microsoft.com/dotnet/fundamentals/code-analysis/quality-rules/ca1416) [D:\workspace\ScreenTimeController\ScreenTimeController.csproj]
D:\workspace\ScreenTimeController\SettingsForm.cs(186,13): warning CA1416: 鍙湪鎵€鏈夊钩鍙颁笂璁块棶姝よ皟鐢ㄧ珯鐐广€?TableLayoutColumnStyleCollection.Add(ColumnStyle)" 浠呭湪 "windows" 6.1 鍙婃洿楂樼増鏈?涓婂彈鏀寔銆?(https://learn.microsoft.com/dotnet/fundamentals/code-analysis/quality-rules/ca1416) [D:\workspace\ScreenTimeController\ScreenTimeController.csproj]
D:\workspace\ScreenTimeController\SettingsForm.cs(407,17): warning CA1416: 鍙湪鎵€鏈夊钩鍙颁笂璁块棶姝よ皟鐢ㄧ珯鐐广€?Control.Font" 浠呭湪 "windows" 6.1 鍙婃洿楂樼増鏈?涓婂彈鏀寔銆?(https://learn.microsoft.com/dotnet/fundamentals/code-analysis/quality-rules/ca1416) [D:\workspace\ScreenTimeController\ScreenTimeController.csproj]
D:\workspace\ScreenTimeController\SettingsForm.cs(500,35): warning CA1416: 鍙湪鎵€鏈夊钩鍙颁笂璁块棶姝よ皟鐢ㄧ珯鐐广€?Label" 浠呭湪 "windows" 6.1 鍙婃洿楂樼増鏈?涓婂彈鏀寔銆?(https://learn.microsoft.com/dotnet/fundamentals/code-analysis/quality-rules/ca1416) [D:\workspace\ScreenTimeController\ScreenTimeController.csproj]
D:\workspace\ScreenTimeController\SettingsForm.cs(373,13): warning CA1416: 鍙湪鎵€鏈夊钩鍙颁笂璁块棶姝よ皟鐢ㄧ珯鐐广€?TableLayoutControlCollection.Add(Control, int, int)" 浠呭湪 "windows" 6.1 鍙婃洿楂樼増鏈?涓婂彈鏀寔銆?(https://learn.microsoft.com/dotnet/fundamentals/code-analysis/quality-rules/ca1416) [D:\workspace\ScreenTimeController\ScreenTimeController.csproj]
D:\workspace\ScreenTimeController\SettingsForm.cs(262,17): warning CA1416: 鍙湪鎵€鏈夊钩鍙颁笂璁块棶姝よ皟鐢ㄧ珯鐐广€?Label.Text" 浠呭湪 "windows" 6.1 鍙婃洿楂樼増鏈?涓婂彈鏀寔銆?(https://learn.microsoft.com/dotnet/fundamentals/code-analysis/quality-rules/ca1416) [D:\workspace\ScreenTimeController\ScreenTimeController.csproj]
D:\workspace\ScreenTimeController\SettingsForm.cs(533,17): warning CA1416: 鍙湪鎵€鏈夊钩鍙颁笂璁块棶姝よ皟鐢ㄧ珯鐐广€?Label.TextAlign" 浠呭湪 "windows" 6.1 鍙婃洿楂樼増鏈?涓婂彈鏀寔銆?(https://learn.microsoft.com/dotnet/fundamentals/code-analysis/quality-rules/ca1416) [D:\workspace\ScreenTimeController\ScreenTimeController.csproj]
D:\workspace\ScreenTimeController\SettingsForm.cs(332,17): warning CA1416: 鍙湪鎵€鏈夊钩鍙颁笂璁块棶姝よ皟鐢ㄧ珯鐐广€?Control.Font" 浠呭湪 "windows" 6.1 鍙婃洿楂樼増鏈?涓婂彈鏀寔銆?(https://learn.microsoft.com/dotnet/fundamentals/code-analysis/quality-rules/ca1416) [D:\workspace\ScreenTimeController\ScreenTimeController.csproj]
D:\workspace\ScreenTimeController\SettingsForm.cs(330,17): warning CA1416: 鍙湪鎵€鏈夊钩鍙颁笂璁块棶姝よ皟鐢ㄧ珯鐐广€?NumericUpDown.Maximum" 浠呭湪 "windows" 6.1 鍙婃洿楂樼増鏈?涓婂彈鏀寔銆?(https://learn.microsoft.com/dotnet/fundamentals/code-analysis/quality-rules/ca1416) [D:\workspace\ScreenTimeController\ScreenTimeController.csproj]
D:\workspace\ScreenTimeController\SettingsForm.cs(176,17): warning CA1416: 鍙湪鎵€鏈夊钩鍙颁笂璁块棶姝よ皟鐢ㄧ珯鐐广€?Control.Size" 浠呭湪 "windows" 6.1 鍙婃洿楂樼増鏈?涓婂彈鏀寔銆?(https://learn.microsoft.com/dotnet/fundamentals/code-analysis/quality-rules/ca1416) [D:\workspace\ScreenTimeController\ScreenTimeController.csproj]
D:\workspace\ScreenTimeController\SettingsForm.cs(531,17): warning CA1416: 鍙湪鎵€鏈夊钩鍙颁笂璁块棶姝よ皟鐢ㄧ珯鐐广€?Label.Text" 浠呭湪 "windows" 6.1 鍙婃洿楂樼増鏈?涓婂彈鏀寔銆?(https://learn.microsoft.com/dotnet/fundamentals/code-analysis/quality-rules/ca1416) [D:\workspace\ScreenTimeController\ScreenTimeController.csproj]
D:\workspace\ScreenTimeController\SettingsForm.cs(598,17): warning CA1416: 鍙湪鎵€鏈夊钩鍙颁笂璁块棶姝よ皟鐢ㄧ珯鐐广€?Control.Size" 浠呭湪 "windows" 6.1 鍙婃洿楂樼増鏈?涓婂彈鏀寔銆?(https://learn.microsoft.com/dotnet/fundamentals/code-analysis/quality-rules/ca1416) [D:\workspace\ScreenTimeController\ScreenTimeController.csproj]
D:\workspace\ScreenTimeController\SettingsForm.cs(448,26): warning CA1416: 鍙湪鎵€鏈夊钩鍙颁笂璁块棶姝よ皟鐢ㄧ珯鐐广€?Padding" 浠呭湪 "windows" 6.1 鍙婃洿楂樼増鏈?涓婂彈鏀寔銆?(https://learn.microsoft.com/dotnet/fundamentals/code-analysis/quality-rules/ca1416) [D:\workspace\ScreenTimeController\ScreenTimeController.csproj]
D:\workspace\ScreenTimeController\SettingsForm.cs(183,13): warning CA1416: 鍙湪鎵€鏈夊钩鍙颁笂璁块棶姝よ皟鐢ㄧ珯鐐广€?TableLayoutPanel.ColumnStyles" 浠呭湪 "windows" 6.1 鍙婃洿楂樼増鏈?涓婂彈鏀寔銆?(https://learn.microsoft.com/dotnet/fundamentals/code-analysis/quality-rules/ca1416) [D:\workspace\ScreenTimeController\ScreenTimeController.csproj]
D:\workspace\ScreenTimeController\SettingsForm.cs(454,17): warning CA1416: 鍙湪鎵€鏈夊钩鍙颁笂璁块棶姝よ皟鐢ㄧ珯鐐广€?Label.Text" 浠呭湪 "windows" 6.1 鍙婃洿楂樼増鏈?涓婂彈鏀寔銆?(https://learn.microsoft.com/dotnet/fundamentals/code-analysis/quality-rules/ca1416) [D:\workspace\ScreenTimeController\ScreenTimeController.csproj]
D:\workspace\ScreenTimeController\SettingsForm.cs(578,17): warning CA1416: 鍙湪鎵€鏈夊钩鍙颁笂璁块棶姝よ皟鐢ㄧ珯鐐广€?Control.Enabled" 浠呭湪 "windows" 6.1 鍙婃洿楂樼増鏈?涓婂彈鏀寔銆?(https://learn.microsoft.com/dotnet/fundamentals/code-analysis/quality-rules/ca1416) [D:\workspace\ScreenTimeController\ScreenTimeController.csproj]
D:\workspace\ScreenTimeController\SettingsForm.cs(601,17): warning CA1416: 鍙湪鎵€鏈夊钩鍙颁笂璁块棶姝よ皟鐢ㄧ珯鐐广€?ButtonBase.FlatStyle" 浠呭湪 "windows" 6.1 鍙婃洿楂樼増鏈?涓婂彈鏀寔銆?(https://learn.microsoft.com/dotnet/fundamentals/code-analysis/quality-rules/ca1416) [D:\workspace\ScreenTimeController\ScreenTimeController.csproj]
D:\workspace\ScreenTimeController\SettingsForm.cs(284,24): warning CA1416: 鍙湪鎵€鏈夊钩鍙颁笂璁块棶姝よ皟鐢ㄧ珯鐐广€?Font" 浠呭湪 "windows" 6.1 鍙婃洿楂樼増鏈?涓婂彈鏀寔銆?(https://learn.microsoft.com/dotnet/fundamentals/code-analysis/quality-rules/ca1416) [D:\workspace\ScreenTimeController\ScreenTimeController.csproj]
D:\workspace\ScreenTimeController\SettingsForm.cs(292,17): warning CA1416: 鍙湪鎵€鏈夊钩鍙颁笂璁块棶姝よ皟鐢ㄧ珯鐐广€?Control.Font" 浠呭湪 "windows" 6.1 鍙婃洿楂樼増鏈?涓婂彈鏀寔銆?(https://learn.microsoft.com/dotnet/fundamentals/code-analysis/quality-rules/ca1416) [D:\workspace\ScreenTimeController\ScreenTimeController.csproj]
D:\workspace\ScreenTimeController\SettingsForm.cs(495,17): warning CA1416: 鍙湪鎵€鏈夊钩鍙颁笂璁块棶姝よ皟鐢ㄧ珯鐐广€?Control.Font" 浠呭湪 "windows" 6.1 鍙婃洿楂樼増鏈?涓婂彈鏀寔銆?(https://learn.microsoft.com/dotnet/fundamentals/code-analysis/quality-rules/ca1416) [D:\workspace\ScreenTimeController\ScreenTimeController.csproj]
D:\workspace\ScreenTimeController\SettingsForm.cs(327,42): warning CA1416: 鍙湪鎵€鏈夊钩鍙颁笂璁块棶姝よ皟鐢ㄧ珯鐐广€?NumericUpDown" 浠呭湪 "windows" 6.1 鍙婃洿楂樼増鏈?涓婂彈鏀寔銆?(https://learn.microsoft.com/dotnet/fundamentals/code-analysis/quality-rules/ca1416) [D:\workspace\ScreenTimeController\ScreenTimeController.csproj]
D:\workspace\ScreenTimeController\SettingsForm.cs(186,63): warning CA1416: 鍙湪鎵€鏈夊钩鍙颁笂璁块棶姝よ皟鐢ㄧ珯鐐广€?SizeType.Absolute" 浠呭湪 "windows" 6.1 鍙婃洿楂樼増鏈?涓婂彈鏀寔銆?(https://learn.microsoft.com/dotnet/fundamentals/code-analysis/quality-rules/ca1416) [D:\workspace\ScreenTimeController\ScreenTimeController.csproj]
D:\workspace\ScreenTimeController\SettingsForm.cs(513,24): warning CA1416: 鍙湪鎵€鏈夊钩鍙颁笂璁块棶姝よ皟鐢ㄧ珯鐐广€?Font" 浠呭湪 "windows" 6.1 鍙婃洿楂樼増鏈?涓婂彈鏀寔銆?(https://learn.microsoft.com/dotnet/fundamentals/code-analysis/quality-rules/ca1416) [D:\workspace\ScreenTimeController\ScreenTimeController.csproj]
D:\workspace\ScreenTimeController\SettingsForm.cs(394,46): warning CA1416: 鍙湪鎵€鏈夊钩鍙颁笂璁块棶姝よ皟鐢ㄧ珯鐐广€?NumericUpDown" 浠呭湪 "windows" 6.1 鍙婃洿楂樼増鏈?涓婂彈鏀寔銆?(https://learn.microsoft.com/dotnet/fundamentals/code-analysis/quality-rules/ca1416) [D:\workspace\ScreenTimeController\ScreenTimeController.csproj]
D:\workspace\ScreenTimeController\SettingsForm.cs(462,28): warning CA1416: 鍙湪鎵€鏈夊钩鍙颁笂璁块棶姝よ皟鐢ㄧ珯鐐广€?Label" 浠呭湪 "windows" 6.1 鍙婃洿楂樼増鏈?涓婂彈鏀寔銆?(https://learn.microsoft.com/dotnet/fundamentals/code-analysis/quality-rules/ca1416) [D:\workspace\ScreenTimeController\ScreenTimeController.csproj]
D:\workspace\ScreenTimeController\SettingsForm.cs(215,48): warning CA1416: 鍙湪鎵€鏈夊钩鍙颁笂璁块棶姝よ皟鐢ㄧ珯鐐广€?FontStyle.Bold" 浠呭湪 "windows" 6.1 鍙婃洿楂樼増鏈?涓婂彈鏀寔銆?(https://learn.microsoft.com/dotnet/fundamentals/code-analysis/quality-rules/ca1416) [D:\workspace\ScreenTimeController\ScreenTimeController.csproj]
D:\workspace\ScreenTimeController\SettingsForm.cs(611,17): warning CA1416: 鍙湪鎵€鏈夊钩鍙颁笂璁块棶姝よ皟鐢ㄧ珯鐐广€?Control.Font" 浠呭湪 "windows" 6.1 鍙婃洿楂樼増鏈?涓婂彈鏀寔銆?(https://learn.microsoft.com/dotnet/fundamentals/code-analysis/quality-rules/ca1416) [D:\workspace\ScreenTimeController\ScreenTimeController.csproj]
D:\workspace\ScreenTimeController\SettingsForm.cs(527,13): warning CA1416: 鍙湪鎵€鏈夊钩鍙颁笂璁块棶姝よ皟鐢ㄧ珯鐐广€?TableLayoutPanel.Controls" 浠呭湪 "windows" 6.1 鍙婃洿楂樼増鏈?涓婂彈鏀寔銆?(https://learn.microsoft.com/dotnet/fundamentals/code-analysis/quality-rules/ca1416) [D:\workspace\ScreenTimeController\ScreenTimeController.csproj]
D:\workspace\ScreenTimeController\SettingsForm.cs(546,13): warning CA1416: 鍙湪鎵€鏈夊钩鍙颁笂璁块棶姝よ皟鐢ㄧ珯鐐广€?TableLayoutControlCollection.Add(Control, int, int)" 浠呭湪 "windows" 6.1 鍙婃洿楂樼増鏈?涓婂彈鏀寔銆?(https://learn.microsoft.com/dotnet/fundamentals/code-analysis/quality-rules/ca1416) [D:\workspace\ScreenTimeController\ScreenTimeController.csproj]
D:\workspace\ScreenTimeController\SettingsForm.cs(589,13): warning CA1416: 鍙湪鎵€鏈夊钩鍙颁笂璁块棶姝よ皟鐢ㄧ珯鐐广€?Control.Controls" 浠呭湪 "windows" 6.1 鍙婃洿楂樼増鏈?涓婂彈鏀寔銆?(https://learn.microsoft.com/dotnet/fundamentals/code-analysis/quality-rules/ca1416) [D:\workspace\ScreenTimeController\ScreenTimeController.csproj]
D:\workspace\ScreenTimeController\SettingsForm.cs(346,44): warning CA1416: 鍙湪鎵€鏈夊钩鍙颁笂璁块棶姝よ皟鐢ㄧ珯鐐广€?NumericUpDown" 浠呭湪 "windows" 6.1 鍙婃洿楂樼増鏈?涓婂彈鏀寔銆?(https://learn.microsoft.com/dotnet/fundamentals/code-analysis/quality-rules/ca1416) [D:\workspace\ScreenTimeController\ScreenTimeController.csproj]
D:\workspace\ScreenTimeController\SettingsForm.cs(438,26): warning CA1416: 鍙湪鎵€鏈夊钩鍙颁笂璁块棶姝よ皟鐢ㄧ珯鐐广€?Padding" 浠呭湪 "windows" 6.1 鍙婃洿楂樼増鏈?涓婂彈鏀寔銆?(https://learn.microsoft.com/dotnet/fundamentals/code-analysis/quality-rules/ca1416) [D:\workspace\ScreenTimeController\ScreenTimeController.csproj]
D:\workspace\ScreenTimeController\SettingsForm.cs(450,13): warning CA1416: 鍙湪鎵€鏈夊钩鍙颁笂璁块棶姝よ皟鐢ㄧ珯鐐广€?TableLayoutPanel.Controls" 浠呭湪 "windows" 6.1 鍙婃洿楂樼増鏈?涓婂彈鏀寔銆?(https://learn.microsoft.com/dotnet/fundamentals/code-analysis/quality-rules/ca1416) [D:\workspace\ScreenTimeController\ScreenTimeController.csproj]
D:\workspace\ScreenTimeController\SettingsForm.cs(407,24): warning CA1416: 鍙湪鎵€鏈夊钩鍙颁笂璁块棶姝よ皟鐢ㄧ珯鐐广€?Font" 浠呭湪 "windows" 6.1 鍙婃洿楂樼増鏈?涓婂彈鏀寔銆?(https://learn.microsoft.com/dotnet/fundamentals/code-analysis/quality-rules/ca1416) [D:\workspace\ScreenTimeController\ScreenTimeController.csproj]
D:\workspace\ScreenTimeController\SettingsForm.cs(485,29): warning CA1416: 鍙湪鎵€鏈夊钩鍙颁笂璁块棶姝よ皟鐢ㄧ珯鐐广€?ContentAlignment.MiddleLeft" 浠呭湪 "windows" 6.1 鍙婃洿楂樼増鏈?涓婂彈鏀寔銆?(https://learn.microsoft.com/dotnet/fundamentals/code-analysis/quality-rules/ca1416) [D:\workspace\ScreenTimeController\ScreenTimeController.csproj]
D:\workspace\ScreenTimeController\SettingsForm.cs(486,17): warning CA1416: 鍙湪鎵€鏈夊钩鍙颁笂璁块棶姝よ皟鐢ㄧ珯鐐广€?Control.Margin" 浠呭湪 "windows" 6.1 鍙婃洿楂樼増鏈?涓婂彈鏀寔銆?(https://learn.microsoft.com/dotnet/fundamentals/code-analysis/quality-rules/ca1416) [D:\workspace\ScreenTimeController\ScreenTimeController.csproj]
D:\workspace\ScreenTimeController\SettingsForm.cs(360,29): warning CA1416: 鍙湪鎵€鏈夊钩鍙颁笂璁块棶姝よ皟鐢ㄧ珯鐐广€?ContentAlignment.MiddleLeft" 浠呭湪 "windows" 6.1 鍙婃洿楂樼増鏈?涓婂彈鏀寔銆?(https://learn.microsoft.com/dotnet/fundamentals/code-analysis/quality-rules/ca1416) [D:\workspace\ScreenTimeController\ScreenTimeController.csproj]
D:\workspace\ScreenTimeController\SettingsForm.cs(512,17): warning CA1416: 鍙湪鎵€鏈夊钩鍙颁笂璁块棶姝よ皟鐢ㄧ珯鐐广€?Label.Text" 浠呭湪 "windows" 6.1 鍙婃洿楂樼増鏈?涓婂彈鏀寔銆?(https://learn.microsoft.com/dotnet/fundamentals/code-analysis/quality-rules/ca1416) [D:\workspace\ScreenTimeController\ScreenTimeController.csproj]
D:\workspace\ScreenTimeController\SettingsForm.cs(601,29): warning CA1416: 鍙湪鎵€鏈夊钩鍙颁笂璁块棶姝よ皟鐢ㄧ珯鐐广€?FlatStyle.Flat" 浠呭湪 "windows" 6.1 鍙婃洿楂樼増鏈?涓婂彈鏀寔銆?(https://learn.microsoft.com/dotnet/fundamentals/code-analysis/quality-rules/ca1416) [D:\workspace\ScreenTimeController\ScreenTimeController.csproj]
D:\workspace\ScreenTimeController\SettingsForm.cs(381,17): warning CA1416: 鍙湪鎵€鏈夊钩鍙颁笂璁块棶姝よ皟鐢ㄧ珯鐐广€?Control.Margin" 浠呭湪 "windows" 6.1 鍙婃洿楂樼増鏈?涓婂彈鏀寔銆?(https://learn.microsoft.com/dotnet/fundamentals/code-analysis/quality-rules/ca1416) [D:\workspace\ScreenTimeController\ScreenTimeController.csproj]
D:\workspace\ScreenTimeController\SettingsForm.cs(507,13): warning CA1416: 鍙湪鎵€鏈夊钩鍙颁笂璁块棶姝よ皟鐢ㄧ珯鐐广€?TableLayoutControlCollection.Add(Control, int, int)" 浠呭湪 "windows" 6.1 鍙婃洿楂樼増鏈?涓婂彈鏀寔銆?(https://learn.microsoft.com/dotnet/fundamentals/code-analysis/quality-rules/ca1416) [D:\workspace\ScreenTimeController\ScreenTimeController.csproj]
D:\workspace\ScreenTimeController\SettingsForm.cs(351,24): warning CA1416: 鍙湪鎵€鏈夊钩鍙颁笂璁块棶姝よ皟鐢ㄧ珯鐐广€?Font" 浠呭湪 "windows" 6.1 鍙婃洿楂樼増鏈?涓婂彈鏀寔銆?(https://learn.microsoft.com/dotnet/fundamentals/code-analysis/quality-rules/ca1416) [D:\workspace\ScreenTimeController\ScreenTimeController.csproj]
D:\workspace\ScreenTimeController\SettingsForm.cs(325,13): warning CA1416: 鍙湪鎵€鏈夊钩鍙颁笂璁块棶姝よ皟鐢ㄧ珯鐐广€?TableLayoutControlCollection.Add(Control, int, int)" 浠呭湪 "windows" 6.1 鍙婃洿楂樼増鏈?涓婂彈鏀寔銆?(https://learn.microsoft.com/dotnet/fundamentals/code-analysis/quality-rules/ca1416) [D:\workspace\ScreenTimeController\ScreenTimeController.csproj]
D:\workspace\ScreenTimeController\SettingsForm.cs(199,26): warning CA1416: 鍙湪鎵€鏈夊钩鍙颁笂璁块棶姝よ皟鐢ㄧ珯鐐广€?Padding" 浠呭湪 "windows" 6.1 鍙婃洿楂樼増鏈?涓婂彈鏀寔銆?(https://learn.microsoft.com/dotnet/fundamentals/code-analysis/quality-rules/ca1416) [D:\workspace\ScreenTimeController\ScreenTimeController.csproj]
D:\workspace\ScreenTimeController\SettingsForm.cs(620,13): warning CA1416: 鍙湪鎵€鏈夊钩鍙颁笂璁块棶姝よ皟鐢ㄧ珯鐐广€?Control.Controls" 浠呭湪 "windows" 6.1 鍙婃洿楂樼増鏈?涓婂彈鏀寔銆?(https://learn.microsoft.com/dotnet/fundamentals/code-analysis/quality-rules/ca1416) [D:\workspace\ScreenTimeController\ScreenTimeController.csproj]
D:\workspace\ScreenTimeController\SettingsForm.cs(440,13): warning CA1416: 鍙湪鎵€鏈夊钩鍙颁笂璁块棶姝よ皟鐢ㄧ珯鐐广€?TableLayoutControlCollection.Add(Control, int, int)" 浠呭湪 "windows" 6.1 鍙婃洿楂樼増鏈?涓婂彈鏀寔銆?(https://learn.microsoft.com/dotnet/fundamentals/code-analysis/quality-rules/ca1416) [D:\workspace\ScreenTimeController\ScreenTimeController.csproj]
D:\workspace\ScreenTimeController\SettingsForm.cs(217,17): warning CA1416: 鍙湪鎵€鏈夊钩鍙颁笂璁块棶姝よ皟鐢ㄧ珯鐐广€?Control.Margin" 浠呭湪 "windows" 6.1 鍙婃洿楂樼増鏈?涓婂彈鏀寔銆?(https://learn.microsoft.com/dotnet/fundamentals/code-analysis/quality-rules/ca1416) [D:\workspace\ScreenTimeController\ScreenTimeController.csproj]
D:\workspace\ScreenTimeController\SettingsForm.cs(281,17): warning CA1416: 鍙湪鎵€鏈夊钩鍙颁笂璁块棶姝よ皟鐢ㄧ珯鐐广€?Control.Enabled" 浠呭湪 "windows" 6.1 鍙婃洿楂樼増鏈?涓婂彈鏀寔銆?(https://learn.microsoft.com/dotnet/fundamentals/code-analysis/quality-rules/ca1416) [D:\workspace\ScreenTimeController\ScreenTimeController.csproj]
D:\workspace\ScreenTimeController\SettingsForm.cs(419,17): warning CA1416: 鍙湪鎵€鏈夊钩鍙颁笂璁块棶姝よ皟鐢ㄧ珯鐐广€?Control.Margin" 浠呭湪 "windows" 6.1 鍙婃洿楂樼増鏈?涓婂彈鏀寔銆?(https://learn.microsoft.com/dotnet/fundamentals/code-analysis/quality-rules/ca1416) [D:\workspace\ScreenTimeController\ScreenTimeController.csproj]
D:\workspace\ScreenTimeController\SettingsForm.cs(417,17): warning CA1416: 鍙湪鎵€鏈夊钩鍙颁笂璁块棶姝よ皟鐢ㄧ珯鐐广€?Control.Font" 浠呭湪 "windows" 6.1 鍙婃洿楂樼増鏈?涓婂彈鏀寔銆?(https://learn.microsoft.com/dotnet/fundamentals/code-analysis/quality-rules/ca1416) [D:\workspace\ScreenTimeController\ScreenTimeController.csproj]
D:\workspace\ScreenTimeController\SettingsForm.cs(421,13): warning CA1416: 鍙湪鎵€鏈夊钩鍙颁笂璁块棶姝よ皟鐢ㄧ珯鐐广€?TableLayoutControlCollection.Add(Control, int, int)" 浠呭湪 "windows" 6.1 鍙婃洿楂樼増鏈?涓婂彈鏀寔銆?(https://learn.microsoft.com/dotnet/fundamentals/code-analysis/quality-rules/ca1416) [D:\workspace\ScreenTimeController\ScreenTimeController.csproj]
D:\workspace\ScreenTimeController\SettingsForm.cs(564,17): warning CA1416: 鍙湪鎵€鏈夊钩鍙颁笂璁块棶姝よ皟鐢ㄧ珯鐐广€?Control.Font" 浠呭湪 "windows" 6.1 鍙婃洿楂樼増鏈?涓婂彈鏀寔銆?(https://learn.microsoft.com/dotnet/fundamentals/code-analysis/quality-rules/ca1416) [D:\workspace\ScreenTimeController\ScreenTimeController.csproj]
D:\workspace\ScreenTimeController\SettingsForm.cs(533,29): warning CA1416: 鍙湪鎵€鏈夊钩鍙颁笂璁块棶姝よ皟鐢ㄧ珯鐐广€?ContentAlignment.MiddleLeft" 浠呭湪 "windows" 6.1 鍙婃洿楂樼増鏈?涓婂彈鏀寔銆?(https://learn.microsoft.com/dotnet/fundamentals/code-analysis/quality-rules/ca1416) [D:\workspace\ScreenTimeController\ScreenTimeController.csproj]
D:\workspace\ScreenTimeController\SettingsForm.cs(352,26): warning CA1416: 鍙湪鎵€鏈夊钩鍙颁笂璁块棶姝よ皟鐢ㄧ珯鐐广€?Padding" 浠呭湪 "windows" 6.1 鍙婃洿楂樼増鏈?涓婂彈鏀寔銆?(https://learn.microsoft.com/dotnet/fundamentals/code-analysis/quality-rules/ca1416) [D:\workspace\ScreenTimeController\ScreenTimeController.csproj]
D:\workspace\ScreenTimeController\SettingsForm.cs(227,26): warning CA1416: 鍙湪鎵€鏈夊钩鍙颁笂璁块棶姝よ皟鐢ㄧ珯鐐广€?Padding" 浠呭湪 "windows" 6.1 鍙婃洿楂樼増鏈?涓婂彈鏀寔銆?(https://learn.microsoft.com/dotnet/fundamentals/code-analysis/quality-rules/ca1416) [D:\workspace\ScreenTimeController\ScreenTimeController.csproj]
D:\workspace\ScreenTimeController\SettingsForm.cs(166,36): warning CA1416: 鍙湪鎵€鏈夊钩鍙颁笂璁块棶姝よ皟鐢ㄧ珯鐐广€?FormBorderStyle.FixedSingle" 浠呭湪 "windows" 6.1 鍙婃洿楂樼増鏈?涓婂彈鏀寔銆?(https://learn.microsoft.com/dotnet/fundamentals/code-analysis/quality-rules/ca1416) [D:\workspace\ScreenTimeController\ScreenTimeController.csproj]
D:\workspace\ScreenTimeController\SettingsForm.cs(356,36): warning CA1416: 鍙湪鎵€鏈夊钩鍙颁笂璁块棶姝よ皟鐢ㄧ珯鐐广€?Label" 浠呭湪 "windows" 6.1 鍙婃洿楂樼増鏈?涓婂彈鏀寔銆?(https://learn.microsoft.com/dotnet/fundamentals/code-analysis/quality-rules/ca1416) [D:\workspace\ScreenTimeController\ScreenTimeController.csproj]
D:\workspace\ScreenTimeController\SettingsForm.cs(333,26): warning CA1416: 鍙湪鎵€鏈夊钩鍙颁笂璁块棶姝よ皟鐢ㄧ珯鐐广€?Padding" 浠呭湪 "windows" 6.1 鍙婃洿楂樼増鏈?涓婂彈鏀寔銆?(https://learn.microsoft.com/dotnet/fundamentals/code-analysis/quality-rules/ca1416) [D:\workspace\ScreenTimeController\ScreenTimeController.csproj]
D:\workspace\ScreenTimeController\SettingsForm.cs(466,17): warning CA1416: 鍙湪鎵€鏈夊钩鍙颁笂璁块棶姝よ皟鐢ㄧ珯鐐广€?Label.TextAlign" 浠呭湪 "windows" 6.1 鍙婃洿楂樼増鏈?涓婂彈鏀寔銆?(https://learn.microsoft.com/dotnet/fundamentals/code-analysis/quality-rules/ca1416) [D:\workspace\ScreenTimeController\ScreenTimeController.csproj]
D:\workspace\ScreenTimeController\SettingsForm.cs(226,29): warning CA1416: 鍙湪鎵€鏈夊钩鍙颁笂璁块棶姝よ皟鐢ㄧ珯鐐广€?ContentAlignment.MiddleLeft" 浠呭湪 "windows" 6.1 鍙婃洿楂樼増鏈?涓婂彈鏀寔銆?(https://learn.microsoft.com/dotnet/fundamentals/code-analysis/quality-rules/ca1416) [D:\workspace\ScreenTimeController\ScreenTimeController.csproj]
D:\workspace\ScreenTimeController\SettingsForm.cs(304,26): warning CA1416: 鍙湪鎵€鏈夊钩鍙颁笂璁块棶姝よ皟鐢ㄧ珯鐐广€?Padding" 浠呭湪 "windows" 6.1 鍙婃洿楂樼増鏈?涓婂彈鏀寔銆?(https://learn.microsoft.com/dotnet/fundamentals/code-analysis/quality-rules/ca1416) [D:\workspace\ScreenTimeController\ScreenTimeController.csproj]
D:\workspace\ScreenTimeController\SettingsForm.cs(431,13): warning CA1416: 鍙湪鎵€鏈夊钩鍙颁笂璁块棶姝よ皟鐢ㄧ珯鐐广€?TableLayoutPanel.Controls" 浠呭湪 "windows" 6.1 鍙婃洿楂樼増鏈?涓婂彈鏀寔銆?(https://learn.microsoft.com/dotnet/fundamentals/code-analysis/quality-rules/ca1416) [D:\workspace\ScreenTimeController\ScreenTimeController.csproj]
D:\workspace\ScreenTimeController\SettingsForm.cs(408,29): warning CA1416: 鍙湪鎵€鏈夊钩鍙颁笂璁块棶姝よ皟鐢ㄧ珯鐐广€?ContentAlignment.MiddleLeft" 浠呭湪 "windows" 6.1 鍙婃洿楂樼増鏈?涓婂彈鏀寔銆?(https://learn.microsoft.com/dotnet/fundamentals/code-analysis/quality-rules/ca1416) [D:\workspace\ScreenTimeController\ScreenTimeController.csproj]
D:\workspace\ScreenTimeController\SettingsForm.cs(425,17): warning CA1416: 鍙湪鎵€鏈夊钩鍙颁笂璁块棶姝よ皟鐢ㄧ珯鐐广€?Control.Enabled" 浠呭湪 "windows" 6.1 鍙婃洿楂樼増鏈?涓婂彈鏀寔銆?(https://learn.microsoft.com/dotnet/fundamentals/code-analysis/quality-rules/ca1416) [D:\workspace\ScreenTimeController\ScreenTimeController.csproj]
D:\workspace\ScreenTimeController\SettingsForm.cs(351,17): warning CA1416: 鍙湪鎵€鏈夊钩鍙颁笂璁块棶姝よ皟鐢ㄧ珯鐐广€?Control.Font" 浠呭湪 "windows" 6.1 鍙婃洿楂樼増鏈?涓婂彈鏀寔銆?(https://learn.microsoft.com/dotnet/fundamentals/code-analysis/quality-rules/ca1416) [D:\workspace\ScreenTimeController\ScreenTimeController.csproj]
D:\workspace\ScreenTimeController\SettingsForm.cs(321,17): warning CA1416: 鍙湪鎵€鏈夊钩鍙颁笂璁块棶姝よ皟鐢ㄧ珯鐐广€?Control.Font" 浠呭湪 "windows" 6.1 鍙婃洿楂樼増鏈?涓婂彈鏀寔銆?(https://learn.microsoft.com/dotnet/fundamentals/code-analysis/quality-rules/ca1416) [D:\workspace\ScreenTimeController\ScreenTimeController.csproj]
D:\workspace\ScreenTimeController\SettingsForm.cs(477,26): warning CA1416: 鍙湪鎵€鏈夊钩鍙颁笂璁块棶姝よ皟鐢ㄧ珯鐐广€?Padding" 浠呭湪 "windows" 6.1 鍙婃洿楂樼増鏈?涓婂彈鏀寔銆?(https://learn.microsoft.com/dotnet/fundamentals/code-analysis/quality-rules/ca1416) [D:\workspace\ScreenTimeController\ScreenTimeController.csproj]
D:\workspace\ScreenTimeController\SettingsForm.cs(215,17): warning CA1416: 鍙湪鎵€鏈夊钩鍙颁笂璁块棶姝よ皟鐢ㄧ珯鐐广€?Control.Font" 浠呭湪 "windows" 6.1 鍙婃洿楂樼増鏈?涓婂彈鏀寔銆?(https://learn.microsoft.com/dotnet/fundamentals/code-analysis/quality-rules/ca1416) [D:\workspace\ScreenTimeController\ScreenTimeController.csproj]
D:\workspace\ScreenTimeController\SettingsForm.cs(467,17): warning CA1416: 鍙湪鎵€鏈夊钩鍙颁笂璁块棶姝よ皟鐢ㄧ珯鐐广€?Control.Margin" 浠呭湪 "windows" 6.1 鍙婃洿楂樼増鏈?涓婂彈鏀寔銆?(https://learn.microsoft.com/dotnet/fundamentals/code-analysis/quality-rules/ca1416) [D:\workspace\ScreenTimeController\ScreenTimeController.csproj]
D:\workspace\ScreenTimeController\SettingsForm.cs(180,31): warning CA1416: 鍙湪鎵€鏈夊钩鍙颁笂璁块棶姝よ皟鐢ㄧ珯鐐广€?BorderStyle.FixedSingle" 浠呭湪 "windows" 6.1 鍙婃洿楂樼増鏈?涓婂彈鏀寔銆?(https://learn.microsoft.com/dotnet/fundamentals/code-analysis/quality-rules/ca1416) [D:\workspace\ScreenTimeController\ScreenTimeController.csproj]
D:\workspace\ScreenTimeController\SettingsForm.cs(244,24): warning CA1416: 鍙湪鎵€鏈夊钩鍙颁笂璁块棶姝よ皟鐢ㄧ珯鐐广€?Font" 浠呭湪 "windows" 6.1 鍙婃洿楂樼増鏈?涓婂彈鏀寔銆?(https://learn.microsoft.com/dotnet/fundamentals/code-analysis/quality-rules/ca1416) [D:\workspace\ScreenTimeController\ScreenTimeController.csproj]
D:\workspace\ScreenTimeController\SettingsForm.cs(588,13): warning CA1416: 鍙湪鎵€鏈夊钩鍙颁笂璁块棶姝よ皟鐢ㄧ珯鐐广€?Control.Click" 浠呭湪 "windows" 6.1 鍙婃洿楂樼増鏈?涓婂彈鏀寔銆?(https://learn.microsoft.com/dotnet/fundamentals/code-analysis/quality-rules/ca1416) [D:\workspace\ScreenTimeController\ScreenTimeController.csproj]
D:\workspace\ScreenTimeController\SettingsForm.cs(552,29): warning CA1416: 鍙湪鎵€鏈夊钩鍙颁笂璁块棶姝よ皟鐢ㄧ珯鐐广€?ContentAlignment.MiddleLeft" 浠呭湪 "windows" 6.1 鍙婃洿楂樼増鏈?涓婂彈鏀寔銆?(https://learn.microsoft.com/dotnet/fundamentals/code-analysis/quality-rules/ca1416) [D:\workspace\ScreenTimeController\ScreenTimeController.csproj]
D:\workspace\ScreenTimeController\SettingsForm.cs(206,17): warning CA1416: 鍙湪鎵€鏈夊钩鍙颁笂璁块棶姝よ皟鐢ㄧ珯鐐广€?Control.Font" 浠呭湪 "windows" 6.1 鍙婃洿楂樼増鏈?涓婂彈鏀寔銆?(https://learn.microsoft.com/dotnet/fundamentals/code-analysis/quality-rules/ca1416) [D:\workspace\ScreenTimeController\ScreenTimeController.csproj]
D:\workspace\ScreenTimeController\SettingsForm.cs(534,17): warning CA1416: 鍙湪鎵€鏈夊钩鍙颁笂璁块棶姝よ皟鐢ㄧ珯鐐广€?Control.Margin" 浠呭湪 "windows" 6.1 鍙婃洿楂樼増鏈?涓婂彈鏀寔銆?(https://learn.microsoft.com/dotnet/fundamentals/code-analysis/quality-rules/ca1416) [D:\workspace\ScreenTimeController\ScreenTimeController.csproj]
D:\workspace\ScreenTimeController\SettingsForm.cs(544,26): warning CA1416: 鍙湪鎵€鏈夊钩鍙颁笂璁块棶姝よ皟鐢ㄧ珯鐐广€?Padding" 浠呭湪 "windows" 6.1 鍙婃洿楂樼増鏈?涓婂彈鏀寔銆?(https://learn.microsoft.com/dotnet/fundamentals/code-analysis/quality-rules/ca1416) [D:\workspace\ScreenTimeController\ScreenTimeController.csproj]
D:\workspace\ScreenTimeController\SettingsForm.cs(312,17): warning CA1416: 鍙湪鎵€鏈夊钩鍙颁笂璁块棶姝よ皟鐢ㄧ珯鐐广€?Label.TextAlign" 浠呭湪 "windows" 6.1 鍙婃洿楂樼増鏈?涓婂彈鏀寔銆?(https://learn.microsoft.com/dotnet/fundamentals/code-analysis/quality-rules/ca1416) [D:\workspace\ScreenTimeController\ScreenTimeController.csproj]
D:\workspace\ScreenTimeController\SettingsForm.cs(519,43): warning CA1416: 鍙湪鎵€鏈夊钩鍙颁笂璁块棶姝よ皟鐢ㄧ珯鐐广€?NumericUpDown" 浠呭湪 "windows" 6.1 鍙婃洿楂樼増鏈?涓婂彈鏀寔銆?(https://learn.microsoft.com/dotnet/fundamentals/code-analysis/quality-rules/ca1416) [D:\workspace\ScreenTimeController\ScreenTimeController.csproj]
D:\workspace\ScreenTimeController\SettingsForm.cs(553,17): warning CA1416: 鍙湪鎵€鏈夊钩鍙颁笂璁块棶姝よ皟鐢ㄧ珯鐐广€?Control.Margin" 浠呭湪 "windows" 6.1 鍙婃洿楂樼増鏈?涓婂彈鏀寔銆?(https://learn.microsoft.com/dotnet/fundamentals/code-analysis/quality-rules/ca1416) [D:\workspace\ScreenTimeController\ScreenTimeController.csproj]
D:\workspace\ScreenTimeController\SettingsForm.cs(254,17): warning CA1416: 鍙湪鎵€鏈夊钩鍙颁笂璁块棶姝よ皟鐢ㄧ珯鐐广€?NumericUpDown.Minimum" 浠呭湪 "windows" 6.1 鍙婃洿楂樼増鏈?涓婂彈鏀寔銆?(https://learn.microsoft.com/dotnet/fundamentals/code-analysis/quality-rules/ca1416) [D:\workspace\ScreenTimeController\ScreenTimeController.csproj]
D:\workspace\ScreenTimeController\SettingsForm.cs(469,13): warning CA1416: 鍙湪鎵€鏈夊钩鍙颁笂璁块棶姝よ皟鐢ㄧ珯鐐广€?TableLayoutControlCollection.Add(Control, int, int)" 浠呭湪 "windows" 6.1 鍙婃洿楂樼増鏈?涓婂彈鏀寔銆?(https://learn.microsoft.com/dotnet/fundamentals/code-analysis/quality-rules/ca1416) [D:\workspace\ScreenTimeController\ScreenTimeController.csproj]
D:\workspace\ScreenTimeController\SettingsForm.cs(479,13): warning CA1416: 鍙湪鎵€鏈夊钩鍙颁笂璁块棶姝よ皟鐢ㄧ珯鐐广€?TableLayoutPanel.Controls" 浠呭湪 "windows" 6.1 鍙婃洿楂樼増鏈?涓婂彈鏀寔銆?(https://learn.microsoft.com/dotnet/fundamentals/code-analysis/quality-rules/ca1416) [D:\workspace\ScreenTimeController\ScreenTimeController.csproj]
D:\workspace\ScreenTimeController\SettingsForm.cs(250,43): warning CA1416: 鍙湪鎵€鏈夊钩鍙颁笂璁块棶姝よ皟鐢ㄧ珯鐐广€?NumericUpDown" 浠呭湪 "windows" 6.1 鍙婃洿楂樼増鏈?涓婂彈鏀寔銆?(https://learn.microsoft.com/dotnet/fundamentals/code-analysis/quality-rules/ca1416) [D:\workspace\ScreenTimeController\ScreenTimeController.csproj]
D:\workspace\ScreenTimeController\SettingsForm.cs(521,17): warning CA1416: 鍙湪鎵€鏈夊钩鍙颁笂璁块棶姝よ皟鐢ㄧ珯鐐广€?Control.Enabled" 浠呭湪 "windows" 6.1 鍙婃洿楂樼増鏈?涓婂彈鏀寔銆?(https://learn.microsoft.com/dotnet/fundamentals/code-analysis/quality-rules/ca1416) [D:\workspace\ScreenTimeController\ScreenTimeController.csproj]
D:\workspace\ScreenTimeController\SettingsForm.cs(167,13): warning CA1416: 鍙湪鎵€鏈夊钩鍙颁笂璁块棶姝よ皟鐢ㄧ珯鐐广€?Form.MaximizeBox" 浠呭湪 "windows" 6.1 鍙婃洿楂樼増鏈?涓婂彈鏀寔銆?(https://learn.microsoft.com/dotnet/fundamentals/code-analysis/quality-rules/ca1416) [D:\workspace\ScreenTimeController\ScreenTimeController.csproj]
D:\workspace\ScreenTimeController\SettingsForm.cs(277,13): warning CA1416: 鍙湪鎵€鏈夊钩鍙颁笂璁块棶姝よ皟鐢ㄧ珯鐐广€?TableLayoutPanel.Controls" 浠呭湪 "windows" 6.1 鍙婃洿楂樼増鏈?涓婂彈鏀寔銆?(https://learn.microsoft.com/dotnet/fundamentals/code-analysis/quality-rules/ca1416) [D:\workspace\ScreenTimeController\ScreenTimeController.csproj]
D:\workspace\ScreenTimeController\SettingsForm.cs(380,17): warning CA1416: 鍙湪鎵€鏈夊钩鍙颁笂璁块棶姝よ皟鐢ㄧ珯鐐广€?Control.Font" 浠呭湪 "windows" 6.1 鍙婃洿楂樼増鏈?涓婂彈鏀寔銆?(https://learn.microsoft.com/dotnet/fundamentals/code-analysis/quality-rules/ca1416) [D:\workspace\ScreenTimeController\ScreenTimeController.csproj]
D:\workspace\ScreenTimeController\SettingsForm.cs(277,13): warning CA1416: 鍙湪鎵€鏈夊钩鍙颁笂璁块棶姝よ皟鐢ㄧ珯鐐广€?TableLayoutControlCollection.Add(Control, int, int)" 浠呭湪 "windows" 6.1 鍙婃洿楂樼増鏈?涓婂彈鏀寔銆?(https://learn.microsoft.com/dotnet/fundamentals/code-analysis/quality-rules/ca1416) [D:\workspace\ScreenTimeController\ScreenTimeController.csproj]
D:\workspace\ScreenTimeController\SettingsForm.cs(229,13): warning CA1416: 鍙湪鎵€鏈夊钩鍙颁笂璁块棶姝よ皟鐢ㄧ珯鐐广€?TableLayoutPanel.Controls" 浠呭湪 "windows" 6.1 鍙婃洿楂樼増鏈?涓婂彈鏀寔銆?(https://learn.microsoft.com/dotnet/fundamentals/code-analysis/quality-rules/ca1416) [D:\workspace\ScreenTimeController\ScreenTimeController.csproj]
D:\workspace\ScreenTimeController\SettingsForm.cs(361,26): warning CA1416: 鍙湪鎵€鏈夊钩鍙颁笂璁块棶姝よ皟鐢ㄧ珯鐐广€?Padding" 浠呭湪 "windows" 6.1 鍙婃洿楂樼増鏈?涓婂彈鏀寔銆?(https://learn.microsoft.com/dotnet/fundamentals/code-analysis/quality-rules/ca1416) [D:\workspace\ScreenTimeController\ScreenTimeController.csproj]
D:\workspace\ScreenTimeController\SettingsForm.cs(377,17): warning CA1416: 鍙湪鎵€鏈夊钩鍙颁笂璁块棶姝よ皟鐢ㄧ珯鐐广€?Control.Enabled" 浠呭湪 "windows" 6.1 鍙婃洿楂樼増鏈?涓婂彈鏀寔銆?(https://learn.microsoft.com/dotnet/fundamentals/code-analysis/quality-rules/ca1416) [D:\workspace\ScreenTimeController\ScreenTimeController.csproj]
D:\workspace\ScreenTimeController\SettingsForm.cs(239,13): warning CA1416: 鍙湪鎵€鏈夊钩鍙颁笂璁块棶姝よ皟鐢ㄧ珯鐐广€?TableLayoutPanel.Controls" 浠呭湪 "windows" 6.1 鍙婃洿楂樼増鏈?涓婂彈鏀寔銆?(https://learn.microsoft.com/dotnet/fundamentals/code-analysis/quality-rules/ca1416) [D:\workspace\ScreenTimeController\ScreenTimeController.csproj]
D:\workspace\ScreenTimeController\SettingsForm.cs(183,13): warning CA1416: 鍙湪鎵€鏈夊钩鍙颁笂璁块棶姝よ皟鐢ㄧ珯鐐广€?TableLayoutColumnStyleCollection.Add(ColumnStyle)" 浠呭湪 "windows" 6.1 鍙婃洿楂樼増鏈?涓婂彈鏀寔銆?(https://learn.microsoft.com/dotnet/fundamentals/code-analysis/quality-rules/ca1416) [D:\workspace\ScreenTimeController\ScreenTimeController.csproj]
D:\workspace\ScreenTimeController\SettingsForm.cs(275,17): warning CA1416: 鍙湪鎵€鏈夊钩鍙颁笂璁块棶姝よ皟鐢ㄧ珯鐐广€?Control.Margin" 浠呭湪 "windows" 6.1 鍙婃洿楂樼増鏈?涓婂彈鏀寔銆?(https://learn.microsoft.com/dotnet/fundamentals/code-analysis/quality-rules/ca1416) [D:\workspace\ScreenTimeController\ScreenTimeController.csproj]
D:\workspace\ScreenTimeController\SettingsForm.cs(296,13): warning CA1416: 鍙湪鎵€鏈夊钩鍙颁笂璁块棶姝よ皟鐢ㄧ珯鐐广€?TableLayoutControlCollection.Add(Control, int, int)" 浠呭湪 "windows" 6.1 鍙婃洿楂樼増鏈?涓婂彈鏀寔銆?(https://learn.microsoft.com/dotnet/fundamentals/code-analysis/quality-rules/ca1416) [D:\workspace\ScreenTimeController\ScreenTimeController.csproj]
D:\workspace\ScreenTimeController\SettingsForm.cs(300,17): warning CA1416: 鍙湪鎵€鏈夊钩鍙颁笂璁块棶姝よ皟鐢ㄧ珯鐐广€?Control.Enabled" 浠呭湪 "windows" 6.1 鍙婃洿楂樼増鏈?涓婂彈鏀寔銆?(https://learn.microsoft.com/dotnet/fundamentals/code-analysis/quality-rules/ca1416) [D:\workspace\ScreenTimeController\ScreenTimeController.csproj]
D:\workspace\ScreenTimeController\SettingsForm.cs(279,41): warning CA1416: 鍙湪鎵€鏈夊钩鍙颁笂璁块棶姝よ皟鐢ㄧ珯鐐广€?NumericUpDown" 浠呭湪 "windows" 6.1 鍙婃洿楂樼増鏈?涓婂彈鏀寔銆?(https://learn.microsoft.com/dotnet/fundamentals/code-analysis/quality-rules/ca1416) [D:\workspace\ScreenTimeController\ScreenTimeController.csproj]
D:\workspace\ScreenTimeController\SettingsForm.cs(524,24): warning CA1416: 鍙湪鎵€鏈夊钩鍙颁笂璁块棶姝よ皟鐢ㄧ珯鐐广€?Font" 浠呭湪 "windows" 6.1 鍙婃洿楂樼増鏈?涓婂彈鏀寔銆?(https://learn.microsoft.com/dotnet/fundamentals/code-analysis/quality-rules/ca1416) [D:\workspace\ScreenTimeController\ScreenTimeController.csproj]
D:\workspace\ScreenTimeController\SettingsForm.cs(335,13): warning CA1416: 鍙湪鎵€鏈夊钩鍙颁笂璁块棶姝よ皟鐢ㄧ珯鐐广€?TableLayoutControlCollection.Add(Control, int, int)" 浠呭湪 "windows" 6.1 鍙婃洿楂樼増鏈?涓婂彈鏀寔銆?(https://learn.microsoft.com/dotnet/fundamentals/code-analysis/quality-rules/ca1416) [D:\workspace\ScreenTimeController\ScreenTimeController.csproj]
D:\workspace\ScreenTimeController\SettingsForm.cs(504,17): warning CA1416: 鍙湪鎵€鏈夊钩鍙颁笂璁块棶姝よ皟鐢ㄧ珯鐐广€?Label.TextAlign" 浠呭湪 "windows" 6.1 鍙婃洿楂樼増鏈?涓婂彈鏀寔銆?(https://learn.microsoft.com/dotnet/fundamentals/code-analysis/quality-rules/ca1416) [D:\workspace\ScreenTimeController\ScreenTimeController.csproj]
D:\workspace\ScreenTimeController\SettingsForm.cs(190,48): warning CA1416: 鍙湪鎵€鏈夊钩鍙颁笂璁块棶姝よ皟鐢ㄧ珯鐐广€?RowStyle" 浠呭湪 "windows" 6.1 鍙婃洿楂樼増鏈?涓婂彈鏀寔銆?(https://learn.microsoft.com/dotnet/fundamentals/code-analysis/quality-rules/ca1416) [D:\workspace\ScreenTimeController\ScreenTimeController.csproj]
D:\workspace\ScreenTimeController\SettingsForm.cs(335,13): warning CA1416: 鍙湪鎵€鏈夊钩鍙颁笂璁块棶姝よ皟鐢ㄧ珯鐐广€?TableLayoutPanel.Controls" 浠呭湪 "windows" 6.1 鍙婃洿楂樼増鏈?涓婂彈鏀寔銆?(https://learn.microsoft.com/dotnet/fundamentals/code-analysis/quality-rules/ca1416) [D:\workspace\ScreenTimeController\ScreenTimeController.csproj]
D:\workspace\ScreenTimeController\SettingsForm.cs(435,17): warning CA1416: 鍙湪鎵€鏈夊钩鍙颁笂璁块棶姝よ皟鐢ㄧ珯鐐广€?Label.Text" 浠呭湪 "windows" 6.1 鍙婃洿楂樼増鏈?涓婂彈鏀寔銆?(https://learn.microsoft.com/dotnet/fundamentals/code-analysis/quality-rules/ca1416) [D:\workspace\ScreenTimeController\ScreenTimeController.csproj]
D:\workspace\ScreenTimeController\SettingsForm.cs(352,17): warning CA1416: 鍙湪鎵€鏈夊钩鍙颁笂璁块棶姝よ皟鐢ㄧ珯鐐广€?Control.Margin" 浠呭湪 "windows" 6.1 鍙婃洿楂樼増鏈?涓婂彈鏀寔銆?(https://learn.microsoft.com/dotnet/fundamentals/code-analysis/quality-rules/ca1416) [D:\workspace\ScreenTimeController\ScreenTimeController.csproj]
D:\workspace\ScreenTimeController\SettingsForm.cs(421,13): warning CA1416: 鍙湪鎵€鏈夊钩鍙颁笂璁块棶姝よ皟鐢ㄧ珯鐐广€?TableLayoutPanel.Controls" 浠呭湪 "windows" 6.1 鍙婃洿楂樼増鏈?涓婂彈鏀寔銆?(https://learn.microsoft.com/dotnet/fundamentals/code-analysis/quality-rules/ca1416) [D:\workspace\ScreenTimeController\ScreenTimeController.csproj]
D:\workspace\ScreenTimeController\SettingsForm.cs(260,35): warning CA1416: 鍙湪鎵€鏈夊钩鍙颁笂璁块棶姝よ皟鐢ㄧ珯鐐广€?Label" 浠呭湪 "windows" 6.1 鍙婃洿楂樼増鏈?涓婂彈鏀寔銆?(https://learn.microsoft.com/dotnet/fundamentals/code-analysis/quality-rules/ca1416) [D:\workspace\ScreenTimeController\ScreenTimeController.csproj]
D:\workspace\ScreenTimeController\SettingsForm.cs(503,17): warning CA1416: 鍙湪鎵€鏈夊钩鍙颁笂璁块棶姝よ皟鐢ㄧ珯鐐广€?Control.Font" 浠呭湪 "windows" 6.1 鍙婃洿楂樼増鏈?涓婂彈鏀寔銆?(https://learn.microsoft.com/dotnet/fundamentals/code-analysis/quality-rules/ca1416) [D:\workspace\ScreenTimeController\ScreenTimeController.csproj]
D:\workspace\ScreenTimeController\SettingsForm.cs(595,17): warning CA1416: 鍙湪鎵€鏈夊钩鍙颁笂璁块棶姝よ皟鐢ㄧ珯鐐广€?ButtonBase.Text" 浠呭湪 "windows" 6.1 鍙婃洿楂樼増鏈?涓婂彈鏀寔銆?(https://learn.microsoft.com/dotnet/fundamentals/code-analysis/quality-rules/ca1416) [D:\workspace\ScreenTimeController\ScreenTimeController.csproj]
D:\workspace\ScreenTimeController\SettingsForm.cs(505,17): warning CA1416: 鍙湪鎵€鏈夊钩鍙颁笂璁块棶姝よ皟鐢ㄧ珯鐐广€?Control.Margin" 浠呭湪 "windows" 6.1 鍙婃洿楂樼増鏈?涓婂彈鏀寔銆?(https://learn.microsoft.com/dotnet/fundamentals/code-analysis/quality-rules/ca1416) [D:\workspace\ScreenTimeController\ScreenTimeController.csproj]
D:\workspace\ScreenTimeController\SettingsForm.cs(498,13): warning CA1416: 鍙湪鎵€鏈夊钩鍙颁笂璁块棶姝よ皟鐢ㄧ珯鐐广€?TableLayoutPanel.Controls" 浠呭湪 "windows" 6.1 鍙婃洿楂樼増鏈?涓婂彈鏀寔銆?(https://learn.microsoft.com/dotnet/fundamentals/code-analysis/quality-rules/ca1416) [D:\workspace\ScreenTimeController\ScreenTimeController.csproj]
D:\workspace\ScreenTimeController\SettingsForm.cs(245,17): warning CA1416: 鍙湪鎵€鏈夊钩鍙颁笂璁块棶姝よ皟鐢ㄧ珯鐐广€?Label.TextAlign" 浠呭湪 "windows" 6.1 鍙婃洿楂樼増鏈?涓婂彈鏀寔銆?(https://learn.microsoft.com/dotnet/fundamentals/code-analysis/quality-rules/ca1416) [D:\workspace\ScreenTimeController\ScreenTimeController.csproj]
D:\workspace\ScreenTimeController\SettingsForm.cs(248,13): warning CA1416: 鍙湪鎵€鏈夊钩鍙颁笂璁块棶姝よ皟鐢ㄧ珯鐐广€?TableLayoutControlCollection.Add(Control, int, int)" 浠呭湪 "windows" 6.1 鍙婃洿楂樼増鏈?涓婂彈鏀寔銆?(https://learn.microsoft.com/dotnet/fundamentals/code-analysis/quality-rules/ca1416) [D:\workspace\ScreenTimeController\ScreenTimeController.csproj]
D:\workspace\ScreenTimeController\SettingsForm.cs(294,17): warning CA1416: 鍙湪鎵€鏈夊钩鍙颁笂璁块棶姝よ皟鐢ㄧ珯鐐广€?Control.Margin" 浠呭湪 "windows" 6.1 鍙婃洿楂樼増鏈?涓婂彈鏀寔銆?(https://learn.microsoft.com/dotnet/fundamentals/code-analysis/quality-rules/ca1416) [D:\workspace\ScreenTimeController\ScreenTimeController.csproj]
D:\workspace\ScreenTimeController\SettingsForm.cs(569,29): warning CA1416: 鍙湪鎵€鏈夊钩鍙颁笂璁块棶姝よ皟鐢ㄧ珯鐐广€?FlatStyle.Flat" 浠呭湪 "windows" 6.1 鍙婃洿楂樼増鏈?涓婂彈鏀寔銆?(https://learn.microsoft.com/dotnet/fundamentals/code-analysis/quality-rules/ca1416) [D:\workspace\ScreenTimeController\ScreenTimeController.csproj]
D:\workspace\ScreenTimeController\SettingsForm.cs(409,17): warning CA1416: 鍙湪鎵€鏈夊钩鍙颁笂璁块棶姝よ皟鐢ㄧ珯鐐广€?Control.Margin" 浠呭湪 "windows" 6.1 鍙婃洿楂樼増鏈?涓婂彈鏀寔銆?(https://learn.microsoft.com/dotnet/fundamentals/code-analysis/quality-rules/ca1416) [D:\workspace\ScreenTimeController\ScreenTimeController.csproj]
D:\workspace\ScreenTimeController\SettingsForm.cs(196,17): warning CA1416: 鍙湪鎵€鏈夊钩鍙颁笂璁块棶姝よ皟鐢ㄧ珯鐐广€?Label.Text" 浠呭湪 "windows" 6.1 鍙婃洿楂樼増鏈?涓婂彈鏀寔銆?(https://learn.microsoft.com/dotnet/fundamentals/code-analysis/quality-rules/ca1416) [D:\workspace\ScreenTimeController\ScreenTimeController.csproj]
D:\workspace\ScreenTimeController\SettingsForm.cs(210,13): warning CA1416: 鍙湪鎵€鏈夊钩鍙颁笂璁块棶姝よ皟鐢ㄧ珯鐐广€?TableLayoutControlCollection.Add(Control, int, int)" 浠呭湪 "windows" 6.1 鍙婃洿楂樼増鏈?涓婂彈鏀寔銆?(https://learn.microsoft.com/dotnet/fundamentals/code-analysis/quality-rules/ca1416) [D:\workspace\ScreenTimeController\ScreenTimeController.csproj]
D:\workspace\ScreenTimeController\SettingsForm.cs(571,13): warning CA1416: 鍙湪鎵€鏈夊钩鍙颁笂璁块棶姝よ皟鐢ㄧ珯鐐广€?FlatButtonAppearance.BorderSize" 浠呭湪 "windows" 6.1 鍙婃洿楂樼増鏈?涓婂彈鏀寔銆?(https://learn.microsoft.com/dotnet/fundamentals/code-analysis/quality-rules/ca1416) [D:\workspace\ScreenTimeController\ScreenTimeController.csproj]
D:\workspace\ScreenTimeController\SettingsForm.cs(186,13): warning CA1416: 鍙湪鎵€鏈夊钩鍙颁笂璁块棶姝よ皟鐢ㄧ珯鐐广€?TableLayoutPanel.ColumnStyles" 浠呭湪 "windows" 6.1 鍙婃洿楂樼増鏈?涓婂彈鏀寔銆?(https://learn.microsoft.com/dotnet/fundamentals/code-analysis/quality-rules/ca1416) [D:\workspace\ScreenTimeController\ScreenTimeController.csproj]
D:\workspace\ScreenTimeController\SettingsForm.cs(573,13): warning CA1416: 鍙湪鎵€鏈夊钩鍙颁笂璁块棶姝よ皟鐢ㄧ珯鐐广€?Control.ControlCollection.Add(Control?)" 浠呭湪 "windows" 6.1 鍙婃洿楂樼増鏈?涓婂彈鏀寔銆?(https://learn.microsoft.com/dotnet/fundamentals/code-analysis/quality-rules/ca1416) [D:\workspace\ScreenTimeController\ScreenTimeController.csproj]
D:\workspace\ScreenTimeController\SettingsForm.cs(603,13): warning CA1416: 鍙湪鎵€鏈夊钩鍙颁笂璁块棶姝よ皟鐢ㄧ珯鐐广€?FlatButtonAppearance.BorderSize" 浠呭湪 "windows" 6.1 鍙婃洿楂樼増鏈?涓婂彈鏀寔銆?(https://learn.microsoft.com/dotnet/fundamentals/code-analysis/quality-rules/ca1416) [D:\workspace\ScreenTimeController\ScreenTimeController.csproj]
D:\workspace\ScreenTimeController\SettingsForm.cs(398,17): warning CA1416: 鍙湪鎵€鏈夊钩鍙颁笂璁块棶姝よ皟鐢ㄧ珯鐐广€?NumericUpDown.Minimum" 浠呭湪 "windows" 6.1 鍙婃洿楂樼増鏈?涓婂彈鏀寔銆?(https://learn.microsoft.com/dotnet/fundamentals/code-analysis/quality-rules/ca1416) [D:\workspace\ScreenTimeController\ScreenTimeController.csproj]
D:\workspace\ScreenTimeController\SettingsForm.cs(208,17): warning CA1416: 鍙湪鎵€鏈夊钩鍙颁笂璁块棶姝よ皟鐢ㄧ珯鐐广€?Control.Margin" 浠呭湪 "windows" 6.1 鍙婃洿楂樼増鏈?涓婂彈鏀寔銆?(https://learn.microsoft.com/dotnet/fundamentals/code-analysis/quality-rules/ca1416) [D:\workspace\ScreenTimeController\ScreenTimeController.csproj]
D:\workspace\ScreenTimeController\SettingsForm.cs(224,17): warning CA1416: 鍙湪鎵€鏈夊钩鍙颁笂璁块棶姝よ皟鐢ㄧ珯鐐广€?Label.Text" 浠呭湪 "windows" 6.1 鍙婃洿楂樼増鏈?涓婂彈鏀寔銆?(https://learn.microsoft.com/dotnet/fundamentals/code-analysis/quality-rules/ca1416) [D:\workspace\ScreenTimeController\ScreenTimeController.csproj]
D:\workspace\ScreenTimeController\SettingsForm.cs(256,26): warning CA1416: 鍙湪鎵€鏈夊钩鍙颁笂璁块棶姝よ皟鐢ㄧ珯鐐广€?Padding" 浠呭湪 "windows" 6.1 鍙婃洿楂樼増鏈?涓婂彈鏀寔銆?(https://learn.microsoft.com/dotnet/fundamentals/code-analysis/quality-rules/ca1416) [D:\workspace\ScreenTimeController\ScreenTimeController.csproj]
D:\workspace\ScreenTimeController\SettingsForm.cs(274,17): warning CA1416: 鍙湪鎵€鏈夊钩鍙颁笂璁块棶姝よ皟鐢ㄧ珯鐐广€?Label.TextAlign" 浠呭湪 "windows" 6.1 鍙婃洿楂樼増鏈?涓婂彈鏀寔銆?(https://learn.microsoft.com/dotnet/fundamentals/code-analysis/quality-rules/ca1416) [D:\workspace\ScreenTimeController\ScreenTimeController.csproj]
D:\workspace\ScreenTimeController\SettingsForm.cs(431,13): warning CA1416: 鍙湪鎵€鏈夊钩鍙颁笂璁块棶姝よ皟鐢ㄧ珯鐐广€?TableLayoutControlCollection.Add(Control, int, int)" 浠呭湪 "windows" 6.1 鍙婃洿楂樼増鏈?涓婂彈鏀寔銆?(https://learn.microsoft.com/dotnet/fundamentals/code-analysis/quality-rules/ca1416) [D:\workspace\ScreenTimeController\ScreenTimeController.csproj]
D:\workspace\ScreenTimeController\SettingsForm.cs(190,17): warning CA1416: 鍙湪鎵€鏈夊钩鍙颁笂璁块棶姝よ皟鐢ㄧ珯鐐广€?TableLayoutRowStyleCollection.Add(RowStyle)" 浠呭湪 "windows" 6.1 鍙婃洿楂樼増鏈?涓婂彈鏀寔銆?(https://learn.microsoft.com/dotnet/fundamentals/code-analysis/quality-rules/ca1416) [D:\workspace\ScreenTimeController\ScreenTimeController.csproj]
D:\workspace\ScreenTimeController\SettingsForm.cs(583,17): warning CA1416: 鍙湪鎵€鏈夊钩鍙颁笂璁块棶姝よ皟鐢ㄧ珯鐐广€?ButtonBase.BackColor" 浠呭湪 "windows" 6.1 鍙婃洿楂樼増鏈?涓婂彈鏀寔銆?(https://learn.microsoft.com/dotnet/fundamentals/code-analysis/quality-rules/ca1416) [D:\workspace\ScreenTimeController\ScreenTimeController.csproj]
D:\workspace\ScreenTimeController\SettingsForm.cs(361,17): warning CA1416: 鍙湪鎵€鏈夊钩鍙颁笂璁块棶姝よ皟鐢ㄧ珯鐐广€?Control.Margin" 浠呭湪 "windows" 6.1 鍙婃洿楂樼増鏈?涓婂彈鏀寔銆?(https://learn.microsoft.com/dotnet/fundamentals/code-analysis/quality-rules/ca1416) [D:\workspace\ScreenTimeController\ScreenTimeController.csproj]
D:\workspace\ScreenTimeController\SettingsForm.cs(170,13): warning CA1416: 鍙湪鎵€鏈夊钩鍙颁笂璁块棶姝よ皟鐢ㄧ珯鐐广€?Form.BackColor" 浠呭湪 "windows" 6.1 鍙婃洿楂樼増鏈?涓婂彈鏀寔銆?(https://learn.microsoft.com/dotnet/fundamentals/code-analysis/quality-rules/ca1416) [D:\workspace\ScreenTimeController\ScreenTimeController.csproj]
D:\workspace\ScreenTimeController\SettingsForm.cs(201,13): warning CA1416: 鍙湪鎵€鏈夊钩鍙颁笂璁块棶姝よ皟鐢ㄧ珯鐐广€?TableLayoutPanel.Controls" 浠呭湪 "windows" 6.1 鍙婃洿楂樼増鏈?涓婂彈鏀寔銆?(https://learn.microsoft.com/dotnet/fundamentals/code-analysis/quality-rules/ca1416) [D:\workspace\ScreenTimeController\ScreenTimeController.csproj]
D:\workspace\ScreenTimeController\SettingsForm.cs(587,13): warning CA1416: 鍙湪鎵€鏈夊钩鍙颁笂璁块棶姝よ皟鐢ㄧ珯鐐广€?ButtonBase.FlatAppearance" 浠呭湪 "windows" 6.1 鍙婃洿楂樼増鏈?涓婂彈鏀寔銆?(https://learn.microsoft.com/dotnet/fundamentals/code-analysis/quality-rules/ca1416) [D:\workspace\ScreenTimeController\ScreenTimeController.csproj]
D:\workspace\ScreenTimeController\SettingsForm.cs(214,17): warning CA1416: 鍙湪鎵€鏈夊钩鍙颁笂璁块棶姝よ皟鐢ㄧ珯鐐广€?Label.Text" 浠呭湪 "windows" 6.1 鍙婃洿楂樼増鏈?涓婂彈鏀寔銆?(https://learn.microsoft.com/dotnet/fundamentals/code-analysis/quality-rules/ca1416) [D:\workspace\ScreenTimeController\ScreenTimeController.csproj]
D:\workspace\ScreenTimeController\SettingsForm.cs(312,29): warning CA1416: 鍙湪鎵€鏈夊钩鍙颁笂璁块棶姝よ皟鐢ㄧ珯鐐广€?ContentAlignment.MiddleLeft" 浠呭湪 "windows" 6.1 鍙婃洿楂樼増鏈?涓婂彈鏀寔銆?(https://learn.microsoft.com/dotnet/fundamentals/code-analysis/quality-rules/ca1416) [D:\workspace\ScreenTimeController\ScreenTimeController.csproj]
D:\workspace\ScreenTimeController\SettingsForm.cs(429,17): warning CA1416: 鍙湪鎵€鏈夊钩鍙颁笂璁块棶姝よ皟鐢ㄧ珯鐐广€?Control.Margin" 浠呭湪 "windows" 6.1 鍙婃洿楂樼増鏈?涓婂彈鏀寔銆?(https://learn.microsoft.com/dotnet/fundamentals/code-analysis/quality-rules/ca1416) [D:\workspace\ScreenTimeController\ScreenTimeController.csproj]
D:\workspace\ScreenTimeController\SettingsForm.cs(436,24): warning CA1416: 鍙湪鎵€鏈夊钩鍙颁笂璁块棶姝よ皟鐢ㄧ珯鐐广€?Font" 浠呭湪 "windows" 6.1 鍙婃洿楂樼増鏈?涓婂彈鏀寔銆?(https://learn.microsoft.com/dotnet/fundamentals/code-analysis/quality-rules/ca1416) [D:\workspace\ScreenTimeController\ScreenTimeController.csproj]
D:\workspace\ScreenTimeController\SettingsForm.cs(436,17): warning CA1416: 鍙湪鎵€鏈夊钩鍙颁笂璁块棶姝よ皟鐢ㄧ珯鐐广€?Control.Font" 浠呭湪 "windows" 6.1 鍙婃洿楂樼増鏈?涓婂彈鏀寔銆?(https://learn.microsoft.com/dotnet/fundamentals/code-analysis/quality-rules/ca1416) [D:\workspace\ScreenTimeController\ScreenTimeController.csproj]
D:\workspace\ScreenTimeController\SettingsForm.cs(323,17): warning CA1416: 鍙湪鎵€鏈夊钩鍙颁笂璁块棶姝よ皟鐢ㄧ珯鐐广€?Control.Margin" 浠呭湪 "windows" 6.1 鍙婃洿楂樼増鏈?涓婂彈鏀寔銆?(https://learn.microsoft.com/dotnet/fundamentals/code-analysis/quality-rules/ca1416) [D:\workspace\ScreenTimeController\ScreenTimeController.csproj]
D:\workspace\ScreenTimeController\SettingsForm.cs(205,17): warning CA1416: 鍙湪鎵€鏈夊钩鍙颁笂璁块棶姝よ皟鐢ㄧ珯鐐广€?Label.Text" 浠呭湪 "windows" 6.1 鍙婃洿楂樼増鏈?涓婂彈鏀寔銆?(https://learn.microsoft.com/dotnet/fundamentals/code-analysis/quality-rules/ca1416) [D:\workspace\ScreenTimeController\ScreenTimeController.csproj]
D:\workspace\ScreenTimeController\SettingsForm.cs(315,13): warning CA1416: 鍙湪鎵€鏈夊钩鍙颁笂璁块棶姝よ皟鐢ㄧ珯鐐广€?TableLayoutControlCollection.Add(Control, int, int)" 浠呭湪 "windows" 6.1 鍙婃洿楂樼増鏈?涓婂彈鏀寔銆?(https://learn.microsoft.com/dotnet/fundamentals/code-analysis/quality-rules/ca1416) [D:\workspace\ScreenTimeController\ScreenTimeController.csproj]
D:\workspace\ScreenTimeController\SettingsForm.cs(310,17): warning CA1416: 鍙湪鎵€鏈夊钩鍙颁笂璁块棶姝よ皟鐢ㄧ珯鐐广€?Label.Text" 浠呭湪 "windows" 6.1 鍙婃洿楂樼増鏈?涓婂彈鏀寔銆?(https://learn.microsoft.com/dotnet/fundamentals/code-analysis/quality-rules/ca1416) [D:\workspace\ScreenTimeController\ScreenTimeController.csproj]
D:\workspace\ScreenTimeController\SettingsForm.cs(263,24): warning CA1416: 鍙湪鎵€鏈夊钩鍙颁笂璁块棶姝よ皟鐢ㄧ珯鐐广€?Font" 浠呭湪 "windows" 6.1 鍙婃洿楂樼増鏈?涓婂彈鏀寔銆?(https://learn.microsoft.com/dotnet/fundamentals/code-analysis/quality-rules/ca1416) [D:\workspace\ScreenTimeController\ScreenTimeController.csproj]
D:\workspace\ScreenTimeController\SettingsForm.cs(507,13): warning CA1416: 鍙湪鎵€鏈夊钩鍙颁笂璁块棶姝よ皟鐢ㄧ珯鐐广€?TableLayoutPanel.Controls" 浠呭湪 "windows" 6.1 鍙婃洿楂樼増鏈?涓婂彈鏀寔銆?(https://learn.microsoft.com/dotnet/fundamentals/code-analysis/quality-rules/ca1416) [D:\workspace\ScreenTimeController\ScreenTimeController.csproj]
D:\workspace\ScreenTimeController\SettingsForm.cs(459,13): warning CA1416: 鍙湪鎵€鏈夊钩鍙颁笂璁块棶姝よ皟鐢ㄧ珯鐐广€?TableLayoutControlCollection.Add(Control, int, int)" 浠呭湪 "windows" 6.1 鍙婃洿楂樼増鏈?涓婂彈鏀寔銆?(https://learn.microsoft.com/dotnet/fundamentals/code-analysis/quality-rules/ca1416) [D:\workspace\ScreenTimeController\ScreenTimeController.csproj]
D:\workspace\ScreenTimeController\SettingsForm.cs(517,13): warning CA1416: 鍙湪鎵€鏈夊钩鍙颁笂璁块棶姝よ皟鐢ㄧ珯鐐广€?TableLayoutControlCollection.Add(Control, int, int)" 浠呭湪 "windows" 6.1 鍙婃洿楂樼増鏈?涓婂彈鏀寔銆?(https://learn.microsoft.com/dotnet/fundamentals/code-analysis/quality-rules/ca1416) [D:\workspace\ScreenTimeController\ScreenTimeController.csproj]
D:\workspace\ScreenTimeController\SettingsForm.cs(197,17): warning CA1416: 鍙湪鎵€鏈夊钩鍙颁笂璁块棶姝よ皟鐢ㄧ珯鐐广€?Control.Font" 浠呭湪 "windows" 6.1 鍙婃洿楂樼増鏈?涓婂彈鏀寔銆?(https://learn.microsoft.com/dotnet/fundamentals/code-analysis/quality-rules/ca1416) [D:\workspace\ScreenTimeController\ScreenTimeController.csproj]
D:\workspace\ScreenTimeController\SettingsForm.cs(182,13): warning CA1416: 鍙湪鎵€鏈夊钩鍙颁笂璁块棶姝よ皟鐢ㄧ珯鐐广€?TableLayoutColumnStyleCollection.Add(ColumnStyle)" 浠呭湪 "windows" 6.1 鍙婃洿楂樼増鏈?涓婂彈鏀寔銆?(https://learn.microsoft.com/dotnet/fundamentals/code-analysis/quality-rules/ca1416) [D:\workspace\ScreenTimeController\ScreenTimeController.csproj]
D:\workspace\ScreenTimeController\SettingsForm.cs(402,13): warning CA1416: 鍙湪鎵€鏈夊钩鍙颁笂璁块棶姝よ皟鐢ㄧ珯鐐广€?TableLayoutControlCollection.Add(Control, int, int)" 浠呭湪 "windows" 6.1 鍙婃洿楂樼増鏈?涓婂彈鏀寔銆?(https://learn.microsoft.com/dotnet/fundamentals/code-analysis/quality-rules/ca1416) [D:\workspace\ScreenTimeController\ScreenTimeController.csproj]
D:\workspace\ScreenTimeController\SettingsForm.cs(486,26): warning CA1416: 鍙湪鎵€鏈夊钩鍙颁笂璁块棶姝よ皟鐢ㄧ珯鐐广€?Padding" 浠呭湪 "windows" 6.1 鍙婃洿楂樼増鏈?涓婂彈鏀寔銆?(https://learn.microsoft.com/dotnet/fundamentals/code-analysis/quality-rules/ca1416) [D:\workspace\ScreenTimeController\ScreenTimeController.csproj]
D:\workspace\ScreenTimeController\SettingsForm.cs(496,17): warning CA1416: 鍙湪鎵€鏈夊钩鍙颁笂璁块棶姝よ皟鐢ㄧ珯鐐广€?Control.Margin" 浠呭湪 "windows" 6.1 鍙婃洿楂樼増鏈?涓婂彈鏀寔銆?(https://learn.microsoft.com/dotnet/fundamentals/code-analysis/quality-rules/ca1416) [D:\workspace\ScreenTimeController\ScreenTimeController.csproj]
D:\workspace\ScreenTimeController\SettingsForm.cs(483,17): warning CA1416: 鍙湪鎵€鏈夊钩鍙颁笂璁块棶姝よ皟鐢ㄧ珯鐐广€?Label.Text" 浠呭湪 "windows" 6.1 鍙婃洿楂樼増鏈?涓婂彈鏀寔銆?(https://learn.microsoft.com/dotnet/fundamentals/code-analysis/quality-rules/ca1416) [D:\workspace\ScreenTimeController\ScreenTimeController.csproj]
D:\workspace\ScreenTimeController\SettingsForm.cs(315,13): warning CA1416: 鍙湪鎵€鏈夊钩鍙颁笂璁块棶姝よ皟鐢ㄧ珯鐐广€?TableLayoutPanel.Controls" 浠呭湪 "windows" 6.1 鍙婃洿楂樼増鏈?涓婂彈鏀寔銆?(https://learn.microsoft.com/dotnet/fundamentals/code-analysis/quality-rules/ca1416) [D:\workspace\ScreenTimeController\ScreenTimeController.csproj]
D:\workspace\ScreenTimeController\SettingsForm.cs(611,24): warning CA1416: 鍙湪鎵€鏈夊钩鍙颁笂璁块棶姝よ皟鐢ㄧ珯鐐广€?Font" 浠呭湪 "windows" 6.1 鍙婃洿楂樼増鏈?涓婂彈鏀寔銆?(https://learn.microsoft.com/dotnet/fundamentals/code-analysis/quality-rules/ca1416) [D:\workspace\ScreenTimeController\ScreenTimeController.csproj]
D:\workspace\ScreenTimeController\SettingsForm.cs(404,38): warning CA1416: 鍙湪鎵€鏈夊钩鍙颁笂璁块棶姝よ皟鐢ㄧ珯鐐广€?Label" 浠呭湪 "windows" 6.1 鍙婃洿楂樼増鏈?涓婂彈鏀寔銆?(https://learn.microsoft.com/dotnet/fundamentals/code-analysis/quality-rules/ca1416) [D:\workspace\ScreenTimeController\ScreenTimeController.csproj]
D:\workspace\ScreenTimeController\SettingsForm.cs(293,29): warning CA1416: 鍙湪鎵€鏈夊钩鍙颁笂璁块棶姝よ皟鐢ㄧ珯鐐广€?ContentAlignment.MiddleLeft" 浠呭湪 "windows" 6.1 鍙婃洿楂樼増鏈?涓婂彈鏀寔銆?(https://learn.microsoft.com/dotnet/fundamentals/code-analysis/quality-rules/ca1416) [D:\workspace\ScreenTimeController\ScreenTimeController.csproj]
D:\workspace\ScreenTimeController\SettingsForm.cs(592,25): warning CA1416: 鍙湪鎵€鏈夊钩鍙颁笂璁块棶姝よ皟鐢ㄧ珯鐐广€?Button" 浠呭湪 "windows" 6.1 鍙婃洿楂樼増鏈?涓婂彈鏀寔銆?(https://learn.microsoft.com/dotnet/fundamentals/code-analysis/quality-rules/ca1416) [D:\workspace\ScreenTimeController\ScreenTimeController.csproj]
D:\workspace\ScreenTimeController\SettingsForm.cs(296,13): warning CA1416: 鍙湪鎵€鏈夊钩鍙颁笂璁块棶姝よ皟鐢ㄧ珯鐐广€?TableLayoutPanel.Controls" 浠呭湪 "windows" 6.1 鍙婃洿楂樼増鏈?涓婂彈鏀寔銆?(https://learn.microsoft.com/dotnet/fundamentals/code-analysis/quality-rules/ca1416) [D:\workspace\ScreenTimeController\ScreenTimeController.csproj]
D:\workspace\ScreenTimeController\SettingsForm.cs(416,17): warning CA1416: 鍙湪鎵€鏈夊钩鍙颁笂璁块棶姝よ皟鐢ㄧ珯鐐广€?Label.Text" 浠呭湪 "windows" 6.1 鍙婃洿楂樼増鏈?涓婂彈鏀寔銆?(https://learn.microsoft.com/dotnet/fundamentals/code-analysis/quality-rules/ca1416) [D:\workspace\ScreenTimeController\ScreenTimeController.csproj]
D:\workspace\ScreenTimeController\SettingsForm.cs(306,13): warning CA1416: 鍙湪鎵€鏈夊钩鍙颁笂璁块棶姝よ皟鐢ㄧ珯鐐广€?TableLayoutPanel.Controls" 浠呭湪 "windows" 6.1 鍙婃洿楂樼増鏈?涓婂彈鏀寔銆?(https://learn.microsoft.com/dotnet/fundamentals/code-analysis/quality-rules/ca1416) [D:\workspace\ScreenTimeController\ScreenTimeController.csproj]
D:\workspace\ScreenTimeController\SettingsForm.cs(303,17): warning CA1416: 鍙湪鎵€鏈夊钩鍙颁笂璁块棶姝よ皟鐢ㄧ珯鐐广€?Control.Font" 浠呭湪 "windows" 6.1 鍙婃洿楂樼増鏈?涓婂彈鏀寔銆?(https://learn.microsoft.com/dotnet/fundamentals/code-analysis/quality-rules/ca1416) [D:\workspace\ScreenTimeController\ScreenTimeController.csproj]
D:\workspace\ScreenTimeController\SettingsForm.cs(562,17): warning CA1416: 鍙湪鎵€鏈夊钩鍙颁笂璁块棶姝よ皟鐢ㄧ珯鐐广€?Control.Enabled" 浠呭湪 "windows" 6.1 鍙婃洿楂樼増鏈?涓婂彈鏀寔銆?(https://learn.microsoft.com/dotnet/fundamentals/code-analysis/quality-rules/ca1416) [D:\workspace\ScreenTimeController\ScreenTimeController.csproj]
D:\workspace\ScreenTimeController\SettingsForm.cs(369,24): warning CA1416: 鍙湪鎵€鏈夊钩鍙颁笂璁块棶姝よ皟鐢ㄧ珯鐐广€?Font" 浠呭湪 "windows" 6.1 鍙婃洿楂樼増鏈?涓婂彈鏀寔銆?(https://learn.microsoft.com/dotnet/fundamentals/code-analysis/quality-rules/ca1416) [D:\workspace\ScreenTimeController\ScreenTimeController.csproj]
D:\workspace\ScreenTimeController\SettingsForm.cs(429,26): warning CA1416: 鍙湪鎵€鏈夊钩鍙颁笂璁块棶姝よ皟鐢ㄧ珯鐐广€?Padding" 浠呭湪 "windows" 6.1 鍙婃洿楂樼増鏈?涓婂彈鏀寔銆?(https://learn.microsoft.com/dotnet/fundamentals/code-analysis/quality-rules/ca1416) [D:\workspace\ScreenTimeController\ScreenTimeController.csproj]
D:\workspace\ScreenTimeController\SettingsForm.cs(184,13): warning CA1416: 鍙湪鎵€鏈夊钩鍙颁笂璁块棶姝よ皟鐢ㄧ珯鐐广€?TableLayoutColumnStyleCollection.Add(ColumnStyle)" 浠呭湪 "windows" 6.1 鍙婃洿楂樼増鏈?涓婂彈鏀寔銆?(https://learn.microsoft.com/dotnet/fundamentals/code-analysis/quality-rules/ca1416) [D:\workspace\ScreenTimeController\ScreenTimeController.csproj]
D:\workspace\ScreenTimeController\SettingsForm.cs(354,13): warning CA1416: 鍙湪鎵€鏈夊钩鍙颁笂璁块棶姝よ皟鐢ㄧ珯鐐广€?TableLayoutPanel.Controls" 浠呭湪 "windows" 6.1 鍙婃洿楂樼増鏈?涓婂彈鏀寔銆?(https://learn.microsoft.com/dotnet/fundamentals/code-analysis/quality-rules/ca1416) [D:\workspace\ScreenTimeController\ScreenTimeController.csproj]
D:\workspace\ScreenTimeController\SettingsForm.cs(536,13): warning CA1416: 鍙湪鎵€鏈夊钩鍙颁笂璁块棶姝よ皟鐢ㄧ珯鐐广€?TableLayoutPanel.Controls" 浠呭湪 "windows" 6.1 鍙婃洿楂樼増鏈?涓婂彈鏀寔銆?(https://learn.microsoft.com/dotnet/fundamentals/code-analysis/quality-rules/ca1416) [D:\workspace\ScreenTimeController\ScreenTimeController.csproj]
D:\workspace\ScreenTimeController\SettingsForm.cs(596,17): warning CA1416: 鍙湪鎵€鏈夊钩鍙颁笂璁块棶姝よ皟鐢ㄧ珯鐐广€?Control.Font" 浠呭湪 "windows" 6.1 鍙婃洿楂樼増鏈?涓婂彈鏀寔銆?(https://learn.microsoft.com/dotnet/fundamentals/code-analysis/quality-rules/ca1416) [D:\workspace\ScreenTimeController\ScreenTimeController.csproj]
D:\workspace\ScreenTimeController\SettingsForm.cs(399,24): warning CA1416: 鍙湪鎵€鏈夊钩鍙颁笂璁块棶姝よ皟鐢ㄧ珯鐐广€?Font" 浠呭湪 "windows" 6.1 鍙婃洿楂樼増鏈?涓婂彈鏀寔銆?(https://learn.microsoft.com/dotnet/fundamentals/code-analysis/quality-rules/ca1416) [D:\workspace\ScreenTimeController\ScreenTimeController.csproj]
D:\workspace\ScreenTimeController\SettingsForm.cs(455,24): warning CA1416: 鍙湪鎵€鏈夊钩鍙颁笂璁块棶姝よ皟鐢ㄧ珯鐐广€?Font" 浠呭湪 "windows" 6.1 鍙婃洿楂樼増鏈?涓婂彈鏀寔銆?(https://learn.microsoft.com/dotnet/fundamentals/code-analysis/quality-rules/ca1416) [D:\workspace\ScreenTimeController\ScreenTimeController.csproj]
D:\workspace\ScreenTimeController\SettingsForm.cs(340,17): warning CA1416: 鍙湪鎵€鏈夊钩鍙颁笂璁块棶姝よ皟鐢ㄧ珯鐐广€?Control.Font" 浠呭湪 "windows" 6.1 鍙婃洿楂樼増鏈?涓婂彈鏀寔銆?(https://learn.microsoft.com/dotnet/fundamentals/code-analysis/quality-rules/ca1416) [D:\workspace\ScreenTimeController\ScreenTimeController.csproj]
D:\workspace\ScreenTimeController\SettingsForm.cs(206,24): warning CA1416: 鍙湪鎵€鏈夊钩鍙颁笂璁块棶姝よ皟鐢ㄧ珯鐐广€?Font" 浠呭湪 "windows" 6.1 鍙婃洿楂樼増鏈?涓婂彈鏀寔銆?(https://learn.microsoft.com/dotnet/fundamentals/code-analysis/quality-rules/ca1416) [D:\workspace\ScreenTimeController\ScreenTimeController.csproj]
D:\workspace\ScreenTimeController\SettingsForm.cs(594,17): warning CA1416: 鍙湪鎵€鏈夊钩鍙颁笂璁块棶姝よ皟鐢ㄧ珯鐐广€?Control.Enabled" 浠呭湪 "windows" 6.1 鍙婃洿楂樼増鏈?涓婂彈鏀寔銆?(https://learn.microsoft.com/dotnet/fundamentals/code-analysis/quality-rules/ca1416) [D:\workspace\ScreenTimeController\ScreenTimeController.csproj]
D:\workspace\ScreenTimeController\SettingsForm.cs(235,17): warning CA1416: 鍙湪鎵€鏈夊钩鍙颁笂璁块棶姝よ皟鐢ㄧ珯鐐广€?NumericUpDown.Minimum" 浠呭湪 "windows" 6.1 鍙婃洿楂樼増鏈?涓婂彈鏀寔銆?(https://learn.microsoft.com/dotnet/fundamentals/code-analysis/quality-rules/ca1416) [D:\workspace\ScreenTimeController\ScreenTimeController.csproj]
D:\workspace\ScreenTimeController\SettingsForm.cs(543,24): warning CA1416: 鍙湪鎵€鏈夊钩鍙颁笂璁块棶姝よ皟鐢ㄧ珯鐐广€?Font" 浠呭湪 "windows" 6.1 鍙婃洿楂樼増鏈?涓婂彈鏀寔銆?(https://learn.microsoft.com/dotnet/fundamentals/code-analysis/quality-rules/ca1416) [D:\workspace\ScreenTimeController\ScreenTimeController.csproj]
D:\workspace\ScreenTimeController\SettingsForm.cs(231,41): warning CA1416: 鍙湪鎵€鏈夊钩鍙颁笂璁块棶姝よ皟鐢ㄧ珯鐐广€?NumericUpDown" 浠呭湪 "windows" 6.1 鍙婃洿楂樼増鏈?涓婂彈鏀寔銆?(https://learn.microsoft.com/dotnet/fundamentals/code-analysis/quality-rules/ca1416) [D:\workspace\ScreenTimeController\ScreenTimeController.csproj]
D:\workspace\ScreenTimeController\SettingsForm.cs(580,17): warning CA1416: 鍙湪鎵€鏈夊钩鍙颁笂璁块棶姝よ皟鐢ㄧ珯鐐广€?Control.Font" 浠呭湪 "windows" 6.1 鍙婃洿楂樼増鏈?涓婂彈鏀寔銆?(https://learn.microsoft.com/dotnet/fundamentals/code-analysis/quality-rules/ca1416) [D:\workspace\ScreenTimeController\ScreenTimeController.csproj]
D:\workspace\ScreenTimeController\SettingsForm.cs(219,13): warning CA1416: 鍙湪鎵€鏈夊钩鍙颁笂璁块棶姝よ皟鐢ㄧ珯鐐广€?TableLayoutControlCollection.Add(Control, int, int)" 浠呭湪 "windows" 6.1 鍙婃洿楂樼増鏈?涓婂彈鏀寔銆?(https://learn.microsoft.com/dotnet/fundamentals/code-analysis/quality-rules/ca1416) [D:\workspace\ScreenTimeController\ScreenTimeController.csproj]
D:\workspace\ScreenTimeController\SettingsForm.cs(183,63): warning CA1416: 鍙湪鎵€鏈夊钩鍙颁笂璁块棶姝よ皟鐢ㄧ珯鐐广€?SizeType.Absolute" 浠呭湪 "windows" 6.1 鍙婃洿楂樼増鏈?涓婂彈鏀寔銆?(https://learn.microsoft.com/dotnet/fundamentals/code-analysis/quality-rules/ca1416) [D:\workspace\ScreenTimeController\ScreenTimeController.csproj]
D:\workspace\ScreenTimeController\SettingsForm.cs(270,28): warning CA1416: 鍙湪鎵€鏈夊钩鍙颁笂璁块棶姝よ皟鐢ㄧ珯鐐广€?Label" 浠呭湪 "windows" 6.1 鍙婃洿楂樼増鏈?涓婂彈鏀寔銆?(https://learn.microsoft.com/dotnet/fundamentals/code-analysis/quality-rules/ca1416) [D:\workspace\ScreenTimeController\ScreenTimeController.csproj]
D:\workspace\ScreenTimeController\SettingsForm.cs(473,17): warning CA1416: 鍙湪鎵€鏈夊钩鍙颁笂璁块棶姝よ皟鐢ㄧ珯鐐广€?Control.Enabled" 浠呭湪 "windows" 6.1 鍙婃洿楂樼増鏈?涓婂彈鏀寔銆?(https://learn.microsoft.com/dotnet/fundamentals/code-analysis/quality-rules/ca1416) [D:\workspace\ScreenTimeController\ScreenTimeController.csproj]
D:\workspace\ScreenTimeController\SettingsForm.cs(548,37): warning CA1416: 鍙湪鎵€鏈夊钩鍙颁笂璁块棶姝よ皟鐢ㄧ珯鐐广€?Label" 浠呭湪 "windows" 6.1 鍙婃洿楂樼増鏈?涓婂彈鏀寔銆?(https://learn.microsoft.com/dotnet/fundamentals/code-analysis/quality-rules/ca1416) [D:\workspace\ScreenTimeController\ScreenTimeController.csproj]
D:\workspace\ScreenTimeController\SettingsForm.cs(184,47): warning CA1416: 鍙湪鎵€鏈夊钩鍙颁笂璁块棶姝よ皟鐢ㄧ珯鐐广€?ColumnStyle" 浠呭湪 "windows" 6.1 鍙婃洿楂樼増鏈?涓婂彈鏀寔銆?(https://learn.microsoft.com/dotnet/fundamentals/code-analysis/quality-rules/ca1416) [D:\workspace\ScreenTimeController\ScreenTimeController.csproj]
D:\workspace\ScreenTimeController\SettingsForm.cs(332,24): warning CA1416: 鍙湪鎵€鏈夊钩鍙颁笂璁块棶姝よ皟鐢ㄧ珯鐐广€?Font" 浠呭湪 "windows" 6.1 鍙婃洿楂樼増鏈?涓婂彈鏀寔銆?(https://learn.microsoft.com/dotnet/fundamentals/code-analysis/quality-rules/ca1416) [D:\workspace\ScreenTimeController\ScreenTimeController.csproj]
D:\workspace\ScreenTimeController\SettingsForm.cs(503,24): warning CA1416: 鍙湪鎵€鏈夊钩鍙颁笂璁块棶姝よ皟鐢ㄧ珯鐐广€?Font" 浠呭湪 "windows" 6.1 鍙婃洿楂樼増鏈?涓婂彈鏀寔銆?(https://learn.microsoft.com/dotnet/fundamentals/code-analysis/quality-rules/ca1416) [D:\workspace\ScreenTimeController\ScreenTimeController.csproj]
D:\workspace\ScreenTimeController\SettingsForm.cs(504,29): warning CA1416: 鍙湪鎵€鏈夊钩鍙颁笂璁块棶姝よ皟鐢ㄧ珯鐐广€?ContentAlignment.MiddleLeft" 浠呭湪 "windows" 6.1 鍙婃洿楂樼増鏈?涓婂彈鏀寔銆?(https://learn.microsoft.com/dotnet/fundamentals/code-analysis/quality-rules/ca1416) [D:\workspace\ScreenTimeController\ScreenTimeController.csproj]
D:\workspace\ScreenTimeController\SettingsForm.cs(284,17): warning CA1416: 鍙湪鎵€鏈夊钩鍙颁笂璁块棶姝よ皟鐢ㄧ珯鐐广€?Control.Font" 浠呭湪 "windows" 6.1 鍙婃洿楂樼増鏈?涓婂彈鏀寔銆?(https://learn.microsoft.com/dotnet/fundamentals/code-analysis/quality-rules/ca1416) [D:\workspace\ScreenTimeController\ScreenTimeController.csproj]
D:\workspace\ScreenTimeController\SettingsForm.cs(183,47): warning CA1416: 鍙湪鎵€鏈夊钩鍙颁笂璁块棶姝よ皟鐢ㄧ珯鐐广€?ColumnStyle" 浠呭湪 "windows" 6.1 鍙婃洿楂樼増鏈?涓婂彈鏀寔銆?(https://learn.microsoft.com/dotnet/fundamentals/code-analysis/quality-rules/ca1416) [D:\workspace\ScreenTimeController\ScreenTimeController.csproj]
D:\workspace\ScreenTimeController\SettingsForm.cs(433,35): warning CA1416: 鍙湪鎵€鏈夊钩鍙颁笂璁块棶姝よ皟鐢ㄧ珯鐐广€?Label" 浠呭湪 "windows" 6.1 鍙婃洿楂樼増鏈?涓婂彈鏀寔銆?(https://learn.microsoft.com/dotnet/fundamentals/code-analysis/quality-rules/ca1416) [D:\workspace\ScreenTimeController\ScreenTimeController.csproj]
D:\workspace\ScreenTimeController\SettingsForm.cs(513,17): warning CA1416: 鍙湪鎵€鏈夊钩鍙颁笂璁块棶姝よ皟鐢ㄧ珯鐐广€?Control.Font" 浠呭湪 "windows" 6.1 鍙婃洿楂樼増鏈?涓婂彈鏀寔銆?(https://learn.microsoft.com/dotnet/fundamentals/code-analysis/quality-rules/ca1416) [D:\workspace\ScreenTimeController\ScreenTimeController.csproj]
D:\workspace\ScreenTimeController\SettingsForm.cs(576,37): warning CA1416: 鍙湪鎵€鏈夊钩鍙颁笂璁块棶姝よ皟鐢ㄧ珯鐐广€?Button" 浠呭湪 "windows" 6.1 鍙婃洿楂樼増鏈?涓婂彈鏀寔銆?(https://learn.microsoft.com/dotnet/fundamentals/code-analysis/quality-rules/ca1416) [D:\workspace\ScreenTimeController\ScreenTimeController.csproj]
D:\workspace\ScreenTimeController\SettingsForm.cs(349,17): warning CA1416: 鍙湪鎵€鏈夊钩鍙颁笂璁块棶姝よ皟鐢ㄧ珯鐐广€?NumericUpDown.Maximum" 浠呭湪 "windows" 6.1 鍙婃洿楂樼増鏈?涓婂彈鏀寔銆?(https://learn.microsoft.com/dotnet/fundamentals/code-analysis/quality-rules/ca1416) [D:\workspace\ScreenTimeController\ScreenTimeController.csproj]
D:\workspace\ScreenTimeController\SettingsForm.cs(450,13): warning CA1416: 鍙湪鎵€鏈夊钩鍙颁笂璁块棶姝よ皟鐢ㄧ珯鐐广€?TableLayoutControlCollection.Add(Control, int, int)" 浠呭湪 "windows" 6.1 鍙婃洿楂樼増鏈?涓婂彈鏀寔銆?(https://learn.microsoft.com/dotnet/fundamentals/code-analysis/quality-rules/ca1416) [D:\workspace\ScreenTimeController\ScreenTimeController.csproj]
D:\workspace\ScreenTimeController\SettingsForm.cs(585,17): warning CA1416: 鍙湪鎵€鏈夊钩鍙颁笂璁块棶姝よ皟鐢ㄧ珯鐐广€?ButtonBase.FlatStyle" 浠呭湪 "windows" 6.1 鍙婃洿楂樼増鏈?涓婂彈鏀寔銆?(https://learn.microsoft.com/dotnet/fundamentals/code-analysis/quality-rules/ca1416) [D:\workspace\ScreenTimeController\ScreenTimeController.csproj]
D:\workspace\ScreenTimeController\SettingsForm.cs(496,26): warning CA1416: 鍙湪鎵€鏈夊钩鍙颁笂璁块棶姝よ皟鐢ㄧ珯鐐广€?Padding" 浠呭湪 "windows" 6.1 鍙婃洿楂樼増鏈?涓婂彈鏀寔銆?(https://learn.microsoft.com/dotnet/fundamentals/code-analysis/quality-rules/ca1416) [D:\workspace\ScreenTimeController\ScreenTimeController.csproj]
D:\workspace\ScreenTimeController\SettingsForm.cs(217,26): warning CA1416: 鍙湪鎵€鏈夊钩鍙颁笂璁块棶姝よ皟鐢ㄧ珯鐐广€?Padding" 浠呭湪 "windows" 6.1 鍙婃洿楂樼増鏈?涓婂彈鏀寔銆?(https://learn.microsoft.com/dotnet/fundamentals/code-analysis/quality-rules/ca1416) [D:\workspace\ScreenTimeController\ScreenTimeController.csproj]
D:\workspace\ScreenTimeController\SettingsForm.cs(215,24): warning CA1416: 鍙湪鎵€鏈夊钩鍙颁笂璁块棶姝よ皟鐢ㄧ珯鐐广€?Font" 浠呭湪 "windows" 6.1 鍙婃洿楂樼増鏈?涓婂彈鏀寔銆?(https://learn.microsoft.com/dotnet/fundamentals/code-analysis/quality-rules/ca1416) [D:\workspace\ScreenTimeController\ScreenTimeController.csproj]
D:\workspace\ScreenTimeController\SettingsForm.cs(417,24): warning CA1416: 鍙湪鎵€鏈夊钩鍙颁笂璁块棶姝よ皟鐢ㄧ珯鐐广€?Font" 浠呭湪 "windows" 6.1 鍙婃洿楂樼増鏈?涓婂彈鏀寔銆?(https://learn.microsoft.com/dotnet/fundamentals/code-analysis/quality-rules/ca1416) [D:\workspace\ScreenTimeController\ScreenTimeController.csproj]
D:\workspace\ScreenTimeController\SettingsForm.cs(555,13): warning CA1416: 鍙湪鎵€鏈夊钩鍙颁笂璁块棶姝よ皟鐢ㄧ珯鐐广€?TableLayoutPanel.Controls" 浠呭湪 "windows" 6.1 鍙婃洿楂樼増鏈?涓婂彈鏀寔銆?(https://learn.microsoft.com/dotnet/fundamentals/code-analysis/quality-rules/ca1416) [D:\workspace\ScreenTimeController\ScreenTimeController.csproj]
D:\workspace\ScreenTimeController\SettingsForm.cs(388,24): warning CA1416: 鍙湪鎵€鏈夊钩鍙颁笂璁块棶姝よ皟鐢ㄧ珯鐐广€?Font" 浠呭湪 "windows" 6.1 鍙婃洿楂樼増鏈?涓婂彈鏀寔銆?(https://learn.microsoft.com/dotnet/fundamentals/code-analysis/quality-rules/ca1416) [D:\workspace\ScreenTimeController\ScreenTimeController.csproj]
D:\workspace\ScreenTimeController\SettingsForm.cs(197,24): warning CA1416: 鍙湪鎵€鏈夊钩鍙颁笂璁块棶姝よ皟鐢ㄧ珯鐐广€?Font" 浠呭湪 "windows" 6.1 鍙婃洿楂樼増鏈?涓婂彈鏀寔銆?(https://learn.microsoft.com/dotnet/fundamentals/code-analysis/quality-rules/ca1416) [D:\workspace\ScreenTimeController\ScreenTimeController.csproj]
D:\workspace\ScreenTimeController\SettingsForm.cs(608,29): warning CA1416: 鍙湪鎵€鏈夊钩鍙颁笂璁块棶姝よ皟鐢ㄧ珯鐐广€?Button" 浠呭湪 "windows" 6.1 鍙婃洿楂樼増鏈?涓婂彈鏀寔銆?(https://learn.microsoft.com/dotnet/fundamentals/code-analysis/quality-rules/ca1416) [D:\workspace\ScreenTimeController\ScreenTimeController.csproj]
D:\workspace\ScreenTimeController\SettingsForm.cs(448,17): warning CA1416: 鍙湪鎵€鏈夊钩鍙颁笂璁块棶姝よ皟鐢ㄧ珯鐐广€?Control.Margin" 浠呭湪 "windows" 6.1 鍙婃洿楂樼増鏈?涓婂彈鏀寔銆?(https://learn.microsoft.com/dotnet/fundamentals/code-analysis/quality-rules/ca1416) [D:\workspace\ScreenTimeController\ScreenTimeController.csproj]
D:\workspace\ScreenTimeController\SettingsForm.cs(551,17): warning CA1416: 鍙湪鎵€鏈夊钩鍙颁笂璁块棶姝よ皟鐢ㄧ珯鐐广€?Control.Font" 浠呭湪 "windows" 6.1 鍙婃洿楂樼増鏈?涓婂彈鏀寔銆?(https://learn.microsoft.com/dotnet/fundamentals/code-analysis/quality-rules/ca1416) [D:\workspace\ScreenTimeController\ScreenTimeController.csproj]
D:\workspace\ScreenTimeController\SettingsForm.cs(474,17): warning CA1416: 鍙湪鎵€鏈夊钩鍙颁笂璁块棶姝よ皟鐢ㄧ珯鐐广€?NumericUpDown.Maximum" 浠呭湪 "windows" 6.1 鍙婃洿楂樼増鏈?涓婂彈鏀寔銆?(https://learn.microsoft.com/dotnet/fundamentals/code-analysis/quality-rules/ca1416) [D:\workspace\ScreenTimeController\ScreenTimeController.csproj]
D:\workspace\ScreenTimeController\SettingsForm.cs(246,26): warning CA1416: 鍙湪鎵€鏈夊钩鍙颁笂璁块棶姝よ皟鐢ㄧ珯鐐广€?Padding" 浠呭湪 "windows" 6.1 鍙婃洿楂樼増鏈?涓婂彈鏀寔銆?(https://learn.microsoft.com/dotnet/fundamentals/code-analysis/quality-rules/ca1416) [D:\workspace\ScreenTimeController\ScreenTimeController.csproj]
D:\workspace\ScreenTimeController\SettingsForm.cs(248,13): warning CA1416: 鍙湪鎵€鏈夊钩鍙颁笂璁块棶姝よ皟鐢ㄧ珯鐐广€?TableLayoutPanel.Controls" 浠呭湪 "windows" 6.1 鍙婃洿楂樼増鏈?涓婂彈鏀寔銆?(https://learn.microsoft.com/dotnet/fundamentals/code-analysis/quality-rules/ca1416) [D:\workspace\ScreenTimeController\ScreenTimeController.csproj]
D:\workspace\ScreenTimeController\SettingsForm.cs(584,17): warning CA1416: 鍙湪鎵€鏈夊钩鍙颁笂璁块棶姝よ皟鐢ㄧ珯鐐广€?Control.ForeColor" 浠呭湪 "windows" 6.1 鍙婃洿楂樼増鏈?涓婂彈鏀寔銆?(https://learn.microsoft.com/dotnet/fundamentals/code-analysis/quality-rules/ca1416) [D:\workspace\ScreenTimeController\ScreenTimeController.csproj]
D:\workspace\ScreenTimeController\SettingsForm.cs(387,17): warning CA1416: 鍙湪鎵€鏈夊钩鍙颁笂璁块棶姝よ皟鐢ㄧ珯鐐广€?Label.Text" 浠呭湪 "windows" 6.1 鍙婃洿楂樼増鏈?涓婂彈鏀寔銆?(https://learn.microsoft.com/dotnet/fundamentals/code-analysis/quality-rules/ca1416) [D:\workspace\ScreenTimeController\ScreenTimeController.csproj]
D:\workspace\ScreenTimeController\SettingsForm.cs(514,29): warning CA1416: 鍙湪鎵€鏈夊钩鍙颁笂璁块棶姝よ皟鐢ㄧ珯鐐广€?ContentAlignment.MiddleLeft" 浠呭湪 "windows" 6.1 鍙婃洿楂樼増鏈?涓婂彈鏀寔銆?(https://learn.microsoft.com/dotnet/fundamentals/code-analysis/quality-rules/ca1416) [D:\workspace\ScreenTimeController\ScreenTimeController.csproj]
D:\workspace\ScreenTimeController\SettingsForm.cs(550,17): warning CA1416: 鍙湪鎵€鏈夊钩鍙颁笂璁块棶姝よ皟鐢ㄧ珯鐐广€?Label.Text" 浠呭湪 "windows" 6.1 鍙婃洿楂樼増鏈?涓婂彈鏀寔銆?(https://learn.microsoft.com/dotnet/fundamentals/code-analysis/quality-rules/ca1416) [D:\workspace\ScreenTimeController\ScreenTimeController.csproj]
D:\workspace\ScreenTimeController\SettingsForm.cs(581,17): warning CA1416: 鍙湪鎵€鏈夊钩鍙颁笂璁块棶姝よ皟鐢ㄧ珯鐐广€?Control.Location" 浠呭湪 "windows" 6.1 鍙婃洿楂樼増鏈?涓婂彈鏀寔銆?(https://learn.microsoft.com/dotnet/fundamentals/code-analysis/quality-rules/ca1416) [D:\workspace\ScreenTimeController\ScreenTimeController.csproj]
D:\workspace\ScreenTimeController\SettingsForm.cs(198,29): warning CA1416: 鍙湪鎵€鏈夊钩鍙颁笂璁块棶姝よ皟鐢ㄧ珯鐐广€?ContentAlignment.MiddleLeft" 浠呭湪 "windows" 6.1 鍙婃洿楂樼増鏈?涓婂彈鏀寔銆?(https://learn.microsoft.com/dotnet/fundamentals/code-analysis/quality-rules/ca1416) [D:\workspace\ScreenTimeController\ScreenTimeController.csproj]
D:\workspace\ScreenTimeController\SettingsForm.cs(165,13): warning CA1416: 鍙湪鎵€鏈夊钩鍙颁笂璁块棶姝よ皟鐢ㄧ珯鐐广€?Form.Text" 浠呭湪 "windows" 6.1 鍙婃洿楂樼増鏈?涓婂彈鏀寔銆?(https://learn.microsoft.com/dotnet/fundamentals/code-analysis/quality-rules/ca1416) [D:\workspace\ScreenTimeController\ScreenTimeController.csproj]
D:\workspace\ScreenTimeController\SettingsForm.cs(582,17): warning CA1416: 鍙湪鎵€鏈夊钩鍙颁笂璁块棶姝よ皟鐢ㄧ珯鐐广€?Control.Size" 浠呭湪 "windows" 6.1 鍙婃洿楂樼増鏈?涓婂彈鏀寔銆?(https://learn.microsoft.com/dotnet/fundamentals/code-analysis/quality-rules/ca1416) [D:\workspace\ScreenTimeController\ScreenTimeController.csproj]
D:\workspace\ScreenTimeController\SettingsForm.cs(340,24): warning CA1416: 鍙湪鎵€鏈夊钩鍙颁笂璁块棶姝よ皟鐢ㄧ珯鐐广€?Font" 浠呭湪 "windows" 6.1 鍙婃洿楂樼増鏈?涓婂彈鏀寔銆?(https://learn.microsoft.com/dotnet/fundamentals/code-analysis/quality-rules/ca1416) [D:\workspace\ScreenTimeController\ScreenTimeController.csproj]
D:\workspace\ScreenTimeController\SettingsForm.cs(313,26): warning CA1416: 鍙湪鎵€鏈夊钩鍙颁笂璁块棶姝よ皟鐢ㄧ珯鐐广€?Padding" 浠呭湪 "windows" 6.1 鍙婃洿楂樼増鏈?涓婂彈鏀寔銆?(https://learn.microsoft.com/dotnet/fundamentals/code-analysis/quality-rules/ca1416) [D:\workspace\ScreenTimeController\ScreenTimeController.csproj]
D:\workspace\ScreenTimeController\SettingsForm.cs(541,17): warning CA1416: 鍙湪鎵€鏈夊钩鍙颁笂璁块棶姝よ皟鐢ㄧ珯鐐广€?NumericUpDown.Maximum" 浠呭湪 "windows" 6.1 鍙婃洿楂樼増鏈?涓婂彈鏀寔銆?(https://learn.microsoft.com/dotnet/fundamentals/code-analysis/quality-rules/ca1416) [D:\workspace\ScreenTimeController\ScreenTimeController.csproj]
D:\workspace\ScreenTimeController\SettingsForm.cs(589,13): warning CA1416: 鍙湪鎵€鏈夊钩鍙颁笂璁块棶姝よ皟鐢ㄧ珯鐐广€?Control.ControlCollection.Add(Control?)" 浠呭湪 "windows" 6.1 鍙婃洿楂樼増鏈?涓婂彈鏀寔銆?(https://learn.microsoft.com/dotnet/fundamentals/code-analysis/quality-rules/ca1416) [D:\workspace\ScreenTimeController\ScreenTimeController.csproj]
D:\workspace\ScreenTimeController\SettingsForm.cs(344,13): warning CA1416: 鍙湪鎵€鏈夊钩鍙颁笂璁块棶姝よ皟鐢ㄧ珯鐐广€?TableLayoutControlCollection.Add(Control, int, int)" 浠呭湪 "windows" 6.1 鍙婃洿楂樼増鏈?涓婂彈鏀寔銆?(https://learn.microsoft.com/dotnet/fundamentals/code-analysis/quality-rules/ca1416) [D:\workspace\ScreenTimeController\ScreenTimeController.csproj]
D:\workspace\ScreenTimeController\SettingsForm.cs(523,17): warning CA1416: 鍙湪鎵€鏈夊钩鍙颁笂璁块棶姝よ皟鐢ㄧ珯鐐广€?NumericUpDown.Minimum" 浠呭湪 "windows" 6.1 鍙婃洿楂樼増鏈?涓婂彈鏀寔銆?(https://learn.microsoft.com/dotnet/fundamentals/code-analysis/quality-rules/ca1416) [D:\workspace\ScreenTimeController\ScreenTimeController.csproj]
D:\workspace\ScreenTimeController\SettingsForm.cs(264,29): warning CA1416: 鍙湪鎵€鏈夊钩鍙颁笂璁块棶姝よ皟鐢ㄧ珯鐐广€?ContentAlignment.MiddleLeft" 浠呭湪 "windows" 6.1 鍙婃洿楂樼増鏈?涓婂彈鏀寔銆?(https://learn.microsoft.com/dotnet/fundamentals/code-analysis/quality-rules/ca1416) [D:\workspace\ScreenTimeController\ScreenTimeController.csproj]
D:\workspace\ScreenTimeController\SettingsForm.cs(411,13): warning CA1416: 鍙湪鎵€鏈夊钩鍙颁笂璁块棶姝よ皟鐢ㄧ珯鐐广€?TableLayoutControlCollection.Add(Control, int, int)" 浠呭湪 "windows" 6.1 鍙婃洿楂樼増鏈?涓婂彈鏀寔銆?(https://learn.microsoft.com/dotnet/fundamentals/code-analysis/quality-rules/ca1416) [D:\workspace\ScreenTimeController\ScreenTimeController.csproj]
D:\workspace\ScreenTimeController\SettingsForm.cs(216,17): warning CA1416: 鍙湪鎵€鏈夊钩鍙颁笂璁块棶姝よ皟鐢ㄧ珯鐐广€?Label.TextAlign" 浠呭湪 "windows" 6.1 鍙婃洿楂樼増鏈?涓婂彈鏀寔銆?(https://learn.microsoft.com/dotnet/fundamentals/code-analysis/quality-rules/ca1416) [D:\workspace\ScreenTimeController\ScreenTimeController.csproj]
D:\workspace\ScreenTimeController\SettingsForm.cs(291,17): warning CA1416: 鍙湪鎵€鏈夊钩鍙颁笂璁块棶姝よ皟鐢ㄧ珯鐐广€?Label.Text" 浠呭湪 "windows" 6.1 鍙婃洿楂樼増鏈?涓婂彈鏀寔銆?(https://learn.microsoft.com/dotnet/fundamentals/code-analysis/quality-rules/ca1416) [D:\workspace\ScreenTimeController\ScreenTimeController.csproj]
D:\workspace\ScreenTimeController\SettingsForm.cs(573,13): warning CA1416: 鍙湪鎵€鏈夊钩鍙颁笂璁块棶姝よ皟鐢ㄧ珯鐐广€?Control.Controls" 浠呭湪 "windows" 6.1 鍙婃洿楂樼増鏈?涓婂彈鏀寔銆?(https://learn.microsoft.com/dotnet/fundamentals/code-analysis/quality-rules/ca1416) [D:\workspace\ScreenTimeController\ScreenTimeController.csproj]
D:\workspace\ScreenTimeController\SettingsForm.cs(341,17): warning CA1416: 鍙湪鎵€鏈夊钩鍙颁笂璁块棶姝よ皟鐢ㄧ珯鐐广€?Label.TextAlign" 浠呭湪 "windows" 6.1 鍙婃洿楂樼増鏈?涓婂彈鏀寔銆?(https://learn.microsoft.com/dotnet/fundamentals/code-analysis/quality-rules/ca1416) [D:\workspace\ScreenTimeController\ScreenTimeController.csproj]
D:\workspace\ScreenTimeController\SettingsForm.cs(603,13): warning CA1416: 鍙湪鎵€鏈夊钩鍙颁笂璁块棶姝よ皟鐢ㄧ珯鐐广€?ButtonBase.FlatAppearance" 浠呭湪 "windows" 6.1 鍙婃洿楂樼増鏈?涓婂彈鏀寔銆?(https://learn.microsoft.com/dotnet/fundamentals/code-analysis/quality-rules/ca1416) [D:\workspace\ScreenTimeController\ScreenTimeController.csproj]
D:\workspace\ScreenTimeController\SettingsForm.cs(199,17): warning CA1416: 鍙湪鎵€鏈夊钩鍙颁笂璁块棶姝よ皟鐢ㄧ珯鐐广€?Control.Margin" 浠呭湪 "windows" 6.1 鍙婃洿楂樼増鏈?涓婂彈鏀寔銆?(https://learn.microsoft.com/dotnet/fundamentals/code-analysis/quality-rules/ca1416) [D:\workspace\ScreenTimeController\ScreenTimeController.csproj]
D:\workspace\ScreenTimeController\SettingsForm.cs(255,24): warning CA1416: 鍙湪鎵€鏈夊钩鍙颁笂璁块棶姝よ皟鐢ㄧ珯鐐广€?Font" 浠呭湪 "windows" 6.1 鍙婃洿楂樼増鏈?涓婂彈鏀寔銆?(https://learn.microsoft.com/dotnet/fundamentals/code-analysis/quality-rules/ca1416) [D:\workspace\ScreenTimeController\ScreenTimeController.csproj]
D:\workspace\ScreenTimeController\SettingsForm.cs(207,17): warning CA1416: 鍙湪鎵€鏈夊钩鍙颁笂璁块棶姝よ皟鐢ㄧ珯鐐广€?Label.TextAlign" 浠呭湪 "windows" 6.1 鍙婃洿楂樼増鏈?涓婂彈鏀寔銆?(https://learn.microsoft.com/dotnet/fundamentals/code-analysis/quality-rules/ca1416) [D:\workspace\ScreenTimeController\ScreenTimeController.csproj]
D:\workspace\ScreenTimeController\SettingsForm.cs(428,24): warning CA1416: 鍙湪鎵€鏈夊钩鍙颁笂璁块棶姝よ皟鐢ㄧ珯鐐广€?Font" 浠呭湪 "windows" 6.1 鍙婃洿楂樼増鏈?涓婂彈鏀寔銆?(https://learn.microsoft.com/dotnet/fundamentals/code-analysis/quality-rules/ca1416) [D:\workspace\ScreenTimeController\ScreenTimeController.csproj]
D:\workspace\ScreenTimeController\SettingsForm.cs(502,17): warning CA1416: 鍙湪鎵€鏈夊钩鍙颁笂璁块棶姝よ皟鐢ㄧ珯鐐广€?Label.Text" 浠呭湪 "windows" 6.1 鍙婃洿楂樼増鏈?涓婂彈鏀寔銆?(https://learn.microsoft.com/dotnet/fundamentals/code-analysis/quality-rules/ca1416) [D:\workspace\ScreenTimeController\ScreenTimeController.csproj]
D:\workspace\ScreenTimeController\SettingsForm.cs(579,17): warning CA1416: 鍙湪鎵€鏈夊钩鍙颁笂璁块棶姝よ皟鐢ㄧ珯鐐广€?ButtonBase.Text" 浠呭湪 "windows" 6.1 鍙婃洿楂樼増鏈?涓婂彈鏀寔銆?(https://learn.microsoft.com/dotnet/fundamentals/code-analysis/quality-rules/ca1416) [D:\workspace\ScreenTimeController\ScreenTimeController.csproj]
D:\workspace\ScreenTimeController\SettingsForm.cs(206,48): warning CA1416: 鍙湪鎵€鏈夊钩鍙颁笂璁块棶姝よ皟鐢ㄧ珯鐐广€?FontStyle.Bold" 浠呭湪 "windows" 6.1 鍙婃洿楂樼増鏈?涓婂彈鏀寔銆?(https://learn.microsoft.com/dotnet/fundamentals/code-analysis/quality-rules/ca1416) [D:\workspace\ScreenTimeController\ScreenTimeController.csproj]
D:\workspace\ScreenTimeController\SettingsForm.cs(543,17): warning CA1416: 鍙湪鎵€鏈夊钩鍙颁笂璁块棶姝よ皟鐢ㄧ珯鐐广€?Control.Font" 浠呭湪 "windows" 6.1 鍙婃洿楂樼増鏈?涓婂彈鏀寔銆?(https://learn.microsoft.com/dotnet/fundamentals/code-analysis/quality-rules/ca1416) [D:\workspace\ScreenTimeController\ScreenTimeController.csproj]
D:\workspace\ScreenTimeController\SettingsForm.cs(385,36): warning CA1416: 鍙湪鎵€鏈夊钩鍙颁笂璁块棶姝よ皟鐢ㄧ珯鐐广€?Label" 浠呭湪 "windows" 6.1 鍙婃洿楂樼増鏈?涓婂彈鏀寔銆?(https://learn.microsoft.com/dotnet/fundamentals/code-analysis/quality-rules/ca1416) [D:\workspace\ScreenTimeController\ScreenTimeController.csproj]
D:\workspace\ScreenTimeController\SettingsForm.cs(203,31): warning CA1416: 鍙湪鎵€鏈夊钩鍙颁笂璁块棶姝よ皟鐢ㄧ珯鐐广€?Label" 浠呭湪 "windows" 6.1 鍙婃洿楂樼増鏈?涓婂彈鏀寔銆?(https://learn.microsoft.com/dotnet/fundamentals/code-analysis/quality-rules/ca1416) [D:\workspace\ScreenTimeController\ScreenTimeController.csproj]
D:\workspace\ScreenTimeController\SettingsForm.cs(438,17): warning CA1416: 鍙湪鎵€鏈夊钩鍙颁笂璁块棶姝よ皟鐢ㄧ珯鐐广€?Control.Margin" 浠呭湪 "windows" 6.1 鍙婃洿楂樼増鏈?涓婂彈鏀寔銆?(https://learn.microsoft.com/dotnet/fundamentals/code-analysis/quality-rules/ca1416) [D:\workspace\ScreenTimeController\ScreenTimeController.csproj]
D:\workspace\ScreenTimeController\SettingsForm.cs(331,17): warning CA1416: 鍙湪鎵€鏈夊钩鍙颁笂璁块棶姝よ皟鐢ㄧ珯鐐广€?NumericUpDown.Minimum" 浠呭湪 "windows" 6.1 鍙婃洿楂樼増鏈?涓婂彈鏀寔銆?(https://learn.microsoft.com/dotnet/fundamentals/code-analysis/quality-rules/ca1416) [D:\workspace\ScreenTimeController\ScreenTimeController.csproj]
D:\workspace\ScreenTimeController\SettingsForm.cs(329,17): warning CA1416: 鍙湪鎵€鏈夊钩鍙颁笂璁块棶姝よ皟鐢ㄧ珯鐐广€?Control.Enabled" 浠呭湪 "windows" 6.1 鍙婃洿楂樼増鏈?涓婂彈鏀寔銆?(https://learn.microsoft.com/dotnet/fundamentals/code-analysis/quality-rules/ca1416) [D:\workspace\ScreenTimeController\ScreenTimeController.csproj]
D:\workspace\ScreenTimeController\SettingsForm.cs(185,13): warning CA1416: 鍙湪鎵€鏈夊钩鍙颁笂璁块棶姝よ皟鐢ㄧ珯鐐广€?TableLayoutPanel.ColumnStyles" 浠呭湪 "windows" 6.1 鍙婃洿楂樼増鏈?涓婂彈鏀寔銆?(https://learn.microsoft.com/dotnet/fundamentals/code-analysis/quality-rules/ca1416) [D:\workspace\ScreenTimeController\ScreenTimeController.csproj]
D:\workspace\ScreenTimeController\SettingsForm.cs(616,17): warning CA1416: 鍙湪鎵€鏈夊钩鍙颁笂璁块棶姝よ皟鐢ㄧ珯鐐广€?ButtonBase.FlatStyle" 浠呭湪 "windows" 6.1 鍙婃洿楂樼増鏈?涓婂彈鏀寔銆?(https://learn.microsoft.com/dotnet/fundamentals/code-analysis/quality-rules/ca1416) [D:\workspace\ScreenTimeController\ScreenTimeController.csproj]
D:\workspace\ScreenTimeController\SettingsForm.cs(610,17): warning CA1416: 鍙湪鎵€鏈夊钩鍙颁笂璁块棶姝よ皟鐢ㄧ珯鐐广€?ButtonBase.Text" 浠呭湪 "windows" 6.1 鍙婃洿楂樼増鏈?涓婂彈鏀寔銆?(https://learn.microsoft.com/dotnet/fundamentals/code-analysis/quality-rules/ca1416) [D:\workspace\ScreenTimeController\ScreenTimeController.csproj]
D:\workspace\ScreenTimeController\SettingsForm.cs(325,13): warning CA1416: 鍙湪鎵€鏈夊钩鍙颁笂璁块棶姝よ皟鐢ㄧ珯鐐广€?TableLayoutPanel.Controls" 浠呭湪 "windows" 6.1 鍙婃洿楂樼増鏈?涓婂彈鏀寔銆?(https://learn.microsoft.com/dotnet/fundamentals/code-analysis/quality-rules/ca1416) [D:\workspace\ScreenTimeController\ScreenTimeController.csproj]
D:\workspace\ScreenTimeController\SettingsForm.cs(383,13): warning CA1416: 鍙湪鎵€鏈夊钩鍙颁笂璁块棶姝よ皟鐢ㄧ珯鐐广€?TableLayoutPanel.Controls" 浠呭湪 "windows" 6.1 鍙婃洿楂樼増鏈?涓婂彈鏀寔銆?(https://learn.microsoft.com/dotnet/fundamentals/code-analysis/quality-rules/ca1416) [D:\workspace\ScreenTimeController\ScreenTimeController.csproj]
D:\workspace\ScreenTimeController\SettingsForm.cs(222,28): warning CA1416: 鍙湪鎵€鏈夊钩鍙颁笂璁块棶姝よ皟鐢ㄧ珯鐐广€?Label" 浠呭湪 "windows" 6.1 鍙婃洿楂樼増鏈?涓婂彈鏀寔銆?(https://learn.microsoft.com/dotnet/fundamentals/code-analysis/quality-rules/ca1416) [D:\workspace\ScreenTimeController\ScreenTimeController.csproj]
D:\workspace\ScreenTimeController\SettingsForm.cs(241,33): warning CA1416: 鍙湪鎵€鏈夊钩鍙颁笂璁块棶姝よ皟鐢ㄧ珯鐐广€?Label" 浠呭湪 "windows" 6.1 鍙婃洿楂樼増鏈?涓婂彈鏀寔銆?(https://learn.microsoft.com/dotnet/fundamentals/code-analysis/quality-rules/ca1416) [D:\workspace\ScreenTimeController\ScreenTimeController.csproj]
D:\workspace\ScreenTimeController\SettingsForm.cs(542,17): warning CA1416: 鍙湪鎵€鏈夊钩鍙颁笂璁块棶姝よ皟鐢ㄧ珯鐐广€?NumericUpDown.Minimum" 浠呭湪 "windows" 6.1 鍙婃洿楂樼増鏈?涓婂彈鏀寔銆?(https://learn.microsoft.com/dotnet/fundamentals/code-analysis/quality-rules/ca1416) [D:\workspace\ScreenTimeController\ScreenTimeController.csproj]
D:\workspace\ScreenTimeController\SettingsForm.cs(198,17): warning CA1416: 鍙湪鎵€鏈夊钩鍙颁笂璁块棶姝よ皟鐢ㄧ珯鐐广€?Label.TextAlign" 浠呭湪 "windows" 6.1 鍙婃洿楂樼増鏈?涓婂彈鏀寔銆?(https://learn.microsoft.com/dotnet/fundamentals/code-analysis/quality-rules/ca1416) [D:\workspace\ScreenTimeController\ScreenTimeController.csproj]
D:\workspace\ScreenTimeController\SettingsForm.cs(256,17): warning CA1416: 鍙湪鎵€鏈夊钩鍙颁笂璁块棶姝よ皟鐢ㄧ珯鐐广€?Control.Margin" 浠呭湪 "windows" 6.1 鍙婃洿楂樼増鏈?涓婂彈鏀寔銆?(https://learn.microsoft.com/dotnet/fundamentals/code-analysis/quality-rules/ca1416) [D:\workspace\ScreenTimeController\ScreenTimeController.csproj]
D:\workspace\ScreenTimeController\SettingsForm.cs(381,26): warning CA1416: 鍙湪鎵€鏈夊钩鍙颁笂璁块棶姝よ皟鐢ㄧ珯鐐广€?Padding" 浠呭湪 "windows" 6.1 鍙婃洿楂樼増鏈?涓婂彈鏀寔銆?(https://learn.microsoft.com/dotnet/fundamentals/code-analysis/quality-rules/ca1416) [D:\workspace\ScreenTimeController\ScreenTimeController.csproj]
D:\workspace\ScreenTimeController\SettingsForm.cs(515,26): warning CA1416: 鍙湪鎵€鏈夊钩鍙颁笂璁块棶姝よ皟鐢ㄧ珯鐐广€?Padding" 浠呭湪 "windows" 6.1 鍙婃洿楂樼増鏈?涓婂彈鏀寔銆?(https://learn.microsoft.com/dotnet/fundamentals/code-analysis/quality-rules/ca1416) [D:\workspace\ScreenTimeController\ScreenTimeController.csproj]
D:\workspace\ScreenTimeController\SettingsForm.cs(265,17): warning CA1416: 鍙湪鎵€鏈夊钩鍙颁笂璁块棶姝よ皟鐢ㄧ珯鐐广€?Control.Margin" 浠呭湪 "windows" 6.1 鍙婃洿楂樼増鏈?涓婂彈鏀寔銆?(https://learn.microsoft.com/dotnet/fundamentals/code-analysis/quality-rules/ca1416) [D:\workspace\ScreenTimeController\ScreenTimeController.csproj]
D:\workspace\ScreenTimeController\SettingsForm.cs(273,24): warning CA1416: 鍙湪鎵€鏈夊钩鍙颁笂璁块棶姝よ皟鐢ㄧ珯鐐广€?Font" 浠呭湪 "windows" 6.1 鍙婃洿楂樼増鏈?涓婂彈鏀寔銆?(https://learn.microsoft.com/dotnet/fundamentals/code-analysis/quality-rules/ca1416) [D:\workspace\ScreenTimeController\ScreenTimeController.csproj]
D:\workspace\ScreenTimeController\SettingsForm.cs(492,17): warning CA1416: 鍙湪鎵€鏈夊钩鍙颁笂璁块棶姝よ皟鐢ㄧ珯鐐广€?Control.Enabled" 浠呭湪 "windows" 6.1 鍙婃洿楂樼増鏈?涓婂彈鏀寔銆?(https://learn.microsoft.com/dotnet/fundamentals/code-analysis/quality-rules/ca1416) [D:\workspace\ScreenTimeController\ScreenTimeController.csproj]
D:\workspace\ScreenTimeController\SettingsForm.cs(341,29): warning CA1416: 鍙湪鎵€鏈夊钩鍙颁笂璁块棶姝よ皟鐢ㄧ珯鐐广€?ContentAlignment.MiddleLeft" 浠呭湪 "windows" 6.1 鍙婃洿楂樼増鏈?涓婂彈鏀寔銆?(https://learn.microsoft.com/dotnet/fundamentals/code-analysis/quality-rules/ca1416) [D:\workspace\ScreenTimeController\ScreenTimeController.csproj]
D:\workspace\ScreenTimeController\SettingsForm.cs(252,17): warning CA1416: 鍙湪鎵€鏈夊钩鍙颁笂璁块棶姝よ皟鐢ㄧ珯鐐广€?Control.Enabled" 浠呭湪 "windows" 6.1 鍙婃洿楂樼増鏈?涓婂彈鏀寔銆?(https://learn.microsoft.com/dotnet/fundamentals/code-analysis/quality-rules/ca1416) [D:\workspace\ScreenTimeController\ScreenTimeController.csproj]
D:\workspace\ScreenTimeController\SettingsForm.cs(263,17): warning CA1416: 鍙湪鎵€鏈夊钩鍙颁笂璁块棶姝よ皟鐢ㄧ珯鐐广€?Control.Font" 浠呭湪 "windows" 6.1 鍙婃洿楂樼増鏈?涓婂彈鏀寔銆?(https://learn.microsoft.com/dotnet/fundamentals/code-analysis/quality-rules/ca1416) [D:\workspace\ScreenTimeController\ScreenTimeController.csproj]
D:\workspace\ScreenTimeController\SettingsForm.cs(267,13): warning CA1416: 鍙湪鎵€鏈夊钩鍙颁笂璁块棶姝よ皟鐢ㄧ珯鐐广€?TableLayoutControlCollection.Add(Control, int, int)" 浠呭湪 "windows" 6.1 鍙婃洿楂樼増鏈?涓婂彈鏀寔銆?(https://learn.microsoft.com/dotnet/fundamentals/code-analysis/quality-rules/ca1416) [D:\workspace\ScreenTimeController\ScreenTimeController.csproj]
D:\workspace\ScreenTimeController\SettingsForm.cs(350,17): warning CA1416: 鍙湪鎵€鏈夊钩鍙颁笂璁块棶姝よ皟鐢ㄧ珯鐐广€?NumericUpDown.Minimum" 浠呭湪 "windows" 6.1 鍙婃洿楂樼増鏈?涓婂彈鏀寔銆?(https://learn.microsoft.com/dotnet/fundamentals/code-analysis/quality-rules/ca1416) [D:\workspace\ScreenTimeController\ScreenTimeController.csproj]
D:\workspace\ScreenTimeController\SettingsForm.cs(392,13): warning CA1416: 鍙湪鎵€鏈夊钩鍙颁笂璁块棶姝よ皟鐢ㄧ珯鐐广€?TableLayoutPanel.Controls" 浠呭湪 "windows" 6.1 鍙婃洿楂樼増鏈?涓婂彈鏀寔銆?(https://learn.microsoft.com/dotnet/fundamentals/code-analysis/quality-rules/ca1416) [D:\workspace\ScreenTimeController\ScreenTimeController.csproj]
D:\workspace\ScreenTimeController\SettingsForm.cs(370,17): warning CA1416: 鍙湪鎵€鏈夊钩鍙颁笂璁块棶姝よ皟鐢ㄧ珯鐐广€?Label.TextAlign" 浠呭湪 "windows" 6.1 鍙婃洿楂樼増鏈?涓婂彈鏀寔銆?(https://learn.microsoft.com/dotnet/fundamentals/code-analysis/quality-rules/ca1416) [D:\workspace\ScreenTimeController\ScreenTimeController.csproj]
D:\workspace\ScreenTimeController\SettingsForm.cs(255,17): warning CA1416: 鍙湪鎵€鏈夊钩鍙颁笂璁块棶姝よ皟鐢ㄧ珯鐐广€?Control.Font" 浠呭湪 "windows" 6.1 鍙婃洿楂樼増鏈?涓婂彈鏀寔銆?(https://learn.microsoft.com/dotnet/fundamentals/code-analysis/quality-rules/ca1416) [D:\workspace\ScreenTimeController\ScreenTimeController.csproj]
D:\workspace\ScreenTimeController\SettingsForm.cs(182,47): warning CA1416: 鍙湪鎵€鏈夊钩鍙颁笂璁块棶姝よ皟鐢ㄧ珯鐐广€?ColumnStyle" 浠呭湪 "windows" 6.1 鍙婃洿楂樼増鏈?涓婂彈鏀寔銆?(https://learn.microsoft.com/dotnet/fundamentals/code-analysis/quality-rules/ca1416) [D:\workspace\ScreenTimeController\ScreenTimeController.csproj]
D:\workspace\ScreenTimeController\SettingsForm.cs(551,24): warning CA1416: 鍙湪鎵€鏈夊钩鍙颁笂璁块棶姝よ皟鐢ㄧ珯鐐广€?Font" 浠呭湪 "windows" 6.1 鍙婃洿楂樼増鏈?涓婂彈鏀寔銆?(https://learn.microsoft.com/dotnet/fundamentals/code-analysis/quality-rules/ca1416) [D:\workspace\ScreenTimeController\ScreenTimeController.csproj]
D:\workspace\ScreenTimeController\SettingsForm.cs(178,17): warning CA1416: 鍙湪鎵€鏈夊钩鍙颁笂璁块棶姝よ皟鐢ㄧ珯鐐广€?TableLayoutPanel.RowCount" 浠呭湪 "windows" 6.1 鍙婃洿楂樼増鏈?涓婂彈鏀寔銆?(https://learn.microsoft.com/dotnet/fundamentals/code-analysis/quality-rules/ca1416) [D:\workspace\ScreenTimeController\ScreenTimeController.csproj]
D:\workspace\ScreenTimeController\SettingsForm.cs(308,35): warning CA1416: 鍙湪鎵€鏈夊钩鍙颁笂璁块棶姝よ皟鐢ㄧ珯鐐广€?Label" 浠呭湪 "windows" 6.1 鍙婃洿楂樼増鏈?涓婂彈鏀寔銆?(https://learn.microsoft.com/dotnet/fundamentals/code-analysis/quality-rules/ca1416) [D:\workspace\ScreenTimeController\ScreenTimeController.csproj]
D:\workspace\ScreenTimeController\SettingsForm.cs(529,35): warning CA1416: 鍙湪鎵€鏈夊钩鍙颁笂璁块棶姝よ皟鐢ㄧ珯鐐广€?Label" 浠呭湪 "windows" 6.1 鍙婃洿楂樼増鏈?涓婂彈鏀寔銆?(https://learn.microsoft.com/dotnet/fundamentals/code-analysis/quality-rules/ca1416) [D:\workspace\ScreenTimeController\ScreenTimeController.csproj]
D:\workspace\ScreenTimeController\SettingsForm.cs(390,17): warning CA1416: 鍙湪鎵€鏈夊钩鍙颁笂璁块棶姝よ皟鐢ㄧ珯鐐广€?Control.Margin" 浠呭湪 "windows" 6.1 鍙婃洿楂樼増鏈?涓婂彈鏀寔銆?(https://learn.microsoft.com/dotnet/fundamentals/code-analysis/quality-rules/ca1416) [D:\workspace\ScreenTimeController\ScreenTimeController.csproj]
D:\workspace\ScreenTimeController\SettingsForm.cs(397,17): warning CA1416: 鍙湪鎵€鏈夊钩鍙颁笂璁块棶姝よ皟鐢ㄧ珯鐐广€?NumericUpDown.Maximum" 浠呭湪 "windows" 6.1 鍙婃洿楂樼増鏈?涓婂彈鏀寔銆?(https://learn.microsoft.com/dotnet/fundamentals/code-analysis/quality-rules/ca1416) [D:\workspace\ScreenTimeController\ScreenTimeController.csproj]
D:\workspace\ScreenTimeController\SettingsForm.cs(565,17): warning CA1416: 鍙湪鎵€鏈夊钩鍙颁笂璁块棶姝よ皟鐢ㄧ珯鐐广€?Control.Location" 浠呭湪 "windows" 6.1 鍙婃洿楂樼増鏈?涓婂彈鏀寔銆?(https://learn.microsoft.com/dotnet/fundamentals/code-analysis/quality-rules/ca1416) [D:\workspace\ScreenTimeController\ScreenTimeController.csproj]
D:\workspace\ScreenTimeController\SettingsForm.cs(427,17): warning CA1416: 鍙湪鎵€鏈夊钩鍙颁笂璁块棶姝よ皟鐢ㄧ珯鐐广€?NumericUpDown.Minimum" 浠呭湪 "windows" 6.1 鍙婃洿楂樼増鏈?涓婂彈鏀寔銆?(https://learn.microsoft.com/dotnet/fundamentals/code-analysis/quality-rules/ca1416) [D:\workspace\ScreenTimeController\ScreenTimeController.csproj]
D:\workspace\ScreenTimeController\SettingsForm.cs(207,29): warning CA1416: 鍙湪鎵€鏈夊钩鍙颁笂璁块棶姝よ皟鐢ㄧ珯鐐广€?ContentAlignment.MiddleCenter" 浠呭湪 "windows" 6.1 鍙婃洿楂樼増鏈?涓婂彈鏀寔銆?(https://learn.microsoft.com/dotnet/fundamentals/code-analysis/quality-rules/ca1416) [D:\workspace\ScreenTimeController\ScreenTimeController.csproj]
D:\workspace\ScreenTimeController\SettingsForm.cs(540,17): warning CA1416: 鍙湪鎵€鏈夊钩鍙颁笂璁块棶姝よ皟鐢ㄧ珯鐐广€?Control.Enabled" 浠呭湪 "windows" 6.1 鍙婃洿楂樼増鏈?涓婂彈鏀寔銆?(https://learn.microsoft.com/dotnet/fundamentals/code-analysis/quality-rules/ca1416) [D:\workspace\ScreenTimeController\ScreenTimeController.csproj]
D:\workspace\ScreenTimeController\SettingsForm.cs(359,17): warning CA1416: 鍙湪鎵€鏈夊钩鍙颁笂璁块棶姝よ皟鐢ㄧ珯鐐广€?Control.Font" 浠呭湪 "windows" 6.1 鍙婃洿楂樼増鏈?涓婂彈鏀寔銆?(https://learn.microsoft.com/dotnet/fundamentals/code-analysis/quality-rules/ca1416) [D:\workspace\ScreenTimeController\ScreenTimeController.csproj]
D:\workspace\ScreenTimeController\SettingsForm.cs(245,29): warning CA1416: 鍙湪鎵€鏈夊钩鍙颁笂璁块棶姝よ皟鐢ㄧ珯鐐广€?ContentAlignment.MiddleLeft" 浠呭湪 "windows" 6.1 鍙婃洿楂樼増鏈?涓婂彈鏀寔銆?(https://learn.microsoft.com/dotnet/fundamentals/code-analysis/quality-rules/ca1416) [D:\workspace\ScreenTimeController\ScreenTimeController.csproj]
D:\workspace\ScreenTimeController\Program.cs(9,21): error CS0017: 绋嬪簭瀹氫箟浜嗗涓叆鍙ｇ偣銆備娇鐢?/main (鎸囧畾鍖呭惈鍏ュ彛鐐圭殑绫诲瀷)杩涜缂栬瘧銆?[D:\workspace\ScreenTimeController\ScreenTimeController.csproj]
    986 涓鍛?
    1 涓敊璇?

宸茬敤鏃堕棿 00:00:02.72
